bash: cmd /c: No such file or directory
