
> youtubex-studio-clone@2.0.0 type-check
> tsc --noEmit

components/AdvancedVideoPlayer.tsx(2,116): error TS1005: ',' expected.
components/BaseForm.tsx(299,7): error TS1003: Identifier expected.
components/BaseForm.tsx(299,9): error TS1005: '}' expected.
components/BaseForm.tsx(301,2): error TS1381: Unexpected token. Did you mean `{'}'}` or `&rbrace;`?
components/BaseForm.tsx(304,2): error TS1382: Unexpected token. Did you mean `{'>'}` or `&gt;`?
components/BaseForm.tsx(306,14): error TS17002: Expected corresponding JSX closing tag for 'div'.
components/BaseForm.tsx(307,3): error TS1381: Unexpected token. Did you mean `{'}'}` or `&rbrace;`?
components/BaseForm.tsx(308,14): error TS17002: Expected corresponding JSX closing tag for 'form'.
components/BaseForm.tsx(313,25): error TS1005: '}' expected.
components/BaseModal.tsx(68,37): error TS1005: ',' expected.
components/BaseModal.tsx(79,3): error TS1128: Declaration or statement expected.
components/BaseModal.tsx(79,32): error TS1005: ';' expected.
components/BaseModal.tsx(110,2): error TS1005: '}' expected.
components/BaseModal.tsx(122,20): error TS1005: '...' expected.
components/BaseModal.tsx(122,44): error TS1003: Identifier expected.
components/BaseModal.tsx(127,3): error TS1381: Unexpected token. Did you mean `{'}'}` or `&rbrace;`?
components/BaseModal.tsx(130,65): error TS1382: Unexpected token. Did you mean `{'>'}` or `&gt;`?
components/BaseModal.tsx(131,2): error TS1382: Unexpected token. Did you mean `{'>'}` or `&gt;`?
components/BaseModal.tsx(168,26): error TS1005: '}' expected.
components/CategoryTabs.tsx(21,2): error TS1005: ')' expected.
components/CategoryTabs.tsx(24,2): error TS1005: ',' expected.
components/CategoryTabs.tsx(24,4): error TS1381: Unexpected token. Did you mean `{'}'}` or `&rbrace;`?
components/CategoryTabs.tsx(25,2): error TS1382: Unexpected token. Did you mean `{'>'}` or `&gt;`?
components/CategoryTabs.tsx(28,14): error TS17002: Expected corresponding JSX closing tag for 'div'.
components/CategoryTabs.tsx(29,4): error TS1381: Unexpected token. Did you mean `{'}'}` or `&rbrace;`?
components/ChannelHeader.tsx(51,2): error TS1382: Unexpected token. Did you mean `{'>'}` or `&gt;`?
components/ChannelHeader.tsx(54,14): error TS17002: Expected corresponding JSX closing tag for 'div'.
components/ChannelHeader.tsx(57,14): error TS17015: Expected corresponding closing tag for JSX fragment.
components/ChannelHeader.tsx(59,2): error TS1109: Expression expected.
components/ChannelHeader.tsx(60,1): error TS1128: Declaration or statement expected.
components/ChannelTabContent.tsx(210,1): error TS1005: '}' expected.
components/ChannelTabs.tsx(20,2): error TS1005: ')' expected.
components/ChannelTabs.tsx(20,3): error TS1005: ',' expected.
components/ChannelTabs.tsx(21,12): error TS1005: ',' expected.
components/ChannelTabs.tsx(24,2): error TS1005: ',' expected.
components/ChannelTabs.tsx(24,4): error TS1381: Unexpected token. Did you mean `{'}'}` or `&rbrace;`?
components/ChannelTabs.tsx(26,2): error TS1382: Unexpected token. Did you mean `{'>'}` or `&gt;`?
components/ChannelTabs.tsx(28,14): error TS17002: Expected corresponding JSX closing tag for 'nav'.
components/ChannelTabs.tsx(29,4): error TS1381: Unexpected token. Did you mean `{'}'}` or `&rbrace;`?
components/ChannelTabs.tsx(30,14): error TS17002: Expected corresponding JSX closing tag for 'div'.
components/CommentModal.tsx(111,29): error TS1005: '}' expected.
components/CommentsSection.tsx(159,31): error TS1161: Unterminated regular expression literal.
components/CommentsSection.tsx(160,2): error TS1005: '}' expected.
components/CommentsSection.tsx(160,10): error TS1003: Identifier expected.
components/CommentsSection.tsx(160,18): error TS1382: Unexpected token. Did you mean `{'>'}` or `&gt;`?
components/CommentsSection.tsx(163,2): error TS1381: Unexpected token. Did you mean `{'}'}` or `&rbrace;`?
components/CommentsSection.tsx(163,4): error TS1381: Unexpected token. Did you mean `{'}'}` or `&rbrace;`?
components/CommentsSection.tsx(163,5): error TS1382: Unexpected token. Did you mean `{'>'}` or `&gt;`?
components/CommentsSection.tsx(165,14): error TS17002: Expected corresponding JSX closing tag for 'div'.
components/CommentsSection.tsx(170,2): error TS1382: Unexpected token. Did you mean `{'>'}` or `&gt;`?
components/CommentsSection.tsx(172,14): error TS17002: Expected corresponding JSX closing tag for 'div'.
components/CommentsSection.tsx(177,2): error TS1382: Unexpected token. Did you mean `{'>'}` or `&gt;`?
components/CommentsSection.tsx(179,14): error TS17002: Expected corresponding JSX closing tag for 'div'.
components/CommentsSection.tsx(205,2): error TS2657: JSX expressions must have one parent element.
components/CommentsSection.tsx(209,2): error TS1382: Unexpected token. Did you mean `{'>'}` or `&gt;`?
components/CommentsSection.tsx(211,14): error TS17002: Expected corresponding JSX closing tag for 'div'.
components/CommentsSection.tsx(234,2): error TS1005: '}' expected.
components/CommentsSection.tsx(241,2): error TS1382: Unexpected token. Did you mean `{'>'}` or `&gt;`?
components/CommentsSection.tsx(243,72): error TS1109: Expression expected.
components/CommentsSection.tsx(244,2): error TS1109: Expression expected.
components/CommentsSection.tsx(248,14): error TS17002: Expected corresponding JSX closing tag for 'div'.
components/CommentsSection.tsx(261,2): error TS1005: '}' expected.
components/CommentsSection.tsx(268,2): error TS1382: Unexpected token. Did you mean `{'>'}` or `&gt;`?
components/CommentsSection.tsx(270,75): error TS1109: Expression expected.
components/CommentsSection.tsx(271,2): error TS1109: Expression expected.
components/CommentsSection.tsx(272,14): error TS17015: Expected corresponding closing tag for JSX fragment.
components/CommentsSection.tsx(272,20): error TS1382: Unexpected token. Did you mean `{'>'}` or `&gt;`?
components/CommentsSection.tsx(277,2): error TS1005: ')' expected.
components/CommentsSection.tsx(281,2): error TS1005: '}' expected.
components/CommentsSection.tsx(283,14): error TS17002: Expected corresponding JSX closing tag for 'div'.
components/CommentsSection.tsx(284,3): error TS1381: Unexpected token. Did you mean `{'}'}` or `&rbrace;`?
components/CommentsSection.tsx(308,31): error TS1161: Unterminated regular expression literal.
components/CommentsSection.tsx(309,2): error TS1005: '}' expected.
components/CommentsSection.tsx(309,18): error TS1003: Identifier expected.
components/CommentsSection.tsx(309,26): error TS1382: Unexpected token. Did you mean `{'>'}` or `&gt;`?
components/CommentsSection.tsx(312,2): error TS1381: Unexpected token. Did you mean `{'}'}` or `&rbrace;`?
components/CommentsSection.tsx(312,4): error TS1381: Unexpected token. Did you mean `{'}'}` or `&rbrace;`?
components/CommentsSection.tsx(312,5): error TS1382: Unexpected token. Did you mean `{'>'}` or `&gt;`?
components/CommentsSection.tsx(314,14): error TS17002: Expected corresponding JSX closing tag for 'div'.
components/CommentsSection.tsx(322,2): error TS1005: '}' expected.
components/CommentsSection.tsx(324,14): error TS17002: Expected corresponding JSX closing tag for 'div'.
components/CommentsSection.tsx(329,2): error TS1382: Unexpected token. Did you mean `{'>'}` or `&gt;`?
components/CommentsSection.tsx(331,14): error TS17002: Expected corresponding JSX closing tag for 'div'.
components/CommentsSection.tsx(344,2): error TS1382: Unexpected token. Did you mean `{'>'}` or `&gt;`?
components/CommentsSection.tsx(350,14): error TS17002: Expected corresponding JSX closing tag for 'div'.
components/CommentsSection.tsx(351,2): error TS1005: ')' expected.
components/CommentsSection.tsx(361,2): error TS1128: Declaration or statement expected.
components/CommentsSection.tsx(361,3): error TS1128: Declaration or statement expected.
components/CommentsSection.tsx(364,2): error TS1128: Declaration or statement expected.
components/CommentsSection.tsx(365,2): error TS1128: Declaration or statement expected.
components/CommentsSection.tsx(382,2): error TS1382: Unexpected token. Did you mean `{'>'}` or `&gt;`?
components/CommentsSection.tsx(384,14): error TS17002: Expected corresponding JSX closing tag for 'div'.
components/CommentsSection.tsx(392,2): error TS1382: Unexpected token. Did you mean `{'>'}` or `&gt;`?
components/CommentsSection.tsx(394,14): error TS17002: Expected corresponding JSX closing tag for 'div'.
components/CommentsSection.tsx(398,2): error TS1005: ')' expected.
components/CommentsSection.tsx(404,3): error TS1382: Unexpected token. Did you mean `{'>'}` or `&gt;`?
components/CommentsSection.tsx(412,2): error TS1128: Declaration or statement expected.
components/CommentsSection.tsx(413,1): error TS1128: Declaration or statement expected.
components/CommunityPosts.tsx(104,3): error TS17008: JSX element 'div' has no corresponding closing tag.
components/CommunityPosts.tsx(113,16): error TS1005: ',' expected.
components/CommunityPosts.tsx(123,32): error TS1109: Expression expected.
components/CommunityPosts.tsx(124,2): error TS1109: Expression expected.
components/CommunityPosts.tsx(135,2): error TS1003: Identifier expected.
components/CommunityPosts.tsx(136,3): error TS1382: Unexpected token. Did you mean `{'>'}` or `&gt;`?
components/CommunityPosts.tsx(137,4): error TS1381: Unexpected token. Did you mean `{'}'}` or `&rbrace;`?
components/CommunityPosts.tsx(164,3): error TS17008: JSX element 'div' has no corresponding closing tag.
components/CommunityPosts.tsx(168,3): error TS17008: JSX element 'div' has no corresponding closing tag.
components/CommunityPosts.tsx(180,2): error TS1005: ')' expected.
components/CommunityPosts.tsx(183,3): error TS1005: ',' expected.
components/CommunityPosts.tsx(193,24): error TS1005: ',' expected.
components/CommunityPosts.tsx(193,28): error TS1005: ',' expected.
components/CommunityPosts.tsx(193,41): error TS1005: ',' expected.
components/CommunityPosts.tsx(193,56): error TS1005: ',' expected.
components/CommunityPosts.tsx(193,69): error TS1005: ',' expected.
components/CommunityPosts.tsx(193,70): error TS1005: ',' expected.
components/CommunityPosts.tsx(194,15): error TS1005: ',' expected.
components/CommunityPosts.tsx(196,29): error TS1005: ',' expected.
components/CommunityPosts.tsx(196,30): error TS1005: ',' expected.
components/CommunityPosts.tsx(245,19): error TS1005: ',' expected.
components/CommunityPosts.tsx(245,31): error TS1005: ',' expected.
components/CommunityPosts.tsx(245,37): error TS1005: ',' expected.
components/CommunityPosts.tsx(245,38): error TS1005: ',' expected.
components/CommunityPosts.tsx(260,19): error TS1005: ',' expected.
components/CommunityPosts.tsx(260,29): error TS1005: ',' expected.
components/CommunityPosts.tsx(260,30): error TS1005: ',' expected.
components/CommunityPosts.tsx(315,24): error TS1005: ',' expected.
components/CommunityPosts.tsx(315,29): error TS1005: ',' expected.
components/CommunityPosts.tsx(315,42): error TS1005: ',' expected.
components/CommunityPosts.tsx(315,52): error TS1005: ',' expected.
components/CommunityPosts.tsx(315,70): error TS1005: ',' expected.
components/CommunityPosts.tsx(315,71): error TS1005: ',' expected.
components/CommunityPosts.tsx(316,6): error TS1005: ',' expected.
components/CommunityPosts.tsx(353,1): error TS1005: '</' expected.
components/CommunityPosts.tsx(353,1): error TS1160: Unterminated template literal.
components/DataWrapper.tsx(48,3): error TS1109: Expression expected.
components/DataWrapper.tsx(49,2): error TS1109: Expression expected.
components/DataWrapper.tsx(58,3): error TS1109: Expression expected.
components/DataWrapper.tsx(59,2): error TS1109: Expression expected.
components/DeveloperDashboard.tsx(49,1): error TS1131: Property or signature expected.
components/DeveloperDashboard.tsx(113,20): error TS1005: ',' expected.
components/DeveloperDashboard.tsx(118,2): error TS1005: ',' expected.
components/DeveloperDashboard.tsx(118,8): error TS1005: ':' expected.
components/DeveloperDashboard.tsx(120,67): error TS1005: ',' expected.
components/DeveloperDashboard.tsx(123,2): error TS1005: ',' expected.
components/DeveloperDashboard.tsx(125,4): error TS1005: ',' expected.
components/DeveloperDashboard.tsx(189,2): error TS1161: Unterminated regular expression literal.
components/DeveloperDashboard.tsx(217,23): error TS1136: Property assignment expected.
components/DeveloperDashboard.tsx(217,24): error TS1109: Expression expected.
components/DeveloperDashboard.tsx(218,9): error TS1005: ',' expected.
components/DeveloperDashboard.tsx(219,11): error TS1005: ',' expected.
components/DeveloperDashboard.tsx(220,10): error TS1005: ',' expected.
components/DeveloperDashboard.tsx(221,12): error TS1005: ',' expected.
components/DeveloperDashboard.tsx(221,19): error TS1005: ',' expected.
components/DeveloperDashboard.tsx(221,20): error TS1128: Declaration or statement expected.
components/DeveloperDashboard.tsx(312,14): error TS1003: Identifier expected.
components/DeveloperDashboard.tsx(313,2): error TS1381: Unexpected token. Did you mean `{'}'}` or `&rbrace;`?
components/DeveloperDashboard.tsx(313,4): error TS1381: Unexpected token. Did you mean `{'}'}` or `&rbrace;`?
components/DeveloperDashboard.tsx(314,2): error TS1382: Unexpected token. Did you mean `{'>'}` or `&gt;`?
components/DeveloperDashboard.tsx(317,14): error TS1003: Identifier expected.
components/DeveloperDashboard.tsx(318,2): error TS1381: Unexpected token. Did you mean `{'}'}` or `&rbrace;`?
components/DeveloperDashboard.tsx(318,4): error TS1381: Unexpected token. Did you mean `{'}'}` or `&rbrace;`?
components/DeveloperDashboard.tsx(318,7): error TS1382: Unexpected token. Did you mean `{'>'}` or `&gt;`?
components/DeveloperDashboard.tsx(319,3): error TS1382: Unexpected token. Did you mean `{'>'}` or `&gt;`?
components/DeveloperDashboard.tsx(320,14): error TS17002: Expected corresponding JSX closing tag for 'div'.
components/DeveloperDashboard.tsx(341,2): error TS1382: Unexpected token. Did you mean `{'>'}` or `&gt;`?
components/DeveloperDashboard.tsx(343,14): error TS17002: Expected corresponding JSX closing tag for 'div'.
components/DeveloperDashboard.tsx(347,2): error TS1005: ')' expected.
components/DeveloperDashboard.tsx(366,3): error TS17008: JSX element 'circle' has no corresponding closing tag.
components/DeveloperDashboard.tsx(377,23): error TS1382: Unexpected token. Did you mean `{'>'}` or `&gt;`?
components/DeveloperDashboard.tsx(380,2): error TS1381: Unexpected token. Did you mean `{'}'}` or `&rbrace;`?
components/DeveloperDashboard.tsx(380,4): error TS1381: Unexpected token. Did you mean `{'}'}` or `&rbrace;`?
components/DeveloperDashboard.tsx(381,3): error TS1382: Unexpected token. Did you mean `{'>'}` or `&gt;`?
components/DeveloperDashboard.tsx(441,2): error TS1005: ')' expected.
components/DeveloperDashboard.tsx(443,2): error TS1382: Unexpected token. Did you mean `{'>'}` or `&gt;`?
components/DeveloperDashboard.tsx(445,14): error TS17002: Expected corresponding JSX closing tag for 'div'.
components/DeveloperDashboard.tsx(446,3): error TS1381: Unexpected token. Did you mean `{'}'}` or `&rbrace;`?
components/DeveloperDashboard.tsx(451,2): error TS1382: Unexpected token. Did you mean `{'>'}` or `&gt;`?
components/DeveloperDashboard.tsx(453,14): error TS17002: Expected corresponding JSX closing tag for 'div'.
components/DeveloperDashboard.tsx(458,2): error TS1382: Unexpected token. Did you mean `{'>'}` or `&gt;`?
components/DeveloperDashboard.tsx(460,14): error TS17002: Expected corresponding JSX closing tag for 'div'.
components/DeveloperDashboard.tsx(477,85): error TS1109: Expression expected.
components/DeveloperDashboard.tsx(478,2): error TS1109: Expression expected.
components/DeveloperDashboard.tsx(485,84): error TS1109: Expression expected.
components/DeveloperDashboard.tsx(486,2): error TS1109: Expression expected.
components/DeveloperDashboard.tsx(493,84): error TS1109: Expression expected.
components/DeveloperDashboard.tsx(494,2): error TS1109: Expression expected.
components/DeveloperDashboard.tsx(501,77): error TS1109: Expression expected.
components/DeveloperDashboard.tsx(502,2): error TS1109: Expression expected.
components/DeveloperDashboard.tsx(518,75): error TS1109: Expression expected.
components/DeveloperDashboard.tsx(519,2): error TS1109: Expression expected.
components/DeveloperDashboard.tsx(525,43): error TS1161: Unterminated regular expression literal.
components/DeveloperDashboard.tsx(526,2): error TS1005: '}' expected.
components/DeveloperDashboard.tsx(526,9): error TS1003: Identifier expected.
components/DeveloperDashboard.tsx(526,38): error TS1382: Unexpected token. Did you mean `{'>'}` or `&gt;`?
components/DeveloperDashboard.tsx(527,2): error TS1381: Unexpected token. Did you mean `{'}'}` or `&rbrace;`?
components/DeveloperDashboard.tsx(527,4): error TS1381: Unexpected token. Did you mean `{'}'}` or `&rbrace;`?
components/DeveloperDashboard.tsx(527,5): error TS1382: Unexpected token. Did you mean `{'>'}` or `&gt;`?
components/DeveloperDashboard.tsx(529,14): error TS17002: Expected corresponding JSX closing tag for 'div'.
components/DeveloperDashboard.tsx(533,43): error TS1161: Unterminated regular expression literal.
components/DeveloperDashboard.tsx(534,2): error TS1005: '}' expected.
components/DeveloperDashboard.tsx(534,9): error TS1003: Identifier expected.
components/DeveloperDashboard.tsx(534,35): error TS1382: Unexpected token. Did you mean `{'>'}` or `&gt;`?
components/DeveloperDashboard.tsx(535,2): error TS1381: Unexpected token. Did you mean `{'}'}` or `&rbrace;`?
components/DeveloperDashboard.tsx(535,4): error TS1381: Unexpected token. Did you mean `{'}'}` or `&rbrace;`?
components/DeveloperDashboard.tsx(535,5): error TS1382: Unexpected token. Did you mean `{'>'}` or `&gt;`?
components/DeveloperDashboard.tsx(537,14): error TS17002: Expected corresponding JSX closing tag for 'div'.
components/DeveloperDashboard.tsx(542,82): error TS1109: Expression expected.
components/DeveloperDashboard.tsx(543,2): error TS1109: Expression expected.
components/DeveloperDashboard.tsx(550,2): error TS1005: ')' expected.
components/DeveloperDashboard.tsx(558,43): error TS1161: Unterminated regular expression literal.
components/DeveloperDashboard.tsx(559,2): error TS1005: '}' expected.
components/DeveloperDashboard.tsx(559,9): error TS1003: Identifier expected.
components/DeveloperDashboard.tsx(559,31): error TS1382: Unexpected token. Did you mean `{'>'}` or `&gt;`?
components/DeveloperDashboard.tsx(560,2): error TS1381: Unexpected token. Did you mean `{'}'}` or `&rbrace;`?
components/DeveloperDashboard.tsx(560,4): error TS1381: Unexpected token. Did you mean `{'}'}` or `&rbrace;`?
components/DeveloperDashboard.tsx(560,5): error TS1382: Unexpected token. Did you mean `{'>'}` or `&gt;`?
components/DeveloperDashboard.tsx(562,14): error TS17002: Expected corresponding JSX closing tag for 'div'.
components/DeveloperDashboard.tsx(606,2): error TS1128: Declaration or statement expected.
components/DeveloperDashboard.tsx(606,3): error TS1128: Declaration or statement expected.
components/DeveloperDashboard.tsx(628,2): error TS1005: ')' expected.
components/DeveloperDashboard.tsx(631,2): error TS1005: ',' expected.
components/DeveloperDashboard.tsx(631,4): error TS1381: Unexpected token. Did you mean `{'}'}` or `&rbrace;`?
components/DeveloperDashboard.tsx(632,2): error TS1382: Unexpected token. Did you mean `{'>'}` or `&gt;`?
components/DeveloperDashboard.tsx(634,14): error TS17002: Expected corresponding JSX closing tag for 'nav'.
components/DeveloperDashboard.tsx(635,4): error TS1381: Unexpected token. Did you mean `{'}'}` or `&rbrace;`?
components/DeveloperDashboard.tsx(636,14): error TS17002: Expected corresponding JSX closing tag for 'div'.
components/DeveloperDashboard.tsx(657,7): error TS1003: Identifier expected.
components/DeveloperDashboard.tsx(662,2): error TS1005: ',' expected.
components/DeveloperDashboard.tsx(662,4): error TS1381: Unexpected token. Did you mean `{'}'}` or `&rbrace;`?
components/DeveloperDashboard.tsx(662,7): error TS1382: Unexpected token. Did you mean `{'>'}` or `&gt;`?
components/DeveloperDashboard.tsx(663,2): error TS1382: Unexpected token. Did you mean `{'>'}` or `&gt;`?
components/DeveloperDashboard.tsx(670,19): error TS1109: Expression expected.
components/DeveloperDashboard.tsx(671,2): error TS1109: Expression expected.
components/DeveloperDashboard.tsx(681,40): error TS1109: Expression expected.
components/DeveloperDashboard.tsx(682,2): error TS1109: Expression expected.
components/DeveloperDashboard.tsx(690,40): error TS1109: Expression expected.
components/DeveloperDashboard.tsx(691,2): error TS1109: Expression expected.
components/DeveloperDashboard.tsx(695,95): error TS1161: Unterminated regular expression literal.
components/DeveloperDashboard.tsx(696,2): error TS1005: '}' expected.
components/DeveloperDashboard.tsx(696,7): error TS1003: Identifier expected.
components/DeveloperDashboard.tsx(696,17): error TS1382: Unexpected token. Did you mean `{'>'}` or `&gt;`?
components/DeveloperDashboard.tsx(698,19): error TS1382: Unexpected token. Did you mean `{'>'}` or `&gt;`?
components/DeveloperDashboard.tsx(701,2): error TS1381: Unexpected token. Did you mean `{'}'}` or `&rbrace;`?
components/DeveloperDashboard.tsx(701,4): error TS1381: Unexpected token. Did you mean `{'}'}` or `&rbrace;`?
components/DeveloperDashboard.tsx(701,5): error TS1382: Unexpected token. Did you mean `{'>'}` or `&gt;`?
components/DeveloperDashboard.tsx(703,14): error TS17002: Expected corresponding JSX closing tag for 'div'.
components/DeveloperDashboard.tsx(707,4): error TS1381: Unexpected token. Did you mean `{'}'}` or `&rbrace;`?
components/DeveloperDashboard.tsx(711,2): error TS1005: ')' expected.
components/DeveloperDashboard.tsx(723,48): error TS1161: Unterminated regular expression literal.
components/DeveloperDashboard.tsx(724,2): error TS1005: '}' expected.
components/DeveloperDashboard.tsx(724,12): error TS1003: Identifier expected.
components/DeveloperDashboard.tsx(724,22): error TS1382: Unexpected token. Did you mean `{'>'}` or `&gt;`?
components/DeveloperDashboard.tsx(726,24): error TS1382: Unexpected token. Did you mean `{'>'}` or `&gt;`?
components/DeveloperDashboard.tsx(729,2): error TS1381: Unexpected token. Did you mean `{'}'}` or `&rbrace;`?
components/DeveloperDashboard.tsx(729,4): error TS1381: Unexpected token. Did you mean `{'}'}` or `&rbrace;`?
components/DeveloperDashboard.tsx(729,7): error TS1382: Unexpected token. Did you mean `{'>'}` or `&gt;`?
components/DeveloperDashboard.tsx(747,91): error TS1161: Unterminated regular expression literal.
components/DeveloperDashboard.tsx(748,2): error TS1005: '}' expected.
components/DeveloperDashboard.tsx(748,12): error TS1003: Identifier expected.
components/DeveloperDashboard.tsx(748,22): error TS1382: Unexpected token. Did you mean `{'>'}` or `&gt;`?
components/DeveloperDashboard.tsx(750,24): error TS1382: Unexpected token. Did you mean `{'>'}` or `&gt;`?
components/DeveloperDashboard.tsx(753,2): error TS1381: Unexpected token. Did you mean `{'}'}` or `&rbrace;`?
components/DeveloperDashboard.tsx(753,4): error TS1381: Unexpected token. Did you mean `{'}'}` or `&rbrace;`?
components/DeveloperDashboard.tsx(753,5): error TS1382: Unexpected token. Did you mean `{'>'}` or `&gt;`?
components/DeveloperDashboard.tsx(755,14): error TS17002: Expected corresponding JSX closing tag for 'div'.
components/DeveloperDashboard.tsx(764,2): error TS1128: Declaration or statement expected.
components/DeveloperDashboard.tsx(764,3): error TS1128: Declaration or statement expected.
components/DeveloperDashboard.tsx(776,2): error TS1128: Declaration or statement expected.
components/DeveloperDashboard.tsx(777,1): error TS1128: Declaration or statement expected.
components/DevOpsDashboard.tsx(51,1): error TS1131: Property or signature expected.
components/DevOpsDashboard.tsx(81,16): error TS1005: ',' expected.
components/DevOpsDashboard.tsx(120,2): error TS1005: ',' expected.
components/DevOpsDashboard.tsx(120,8): error TS1005: ':' expected.
components/DevOpsDashboard.tsx(120,17): error TS1005: ',' expected.
components/DevOpsDashboard.tsx(120,28): error TS1005: ',' expected.
components/DevOpsDashboard.tsx(120,29): error TS1109: Expression expected.
components/DevOpsDashboard.tsx(120,31): error TS1005: ':' expected.
components/DevOpsDashboard.tsx(138,3): error TS1005: ',' expected.
components/DevOpsDashboard.tsx(141,22): error TS1005: ',' expected.
components/DevOpsDashboard.tsx(141,45): error TS1005: ',' expected.
components/DevOpsDashboard.tsx(141,47): error TS1136: Property assignment expected.
components/DevOpsDashboard.tsx(142,11): error TS1005: ',' expected.
components/DevOpsDashboard.tsx(142,16): error TS1005: ',' expected.
components/DevOpsDashboard.tsx(153,2): error TS1472: 'catch' or 'finally' expected.
components/DevOpsDashboard.tsx(167,4): error TS1005: ',' expected.
components/DevOpsDashboard.tsx(206,30): error TS1131: Property or signature expected.
components/DevOpsDashboard.tsx(207,7): error TS1005: '>' expected.
components/DevOpsDashboard.tsx(209,11): error TS1109: Expression expected.
components/DevOpsDashboard.tsx(210,8): error TS1109: Expression expected.
components/DevOpsDashboard.tsx(211,8): error TS1109: Expression expected.
components/DevOpsDashboard.tsx(212,3): error TS1005: ',' expected.
components/DevOpsDashboard.tsx(212,5): error TS1109: Expression expected.
components/DevOpsDashboard.tsx(223,55): error TS1109: Expression expected.
components/DevOpsDashboard.tsx(224,2): error TS1109: Expression expected.
components/DevOpsDashboard.tsx(241,27): error TS1003: Identifier expected.
components/DevOpsDashboard.tsx(244,18): error TS1382: Unexpected token. Did you mean `{'>'}` or `&gt;`?
components/DevOpsDashboard.tsx(245,3): error TS1382: Unexpected token. Did you mean `{'>'}` or `&gt;`?
components/DevOpsDashboard.tsx(251,3): error TS1382: Unexpected token. Did you mean `{'>'}` or `&gt;`?
components/DevOpsDashboard.tsx(257,3): error TS1382: Unexpected token. Did you mean `{'>'}` or `&gt;`?
components/DevOpsDashboard.tsx(263,3): error TS1382: Unexpected token. Did you mean `{'>'}` or `&gt;`?
components/DevOpsDashboard.tsx(326,31): error TS1109: Expression expected.
components/DevOpsDashboard.tsx(327,2): error TS1109: Expression expected.
components/DevOpsDashboard.tsx(354,34): error TS1003: Identifier expected.
components/DevOpsDashboard.tsx(355,53): error TS1382: Unexpected token. Did you mean `{'>'}` or `&gt;`?
components/DevOpsDashboard.tsx(356,78): error TS1382: Unexpected token. Did you mean `{'>'}` or `&gt;`?
components/DevOpsDashboard.tsx(358,27): error TS1003: Identifier expected.
components/DevOpsDashboard.tsx(359,53): error TS1382: Unexpected token. Did you mean `{'>'}` or `&gt;`?
components/DevOpsDashboard.tsx(360,77): error TS1382: Unexpected token. Did you mean `{'>'}` or `&gt;`?
components/DevOpsDashboard.tsx(362,33): error TS1003: Identifier expected.
components/DevOpsDashboard.tsx(364,77): error TS1382: Unexpected token. Did you mean `{'>'}` or `&gt;`?
components/DevOpsDashboard.tsx(365,3): error TS1382: Unexpected token. Did you mean `{'>'}` or `&gt;`?
components/DevOpsDashboard.tsx(370,3): error TS1382: Unexpected token. Did you mean `{'>'}` or `&gt;`?
components/DevOpsDashboard.tsx(375,3): error TS1382: Unexpected token. Did you mean `{'>'}` or `&gt;`?
components/DevOpsDashboard.tsx(391,26): error TS1003: Identifier expected.
components/DevOpsDashboard.tsx(393,24): error TS1382: Unexpected token. Did you mean `{'>'}` or `&gt;`?
components/DevOpsDashboard.tsx(394,3): error TS1382: Unexpected token. Did you mean `{'>'}` or `&gt;`?
components/DevOpsDashboard.tsx(396,25): error TS1003: Identifier expected.
components/DevOpsDashboard.tsx(397,54): error TS1382: Unexpected token. Did you mean `{'>'}` or `&gt;`?
components/DevOpsDashboard.tsx(398,86): error TS1382: Unexpected token. Did you mean `{'>'}` or `&gt;`?
components/DevOpsDashboard.tsx(400,26): error TS1003: Identifier expected.
components/DevOpsDashboard.tsx(402,59): error TS1382: Unexpected token. Did you mean `{'>'}` or `&gt;`?
components/DevOpsDashboard.tsx(403,3): error TS1382: Unexpected token. Did you mean `{'>'}` or `&gt;`?
components/DevOpsDashboard.tsx(408,3): error TS1382: Unexpected token. Did you mean `{'>'}` or `&gt;`?
components/DevOpsDashboard.tsx(424,22): error TS1003: Identifier expected.
components/DevOpsDashboard.tsx(426,57): error TS1382: Unexpected token. Did you mean `{'>'}` or `&gt;`?
components/DevOpsDashboard.tsx(427,3): error TS1382: Unexpected token. Did you mean `{'>'}` or `&gt;`?
components/DevOpsDashboard.tsx(432,3): error TS1382: Unexpected token. Did you mean `{'>'}` or `&gt;`?
components/DevOpsDashboard.tsx(437,3): error TS1382: Unexpected token. Did you mean `{'>'}` or `&gt;`?
components/DevOpsDashboard.tsx(458,28): error TS1003: Identifier expected.
components/DevOpsDashboard.tsx(460,52): error TS1382: Unexpected token. Did you mean `{'>'}` or `&gt;`?
components/DevOpsDashboard.tsx(461,3): error TS1382: Unexpected token. Did you mean `{'>'}` or `&gt;`?
components/DevOpsDashboard.tsx(466,3): error TS1382: Unexpected token. Did you mean `{'>'}` or `&gt;`?
components/DevOpsDashboard.tsx(471,3): error TS1382: Unexpected token. Did you mean `{'>'}` or `&gt;`?
components/DevOpsDashboard.tsx(476,3): error TS1382: Unexpected token. Did you mean `{'>'}` or `&gt;`?
components/DevOpsDashboard.tsx(492,21): error TS1003: Identifier expected.
components/DevOpsDashboard.tsx(494,25): error TS1382: Unexpected token. Did you mean `{'>'}` or `&gt;`?
components/DevOpsDashboard.tsx(495,3): error TS1382: Unexpected token. Did you mean `{'>'}` or `&gt;`?
components/DevOpsDashboard.tsx(497,22): error TS1003: Identifier expected.
components/DevOpsDashboard.tsx(499,26): error TS1382: Unexpected token. Did you mean `{'>'}` or `&gt;`?
components/DevOpsDashboard.tsx(500,3): error TS1382: Unexpected token. Did you mean `{'>'}` or `&gt;`?
components/DevOpsDashboard.tsx(502,29): error TS1003: Identifier expected.
components/DevOpsDashboard.tsx(504,27): error TS1382: Unexpected token. Did you mean `{'>'}` or `&gt;`?
components/DevOpsDashboard.tsx(505,3): error TS1382: Unexpected token. Did you mean `{'>'}` or `&gt;`?
components/DevOpsDashboard.tsx(538,2): error TS1382: Unexpected token. Did you mean `{'>'}` or `&gt;`?
components/DevOpsDashboard.tsx(540,14): error TS17002: Expected corresponding JSX closing tag for 'div'.
components/DevOpsDashboard.tsx(546,2): error TS1005: ')' expected.
components/DevOpsDashboard.tsx(565,7): error TS1131: Property or signature expected.
components/DevOpsDashboard.tsx(565,10): error TS1005: ',' expected.
components/DevOpsDashboard.tsx(565,13): error TS1005: ',' expected.
components/DevOpsDashboard.tsx(565,16): error TS1382: Unexpected token. Did you mean `{'>'}` or `&gt;`?
components/DevOpsDashboard.tsx(572,2): error TS1382: Unexpected token. Did you mean `{'>'}` or `&gt;`?
components/DevOpsDashboard.tsx(574,14): error TS17002: Expected corresponding JSX closing tag for 'nav'.
components/DevOpsDashboard.tsx(575,4): error TS1381: Unexpected token. Did you mean `{'}'}` or `&rbrace;`?
components/DevOpsDashboard.tsx(576,14): error TS17002: Expected corresponding JSX closing tag for 'div'.
components/DevOpsDashboard.tsx(590,2): error TS1128: Declaration or statement expected.
components/DevOpsDashboard.tsx(591,1): error TS1128: Declaration or statement expected.
components/EnhancedCommentSystem.tsx(155,9): error TS1003: Identifier expected.
components/EnhancedCommentSystem.tsx(155,19): error TS1003: Identifier expected.
components/EnhancedCommentSystem.tsx(155,21): error TS1003: Identifier expected.
components/EnhancedCommentSystem.tsx(155,69): error TS1005: ';' expected.
components/EnhancedCommentSystem.tsx(156,3): error TS1005: ',' expected.
components/EnhancedCommentSystem.tsx(235,19): error TS1005: ';' expected.
components/EnhancedCommentSystem.tsx(235,24): error TS1005: ';' expected.
components/EnhancedCommentSystem.tsx(235,28): error TS1005: ';' expected.
components/EnhancedCommentSystem.tsx(235,44): error TS1005: ';' expected.
components/EnhancedCommentSystem.tsx(238,67): error TS1109: Expression expected.
components/EnhancedCommentSystem.tsx(239,2): error TS1109: Expression expected.
components/EnhancedCommentSystem.tsx(254,24): error TS1005: ';' expected.
components/EnhancedCommentSystem.tsx(254,42): error TS1005: ';' expected.
components/EnhancedCommentSystem.tsx(254,52): error TS1005: ';' expected.
components/EnhancedCommentSystem.tsx(254,60): error TS1005: ';' expected.
components/EnhancedCommentSystem.tsx(254,78): error TS1005: ';' expected.
components/EnhancedCommentSystem.tsx(270,24): error TS1005: ';' expected.
components/EnhancedCommentSystem.tsx(270,32): error TS1005: ';' expected.
components/EnhancedCommentSystem.tsx(270,50): error TS1005: ';' expected.
components/EnhancedCommentSystem.tsx(367,26): error TS1005: ';' expected.
components/EnhancedCommentSystem.tsx(367,32): error TS1434: Unexpected keyword or identifier.
components/EnhancedCommentSystem.tsx(367,35): error TS1434: Unexpected keyword or identifier.
components/EnhancedCommentSystem.tsx(367,56): error TS1128: Declaration or statement expected.
components/EnhancedCommentSystem.tsx(456,19): error TS1005: ';' expected.
components/EnhancedCommentSystem.tsx(456,31): error TS1005: ';' expected.
components/EnhancedCommentSystem.tsx(456,36): error TS1005: ';' expected.
components/EnhancedCommentSystem.tsx(464,19): error TS1005: ';' expected.
components/EnhancedCommentSystem.tsx(464,29): error TS1005: ';' expected.
components/EnhancedCommentSystem.tsx(486,18): error TS1005: ';' expected.
components/EnhancedCommentSystem.tsx(489,2): error TS1161: Unterminated regular expression literal.
components/EnhancedCommentSystem.tsx(490,7): error TS1005: ';' expected.
components/EnhancedCommentSystem.tsx(491,2): error TS2657: JSX expressions must have one parent element.
components/EnhancedCommentSystem.tsx(503,2): error TS1382: Unexpected token. Did you mean `{'>'}` or `&gt;`?
components/EnhancedCommentSystem.tsx(505,14): error TS17002: Expected corresponding JSX closing tag for 'div'.
components/EnhancedCommentSystem.tsx(516,2): error TS1128: Declaration or statement expected.
components/EnhancedCommentSystem.tsx(516,3): error TS1128: Declaration or statement expected.
components/EnhancedCommentSystem.tsx(554,2): error TS1005: '}' expected.
components/EnhancedCommentSystem.tsx(556,14): error TS17002: Expected corresponding JSX closing tag for 'div'.
components/EnhancedCommentSystem.tsx(561,2): error TS1382: Unexpected token. Did you mean `{'>'}` or `&gt;`?
components/EnhancedCommentSystem.tsx(563,14): error TS17002: Expected corresponding JSX closing tag for 'div'.
components/EnhancedCommentSystem.tsx(569,2): error TS1128: Declaration or statement expected.
components/EnhancedCommentSystem.tsx(570,1): error TS1128: Declaration or statement expected.
components/EnhancedVideoUpload.tsx(198,2): error TS2657: JSX expressions must have one parent element.
components/EnhancedVideoUpload.tsx(214,2): error TS1003: Identifier expected.
components/EnhancedVideoUpload.tsx(216,2): error TS1381: Unexpected token. Did you mean `{'}'}` or `&rbrace;`?
components/EnhancedVideoUpload.tsx(216,4): error TS1381: Unexpected token. Did you mean `{'}'}` or `&rbrace;`?
components/EnhancedVideoUpload.tsx(216,7): error TS1382: Unexpected token. Did you mean `{'>'}` or `&gt;`?
components/EnhancedVideoUpload.tsx(217,2): error TS1382: Unexpected token. Did you mean `{'>'}` or `&gt;`?
components/EnhancedVideoUpload.tsx(231,2): error TS1382: Unexpected token. Did you mean `{'>'}` or `&gt;`?
components/EnhancedVideoUpload.tsx(233,14): error TS17002: Expected corresponding JSX closing tag for 'div'.
components/EnhancedVideoUpload.tsx(241,3): error TS1109: Expression expected.
components/EnhancedVideoUpload.tsx(249,2): error TS1005: ')' expected.
components/EnhancedVideoUpload.tsx(254,2): error TS1382: Unexpected token. Did you mean `{'>'}` or `&gt;`?
components/EnhancedVideoUpload.tsx(256,14): error TS17002: Expected corresponding JSX closing tag for 'div'.
components/EnhancedVideoUpload.tsx(260,2): error TS1128: Declaration or statement expected.
components/EnhancedVideoUpload.tsx(261,2): error TS1128: Declaration or statement expected.
components/EnhancedVideoUpload.tsx(333,2): error TS1005: '}' expected.
components/EnhancedVideoUpload.tsx(333,3): error TS1382: Unexpected token. Did you mean `{'>'}` or `&gt;`?
components/EnhancedVideoUpload.tsx(351,2): error TS1005: '}' expected.
components/EnhancedVideoUpload.tsx(357,14): error TS17002: Expected corresponding JSX closing tag for 'div'.
components/EnhancedVideoUpload.tsx(367,2): error TS1005: '}' expected.
components/EnhancedVideoUpload.tsx(373,14): error TS17002: Expected corresponding JSX closing tag for 'div'.
components/EnhancedVideoUpload.tsx(464,2): error TS1382: Unexpected token. Did you mean `{'>'}` or `&gt;`?
components/EnhancedVideoUpload.tsx(466,14): error TS17002: Expected corresponding JSX closing tag for 'div'.
components/EnhancedVideoUpload.tsx(477,2): error TS1382: Unexpected token. Did you mean `{'>'}` or `&gt;`?
components/EnhancedVideoUpload.tsx(479,14): error TS17002: Expected corresponding JSX closing tag for 'div'.
components/EnhancedVideoUpload.tsx(488,3): error TS1382: Unexpected token. Did you mean `{'>'}` or `&gt;`?
components/EnhancedVideoUpload.tsx(532,2): error TS1005: '}' expected.
components/EnhancedVideoUpload.tsx(547,2): error TS1382: Unexpected token. Did you mean `{'>'}` or `&gt;`?
components/EnhancedVideoUpload.tsx(549,14): error TS17002: Expected corresponding JSX closing tag for 'span'.
components/EnhancedVideoUpload.tsx(565,2): error TS1382: Unexpected token. Did you mean `{'>'}` or `&gt;`?
components/EnhancedVideoUpload.tsx(567,14): error TS17002: Expected corresponding JSX closing tag for 'div'.
components/EnhancedVideoUpload.tsx(573,2): error TS1382: Unexpected token. Did you mean `{'>'}` or `&gt;`?
components/EnhancedVideoUpload.tsx(575,14): error TS17002: Expected corresponding JSX closing tag for 'div'.
components/EnhancedVideoUpload.tsx(581,2): error TS1382: Unexpected token. Did you mean `{'>'}` or `&gt;`?
components/EnhancedVideoUpload.tsx(583,14): error TS17002: Expected corresponding JSX closing tag for 'div'.
components/EnhancedVideoUpload.tsx(591,1): error TS1128: Declaration or statement expected.
components/EnhancedYouTubeVideoCard.tsx(67,33): error TS1005: ',' expected.
components/EnhancedYouTubeVideoCard.tsx(69,8): error TS1005: ':' expected.
components/EnhancedYouTubeVideoCard.tsx(69,35): error TS1005: ',' expected.
components/EnhancedYouTubeVideoCard.tsx(72,2): error TS1003: Identifier expected.
components/EnhancedYouTubeVideoCard.tsx(75,2): error TS1005: ',' expected.
components/EnhancedYouTubeVideoCard.tsx(76,2): error TS1005: ',' expected.
components/EnhancedYouTubeVideoCard.tsx(76,13): error TS1005: ':' expected.
components/EnhancedYouTubeVideoCard.tsx(77,2): error TS1005: ',' expected.
components/EnhancedYouTubeVideoCard.tsx(77,13): error TS1136: Property assignment expected.
components/EnhancedYouTubeVideoCard.tsx(77,15): error TS1005: ',' expected.
components/EnhancedYouTubeVideoCard.tsx(77,22): error TS1005: ',' expected.
components/EnhancedYouTubeVideoCard.tsx(84,2): error TS1109: Expression expected.
components/EnhancedYouTubeVideoCard.tsx(86,7): error TS1005: ';' expected.
components/EnhancedYouTubeVideoCard.tsx(86,18): error TS1136: Property assignment expected.
components/EnhancedYouTubeVideoCard.tsx(86,105): error TS1128: Declaration or statement expected.
components/EnhancedYouTubeVideoCard.tsx(86,106): error TS1109: Expression expected.
components/EnhancedYouTubeVideoCard.tsx(94,3): error TS1109: Expression expected.
components/EnhancedYouTubeVideoCard.tsx(155,2): error TS1128: Declaration or statement expected.
components/EnhancedYouTubeVideoCard.tsx(156,1): error TS1128: Declaration or statement expected.
components/ErrorBoundary.broken.tsx(70,2): error TS1128: Declaration or statement expected.
components/ErrorBoundary.broken.tsx(75,1): error TS1068: Unexpected token. A constructor, method, accessor, or property was expected.
components/ErrorBoundary.broken.tsx(133,2): error TS1128: Declaration or statement expected.
components/ErrorBoundary.broken.tsx(150,2): error TS1128: Declaration or statement expected.
components/ErrorBoundary.broken.tsx(172,2): error TS1128: Declaration or statement expected.
components/ErrorBoundary.broken.tsx(180,2): error TS1128: Declaration or statement expected.
components/ErrorBoundary.broken.tsx(291,1): error TS1434: Unexpected keyword or identifier.
components/ErrorBoundary.broken.tsx(291,8): error TS1434: Unexpected keyword or identifier.
components/ErrorBoundary.broken.tsx(291,30): error TS1005: '}' expected.
components/ErrorStates/EmptyShortsState.tsx(38,8): error TS1005: ')' expected.
components/ErrorStates/EmptyShortsState.tsx(39,14): error TS17002: Expected corresponding JSX closing tag for 'div'.
components/ErrorStates/EmptyShortsState.tsx(40,3): error TS1381: Unexpected token. Did you mean `{'}'}` or `&rbrace;`?
components/ErrorStates/EmptyShortsState.tsx(45,2): error TS1382: Unexpected token. Did you mean `{'>'}` or `&gt;`?
components/ErrorStates/EmptyShortsState.tsx(47,14): error TS17002: Expected corresponding JSX closing tag for 'div'.
components/ErrorStates/VideoNotFound.tsx(15,2): error TS1382: Unexpected token. Did you mean `{'>'}` or `&gt;`?
components/ErrorStates/VideoNotFound.tsx(17,14): error TS17002: Expected corresponding JSX closing tag for 'div'.
components/forms/Button.tsx(63,3): error TS1109: Expression expected.
components/forms/Button.tsx(68,3): error TS1109: Expression expected.
components/forms/Button.tsx(70,2): error TS1109: Expression expected.
components/forms/Input.tsx(39,4): error TS1005: '...' expected.
components/forms/Input.tsx(40,4): error TS1005: '...' expected.
components/forms/Input.tsx(42,31): error TS1005: '>' expected.
components/forms/Input.tsx(43,70): error TS1381: Unexpected token. Did you mean `{'}'}` or `&rbrace;`?
components/forms/Input.tsx(44,14): error TS1382: Unexpected token. Did you mean `{'>'}` or `&gt;`?
components/forms/Input.tsx(45,3): error TS1382: Unexpected token. Did you mean `{'>'}` or `&gt;`?
components/forms/Textarea.tsx(30,4): error TS1005: '...' expected.
components/forms/Textarea.tsx(32,31): error TS1005: '>' expected.
components/forms/Textarea.tsx(33,86): error TS1381: Unexpected token. Did you mean `{'}'}` or `&rbrace;`?
components/forms/Textarea.tsx(34,14): error TS1382: Unexpected token. Did you mean `{'>'}` or `&gt;`?
components/forms/Textarea.tsx(35,3): error TS1382: Unexpected token. Did you mean `{'>'}` or `&gt;`?
components/forms/UnifiedFormSystem.tsx(26,34): error TS1005: '>' expected.
components/forms/UnifiedFormSystem.tsx(26,59): error TS1005: ':' expected.
components/forms/UnifiedFormSystem.tsx(26,80): error TS1005: ';' expected.
components/forms/UnifiedFormSystem.tsx(26,81): error TS1109: Expression expected.
components/forms/UnifiedFormSystem.tsx(27,11): error TS1109: Expression expected.
components/forms/UnifiedFormSystem.tsx(27,51): error TS1109: Expression expected.
components/forms/UnifiedFormSystem.tsx(28,1): error TS1128: Declaration or statement expected.
components/forms/UnifiedFormSystem.tsx(64,3): error TS1128: Declaration or statement expected.
components/forms/UnifiedFormSystem.tsx(64,46): error TS1005: ';' expected.
components/forms/UnifiedFormSystem.tsx(141,86): error TS1005: '>' expected.
components/forms/UnifiedFormSystem.tsx(141,96): error TS1005: ',' expected.
components/forms/UnifiedFormSystem.tsx(142,14): error TS1005: ',' expected.
components/forms/UnifiedFormSystem.tsx(143,16): error TS1005: ',' expected.
components/forms/UnifiedFormSystem.tsx(144,20): error TS1005: ',' expected.
components/forms/UnifiedFormSystem.tsx(145,19): error TS1005: ',' expected.
components/forms/UnifiedFormSystem.tsx(146,28): error TS1005: ',' expected.
components/forms/UnifiedFormSystem.tsx(147,29): error TS1005: ',' expected.
components/forms/UnifiedFormSystem.tsx(148,44): error TS1005: ',' expected.
components/forms/UnifiedFormSystem.tsx(149,32): error TS1005: ',' expected.
components/forms/UnifiedFormSystem.tsx(151,1): error TS1109: Expression expected.
components/forms/UnifiedFormSystem.tsx(251,95): error TS1005: '>' expected.
components/forms/UnifiedFormSystem.tsx(251,105): error TS1005: ',' expected.
components/forms/UnifiedFormSystem.tsx(252,14): error TS1005: ',' expected.
components/forms/UnifiedFormSystem.tsx(253,16): error TS1005: ',' expected.
components/forms/UnifiedFormSystem.tsx(254,20): error TS1005: ',' expected.
components/forms/UnifiedFormSystem.tsx(255,19): error TS1005: ',' expected.
components/forms/UnifiedFormSystem.tsx(256,44): error TS1005: ',' expected.
components/forms/UnifiedFormSystem.tsx(257,35): error TS1005: ',' expected.
components/forms/UnifiedFormSystem.tsx(258,54): error TS1005: ',' expected.
components/forms/UnifiedFormSystem.tsx(260,1): error TS1109: Expression expected.
components/forms/UnifiedFormSystem.tsx(341,89): error TS1005: '>' expected.
components/forms/UnifiedFormSystem.tsx(341,99): error TS1005: ',' expected.
components/forms/UnifiedFormSystem.tsx(342,14): error TS1005: ',' expected.
components/forms/UnifiedFormSystem.tsx(343,16): error TS1005: ',' expected.
components/forms/UnifiedFormSystem.tsx(344,20): error TS1005: ',' expected.
components/forms/UnifiedFormSystem.tsx(345,19): error TS1005: ',' expected.
components/forms/UnifiedFormSystem.tsx(346,70): error TS1005: ',' expected.
components/forms/UnifiedFormSystem.tsx(347,22): error TS1005: ',' expected.
components/forms/UnifiedFormSystem.tsx(348,44): error TS1005: ',' expected.
components/forms/UnifiedFormSystem.tsx(349,33): error TS1005: ',' expected.
components/forms/UnifiedFormSystem.tsx(351,1): error TS1109: Expression expected.
components/forms/UnifiedFormSystem.tsx(404,19): error TS1003: Identifier expected.
components/forms/UnifiedFormSystem.tsx(406,2): error TS1381: Unexpected token. Did you mean `{'}'}` or `&rbrace;`?
components/forms/UnifiedFormSystem.tsx(407,2): error TS1382: Unexpected token. Did you mean `{'>'}` or `&gt;`?
components/forms/UnifiedFormSystem.tsx(422,14): error TS17002: Expected corresponding JSX closing tag for 'div'.
components/forms/UnifiedFormSystem.tsx(447,34): error TS1005: '>' expected.
components/forms/UnifiedFormSystem.tsx(447,59): error TS1005: ':' expected.
components/forms/UnifiedFormSystem.tsx(447,80): error TS1005: ';' expected.
components/forms/UnifiedFormSystem.tsx(447,81): error TS1109: Expression expected.
components/forms/UnifiedFormSystem.tsx(448,12): error TS1109: Expression expected.
components/forms/UnifiedFormSystem.tsx(449,1): error TS1128: Declaration or statement expected.
components/forms/UnifiedFormSystem.tsx(485,2): error TS1005: ')' expected.
components/forms/UnifiedFormSystem.tsx(502,2): error TS1128: Declaration or statement expected.
components/forms/UnifiedFormSystem.tsx(503,1): error TS1128: Declaration or statement expected.
components/icons/ArrowUturnRightIcon.tsx(17,3): error TS1382: Unexpected token. Did you mean `{'>'}` or `&gt;`?
components/icons/HeartIcon.tsx(15,3): error TS1382: Unexpected token. Did you mean `{'>'}` or `&gt;`?
components/icons/MenuIcon.tsx(15,2): error TS1005: ')' expected.
components/icons/MenuIcon.tsx(16,1): error TS1109: Expression expected.
components/icons/SearchIcon.tsx(15,3): error TS1109: Expression expected.
components/icons/SearchIcon.tsx(17,1): error TS1109: Expression expected.
components/icons/SummarizeIcon.tsx(20,3): error TS1109: Expression expected.
components/icons/SummarizeIcon.tsx(22,2): error TS1109: Expression expected.
components/icons/UserIcon.tsx(15,3): error TS1109: Expression expected.
components/icons/UserIcon.tsx(17,1): error TS1109: Expression expected.
components/icons/YouTubeLogo.tsx(9,2): error TS2657: JSX expressions must have one parent element.
components/icons/YouTubeLogo.tsx(13,2): error TS1005: ')' expected.
components/icons/YouTubeLogo.tsx(14,1): error TS1109: Expression expected.
components/LiveStreamManager.tsx(43,1): error TS1131: Property or signature expected.
components/LiveStreamManager.tsx(154,48): error TS1005: ',' expected.
components/LiveStreamManager.tsx(163,5): error TS1005: ')' expected.
components/LiveStreamManager.tsx(164,5): error TS1134: Variable declaration expected.
components/LiveStreamManager.tsx(164,9): error TS1005: ';' expected.
components/LiveStreamManager.tsx(354,2): error TS2657: JSX expressions must have one parent element.
components/LiveStreamManager.tsx(358,2): error TS2657: JSX expressions must have one parent element.
components/LiveStreamManager.tsx(362,2): error TS1382: Unexpected token. Did you mean `{'>'}` or `&gt;`?
components/LiveStreamManager.tsx(365,14): error TS17002: Expected corresponding JSX closing tag for 'div'.
components/LiveStreamManager.tsx(370,2): error TS2657: JSX expressions must have one parent element.
components/LiveStreamManager.tsx(385,2): error TS1382: Unexpected token. Did you mean `{'>'}` or `&gt;`?
components/LiveStreamManager.tsx(391,14): error TS17002: Expected corresponding JSX closing tag for 'div'.
components/LiveStreamManager.tsx(401,2): error TS1382: Unexpected token. Did you mean `{'>'}` or `&gt;`?
components/LiveStreamManager.tsx(407,14): error TS17002: Expected corresponding JSX closing tag for 'div'.
components/LiveStreamManager.tsx(415,2): error TS1382: Unexpected token. Did you mean `{'>'}` or `&gt;`?
components/LiveStreamManager.tsx(418,14): error TS17002: Expected corresponding JSX closing tag for 'div'.
components/LiveStreamManager.tsx(423,2): error TS1382: Unexpected token. Did you mean `{'>'}` or `&gt;`?
components/LiveStreamManager.tsx(426,14): error TS17002: Expected corresponding JSX closing tag for 'div'.
components/LiveStreamManager.tsx(430,2): error TS1005: ')' expected.
components/LiveStreamManager.tsx(582,46): error TS1109: Expression expected.
components/LiveStreamManager.tsx(583,2): error TS1109: Expression expected.
components/LiveStreamManager.tsx(616,2): error TS1382: Unexpected token. Did you mean `{'>'}` or `&gt;`?
components/LiveStreamManager.tsx(618,14): error TS17002: Expected corresponding JSX closing tag for 'div'.
components/LiveStreamManager.tsx(627,2): error TS1128: Declaration or statement expected.
components/LiveStreams.tsx(43,3): error TS1128: Declaration or statement expected.
components/LiveStreams.tsx(56,17): error TS1005: ',' expected.
components/LoadingSpinner.tsx(29,2): error TS1003: Identifier expected.
components/LoadingSpinner.tsx(34,23): error TS1382: Unexpected token. Did you mean `{'>'}` or `&gt;`?
components/LoadingSpinner.tsx(35,2): error TS1382: Unexpected token. Did you mean `{'>'}` or `&gt;`?
components/LoadingSpinner.tsx(43,3): error TS1382: Unexpected token. Did you mean `{'>'}` or `&gt;`?
components/LoadingSpinner.tsx(48,3): error TS1382: Unexpected token. Did you mean `{'>'}` or `&gt;`?
components/LoadingSpinner.tsx(49,14): error TS17002: Expected corresponding JSX closing tag for 'div'.
components/Modal.tsx(41,44): error TS1005: ',' expected.
components/ModerationDashboard.tsx(41,28): error TS1131: Property or signature expected.
components/ModerationDashboard.tsx(42,8): error TS1005: '>' expected.
components/ModerationDashboard.tsx(47,3): error TS1109: Expression expected.
components/ModerationDashboard.tsx(47,4): error TS1109: Expression expected.
components/ModerationDashboard.tsx(48,1): error TS1128: Declaration or statement expected.
components/ModerationDashboard.tsx(376,2): error TS1382: Unexpected token. Did you mean `{'>'}` or `&gt;`?
components/ModerationDashboard.tsx(378,14): error TS17002: Expected corresponding JSX closing tag for 'div'.
components/ModerationDashboard.tsx(382,2): error TS1382: Unexpected token. Did you mean `{'>'}` or `&gt;`?
components/ModerationDashboard.tsx(384,14): error TS17002: Expected corresponding JSX closing tag for 'div'.
components/ModerationDashboard.tsx(388,2): error TS1382: Unexpected token. Did you mean `{'>'}` or `&gt;`?
components/ModerationDashboard.tsx(390,14): error TS17002: Expected corresponding JSX closing tag for 'div'.
components/ModerationDashboard.tsx(402,15): error TS1003: Identifier expected.
components/ModerationDashboard.tsx(403,2): error TS1005: ',' expected.
components/ModerationDashboard.tsx(403,4): error TS1381: Unexpected token. Did you mean `{'}'}` or `&rbrace;`?
components/ModerationDashboard.tsx(403,7): error TS1382: Unexpected token. Did you mean `{'>'}` or `&gt;`?
components/ModerationDashboard.tsx(404,2): error TS1382: Unexpected token. Did you mean `{'>'}` or `&gt;`?
components/ModerationDashboard.tsx(472,40): error TS1161: Unterminated regular expression literal.
components/ModerationDashboard.tsx(473,2): error TS1005: '}' expected.
components/ModerationDashboard.tsx(473,6): error TS1003: Identifier expected.
components/ModerationDashboard.tsx(473,32): error TS1382: Unexpected token. Did you mean `{'>'}` or `&gt;`?
components/ModerationDashboard.tsx(474,32): error TS1382: Unexpected token. Did you mean `{'>'}` or `&gt;`?
components/ModerationDashboard.tsx(475,2): error TS1381: Unexpected token. Did you mean `{'}'}` or `&rbrace;`?
components/ModerationDashboard.tsx(475,4): error TS1381: Unexpected token. Did you mean `{'}'}` or `&rbrace;`?
components/ModerationDashboard.tsx(475,5): error TS1382: Unexpected token. Did you mean `{'>'}` or `&gt;`?
components/ModerationDashboard.tsx(477,14): error TS17002: Expected corresponding JSX closing tag for 'div'.
components/ModerationDashboard.tsx(510,2): error TS1382: Unexpected token. Did you mean `{'>'}` or `&gt;`?
components/ModerationDashboard.tsx(513,14): error TS17002: Expected corresponding JSX closing tag for 'div'.
components/ModerationDashboard.tsx(520,2): error TS1005: '}' expected.
components/ModerationDashboard.tsx(523,14): error TS17002: Expected corresponding JSX closing tag for 'div'.
components/ModerationDashboard.tsx(528,2): error TS1382: Unexpected token. Did you mean `{'>'}` or `&gt;`?
components/ModerationDashboard.tsx(531,14): error TS17002: Expected corresponding JSX closing tag for 'div'.
components/ModerationDashboard.tsx(542,3): error TS1005: ';' expected.
components/ModerationDashboard.tsx(565,2): error TS1382: Unexpected token. Did you mean `{'>'}` or `&gt;`?
components/ModerationDashboard.tsx(567,14): error TS17002: Expected corresponding JSX closing tag for 'div'.
components/ModerationDashboard.tsx(571,2): error TS1382: Unexpected token. Did you mean `{'>'}` or `&gt;`?
components/ModerationDashboard.tsx(573,14): error TS17002: Expected corresponding JSX closing tag for 'div'.
components/ModerationDashboard.tsx(579,2): error TS1128: Declaration or statement expected.
components/ModerationDashboard.tsx(580,1): error TS1128: Declaration or statement expected.
components/NotificationCenter.tsx(57,7): error TS1005: ',' expected.
components/NotificationCenter.tsx(233,2): error TS1382: Unexpected token. Did you mean `{'>'}` or `&gt;`?
components/NotificationCenter.tsx(244,14): error TS17002: Expected corresponding JSX closing tag for 'div'.
components/NotificationCenter.tsx(246,2): error TS1005: ')' expected.
components/NotificationCenter.tsx(254,2): error TS1382: Unexpected token. Did you mean `{'>'}` or `&gt;`?
components/NotificationCenter.tsx(256,14): error TS17002: Expected corresponding JSX closing tag for 'div'.
components/NotificationCenter.tsx(268,2): error TS1382: Unexpected token. Did you mean `{'>'}` or `&gt;`?
components/NotificationCenter.tsx(270,14): error TS17002: Expected corresponding JSX closing tag for 'div'.
components/NotificationCenter.tsx(278,2): error TS1382: Unexpected token. Did you mean `{'>'}` or `&gt;`?
components/NotificationCenter.tsx(280,14): error TS17002: Expected corresponding JSX closing tag for 'div'.
components/NotificationCenter.tsx(283,2): error TS1005: ')' expected.
components/NotificationCenter.tsx(288,7): error TS1005: ')' expected.
components/NotificationCenter.tsx(290,2): error TS1128: Declaration or statement expected.
components/NotificationCenter.tsx(290,3): error TS1128: Declaration or statement expected.
components/NotificationCenter.tsx(305,2): error TS1003: Identifier expected.
components/NotificationCenter.tsx(306,2): error TS1005: ',' expected.
components/NotificationCenter.tsx(306,4): error TS1381: Unexpected token. Did you mean `{'}'}` or `&rbrace;`?
components/NotificationCenter.tsx(306,7): error TS1382: Unexpected token. Did you mean `{'>'}` or `&gt;`?
components/NotificationCenter.tsx(307,2): error TS1382: Unexpected token. Did you mean `{'>'}` or `&gt;`?
components/NotificationCenter.tsx(340,2): error TS1005: ')' expected.
components/NotificationCenter.tsx(341,2): error TS1382: Unexpected token. Did you mean `{'>'}` or `&gt;`?
components/NotificationCenter.tsx(343,14): error TS17002: Expected corresponding JSX closing tag for 'div'.
components/NotificationCenter.tsx(344,3): error TS1381: Unexpected token. Did you mean `{'}'}` or `&rbrace;`?
components/NotificationCenter.tsx(349,2): error TS1382: Unexpected token. Did you mean `{'>'}` or `&gt;`?
components/NotificationCenter.tsx(351,14): error TS17002: Expected corresponding JSX closing tag for 'div'.
components/NotificationCenter.tsx(365,2): error TS1128: Declaration or statement expected.
components/NotificationCenter.tsx(365,3): error TS1128: Declaration or statement expected.
components/NotificationCenter.tsx(366,2): error TS1128: Declaration or statement expected.
components/NotificationCenter.tsx(366,3): error TS1128: Declaration or statement expected.
components/NotificationCenter.tsx(369,2): error TS1128: Declaration or statement expected.
components/NotificationCenter.tsx(369,3): error TS1128: Declaration or statement expected.
components/NotificationCenter.tsx(371,2): error TS1128: Declaration or statement expected.
components/NotificationCenter.tsx(372,1): error TS1128: Declaration or statement expected.
components/NotificationsPanel.tsx(58,2): error TS2657: JSX expressions must have one parent element.
components/NotificationsPanel.tsx(72,2): error TS1382: Unexpected token. Did you mean `{'>'}` or `&gt;`?
components/NotificationsPanel.tsx(74,14): error TS17002: Expected corresponding JSX closing tag for 'header'.
components/NotificationsPanel.tsx(75,14): error TS17002: Expected corresponding JSX closing tag for 'div'.
components/NotificationsPanel.tsx(88,2): error TS1005: '}' expected.
components/NotificationsPanel.tsx(104,14): error TS17002: Expected corresponding JSX closing tag for 'li'.
components/NotificationsPanel.tsx(117,2): error TS1005: ')' expected.
components/NotificationsPanel.tsx(128,2): error TS1005: '}' expected.
components/NotificationsPanel.tsx(130,14): error TS17002: Expected corresponding JSX closing tag for 'footer'.
components/NotificationsPanel.tsx(134,2): error TS1128: Declaration or statement expected.
components/NotificationsPanel.tsx(135,1): error TS1128: Declaration or statement expected.
components/NotificationSystem.tsx(56,6): error TS1005: ',' expected.
components/NotificationSystem.tsx(233,2): error TS1382: Unexpected token. Did you mean `{'>'}` or `&gt;`?
components/NotificationSystem.tsx(245,14): error TS17002: Expected corresponding JSX closing tag for 'div'.
components/NotificationSystem.tsx(247,2): error TS1005: ')' expected.
components/NotificationSystem.tsx(260,2): error TS1382: Unexpected token. Did you mean `{'>'}` or `&gt;`?
components/NotificationSystem.tsx(262,14): error TS17002: Expected corresponding JSX closing tag for 'div'.
components/NotificationSystem.tsx(267,2): error TS1382: Unexpected token. Did you mean `{'>'}` or `&gt;`?
components/NotificationSystem.tsx(269,14): error TS17002: Expected corresponding JSX closing tag for 'div'.
components/NotificationSystem.tsx(273,2): error TS1382: Unexpected token. Did you mean `{'>'}` or `&gt;`?
components/NotificationSystem.tsx(275,14): error TS17002: Expected corresponding JSX closing tag for 'div'.
components/NotificationSystem.tsx(280,2): error TS1005: ')' expected.
components/NotificationSystem.tsx(293,2): error TS1003: Identifier expected.
components/NotificationSystem.tsx(294,2): error TS1005: ',' expected.
components/NotificationSystem.tsx(294,4): error TS1381: Unexpected token. Did you mean `{'}'}` or `&rbrace;`?
components/NotificationSystem.tsx(294,7): error TS1382: Unexpected token. Did you mean `{'>'}` or `&gt;`?
components/NotificationSystem.tsx(295,2): error TS1382: Unexpected token. Did you mean `{'>'}` or `&gt;`?
components/NotificationSystem.tsx(303,31): error TS1109: Expression expected.
components/NotificationSystem.tsx(304,2): error TS1109: Expression expected.
components/NotificationSystem.tsx(361,2): error TS1005: ')' expected.
components/NotificationSystem.tsx(365,2): error TS1005: '}' expected.
components/NotificationSystem.tsx(367,14): error TS17002: Expected corresponding JSX closing tag for 'div'.
components/NotificationSystem.tsx(368,3): error TS1381: Unexpected token. Did you mean `{'}'}` or `&rbrace;`?
components/NotificationSystem.tsx(373,2): error TS1382: Unexpected token. Did you mean `{'>'}` or `&gt;`?
components/NotificationSystem.tsx(375,14): error TS17002: Expected corresponding JSX closing tag for 'div'.
components/NotificationSystem.tsx(380,2): error TS1128: Declaration or statement expected.
components/NotificationSystem.tsx(380,3): error TS1128: Declaration or statement expected.
components/NotificationSystem.tsx(381,2): error TS1128: Declaration or statement expected.
components/NotificationSystem.tsx(381,3): error TS1128: Declaration or statement expected.
components/NotificationSystem.tsx(394,2): error TS1128: Declaration or statement expected.
components/NotificationSystem.tsx(394,3): error TS1128: Declaration or statement expected.
components/NotificationSystem.tsx(396,2): error TS1128: Declaration or statement expected.
components/NotificationSystem.tsx(397,1): error TS1128: Declaration or statement expected.
components/OptimizedSearchResults.tsx(97,3): error TS1005: ',' expected.
components/OptimizedSearchResults.tsx(100,7): error TS1005: ':' expected.
components/OptimizedSearchResults.tsx(100,21): error TS1005: ',' expected.
components/OptimizedSearchResults.tsx(115,42): error TS1131: Property or signature expected.
components/OptimizedSearchResults.tsx(116,6): error TS1005: '>' expected.
components/OptimizedSearchResults.tsx(116,14): error TS1005: ',' expected.
components/OptimizedSearchResults.tsx(118,1): error TS1109: Expression expected.
components/OptimizedSearchResults.tsx(118,2): error TS1005: ',' expected.
components/OptimizedSearchResults.tsx(118,4): error TS1109: Expression expected.
components/OptimizedSearchResults.tsx(118,10): error TS1005: ',' expected.
components/OptimizedSearchResults.tsx(192,2): error TS1005: '}' expected.
components/OptimizedSearchResults.tsx(207,2): error TS1005: '}' expected.
components/OptimizedSearchResults.tsx(217,3): error TS1382: Unexpected token. Did you mean `{'>'}` or `&gt;`?
components/OptimizedSearchResults.tsx(226,3): error TS1382: Unexpected token. Did you mean `{'>'}` or `&gt;`?
components/OptimizedSearchResults.tsx(263,2): error TS1005: ',' expected.
components/OptimizedSearchResults.tsx(337,3): error TS1128: Declaration or statement expected.
components/OptimizedSearchResults.tsx(405,2): error TS1382: Unexpected token. Did you mean `{'>'}` or `&gt;`?
components/OptimizedSearchResults.tsx(407,14): error TS17002: Expected corresponding JSX closing tag for 'div'.
components/OptimizedSearchResults.tsx(415,2): error TS1382: Unexpected token. Did you mean `{'>'}` or `&gt;`?
components/OptimizedSearchResults.tsx(417,14): error TS17002: Expected corresponding JSX closing tag for 'div'.
components/OptimizedSearchResults.tsx(421,2): error TS1005: ')' expected.
components/OptimizedSearchResults.tsx(436,3): error TS1109: Expression expected.
components/OptimizedSearchResults.tsx(437,2): error TS1109: Expression expected.
components/OptimizedSearchResults.tsx(453,7): error TS1005: ')' expected.
components/OptimizedSearchResults.tsx(454,14): error TS17002: Expected corresponding JSX closing tag for 'div'.
components/OptimizedSearchResults.tsx(457,2): error TS1128: Declaration or statement expected.
components/OptimizedSearchResults.tsx(459,2): error TS1128: Declaration or statement expected.
components/OptimizedSearchResults.tsx(460,1): error TS1128: Declaration or statement expected.
components/OptimizedTrendingSection.tsx(59,3): error TS1109: Expression expected.
components/OptimizedTrendingSection.tsx(60,2): error TS1109: Expression expected.
components/OptimizedTrendingSection.tsx(102,2): error TS1382: Unexpected token. Did you mean `{'>'}` or `&gt;`?
components/OptimizedTrendingSection.tsx(104,14): error TS17002: Expected corresponding JSX closing tag for 'div'.
components/OptimizedTrendingSection.tsx(105,14): error TS17002: Expected corresponding JSX closing tag for 'section'.
components/OptimizedVideoCard.tsx(131,3): error TS1128: Declaration or statement expected.
components/OptimizedVideoCard.tsx(131,34): error TS1005: ';' expected.
components/OptimizedVideoCard.tsx(153,4): error TS1128: Declaration or statement expected.
components/OptimizedVideoCard.tsx(153,51): error TS1005: ';' expected.
components/OptimizedVideoCard.tsx(164,9): error TS1003: Identifier expected.
components/OptimizedVideoCard.tsx(165,2): error TS1381: Unexpected token. Did you mean `{'}'}` or `&rbrace;`?
components/OptimizedVideoCard.tsx(165,4): error TS1381: Unexpected token. Did you mean `{'}'}` or `&rbrace;`?
components/OptimizedVideoCard.tsx(169,20): error TS1382: Unexpected token. Did you mean `{'>'}` or `&gt;`?
components/OptimizedVideoCard.tsx(170,3): error TS1382: Unexpected token. Did you mean `{'>'}` or `&gt;`?
components/OptimizedVideoCard.tsx(217,35): error TS1005: ',' expected.
components/OptimizedVideoCard.tsx(219,7): error TS1005: ':' expected.
components/OptimizedVideoCard.tsx(322,9): error TS1003: Identifier expected.
components/OptimizedVideoCard.tsx(324,11): error TS1005: ';' expected.
components/OptimizedVideoCard.tsx(324,15): error TS1109: Expression expected.
components/OptimizedVideoCard.tsx(326,11): error TS1005: ',' expected.
components/OptimizedVideoCard.tsx(327,13): error TS1005: ':' expected.
components/OptimizedVideoCard.tsx(332,7): error TS1005: ';' expected.
components/OptimizedVideoCard.tsx(333,19): error TS1005: ',' expected.
components/OptimizedVideoCard.tsx(349,2): error TS1382: Unexpected token. Did you mean `{'>'}` or `&gt;`?
components/OptimizedVideoCard.tsx(351,14): error TS17002: Expected corresponding JSX closing tag for 'div'.
components/OptimizedVideoCard.tsx(360,9): error TS1003: Identifier expected.
components/OptimizedVideoCard.tsx(361,47): error TS1381: Unexpected token. Did you mean `{'}'}` or `&rbrace;`?
components/OptimizedVideoCard.tsx(363,15): error TS1382: Unexpected token. Did you mean `{'>'}` or `&gt;`?
components/OptimizedVideoCard.tsx(364,3): error TS1382: Unexpected token. Did you mean `{'>'}` or `&gt;`?
components/OptimizedVideoCard.tsx(381,2): error TS2657: JSX expressions must have one parent element.
components/OptimizedVideoCard.tsx(386,2): error TS1382: Unexpected token. Did you mean `{'>'}` or `&gt;`?
components/OptimizedVideoCard.tsx(388,14): error TS17002: Expected corresponding JSX closing tag for 'div'.
components/OptimizedVideoCard.tsx(398,2): error TS1068: Unexpected token. A constructor, method, accessor, or property was expected.
components/OptimizedVideoCard.tsx(400,2): error TS2657: JSX expressions must have one parent element.
components/OptimizedVideoCard.tsx(406,2): error TS1382: Unexpected token. Did you mean `{'>'}` or `&gt;`?
components/OptimizedVideoCard.tsx(412,14): error TS17002: Expected corresponding JSX closing tag for 'div'.
components/OptimizedVideoCard.tsx(416,2): error TS1005: ')' expected.
components/OptimizedVideoCard.tsx(424,2): error TS1128: Declaration or statement expected.
components/OptimizedVideoCard.tsx(428,2): error TS2657: JSX expressions must have one parent element.
components/OptimizedVideoCard.tsx(445,2): error TS1005: '}' expected.
components/OptimizedVideoCard.tsx(447,2): error TS1382: Unexpected token. Did you mean `{'>'}` or `&gt;`?
components/OptimizedVideoCard.tsx(449,14): error TS17002: Expected corresponding JSX closing tag for 'DropdownMenu'.
components/OptimizedVideoCard.tsx(452,2): error TS1005: ')' expected.
components/OptimizedVideoCard.tsx(474,2): error TS1136: Property assignment expected.
components/OptimizedVideoCard.tsx(474,7): error TS1005: ';' expected.
components/OptimizedVideoCard.tsx(474,27): error TS1005: ';' expected.
components/OptimizedVideoCard.tsx(474,39): error TS1005: ';' expected.
components/OptimizedVideoCard.tsx(474,61): error TS1005: ';' expected.
components/OptimizedVideoCard.tsx(477,2): error TS1128: Declaration or statement expected.
components/OptimizedVideoCard.tsx(479,2): error TS1109: Expression expected.
components/OptimizedVideoCard.tsx(482,21): error TS1109: Expression expected.
components/OptimizedVideoCard.tsx(505,2): error TS1128: Declaration or statement expected.
components/OptimizedVideoCard.tsx(507,2): error TS1136: Property assignment expected.
components/OptimizedVideoCard.tsx(507,7): error TS1005: ';' expected.
components/OptimizedVideoCard.tsx(507,27): error TS1005: ';' expected.
components/OptimizedVideoCard.tsx(507,39): error TS1005: ';' expected.
components/OptimizedVideoCard.tsx(507,61): error TS1005: ';' expected.
components/OptimizedVideoCard.tsx(510,2): error TS1128: Declaration or statement expected.
components/OptimizedVideoCard.tsx(512,2): error TS1109: Expression expected.
components/OptimizedVideoCard.tsx(513,6): error TS1005: ';' expected.
components/OptimizedVideoCard.tsx(515,26): error TS1109: Expression expected.
components/OptimizedVideoCard.tsx(547,2): error TS1128: Declaration or statement expected.
components/OptimizedVideoCard.tsx(550,2): error TS1136: Property assignment expected.
components/OptimizedVideoCard.tsx(550,7): error TS1005: ';' expected.
components/OptimizedVideoCard.tsx(550,27): error TS1005: ';' expected.
components/OptimizedVideoCard.tsx(550,39): error TS1005: ';' expected.
components/OptimizedVideoCard.tsx(550,61): error TS1005: ';' expected.
components/OptimizedVideoCard.tsx(553,2): error TS1128: Declaration or statement expected.
components/OptimizedVideoCard.tsx(555,2): error TS1109: Expression expected.
components/OptimizedVideoCard.tsx(559,2): error TS1128: Declaration or statement expected.
components/OptimizedVideoCard.tsx(559,3): error TS1128: Declaration or statement expected.
components/OptimizedVideoCard.tsx(577,3): error TS1382: Unexpected token. Did you mean `{'>'}` or `&gt;`?
components/OptimizedVideoCard.tsx(584,2): error TS1382: Unexpected token. Did you mean `{'>'}` or `&gt;`?
components/OptimizedVideoCard.tsx(586,14): error TS17002: Expected corresponding JSX closing tag for 'div'.
components/OptimizedVideoCard.tsx(615,2): error TS1127: Invalid character.
components/OptimizedVideoCard.tsx(615,3): error TS1005: ')' expected.
components/OptimizedVideoCard.tsx(617,3): error TS1005: '}' expected.
components/OptimizedVideoCard.tsx(617,4): error TS1381: Unexpected token. Did you mean `{'}'}` or `&rbrace;`?
components/OptimizedVideoCard.tsx(622,2): error TS1128: Declaration or statement expected.
components/OptimizedVideoCard.tsx(623,1): error TS1128: Declaration or statement expected.
components/OptimizedVideoCard.tsx(623,2): error TS1128: Declaration or statement expected.
components/OptimizedVideoCard.tsx(628,53): error TS1005: ',' expected.
components/OptimizedVideoCard.tsx(628,69): error TS1005: ',' expected.
components/OptimizedVideoCard.tsx(628,76): error TS1005: ',' expected.
components/OptimizedVideoCard.tsx(630,11): error TS1005: ',' expected.
components/OptimizedVideoCard.tsx(641,2): error TS1005: ',' expected.
components/OptimizedVideoCard.tsx(642,1): error TS1128: Declaration or statement expected.
components/OptimizedVideoCard.tsx(642,2): error TS1128: Declaration or statement expected.
components/PageLayout.tsx(74,2): error TS1382: Unexpected token. Did you mean `{'>'}` or `&gt;`?
components/PageLayout.tsx(76,14): error TS17002: Expected corresponding JSX closing tag for 'div'.
components/PerformanceDashboard.tsx(30,85): error TS1005: ',' expected.
components/PerformanceDashboard.tsx(30,100): error TS1005: ',' expected.
components/PerformanceDashboard.tsx(30,103): error TS1005: ';' expected.
components/PerformanceDashboard.tsx(36,89): error TS1005: ';' expected.
components/PerformanceDashboard.tsx(39,2): error TS1128: Declaration or statement expected.
components/PerformanceDashboard.tsx(39,3): error TS1128: Declaration or statement expected.
components/PerformanceDashboard.tsx(39,9): error TS1005: ';' expected.
components/PerformanceDashboard.tsx(42,2): error TS1128: Declaration or statement expected.
components/PerformanceDashboard.tsx(42,3): error TS1128: Declaration or statement expected.
components/PerformanceDashboard.tsx(42,16): error TS1005: ';' expected.
components/PerformanceDashboard.tsx(87,2): error TS1382: Unexpected token. Did you mean `{'>'}` or `&gt;`?
components/PerformanceDashboard.tsx(89,14): error TS17002: Expected corresponding JSX closing tag for 'div'.
components/PerformanceDashboard.tsx(145,2): error TS1382: Unexpected token. Did you mean `{'>'}` or `&gt;`?
components/PerformanceDashboard.tsx(147,14): error TS17002: Expected corresponding JSX closing tag for 'div'.
components/PerformanceDashboard.tsx(154,2): error TS1005: '}' expected.
components/PerformanceDashboard.tsx(156,14): error TS17002: Expected corresponding JSX closing tag for 'div'.
components/PerformanceDashboard.tsx(161,2): error TS1005: ',' expected.
components/PerformanceDashboard.tsx(166,1): error TS1005: '}' expected.
components/PictureInPicture.tsx(69,30): error TS1005: ',' expected.
components/PictureInPicture.tsx(143,14): error TS1003: Identifier expected.
components/PictureInPicture.tsx(143,16): error TS1003: Identifier expected.
components/PictureInPicture.tsx(143,28): error TS1005: ';' expected.
components/PictureInPicture.tsx(144,4): error TS1005: ',' expected.
components/PictureInPicture.tsx(144,5): error TS1005: ',' expected.
components/PictureInPicture.tsx(144,16): error TS1005: ',' expected.
components/PictureInPicture.tsx(146,9): error TS1005: ';' expected.
components/PictureInPicture.tsx(146,24): error TS1443: Module declaration names may only use ' or " quoted strings.
components/PictureInPicture.tsx(147,8): error TS1434: Unexpected keyword or identifier.
components/PictureInPicture.tsx(147,23): error TS1443: Module declaration names may only use ' or " quoted strings.
components/PictureInPicture.tsx(254,29): error TS1434: Unexpected keyword or identifier.
components/PictureInPicture.tsx(254,62): error TS1109: Expression expected.
components/PictureInPicture.tsx(313,1): error TS1160: Unterminated template literal.
components/PlaylistEditModal.tsx(37,23): error TS1005: ',' expected.
components/PlaylistEditModal.tsx(62,2): error TS1382: Unexpected token. Did you mean `{'>'}` or `&gt;`?
components/PlaylistEditModal.tsx(100,14): error TS17002: Expected corresponding JSX closing tag for 'div'.
components/ProtectedYouTubePlayer.tsx(58,3): error TS1109: Expression expected.
components/ProtectedYouTubePlayer.tsx(60,2): error TS1109: Expression expected.
components/PWAInstallBanner.tsx(69,6): error TS1005: ',' expected.
components/PWAInstallBanner.tsx(160,18): error TS1005: ',' expected.
components/PWAInstallBanner.tsx(168,2): error TS1382: Unexpected token. Did you mean `{'>'}` or `&gt;`?
components/PWAInstallBanner.tsx(170,14): error TS17002: Expected corresponding JSX closing tag for 'div'.
components/PWAInstallBanner.tsx(178,33): error TS1005: '}' expected.
components/RecommendationEngine.tsx(313,3): error TS1109: Expression expected.
components/RecommendationEngine.tsx(314,2): error TS1109: Expression expected.
components/RecommendationEngine.tsx(319,3): error TS1109: Expression expected.
components/RecommendationEngine.tsx(320,2): error TS1109: Expression expected.
components/RefactoredSaveToPlaylistModal.tsx(117,2): error TS1382: Unexpected token. Did you mean `{'>'}` or `&gt;`?
components/RefactoredSaveToPlaylistModal.tsx(119,14): error TS17002: Expected corresponding JSX closing tag for 'div'.
components/RefactoredSaveToPlaylistModal.tsx(121,2): error TS1005: ')' expected.
components/RefactoredSaveToPlaylistModal.tsx(126,2): error TS1382: Unexpected token. Did you mean `{'>'}` or `&gt;`?
components/RefactoredSaveToPlaylistModal.tsx(128,14): error TS17015: Expected corresponding closing tag for JSX fragment.
components/RefactoredSaveToPlaylistModal.tsx(135,17): error TS1005: ',' expected.
components/RefactoredSaveToPlaylistModal.tsx(138,2): error TS1128: Declaration or statement expected.
components/RefactoredSaveToPlaylistModal.tsx(138,3): error TS1128: Declaration or statement expected.
components/RefactoredSaveToPlaylistModal.tsx(140,2): error TS1128: Declaration or statement expected.
components/RefactoredSaveToPlaylistModal.tsx(151,2): error TS1005: ')' expected.
components/RefactoredSaveToPlaylistModal.tsx(162,2): error TS1005: ')' expected.
components/RefactoredSaveToPlaylistModal.tsx(166,12): error TS1136: Property assignment expected.
components/RefactoredSaveToPlaylistModal.tsx(166,15): error TS1005: ';' expected.
components/RefactoredSaveToPlaylistModal.tsx(167,2): error TS1161: Unterminated regular expression literal.
components/RefactoredSaveToPlaylistModal.tsx(168,2): error TS1128: Declaration or statement expected.
components/RefactoredSaveToPlaylistModal.tsx(168,4): error TS1128: Declaration or statement expected.
components/RefactoredSaveToPlaylistModal.tsx(184,2): error TS1382: Unexpected token. Did you mean `{'>'}` or `&gt;`?
components/RefactoredSaveToPlaylistModal.tsx(186,14): error TS17002: Expected corresponding JSX closing tag for 'div'.
components/RefactoredSaveToPlaylistModal.tsx(224,3): error TS1128: Declaration or statement expected.
components/RefactoredSaveToPlaylistModal.tsx(226,2): error TS1128: Declaration or statement expected.
components/RefactoredSaveToPlaylistModal.tsx(227,1): error TS1128: Declaration or statement expected.
components/RefactoredVideoDescription.tsx(106,2): error TS1005: ')' expected.
components/RefactoredVideoDescription.tsx(109,3): error TS1005: ',' expected.
components/RefactoredVideoDescription.tsx(151,24): error TS1005: ';' expected.
components/RefactoredVideoDescription.tsx(151,38): error TS1005: ';' expected.
components/RefactoredVideoDescription.tsx(151,57): error TS1005: ';' expected.
components/RefactoredVideoDescription.tsx(151,77): error TS1005: ';' expected.
components/RefactoredVideoDescription.tsx(151,93): error TS1005: ';' expected.
components/RefactoredVideoDescription.tsx(151,108): error TS1005: ';' expected.
components/RefactoredVideoDescription.tsx(151,123): error TS1005: ';' expected.
components/RefactoredVideoDescription.tsx(151,136): error TS1005: ';' expected.
components/RefactoredVideoDescription.tsx(289,1): error TS1160: Unterminated template literal.
components/ReusableVideoGrid.tsx(94,2): error TS1382: Unexpected token. Did you mean `{'>'}` or `&gt;`?
components/ReusableVideoGrid.tsx(96,14): error TS17002: Expected corresponding JSX closing tag for 'div'.
components/ReusableVideoGrid.tsx(133,2): error TS1005: ')' expected.
components/ReusableVideoGrid.tsx(134,3): error TS1109: Expression expected.
components/ReusableVideoGrid.tsx(135,2): error TS1109: Expression expected.
components/ReusableVideoGrid.tsx(135,3): error TS1005: '}' expected.
components/ReusableVideoGrid.tsx(135,4): error TS1381: Unexpected token. Did you mean `{'}'}` or `&rbrace;`?
components/ReusableVideoGrid.tsx(140,34): error TS1005: '}' expected.
components/SearchBar.tsx(47,2): error TS1128: Declaration or statement expected.
components/SearchBar.tsx(47,24): error TS1005: ';' expected.
components/SearchBar.tsx(123,8): error TS1005: ',' expected.
components/SearchBar.tsx(146,45): error TS1003: Identifier expected.
components/SearchBar.tsx(151,3): error TS1381: Unexpected token. Did you mean `{'}'}` or `&rbrace;`?
components/SearchBar.tsx(165,3): error TS1382: Unexpected token. Did you mean `{'>'}` or `&gt;`?
components/SearchBar.tsx(170,81): error TS1003: Identifier expected.
components/SearchBar.tsx(172,3): error TS1381: Unexpected token. Did you mean `{'}'}` or `&rbrace;`?
components/SearchBar.tsx(173,41): error TS1382: Unexpected token. Did you mean `{'>'}` or `&gt;`?
components/SearchBar.tsx(174,2): error TS1382: Unexpected token. Did you mean `{'>'}` or `&gt;`?
components/SearchBar.tsx(176,14): error TS17002: Expected corresponding JSX closing tag for 'form'.
components/SearchBar.tsx(177,14): error TS17002: Expected corresponding JSX closing tag for 'div'.
components/SearchBar.tsx(178,2): error TS1005: ')' expected.
components/SearchBar.tsx(184,3): error TS1382: Unexpected token. Did you mean `{'>'}` or `&gt;`?
components/SearchBar.tsx(194,2): error TS2657: JSX expressions must have one parent element.
components/SearchBar.tsx(198,2): error TS1382: Unexpected token. Did you mean `{'>'}` or `&gt;`?
components/SearchBar.tsx(201,14): error TS17002: Expected corresponding JSX closing tag for 'li'.
components/SearchBar.tsx(204,2): error TS1005: ')' expected.
components/SearchBar.tsx(204,62): error TS1005: ')' expected.
components/SearchBar.tsx(205,2): error TS1381: Unexpected token. Did you mean `{'}'}` or `&rbrace;`?
components/SearchBar.tsx(209,2): error TS1382: Unexpected token. Did you mean `{'>'}` or `&gt;`?
components/SearchBar.tsx(211,14): error TS17002: Expected corresponding JSX closing tag for 'ul'.
components/SearchBar.tsx(213,3): error TS1005: ';' expected.
components/SearchBar.tsx(213,4): error TS1128: Declaration or statement expected.
components/SearchBar.tsx(220,2): error TS1005: '}' expected.
components/SearchBar.tsx(222,14): error TS17002: Expected corresponding JSX closing tag for 'li'.
components/SearchBar.tsx(225,2): error TS1128: Declaration or statement expected.
components/SearchBar.tsx(225,3): error TS1128: Declaration or statement expected.
components/SearchBar.tsx(227,2): error TS1128: Declaration or statement expected.
components/SearchBar.tsx(228,1): error TS1128: Declaration or statement expected.
components/SearchBar.tsx(228,2): error TS1128: Declaration or statement expected.
components/SearchSuggestions.tsx(25,2): error TS1382: Unexpected token. Did you mean `{'>'}` or `&gt;`?
components/SearchSuggestions.tsx(28,14): error TS17002: Expected corresponding JSX closing tag for 'li'.
components/ShortDisplayCard.tsx(41,3): error TS1003: Identifier expected.
components/ShortDisplayCard.tsx(41,19): error TS1003: Identifier expected.
components/ShortDisplayCard.tsx(43,2): error TS1128: Declaration or statement expected.
components/ShortDisplayCard.tsx(44,2): error TS1109: Expression expected.
components/ShortDisplayCard.tsx(49,4): error TS1005: '...' expected.
components/ShortDisplayCard.tsx(51,2): error TS1003: Identifier expected.
components/ShortDisplayCard.tsx(91,24): error TS1005: ';' expected.
components/ShortDisplayCard.tsx(91,29): error TS1005: ';' expected.
components/ShortDisplayCard.tsx(91,34): error TS1005: ';' expected.
components/ShortDisplayCard.tsx(91,42): error TS1005: ';' expected.
components/ShortDisplayCard.tsx(91,54): error TS1005: ';' expected.
components/ShortDisplayCard.tsx(91,67): error TS1005: ';' expected.
components/ShortDisplayCard.tsx(91,85): error TS1005: ';' expected.
components/ShortDisplayCard.tsx(292,24): error TS1005: ';' expected.
components/ShortDisplayCard.tsx(292,42): error TS1005: ';' expected.
components/ShortDisplayCard.tsx(292,58): error TS1005: ';' expected.
components/ShortDisplayCard.tsx(292,79): error TS1005: ';' expected.
components/ShortDisplayCard.tsx(361,1): error TS1160: Unterminated template literal.
components/ShortsFilters.tsx(32,2): error TS1382: Unexpected token. Did you mean `{'>'}` or `&gt;`?
components/ShortsFilters.tsx(34,14): error TS17002: Expected corresponding JSX closing tag for 'div'.
components/ShortsFilters.tsx(43,2): error TS1005: ')' expected.
components/ShortsFilters.tsx(46,2): error TS1005: ',' expected.
components/ShortsFilters.tsx(46,4): error TS1381: Unexpected token. Did you mean `{'}'}` or `&rbrace;`?
components/ShortsFilters.tsx(47,2): error TS1382: Unexpected token. Did you mean `{'>'}` or `&gt;`?
components/ShortsFilters.tsx(49,14): error TS17002: Expected corresponding JSX closing tag for 'div'.
components/ShortsFilters.tsx(50,4): error TS1381: Unexpected token. Did you mean `{'}'}` or `&rbrace;`?
components/ShortsFilters.tsx(53,2): error TS1005: ')' expected.
components/ShortsFilters.tsx(58,8): error TS1005: ')' expected.
components/ShortsFilters.tsx(60,2): error TS1128: Declaration or statement expected.
components/ShortsFilters.tsx(60,3): error TS1128: Declaration or statement expected.
components/ShortsFilters.tsx(63,2): error TS1128: Declaration or statement expected.
components/ShortsFilters.tsx(64,1): error TS1128: Declaration or statement expected.
components/ShortsNavigation.tsx(47,14): error TS17002: Expected corresponding JSX closing tag for 'div'.
components/ShortsNavigation.tsx(49,2): error TS1005: ')' expected.
components/ShortsNavigation.tsx(49,2): error TS1005: '}' expected.
components/ShortsNavigation.tsx(57,3): error TS1005: ',' expected.
components/ShortsNavigation.tsx(68,1): error TS1005: '}' expected.
components/ShortsNavigation.tsx(68,1): error TS1160: Unterminated template literal.
components/ShortsPlayer.tsx(75,27): error TS1005: ',' expected.
components/ShortsPlayer.tsx(75,50): error TS1005: ',' expected.
components/ShortsPlayer.tsx(115,7): error TS1005: ',' expected.
components/ShortsPlayer.tsx(194,3): error TS1382: Unexpected token. Did you mean `{'>'}` or `&gt;`?
components/ShortsPlayer.tsx(221,2): error TS1382: Unexpected token. Did you mean `{'>'}` or `&gt;`?
components/ShortsPlayer.tsx(223,14): error TS17002: Expected corresponding JSX closing tag for 'div'.
components/ShortsPlayer.tsx(229,2): error TS1382: Unexpected token. Did you mean `{'>'}` or `&gt;`?
components/ShortsPlayer.tsx(231,14): error TS17002: Expected corresponding JSX closing tag for 'div'.
components/ShortsPlayer.tsx(234,2): error TS1005: ')' expected.
components/ShortsPlayer.tsx(273,2): error TS1382: Unexpected token. Did you mean `{'>'}` or `&gt;`?
components/ShortsPlayer.tsx(275,14): error TS17002: Expected corresponding JSX closing tag for 'div'.
components/ShortsPlayer.tsx(317,2): error TS1382: Unexpected token. Did you mean `{'>'}` or `&gt;`?
components/ShortsPlayer.tsx(323,14): error TS17002: Expected corresponding JSX closing tag for 'div'.
components/ShortsPlayer.tsx(330,2): error TS2657: JSX expressions must have one parent element.
components/ShortsPlayer.tsx(334,2): error TS1382: Unexpected token. Did you mean `{'>'}` or `&gt;`?
components/ShortsPlayer.tsx(336,14): error TS17002: Expected corresponding JSX closing tag for 'div'.
components/ShortsPlayer.tsx(343,2): error TS2657: JSX expressions must have one parent element.
components/ShortsPlayer.tsx(347,2): error TS1382: Unexpected token. Did you mean `{'>'}` or `&gt;`?
components/ShortsPlayer.tsx(349,14): error TS17002: Expected corresponding JSX closing tag for 'div'.
components/ShortsPlayer.tsx(366,2): error TS1003: Identifier expected.
components/ShortsPlayer.tsx(366,20): error TS1005: ',' expected.
components/ShortsPlayer.tsx(366,41): error TS1109: Expression expected.
components/ShortsPlayer.tsx(367,2): error TS1109: Expression expected.
components/ShortsPlayer.tsx(368,19): error TS1005: ',' expected.
components/ShortsPlayer.tsx(368,39): error TS1005: ',' expected.
components/ShortsPlayer.tsx(368,40): error TS1109: Expression expected.
components/ShortsPlayer.tsx(369,2): error TS1109: Expression expected.
components/ShortsPlayer.tsx(369,3): error TS1128: Declaration or statement expected.
components/ShortsPlayer.tsx(378,2): error TS1128: Declaration or statement expected.
components/ShortsPlayer.tsx(379,1): error TS1128: Declaration or statement expected.
components/ShortsProgressIndicator.tsx(41,8): error TS1003: Identifier expected.
components/ShortsProgressIndicator.tsx(46,2): error TS1005: ')' expected.
components/ShortsProgressIndicator.tsx(46,4): error TS1381: Unexpected token. Did you mean `{'}'}` or `&rbrace;`?
components/ShortsProgressIndicator.tsx(46,7): error TS1382: Unexpected token. Did you mean `{'>'}` or `&gt;`?
components/ShortsProgressIndicator.tsx(47,3): error TS1382: Unexpected token. Did you mean `{'>'}` or `&gt;`?
components/ShortsProgressIndicator.tsx(48,4): error TS1381: Unexpected token. Did you mean `{'}'}` or `&rbrace;`?
components/ShortsSection.tsx(75,16): error TS1005: ',' expected.
components/SimpleHoverVideoCard.tsx(125,7): error TS1005: ')' expected.
components/SimpleHoverVideoCard.tsx(136,3): error TS1382: Unexpected token. Did you mean `{'>'}` or `&gt;`?
components/SimpleHoverVideoCard.tsx(152,2): error TS1382: Unexpected token. Did you mean `{'>'}` or `&gt;`?
components/SimpleHoverVideoCard.tsx(154,14): error TS17002: Expected corresponding JSX closing tag for 'div'.
components/SimpleHoverVideoCard.tsx(158,2): error TS1005: ')' expected.
components/SimpleHoverVideoCard.tsx(175,3): error TS1381: Unexpected token. Did you mean `{'}'}` or `&rbrace;`?
components/SimpleHoverVideoCard.tsx(185,2): error TS1382: Unexpected token. Did you mean `{'>'}` or `&gt;`?
components/SimpleHoverVideoCard.tsx(187,14): error TS17002: Expected corresponding JSX closing tag for 'div'.
components/SimpleHoverVideoCard.tsx(195,69): error TS1109: Expression expected.
components/SimpleHoverVideoCard.tsx(196,2): error TS1109: Expression expected.
components/SimpleHoverVideoCard.tsx(207,14): error TS17002: Expected corresponding JSX closing tag for 'Link'.
components/SimpleHoverVideoCard.tsx(220,12): error TS1003: Identifier expected.
components/SimpleHoverVideoCard.tsx(221,2): error TS1381: Unexpected token. Did you mean `{'}'}` or `&rbrace;`?
components/SimpleHoverVideoCard.tsx(221,4): error TS1381: Unexpected token. Did you mean `{'}'}` or `&rbrace;`?
components/SimpleHoverVideoCard.tsx(224,94): error TS1382: Unexpected token. Did you mean `{'>'}` or `&gt;`?
components/SimpleHoverVideoCard.tsx(225,3): error TS1382: Unexpected token. Did you mean `{'>'}` or `&gt;`?
components/SimpleHoverVideoCard.tsx(234,55): error TS1109: Expression expected.
components/SimpleHoverVideoCard.tsx(235,2): error TS1109: Expression expected.
components/SimpleHoverVideoCard.tsx(243,52): error TS1109: Expression expected.
components/SimpleHoverVideoCard.tsx(244,2): error TS1109: Expression expected.
components/SimpleHoverVideoCard.tsx(297,2): error TS1128: Declaration or statement expected.
components/SimpleHoverVideoCard.tsx(298,1): error TS1128: Declaration or statement expected.
components/SortFilterPanel.tsx(44,17): error TS1005: ',' expected.
components/SortFilterPanel.tsx(67,2): error TS1382: Unexpected token. Did you mean `{'>'}` or `&gt;`?
components/SortFilterPanel.tsx(70,14): error TS17002: Expected corresponding JSX closing tag for 'div'.
components/SortFilterPanel.tsx(71,2): error TS1005: ')' expected.
components/SortFilterPanel.tsx(85,2): error TS1005: ')' expected.
components/SortFilterPanel.tsx(85,3): error TS1005: ',' expected.
components/SortFilterPanel.tsx(85,18): error TS1005: ',' expected.
components/SortFilterPanel.tsx(88,2): error TS1005: ',' expected.
components/SortFilterPanel.tsx(88,22): error TS1381: Unexpected token. Did you mean `{'}'}` or `&rbrace;`?
components/SortFilterPanel.tsx(91,2): error TS1382: Unexpected token. Did you mean `{'>'}` or `&gt;`?
components/SortFilterPanel.tsx(94,14): error TS17002: Expected corresponding JSX closing tag for 'div'.
components/SortFilterPanel.tsx(95,3): error TS1005: ';' expected.
components/SortFilterPanel.tsx(97,2): error TS1128: Declaration or statement expected.
components/SortFilterPanel.tsx(97,3): error TS1128: Declaration or statement expected.
components/SortFilterPanel.tsx(99,2): error TS1128: Declaration or statement expected.
components/SortFilterPanel.tsx(100,1): error TS1128: Declaration or statement expected.
components/StandardPageLayout.tsx(54,3): error TS1109: Expression expected.
components/StandardPageLayout.tsx(55,2): error TS1109: Expression expected.
components/SubscriptionFeed.tsx(60,16): error TS1005: ',' expected.
components/SubscriptionManager.tsx(86,2): error TS2657: JSX expressions must have one parent element.
components/SubscriptionManager.tsx(91,2): error TS1382: Unexpected token. Did you mean `{'>'}` or `&gt;`?
components/SubscriptionManager.tsx(94,14): error TS17002: Expected corresponding JSX closing tag for 'div'.
components/SubscriptionManager.tsx(105,2): error TS1382: Unexpected token. Did you mean `{'>'}` or `&gt;`?
components/SubscriptionManager.tsx(111,14): error TS17002: Expected corresponding JSX closing tag for 'div'.
components/SubscriptionManager.tsx(113,2): error TS1005: ')' expected.
components/SubscriptionManager.tsx(114,2): error TS2657: JSX expressions must have one parent element.
components/SubscriptionManager.tsx(120,2): error TS1382: Unexpected token. Did you mean `{'>'}` or `&gt;`?
components/SubscriptionManager.tsx(125,14): error TS17002: Expected corresponding JSX closing tag for 'div'.
components/SubscriptionManager.tsx(129,2): error TS1005: ')' expected.
components/SubscriptionManager.tsx(131,2): error TS1382: Unexpected token. Did you mean `{'>'}` or `&gt;`?
components/SubscriptionManager.tsx(136,14): error TS17002: Expected corresponding JSX closing tag for 'div'.
components/SubscriptionManager.tsx(141,2): error TS1128: Declaration or statement expected.
components/SubscriptionManager.tsx(141,4): error TS1128: Declaration or statement expected.
components/SubscriptionManager.tsx(147,2): error TS2657: JSX expressions must have one parent element.
components/SubscriptionManager.tsx(150,3): error TS1128: Declaration or statement expected.
components/SubscriptionManager.tsx(152,2): error TS1128: Declaration or statement expected.
components/SubscriptionManager.tsx(153,1): error TS1128: Declaration or statement expected.
components/SubscriptionsPage.tsx(24,23): error TS1131: Property or signature expected.
components/SubscriptionsPage.tsx(25,4): error TS1005: '>' expected.
components/SubscriptionsPage.tsx(31,3): error TS1109: Expression expected.
components/SubscriptionsPage.tsx(31,4): error TS1109: Expression expected.
components/SubscriptionsPage.tsx(32,1): error TS1128: Declaration or statement expected.
components/SubscriptionsPage.tsx(312,2): error TS1382: Unexpected token. Did you mean `{'>'}` or `&gt;`?
components/SubscriptionsPage.tsx(314,14): error TS17002: Expected corresponding JSX closing tag for 'div'.
components/SubscriptionsPage.tsx(319,2): error TS1382: Unexpected token. Did you mean `{'>'}` or `&gt;`?
components/SubscriptionsPage.tsx(321,14): error TS17002: Expected corresponding JSX closing tag for 'div'.
components/SubscriptionsPage.tsx(330,2): error TS1382: Unexpected token. Did you mean `{'>'}` or `&gt;`?
components/SubscriptionsPage.tsx(332,14): error TS17002: Expected corresponding JSX closing tag for 'div'.
components/SubscriptionsPage.tsx(341,2): error TS1382: Unexpected token. Did you mean `{'>'}` or `&gt;`?
components/SubscriptionsPage.tsx(343,14): error TS17015: Expected corresponding closing tag for JSX fragment.
components/SubscriptionsPage.tsx(343,20): error TS1382: Unexpected token. Did you mean `{'>'}` or `&gt;`?
components/SubscriptionsPage.tsx(347,2): error TS1382: Unexpected token. Did you mean `{'>'}` or `&gt;`?
components/SubscriptionsPage.tsx(349,14): error TS17002: Expected corresponding JSX closing tag for 'div'.
components/SubscriptionsPage.tsx(412,2): error TS1382: Unexpected token. Did you mean `{'>'}` or `&gt;`?
components/SubscriptionsPage.tsx(418,14): error TS17002: Expected corresponding JSX closing tag for 'div'.
components/SubscriptionsPage.tsx(422,2): error TS1382: Unexpected token. Did you mean `{'>'}` or `&gt;`?
components/SubscriptionsPage.tsx(425,14): error TS17002: Expected corresponding JSX closing tag for 'div'.
components/SubscriptionsPage.tsx(472,2): error TS1382: Unexpected token. Did you mean `{'>'}` or `&gt;`?
components/SubscriptionsPage.tsx(478,14): error TS17002: Expected corresponding JSX closing tag for 'div'.
components/SubscriptionsPage.tsx(482,2): error TS1382: Unexpected token. Did you mean `{'>'}` or `&gt;`?
components/SubscriptionsPage.tsx(485,14): error TS17002: Expected corresponding JSX closing tag for 'div'.
components/SubscriptionsPage.tsx(507,2): error TS1382: Unexpected token. Did you mean `{'>'}` or `&gt;`?
components/SubscriptionsPage.tsx(509,14): error TS17002: Expected corresponding JSX closing tag for 'div'.
components/SubscriptionsPage.tsx(513,2): error TS1382: Unexpected token. Did you mean `{'>'}` or `&gt;`?
components/SubscriptionsPage.tsx(515,14): error TS17002: Expected corresponding JSX closing tag for 'div'.
components/SubscriptionsPage.tsx(522,2): error TS1128: Declaration or statement expected.
components/SubscriptionsPage.tsx(523,1): error TS1128: Declaration or statement expected.
components/SubscriptionVideoCard.tsx(57,3): error TS1382: Unexpected token. Did you mean `{'>'}` or `&gt;`?
components/SubscriptionVideoCard.tsx(89,3): error TS1109: Expression expected.
components/SubscriptionVideoCard.tsx(90,2): error TS1109: Expression expected.
components/SubscriptionVideoCard.tsx(129,3): error TS1382: Unexpected token. Did you mean `{'>'}` or `&gt;`?
components/SubscriptionVideoCard.tsx(149,3): error TS1382: Unexpected token. Did you mean `{'>'}` or `&gt;`?
components/SubscriptionVideoCard.tsx(174,3): error TS1382: Unexpected token. Did you mean `{'>'}` or `&gt;`?
components/SubscriptionVideoCard.tsx(210,3): error TS1382: Unexpected token. Did you mean `{'>'}` or `&gt;`?
components/TrendingSection.tsx(57,3): error TS1109: Expression expected.
components/TrendingSection.tsx(58,2): error TS1109: Expression expected.
components/ui/Badge.tsx(30,16): error TS1003: Identifier expected.
components/ui/Badge.tsx(31,4): error TS1005: ',' expected.
components/ui/Badge.tsx(31,5): error TS1005: ',' expected.
components/ui/Badge.tsx(32,13): error TS1005: ',' expected.
components/ui/Badge.tsx(33,2): error TS1005: ':' expected.
components/ui/Badge.tsx(33,4): error TS1005: ',' expected.
components/ui/Badge.tsx(33,5): error TS1005: ',' expected.
components/ui/Badge.tsx(33,16): error TS1005: ',' expected.
components/ui/Badge.tsx(39,22): error TS1160: Unterminated template literal.
components/ui/Button.tsx(89,2): error TS1003: Identifier expected.
components/ui/Button.tsx(89,3): error TS1138: Parameter declaration expected.
components/ui/Button.tsx(90,2): error TS2657: JSX expressions must have one parent element.
components/ui/Button.tsx(93,4): error TS1005: ';' expected.
components/ui/Button.tsx(106,1): error TS1128: Declaration or statement expected.
components/ui/Button.tsx(106,2): error TS1128: Declaration or statement expected.
components/ui/Button.tsx(143,41): error TS1131: Property or signature expected.
components/ui/Button.tsx(144,14): error TS1005: '>' expected.
components/ui/Button.tsx(145,10): error TS1109: Expression expected.
components/ui/Button.tsx(146,10): error TS1109: Expression expected.
components/ui/Button.tsx(146,22): error TS1109: Expression expected.
components/ui/Button.tsx(147,12): error TS1109: Expression expected.
components/ui/Button.tsx(148,1): error TS1128: Declaration or statement expected.
components/ui/Button.tsx(148,2): error TS1109: Expression expected.
components/ui/Button.tsx(148,4): error TS1109: Expression expected.
components/ui/Button.tsx(156,18): error TS1005: ',' expected.
components/ui/Button.tsx(160,36): error TS1131: Property or signature expected.
components/ui/Button.tsx(161,9): error TS1005: '>' expected.
components/ui/Button.tsx(162,8): error TS1109: Expression expected.
components/ui/Button.tsx(163,10): error TS1109: Expression expected.
components/ui/Button.tsx(164,10): error TS1109: Expression expected.
components/ui/Button.tsx(164,22): error TS1109: Expression expected.
components/ui/Button.tsx(165,12): error TS1109: Expression expected.
components/ui/Button.tsx(166,1): error TS1128: Declaration or statement expected.
components/ui/Button.tsx(166,2): error TS1109: Expression expected.
components/ui/Button.tsx(166,4): error TS1109: Expression expected.
components/ui/Button.tsx(173,2): error TS1005: ')' expected.
components/ui/Button.tsx(174,2): error TS1136: Property assignment expected.
components/ui/Button.tsx(174,7): error TS1005: ';' expected.
components/ui/Button.tsx(174,27): error TS1005: ';' expected.
components/ui/Button.tsx(174,43): error TS1005: ',' expected.
components/ui/Button.tsx(174,68): error TS1005: ';' expected.
components/ui/Button.tsx(174,90): error TS1005: ';' expected.
components/ui/Button.tsx(177,2): error TS1128: Declaration or statement expected.
components/ui/Button.tsx(178,2): error TS1109: Expression expected.
components/ui/Button.tsx(179,9): error TS1005: ',' expected.
components/ui/Button.tsx(179,35): error TS1128: Declaration or statement expected.
components/ui/Button.tsx(181,1): error TS1128: Declaration or statement expected.
components/ui/DropdownMenu.tsx(1,45): error TS1005: ',' expected.
components/ui/DropdownMenu.tsx(1,70): error TS1005: ';' expected.
components/ui/DropdownMenu.tsx(47,2): error TS1003: Identifier expected.
components/ui/DropdownMenu.tsx(49,11): error TS1005: ';' expected.
components/ui/DropdownMenu.tsx(49,14): error TS1005: ',' expected.
components/ui/DropdownMenu.tsx(53,2): error TS1128: Declaration or statement expected.
components/ui/DropdownMenu.tsx(54,1): error TS1128: Declaration or statement expected.
components/ui/DropdownMenu.tsx(72,2): error TS1005: ')' expected.
components/ui/DropdownMenu.tsx(75,11): error TS1005: ';' expected.
components/ui/DropdownMenu.tsx(76,2): error TS1109: Expression expected.
components/ui/DropdownMenu.tsx(77,8): error TS1005: ',' expected.
components/ui/DropdownMenu.tsx(77,56): error TS1128: Declaration or statement expected.
components/ui/DropdownMenu.tsx(80,2): error TS1128: Declaration or statement expected.
components/ui/DropdownMenu.tsx(81,1): error TS1128: Declaration or statement expected.
components/ui/ErrorMessage.tsx(66,29): error TS1005: '}' expected.
components/ui/FileUpload.tsx(91,2): error TS1003: Identifier expected.
components/ui/FileUpload.tsx(93,2): error TS1381: Unexpected token. Did you mean `{'}'}` or `&rbrace;`?
components/ui/FileUpload.tsx(97,4): error TS1381: Unexpected token. Did you mean `{'}'}` or `&rbrace;`?
components/ui/FileUpload.tsx(100,23): error TS1382: Unexpected token. Did you mean `{'>'}` or `&gt;`?
components/ui/FileUpload.tsx(102,2): error TS1382: Unexpected token. Did you mean `{'>'}` or `&gt;`?
components/ui/FileUpload.tsx(111,3): error TS1382: Unexpected token. Did you mean `{'>'}` or `&gt;`?
components/ui/FileUpload.tsx(131,2): error TS1005: ')' expected.
components/ui/FileUpload.tsx(161,2): error TS1005: ')' expected.
components/ui/FileUpload.tsx(165,2): error TS1005: '}' expected.
components/ui/FileUpload.tsx(167,14): error TS17002: Expected corresponding JSX closing tag for 'div'.
components/ui/FileUpload.tsx(168,3): error TS1005: ',' expected.
components/ui/FileUpload.tsx(170,4): error TS1381: Unexpected token. Did you mean `{'}'}` or `&rbrace;`?
components/ui/FileUpload.tsx(175,2): error TS1128: Declaration or statement expected.
components/ui/FileUpload.tsx(176,1): error TS1128: Declaration or statement expected.
components/ui/FormComponents.tsx(22,80): error TS1005: '>' expected.
components/ui/FormComponents.tsx(22,87): error TS1005: ',' expected.
components/ui/FormComponents.tsx(22,130): error TS1005: ';' expected.
components/ui/FormComponents.tsx(23,10): error TS1109: Expression expected.
components/ui/FormComponents.tsx(24,7): error TS1109: Expression expected.
components/ui/FormComponents.tsx(25,11): error TS1109: Expression expected.
components/ui/FormComponents.tsx(26,12): error TS1109: Expression expected.
components/ui/FormComponents.tsx(27,10): error TS1109: Expression expected.
components/ui/FormComponents.tsx(31,89): error TS1005: '>' expected.
components/ui/FormComponents.tsx(31,100): error TS1005: ',' expected.
components/ui/FormComponents.tsx(31,130): error TS1005: ';' expected.
components/ui/FormComponents.tsx(32,10): error TS1109: Expression expected.
components/ui/FormComponents.tsx(33,7): error TS1109: Expression expected.
components/ui/FormComponents.tsx(34,9): error TS1109: Expression expected.
components/ui/FormComponents.tsx(38,89): error TS1005: '>' expected.
components/ui/FormComponents.tsx(38,96): error TS1005: ',' expected.
components/ui/FormComponents.tsx(38,139): error TS1005: ';' expected.
components/ui/FormComponents.tsx(39,10): error TS1109: Expression expected.
components/ui/FormComponents.tsx(40,7): error TS1109: Expression expected.
components/ui/FormComponents.tsx(43,14): error TS1109: Expression expected.
components/ui/FormComponents.tsx(47,83): error TS1005: '>' expected.
components/ui/FormComponents.tsx(47,90): error TS1005: ',' expected.
components/ui/FormComponents.tsx(47,142): error TS1005: ';' expected.
components/ui/FormComponents.tsx(48,7): error TS1109: Expression expected.
components/ui/FormComponents.tsx(52,80): error TS1005: '>' expected.
components/ui/FormComponents.tsx(52,87): error TS1005: ',' expected.
components/ui/FormComponents.tsx(52,139): error TS1005: ';' expected.
components/ui/FormComponents.tsx(53,7): error TS1109: Expression expected.
components/ui/FormComponents.tsx(175,3): error TS1382: Unexpected token. Did you mean `{'>'}` or `&gt;`?
components/ui/FormComponents.tsx(249,3): error TS1382: Unexpected token. Did you mean `{'>'}` or `&gt;`?
components/ui/FormComponents.tsx(307,2): error TS1382: Unexpected token. Did you mean `{'>'}` or `&gt;`?
components/ui/FormComponents.tsx(322,14): error TS17002: Expected corresponding JSX closing tag for 'div'.
components/ui/FormComponents.tsx(331,2): error TS1005: ')' expected.
components/ui/FormComponents.tsx(334,2): error TS1128: Declaration or statement expected.
components/ui/FormComponents.tsx(335,1): error TS1128: Declaration or statement expected.
components/ui/FormComponents.tsx(335,2): error TS1128: Declaration or statement expected.
components/ui/FormComponents.tsx(378,3): error TS1382: Unexpected token. Did you mean `{'>'}` or `&gt;`?
components/ui/FormComponents.tsx(461,2): error TS1003: Identifier expected.
components/ui/FormComponents.tsx(462,56): error TS1382: Unexpected token. Did you mean `{'>'}` or `&gt;`?
components/ui/FormComponents.tsx(463,2): error TS1382: Unexpected token. Did you mean `{'>'}` or `&gt;`?
components/ui/FormComponents.tsx(465,14): error TS17002: Expected corresponding JSX closing tag for 'div'.
components/ui/FormComponents.tsx(478,35): error TS1131: Property or signature expected.
components/ui/FormComponents.tsx(479,10): error TS1005: '>' expected.
components/ui/FormComponents.tsx(479,17): error TS1005: ',' expected.
components/ui/FormComponents.tsx(480,12): error TS1109: Expression expected.
components/ui/FormComponents.tsx(481,1): error TS1128: Declaration or statement expected.
components/ui/FormComponents.tsx(481,2): error TS1109: Expression expected.
components/ui/FormComponents.tsx(481,4): error TS1109: Expression expected.
components/ui/FormComponents.tsx(488,37): error TS1131: Property or signature expected.
components/ui/FormComponents.tsx(489,10): error TS1005: '>' expected.
components/ui/FormComponents.tsx(489,17): error TS1005: ',' expected.
components/ui/FormComponents.tsx(490,12): error TS1109: Expression expected.
components/ui/FormComponents.tsx(491,8): error TS1109: Expression expected.
components/ui/FormComponents.tsx(492,1): error TS1128: Declaration or statement expected.
components/ui/FormComponents.tsx(492,2): error TS1109: Expression expected.
components/ui/FormComponents.tsx(492,4): error TS1109: Expression expected.
components/ui/LoadingStates.tsx(24,19): error TS1005: ',' expected.
components/ui/LoadingStates.tsx(27,7): error TS1005: ':' expected.
components/ui/LoadingStates.tsx(31,25): error TS1005: ',' expected.
components/ui/LoadingStates.tsx(34,14): error TS1005: ':' expected.
components/ui/LoadingStates.tsx(34,21): error TS1005: ',' expected.
components/ui/LoadingStates.tsx(34,28): error TS1005: ',' expected.
components/ui/LoadingStates.tsx(44,2): error TS1003: Identifier expected.
components/ui/LoadingStates.tsx(47,11): error TS1005: ';' expected.
components/ui/LoadingStates.tsx(48,2): error TS1005: ',' expected.
components/ui/LoadingStates.tsx(50,3): error TS1109: Expression expected.
components/ui/LoadingStates.tsx(51,2): error TS1109: Expression expected.
components/ui/LoadingStates.tsx(52,1): error TS1128: Declaration or statement expected.
components/ui/LoadingStates.tsx(68,2): error TS1003: Identifier expected.
components/ui/LoadingStates.tsx(74,29): error TS1109: Expression expected.
components/ui/LoadingStates.tsx(75,2): error TS1161: Unterminated regular expression literal.
components/ui/LoadingStates.tsx(76,2): error TS1005: '}' expected.
components/ui/LoadingStates.tsx(76,4): error TS1381: Unexpected token. Did you mean `{'}'}` or `&rbrace;`?
components/ui/LoadingStates.tsx(113,2): error TS1003: Identifier expected.
components/ui/LoadingStates.tsx(117,11): error TS1005: ';' expected.
components/ui/LoadingStates.tsx(120,3): error TS1109: Expression expected.
components/ui/LoadingStates.tsx(121,2): error TS1109: Expression expected.
components/ui/LoadingStates.tsx(122,1): error TS1128: Declaration or statement expected.
components/ui/LoadingStates.tsx(233,24): error TS1005: '}' expected.
components/ui/Tabs.tsx(61,2): error TS1005: ')' expected.
components/ui/Tabs.tsx(64,4): error TS1005: ',' expected.
components/ui/Tabs.tsx(64,5): error TS1005: ',' expected.
components/ui/Tabs.tsx(64,16): error TS1005: ',' expected.
components/ui/Tabs.tsx(92,21): error TS1160: Unterminated template literal.
components/ui/UnifiedButton.tsx(56,3): error TS1109: Expression expected.
components/ui/UnifiedButton.tsx(61,3): error TS1109: Expression expected.
components/ui/UnifiedButton.tsx(63,1): error TS1109: Expression expected.
components/ui/UnifiedButton.tsx(110,11): error TS1005: ',' expected.
components/ui/UnifiedButton.tsx(115,3): error TS1109: Expression expected.
components/ui/UnifiedButton.tsx(116,2): error TS1109: Expression expected.
components/ui/UnifiedButton.tsx(116,3): error TS1005: ')' expected.
components/ui/UnifiedButton.tsx(132,2): error TS1128: Declaration or statement expected.
components/ui/UnifiedButton.tsx(133,1): error TS1128: Declaration or statement expected.
components/ui/UnifiedComponents.tsx(48,2): error TS1003: Identifier expected.
components/ui/UnifiedComponents.tsx(52,11): error TS1005: ';' expected.
components/ui/UnifiedComponents.tsx(52,12): error TS1128: Declaration or statement expected.
components/ui/UnifiedComponents.tsx(54,3): error TS1128: Declaration or statement expected.
components/ui/UnifiedComponents.tsx(54,13): error TS1161: Unterminated regular expression literal.
components/ui/UnifiedComponents.tsx(56,11): error TS1005: ',' expected.
components/ui/UnifiedComponents.tsx(58,3): error TS1128: Declaration or statement expected.
components/ui/UnifiedComponents.tsx(67,2): error TS1128: Declaration or statement expected.
components/ui/UnifiedComponents.tsx(68,2): error TS1128: Declaration or statement expected.
components/ui/UnifiedComponents.tsx(68,3): error TS1128: Declaration or statement expected.
components/ui/UnifiedComponents.tsx(117,2): error TS1003: Identifier expected.
components/ui/UnifiedComponents.tsx(124,14): error TS1382: Unexpected token. Did you mean `{'>'}` or `&gt;`?
components/ui/UnifiedComponents.tsx(125,3): error TS1382: Unexpected token. Did you mean `{'>'}` or `&gt;`?
components/ui/UnifiedComponents.tsx(179,2): error TS1003: Identifier expected.
components/ui/UnifiedComponents.tsx(184,11): error TS1005: ';' expected.
components/ui/UnifiedComponents.tsx(184,14): error TS1005: ',' expected.
components/ui/UnifiedComponents.tsx(188,2): error TS1128: Declaration or statement expected.
components/ui/UnifiedComponents.tsx(189,1): error TS1128: Declaration or statement expected.
components/ui/UnifiedComponents.tsx(225,42): error TS1005: ',' expected.
components/ui/UnifiedComponents.tsx(227,14): error TS1005: ':' expected.
components/ui/UnifiedComponents.tsx(227,26): error TS1005: ',' expected.
components/ui/UnifiedComponents.tsx(227,33): error TS1005: ',' expected.
components/ui/UnifiedComponents.tsx(240,20): error TS1161: Unterminated regular expression literal.
components/ui/UnifiedComponents.tsx(241,2): error TS1005: ',' expected.
components/ui/UnifiedComponents.tsx(262,2): error TS1003: Identifier expected.
components/ui/UnifiedComponents.tsx(264,46): error TS1382: Unexpected token. Did you mean `{'>'}` or `&gt;`?
components/ui/UnifiedComponents.tsx(266,2): error TS1382: Unexpected token. Did you mean `{'>'}` or `&gt;`?
components/ui/UnifiedComponents.tsx(269,14): error TS17002: Expected corresponding JSX closing tag for 'div'.
components/ui/UnifiedComponents.tsx(276,2): error TS1005: ',' expected.
components/ui/UnifiedComponents.tsx(279,18): error TS1005: ',' expected.
components/ui/UnifiedComponents.tsx(279,38): error TS1005: ',' expected.
components/ui/UnifiedComponents.tsx(280,6): error TS1005: ',' expected.
components/ui/UnifiedComponents.tsx(280,7): error TS1180: Property destructuring pattern expected.
components/ui/UnifiedComponents.tsx(280,19): error TS1005: ':' expected.
components/ui/UnifiedComponents.tsx(281,7): error TS1109: Expression expected.
components/ui/UnifiedComponents.tsx(282,7): error TS1109: Expression expected.
components/ui/UnifiedComponents.tsx(283,12): error TS1109: Expression expected.
components/ui/UnifiedComponents.tsx(284,1): error TS1128: Declaration or statement expected.
components/ui/UnifiedComponents.tsx(313,2): error TS1003: Identifier expected.
components/ui/UnifiedComponents.tsx(317,29): error TS1109: Expression expected.
components/ui/UnifiedComponents.tsx(318,2): error TS1161: Unterminated regular expression literal.
components/ui/UnifiedComponents.tsx(319,2): error TS1005: '}' expected.
components/ui/UnifiedComponents.tsx(319,4): error TS1381: Unexpected token. Did you mean `{'}'}` or `&rbrace;`?
components/ui/UnifiedComponents.tsx(326,2): error TS1003: Identifier expected.
components/ui/UnifiedComponents.tsx(328,11): error TS1005: ';' expected.
components/ui/UnifiedComponents.tsx(328,14): error TS1161: Unterminated regular expression literal.
components/ui/UnifiedComponents.tsx(329,3): error TS1109: Expression expected.
components/ui/UnifiedComponents.tsx(330,2): error TS1109: Expression expected.
components/ui/UnifiedComponents.tsx(331,2): error TS1005: 'export' expected.
components/ui/UnifiedComponents.tsx(331,9): error TS1128: Declaration or statement expected.
components/ui/UnifiedComponents.tsx(332,2): error TS1128: Declaration or statement expected.
components/ui/UnifiedComponents.tsx(342,1): error TS1128: Declaration or statement expected.
components/ui/UnifiedComponents.tsx(387,2): error TS1003: Identifier expected.
components/ui/UnifiedComponents.tsx(389,15): error TS1382: Unexpected token. Did you mean `{'>'}` or `&gt;`?
components/ui/UnifiedComponents.tsx(390,2): error TS1382: Unexpected token. Did you mean `{'>'}` or `&gt;`?
components/ui/UnifiedComponents.tsx(423,26): error TS1005: '}' expected.
components/UserMenu.tsx(108,2): error TS1382: Unexpected token. Did you mean `{'>'}` or `&gt;`?
components/UserMenu.tsx(110,4): error TS17002: Expected corresponding JSX closing tag for 'div'.
components/UserMenu.tsx(113,2): error TS1005: ')' expected.
components/UserMenu.tsx(115,2): error TS1005: ',' expected.
components/UserMenu.tsx(147,1): error TS1128: Declaration or statement expected.
components/UserMenu.tsx(147,2): error TS1128: Declaration or statement expected.
components/video/VideoControls.tsx(60,2): error TS2657: JSX expressions must have one parent element.
components/video/VideoControls.tsx(82,2): error TS1382: Unexpected token. Did you mean `{'>'}` or `&gt;`?
components/video/VideoControls.tsx(88,14): error TS17002: Expected corresponding JSX closing tag for 'div'.
components/video/VideoControls.tsx(95,2): error TS1382: Unexpected token. Did you mean `{'>'}` or `&gt;`?
components/video/VideoControls.tsx(101,14): error TS17002: Expected corresponding JSX closing tag for 'div'.
components/video/VideoControls.tsx(140,2): error TS1382: Unexpected token. Did you mean `{'>'}` or `&gt;`?
components/video/VideoControls.tsx(142,14): error TS17002: Expected corresponding JSX closing tag for 'div'.
components/video/VideoControls.tsx(144,2): error TS1005: ')' expected.
components/video/VideoControls.tsx(147,28): error TS1005: ',' expected.
components/video/VideoControls.tsx(150,2): error TS1003: Identifier expected.
components/video/VideoControls.tsx(150,24): error TS1005: ',' expected.
components/video/VideoControls.tsx(150,45): error TS1109: Expression expected.
components/video/VideoControls.tsx(151,2): error TS1109: Expression expected.
components/video/VideoControls.tsx(152,25): error TS1005: ',' expected.
components/video/VideoControls.tsx(152,45): error TS1005: ',' expected.
components/video/VideoControls.tsx(152,46): error TS1109: Expression expected.
components/video/VideoControls.tsx(153,2): error TS1109: Expression expected.
components/video/VideoControls.tsx(153,3): error TS1128: Declaration or statement expected.
components/video/VideoControls.tsx(158,2): error TS1128: Declaration or statement expected.
components/video/VideoControls.tsx(159,1): error TS1128: Declaration or statement expected.
components/video/VideoSettings.tsx(56,2): error TS1382: Unexpected token. Did you mean `{'>'}` or `&gt;`?
components/video/VideoSettings.tsx(58,14): error TS17002: Expected corresponding JSX closing tag for 'div'.
components/video/VideoSettings.tsx(61,2): error TS1005: ')' expected.
components/video/VideoSettings.tsx(70,2): error TS1005: ')' expected.
components/video/VideoSettings.tsx(73,2): error TS1005: ',' expected.
components/video/VideoSettings.tsx(73,4): error TS1381: Unexpected token. Did you mean `{'}'}` or `&rbrace;`?
components/video/VideoSettings.tsx(74,2): error TS1382: Unexpected token. Did you mean `{'>'}` or `&gt;`?
components/video/VideoSettings.tsx(81,14): error TS17002: Expected corresponding JSX closing tag for 'div'.
components/video/VideoSettings.tsx(82,4): error TS1381: Unexpected token. Did you mean `{'}'}` or `&rbrace;`?
components/video/VideoSettings.tsx(97,2): error TS1382: Unexpected token. Did you mean `{'>'}` or `&gt;`?
components/video/VideoSettings.tsx(104,14): error TS17002: Expected corresponding JSX closing tag for 'div'.
components/video/VideoSettings.tsx(110,2): error TS1005: ')' expected.
components/video/VideoSettings.tsx(113,2): error TS1005: ',' expected.
components/video/VideoSettings.tsx(113,4): error TS1381: Unexpected token. Did you mean `{'}'}` or `&rbrace;`?
components/video/VideoSettings.tsx(114,2): error TS1382: Unexpected token. Did you mean `{'>'}` or `&gt;`?
components/video/VideoSettings.tsx(121,14): error TS17002: Expected corresponding JSX closing tag for 'div'.
components/video/VideoSettings.tsx(122,2): error TS1128: Declaration or statement expected.
components/video/VideoSettings.tsx(122,3): error TS1128: Declaration or statement expected.
components/video/VideoSettings.tsx(122,4): error TS1128: Declaration or statement expected.
components/video/VideoSettings.tsx(140,2): error TS1128: Declaration or statement expected.
components/video/VideoSettings.tsx(141,1): error TS1128: Declaration or statement expected.
components/VideoActions.tsx(44,2): error TS2657: JSX expressions must have one parent element.
components/VideoActions.tsx(51,2): error TS1382: Unexpected token. Did you mean `{'>'}` or `&gt;`?
components/VideoActions.tsx(53,14): error TS17002: Expected corresponding JSX closing tag for 'div'.
components/VideoActions.tsx(61,2): error TS1382: Unexpected token. Did you mean `{'>'}` or `&gt;`?
components/VideoActions.tsx(66,14): error TS17002: Expected corresponding JSX closing tag for 'div'.
components/VideoActions.tsx(70,2): error TS1382: Unexpected token. Did you mean `{'>'}` or `&gt;`?
components/VideoActions.tsx(75,14): error TS17002: Expected corresponding JSX closing tag for 'div'.
components/VideoActions.tsx(80,2): error TS2657: JSX expressions must have one parent element.
components/VideoActions.tsx(89,2): error TS2657: JSX expressions must have one parent element.
components/VideoActions.tsx(107,2): error TS1382: Unexpected token. Did you mean `{'>'}` or `&gt;`?
components/VideoActions.tsx(109,14): error TS17002: Expected corresponding JSX closing tag for 'div'.
components/VideoActions.tsx(111,2): error TS1005: ')' expected.
components/VideoActions.tsx(117,2): error TS1128: Declaration or statement expected.
components/VideoActions.tsx(118,1): error TS1128: Declaration or statement expected.
components/VideoActions.tsx(185,23): error TS1005: ',' expected.
components/VideoActions.tsx(197,2): error TS1382: Unexpected token. Did you mean `{'>'}` or `&gt;`?
components/VideoActions.tsx(200,14): error TS17002: Expected corresponding JSX closing tag for 'div'.
components/VideoActions.tsx(208,2): error TS1382: Unexpected token. Did you mean `{'>'}` or `&gt;`?
components/VideoActions.tsx(210,14): error TS17002: Expected corresponding JSX closing tag for 'div'.
components/VideoActions.tsx(213,2): error TS1005: ')' expected.
components/VideoActions.tsx(214,2): error TS2657: JSX expressions must have one parent element.
components/VideoActions.tsx(220,2): error TS1382: Unexpected token. Did you mean `{'>'}` or `&gt;`?
components/VideoActions.tsx(223,14): error TS17002: Expected corresponding JSX closing tag for 'div'.
components/VideoActions.tsx(227,11): error TS1136: Property assignment expected.
components/VideoActions.tsx(227,14): error TS1005: ';' expected.
components/VideoActions.tsx(227,43): error TS1128: Declaration or statement expected.
components/VideoActions.tsx(231,3): error TS1109: Expression expected.
components/VideoActions.tsx(235,7): error TS1005: ';' expected.
components/VideoActions.tsx(242,28): error TS1005: ',' expected.
components/VideoActions.tsx(244,38): error TS1005: ',' expected.
components/VideoActions.tsx(244,58): error TS1005: ',' expected.
components/VideoActions.tsx(244,59): error TS1109: Expression expected.
components/VideoActions.tsx(244,61): error TS1109: Expression expected.
components/VideoActions.tsx(244,95): error TS1128: Declaration or statement expected.
components/VideoActions.tsx(249,2): error TS1128: Declaration or statement expected.
components/VideoActions.tsx(250,1): error TS1128: Declaration or statement expected.
components/VideoAnalytics.tsx(59,1): error TS1131: Property or signature expected.
components/VideoAnalytics.tsx(281,3): error TS1109: Expression expected.
components/VideoAnalytics.tsx(282,2): error TS1109: Expression expected.
components/VideoAnalytics.tsx(504,2): error TS1005: ')' expected.
components/VideoAnalytics.tsx(507,2): error TS1005: ',' expected.
components/VideoAnalytics.tsx(507,4): error TS1381: Unexpected token. Did you mean `{'}'}` or `&rbrace;`?
components/VideoAnalytics.tsx(508,2): error TS1382: Unexpected token. Did you mean `{'>'}` or `&gt;`?
components/VideoAnalytics.tsx(512,14): error TS17002: Expected corresponding JSX closing tag for 'div'.
components/VideoAnalytics.tsx(513,4): error TS1381: Unexpected token. Did you mean `{'}'}` or `&rbrace;`?
components/VideoAnalytics.tsx(524,2): error TS1005: ')' expected.
components/VideoAnalytics.tsx(527,2): error TS1005: ',' expected.
components/VideoAnalytics.tsx(527,4): error TS1381: Unexpected token. Did you mean `{'}'}` or `&rbrace;`?
components/VideoAnalytics.tsx(528,2): error TS1382: Unexpected token. Did you mean `{'>'}` or `&gt;`?
components/VideoAnalytics.tsx(530,14): error TS17002: Expected corresponding JSX closing tag for 'div'.
components/VideoAnalytics.tsx(531,4): error TS1381: Unexpected token. Did you mean `{'}'}` or `&rbrace;`?
components/VideoAnalytics.tsx(534,2): error TS1005: ')' expected.
components/VideoAnalytics.tsx(541,2): error TS1128: Declaration or statement expected.
components/VideoAnalytics.tsx(542,1): error TS1128: Declaration or statement expected.
components/VideoAnalyticsDashboard.tsx(59,1): error TS1131: Property or signature expected.
components/VideoAnalyticsDashboard.tsx(161,41): error TS1005: ',' expected.
components/VideoAnalyticsDashboard.tsx(163,8): error TS1005: ':' expected.
components/VideoAnalyticsDashboard.tsx(168,33): error TS1005: ',' expected.
components/VideoAnalyticsDashboard.tsx(171,2): error TS1003: Identifier expected.
components/VideoAnalyticsDashboard.tsx(171,7): error TS1005: ',' expected.
components/VideoAnalyticsDashboard.tsx(171,18): error TS1136: Property assignment expected.
components/VideoAnalyticsDashboard.tsx(171,42): error TS1005: ',' expected.
components/VideoAnalyticsDashboard.tsx(173,7): error TS1005: ',' expected.
components/VideoAnalyticsDashboard.tsx(219,2): error TS1005: ',' expected.
components/VideoAnalyticsDashboard.tsx(235,2): error TS1005: ')' expected.
components/VideoAnalyticsDashboard.tsx(238,2): error TS1005: ',' expected.
components/VideoAnalyticsDashboard.tsx(238,4): error TS1381: Unexpected token. Did you mean `{'}'}` or `&rbrace;`?
components/VideoAnalyticsDashboard.tsx(239,2): error TS1382: Unexpected token. Did you mean `{'>'}` or `&gt;`?
components/VideoAnalyticsDashboard.tsx(241,14): error TS17002: Expected corresponding JSX closing tag for 'div'.
components/VideoAnalyticsDashboard.tsx(242,4): error TS1381: Unexpected token. Did you mean `{'}'}` or `&rbrace;`?
components/VideoAnalyticsDashboard.tsx(260,2): error TS1005: ')' expected.
components/VideoAnalyticsDashboard.tsx(263,2): error TS1005: ',' expected.
components/VideoAnalyticsDashboard.tsx(263,4): error TS1381: Unexpected token. Did you mean `{'}'}` or `&rbrace;`?
components/VideoAnalyticsDashboard.tsx(264,2): error TS1382: Unexpected token. Did you mean `{'>'}` or `&gt;`?
components/VideoAnalyticsDashboard.tsx(266,14): error TS17002: Expected corresponding JSX closing tag for 'div'.
components/VideoAnalyticsDashboard.tsx(267,2): error TS1128: Declaration or statement expected.
components/VideoAnalyticsDashboard.tsx(267,3): error TS1128: Declaration or statement expected.
components/VideoAnalyticsDashboard.tsx(267,4): error TS1128: Declaration or statement expected.
components/VideoAnalyticsDashboard.tsx(501,2): error TS1128: Declaration or statement expected.
components/VideoAnalyticsDashboard.tsx(502,1): error TS1128: Declaration or statement expected.
components/VideoCard.tsx(59,3): error TS1382: Unexpected token. Did you mean `{'>'}` or `&gt;`?
components/VideoCard.tsx(70,3): error TS1382: Unexpected token. Did you mean `{'>'}` or `&gt;`?
components/VideoCard.tsx(81,2): error TS1382: Unexpected token. Did you mean `{'>'}` or `&gt;`?
components/VideoCard.tsx(88,3): error TS1109: Expression expected.
components/VideoCard.tsx(89,2): error TS1109: Expression expected.
components/VideoCard.tsx(106,2): error TS1382: Unexpected token. Did you mean `{'>'}` or `&gt;`?
components/VideoCard.tsx(114,14): error TS17002: Expected corresponding JSX closing tag for 'Link'.
components/VideoCard.tsx(118,2): error TS1005: ',' expected.
components/VideoDescription.tsx(76,2): error TS1382: Unexpected token. Did you mean `{'>'}` or `&gt;`?
components/VideoDescription.tsx(78,14): error TS17002: Expected corresponding JSX closing tag for 'div'.
components/VideoDescription.tsx(91,2): error TS1005: ')' expected.
components/VideoDescription.tsx(94,2): error TS1003: Identifier expected.
components/VideoDescription.tsx(95,3): error TS1005: ',' expected.
components/VideoDescription.tsx(173,1): error TS1160: Unterminated template literal.
components/VideoEditor.tsx(269,8): error TS1003: Identifier expected.
components/VideoEditor.tsx(270,7): error TS1005: ',' expected.
components/VideoEditor.tsx(270,48): error TS1381: Unexpected token. Did you mean `{'}'}` or `&rbrace;`?
components/VideoEditor.tsx(270,51): error TS1382: Unexpected token. Did you mean `{'>'}` or `&gt;`?
components/VideoEditor.tsx(271,2): error TS1382: Unexpected token. Did you mean `{'>'}` or `&gt;`?
components/VideoEditor.tsx(274,4): error TS1381: Unexpected token. Did you mean `{'}'}` or `&rbrace;`?
components/VideoEditor.tsx(300,2): error TS1005: ')' expected.
components/VideoEditor.tsx(301,2): error TS2657: JSX expressions must have one parent element.
components/VideoEditor.tsx(305,2): error TS1382: Unexpected token. Did you mean `{'>'}` or `&gt;`?
components/VideoEditor.tsx(311,14): error TS17002: Expected corresponding JSX closing tag for 'div'.
components/VideoEditor.tsx(317,2): error TS1127: Invalid character.
components/VideoEditor.tsx(324,2): error TS1127: Invalid character.
components/VideoEditor.tsx(332,2): error TS1003: Identifier expected.
components/VideoEditor.tsx(332,20): error TS1005: ',' expected.
components/VideoEditor.tsx(332,41): error TS1109: Expression expected.
components/VideoEditor.tsx(333,2): error TS1109: Expression expected.
components/VideoEditor.tsx(334,19): error TS1005: ',' expected.
components/VideoEditor.tsx(334,39): error TS1005: ',' expected.
components/VideoEditor.tsx(334,40): error TS1109: Expression expected.
components/VideoEditor.tsx(335,2): error TS1109: Expression expected.
components/VideoEditor.tsx(335,3): error TS1128: Declaration or statement expected.
components/VideoEditor.tsx(348,2): error TS1128: Declaration or statement expected.
components/VideoEditor.tsx(403,2): error TS1382: Unexpected token. Did you mean `{'>'}` or `&gt;`?
components/VideoEditor.tsx(405,14): error TS17002: Expected corresponding JSX closing tag for 'div'.
components/VideoEditor.tsx(410,2): error TS2657: JSX expressions must have one parent element.
components/VideoEditor.tsx(416,2): error TS1382: Unexpected token. Did you mean `{'>'}` or `&gt;`?
components/VideoEditor.tsx(418,14): error TS17002: Expected corresponding JSX closing tag for 'div'.
components/VideoEditor.tsx(426,15): error TS1003: Identifier expected.
components/VideoEditor.tsx(429,2): error TS1005: ')' expected.
components/VideoEditor.tsx(429,4): error TS1381: Unexpected token. Did you mean `{'}'}` or `&rbrace;`?
components/VideoEditor.tsx(429,7): error TS1382: Unexpected token. Did you mean `{'>'}` or `&gt;`?
components/VideoEditor.tsx(431,2): error TS1382: Unexpected token. Did you mean `{'>'}` or `&gt;`?
components/VideoEditor.tsx(442,2): error TS1005: '}' expected.
components/VideoEditor.tsx(444,14): error TS17002: Expected corresponding JSX closing tag for 'div'.
components/VideoEditor.tsx(450,3): error TS1005: ',' expected.
components/VideoEditor.tsx(450,4): error TS1128: Declaration or statement expected.
components/VideoEditor.tsx(507,2): error TS1128: Declaration or statement expected.
components/VideoEditor.tsx(522,13): error TS1005: ',' expected.
components/VideoEditor.tsx(529,2): error TS2657: JSX expressions must have one parent element.
components/VideoEditor.tsx(537,2): error TS1382: Unexpected token. Did you mean `{'>'}` or `&gt;`?
components/VideoEditor.tsx(539,14): error TS17002: Expected corresponding JSX closing tag for 'div'.
components/VideoEditor.tsx(571,3): error TS1382: Unexpected token. Did you mean `{'>'}` or `&gt;`?
components/VideoEditor.tsx(593,2): error TS1005: ')' expected.
components/VideoEditor.tsx(596,2): error TS1005: ',' expected.
components/VideoEditor.tsx(596,4): error TS1381: Unexpected token. Did you mean `{'}'}` or `&rbrace;`?
components/VideoEditor.tsx(597,2): error TS1382: Unexpected token. Did you mean `{'>'}` or `&gt;`?
components/VideoEditor.tsx(600,14): error TS17002: Expected corresponding JSX closing tag for 'div'.
components/VideoEditor.tsx(601,4): error TS1381: Unexpected token. Did you mean `{'}'}` or `&rbrace;`?
components/VideoEditor.tsx(617,2): error TS1382: Unexpected token. Did you mean `{'>'}` or `&gt;`?
components/VideoEditor.tsx(629,14): error TS17002: Expected corresponding JSX closing tag for 'div'.
components/VideoEditor.tsx(634,2): error TS1382: Unexpected token. Did you mean `{'>'}` or `&gt;`?
components/VideoEditor.tsx(636,14): error TS17002: Expected corresponding JSX closing tag for 'div'.
components/VideoEditor.tsx(642,1): error TS1128: Declaration or statement expected.
components/VideoGrid.tsx(18,7): error TS1005: ';' expected.
components/VideoGrid.tsx(47,3): error TS1109: Expression expected.
components/VideoGrid.tsx(48,2): error TS1109: Expression expected.
components/VideoGrid.tsx(53,8): error TS1005: ';' expected.
components/VideoGrid.tsx(53,16): error TS1005: ';' expected.
components/VideoGrid.tsx(53,26): error TS1005: '}' expected.
components/VideoMetadata.tsx(128,14): error TS1005: ',' expected.
components/VideoMetadata.tsx(309,1): error TS1005: '}' expected.
components/VideoPlaybackDetails.tsx(73,3): error TS1109: Expression expected.
components/VideoPlaybackDetails.tsx(74,2): error TS1109: Expression expected.
components/VideoPlaybackDetails.tsx(77,3): error TS1109: Expression expected.
components/VideoPlaybackDetails.tsx(78,2): error TS1109: Expression expected.
components/VideoPlaybackDetails.tsx(102,2): error TS1005: '}' expected.
components/VideoPlaybackDetails.tsx(103,3): error TS1382: Unexpected token. Did you mean `{'>'}` or `&gt;`?
components/VideoPlaybackDetails.tsx(116,2): error TS1005: ')' expected.
components/VideoPlaybackDetails.tsx(119,3): error TS1382: Unexpected token. Did you mean `{'>'}` or `&gt;`?
components/VideoPlaybackDetails.tsx(120,3): error TS1381: Unexpected token. Did you mean `{'}'}` or `&rbrace;`?
components/VideoQualitySelector.tsx(87,7): error TS1005: ',' expected.
components/VideoQualitySelector.tsx(120,2): error TS2657: JSX expressions must have one parent element.
components/VideoQualitySelector.tsx(153,2): error TS1382: Unexpected token. Did you mean `{'>'}` or `&gt;`?
components/VideoQualitySelector.tsx(159,14): error TS17002: Expected corresponding JSX closing tag for 'div'.
components/VideoQualitySelector.tsx(177,20): error TS1003: Identifier expected.
components/VideoQualitySelector.tsx(177,38): error TS1381: Unexpected token. Did you mean `{'}'}` or `&rbrace;`?
components/VideoQualitySelector.tsx(178,3): error TS1382: Unexpected token. Did you mean `{'>'}` or `&gt;`?
components/VideoQualitySelector.tsx(184,2): error TS1005: ')' expected.
components/VideoQualitySelector.tsx(192,2): error TS1005: ')' expected.
components/VideoQualitySelector.tsx(336,1): error TS1160: Unterminated template literal.
components/VirtualizedVideoGrid.tsx(36,7): error TS1005: ';' expected.
components/VirtualizedVideoGrid.tsx(62,3): error TS1382: Unexpected token. Did you mean `{'>'}` or `&gt;`?
components/VirtualizedVideoGrid.tsx(67,7): error TS1005: ';' expected.
components/VirtualizedVideoGrid.tsx(86,18): error TS1005: ',' expected.
components/VirtualizedVideoGrid.tsx(91,18): error TS1005: ',' expected.
components/VirtualizedVideoGrid.tsx(184,2): error TS1382: Unexpected token. Did you mean `{'>'}` or `&gt;`?
components/VirtualizedVideoGrid.tsx(186,14): error TS17015: Expected corresponding closing tag for JSX fragment.
components/VirtualizedVideoGrid.tsx(186,18): error TS1382: Unexpected token. Did you mean `{'>'}` or `&gt;`?
components/VirtualizedVideoGrid.tsx(201,2): error TS1382: Unexpected token. Did you mean `{'>'}` or `&gt;`?
components/VirtualizedVideoGrid.tsx(203,14): error TS17002: Expected corresponding JSX closing tag for 'div'.
components/VirtualizedVideoGrid.tsx(206,14): error TS1003: Identifier expected.
components/VirtualizedVideoGrid.tsx(207,3): error TS1381: Unexpected token. Did you mean `{'}'}` or `&rbrace;`?
components/VirtualizedVideoGrid.tsx(213,8): error TS1005: ';' expected.
components/VirtualizedVideoGrid.tsx(213,16): error TS1005: ';' expected.
components/VirtualizedVideoGrid.tsx(213,37): error TS1005: '}' expected.
components/WatchHistory.tsx(49,16): error TS1005: ',' expected.
components/YouTubePlayer.tsx(124,8): error TS1005: ';' expected.
components/YouTubePlayer.tsx(210,68): error TS1005: ';' expected.
components/YouTubePlayer.tsx(210,69): error TS1005: ')' expected.
components/YouTubePlayer.tsx(212,2): error TS1472: 'catch' or 'finally' expected.
components/YouTubePlayer.tsx(212,3): error TS1128: Declaration or statement expected.
components/YouTubePlayer.tsx(212,9): error TS1005: ';' expected.
components/YouTubePlayer.tsx(213,4): error TS1005: 'try' expected.
components/YouTubePlayer.tsx(217,2): error TS1472: 'catch' or 'finally' expected.
components/YouTubePlayer.tsx(218,15): error TS1005: ',' expected.
components/YouTubePlayer.tsx(246,84): error TS1005: ';' expected.
components/YouTubePlayer.tsx(248,2): error TS1472: 'catch' or 'finally' expected.
components/YouTubePlayer.tsx(248,9): error TS1005: ')' expected.
components/YouTubePlayer.tsx(249,4): error TS1005: 'try' expected.
components/YouTubePlayer.tsx(252,3): error TS1128: Declaration or statement expected.
components/YouTubePlayer.tsx(252,9): error TS1005: ';' expected.
components/YouTubePlayer.tsx(254,2): error TS1128: Declaration or statement expected.
components/YouTubePlayer.tsx(254,3): error TS1128: Declaration or statement expected.
components/YouTubePlayer.tsx(283,6): error TS1128: Declaration or statement expected.
components/YouTubePlayer.tsx(283,7): error TS1128: Declaration or statement expected.
components/YouTubePlayer.tsx(284,2): error TS1128: Declaration or statement expected.
components/YouTubePlayer.tsx(284,4): error TS1005: 'try' expected.
components/YouTubePlayer.tsx(304,111): error TS1005: ';' expected.
components/YouTubePlayer.tsx(341,22): error TS1003: Identifier expected.
components/YouTubePlayer.tsx(341,30): error TS1381: Unexpected token. Did you mean `{'}'}` or `&rbrace;`?
components/YouTubePlayer.tsx(341,33): error TS1382: Unexpected token. Did you mean `{'>'}` or `&gt;`?
components/YouTubePlayer.tsx(342,3): error TS1382: Unexpected token. Did you mean `{'>'}` or `&gt;`?
components/YouTubePlayerWrapper.tsx(39,72): error TS1136: Property assignment expected.
components/YouTubePlayerWrapper.tsx(65,3): error TS1109: Expression expected.
components/YouTubePlayerWrapper.tsx(66,2): error TS1109: Expression expected.
components/YouTubeVideoCard.tsx(77,2): error TS1005: '}' expected.
components/YouTubeVideoCard.tsx(88,3): error TS1109: Expression expected.
components/YouTubeVideoCard.tsx(89,2): error TS1109: Expression expected.
components/YouTubeVideoCard.tsx(129,1): error TS1005: '}' expected.
components/YouTubeVideoGrid.tsx(18,7): error TS1005: ';' expected.
components/YouTubeVideoGrid.tsx(50,3): error TS1109: Expression expected.
components/YouTubeVideoGrid.tsx(51,2): error TS1109: Expression expected.
components/YouTubeVideoGrid.tsx(57,1): error TS1131: Property or signature expected.
config/codeQuality.ts(58,48): error TS1005: ',' expected.
config/codeQuality.ts(61,14): error TS1005: ':' expected.
config/codeQuality.ts(70,34): error TS1005: ',' expected.
config/codeQuality.ts(73,14): error TS1005: ':' expected.
config/codeQuality.ts(79,20): error TS1005: ',' expected.
config/codeQuality.ts(82,14): error TS1005: ':' expected.
config/codeQuality.ts(97,2): error TS1005: ',' expected.
config/codeQuality.ts(100,14): error TS1005: ':' expected.
config/codeQuality.ts(127,16): error TS1005: ',' expected.
config/codeQuality.ts(130,14): error TS1005: ':' expected.
config/codeQuality.ts(155,23): error TS1005: ',' expected.
config/codeQuality.ts(158,14): error TS1005: ':' expected.
config/codeQuality.ts(180,90): error TS1005: ',' expected.
config/codeQuality.ts(183,14): error TS1005: ':' expected.
config/codeQuality.ts(218,34): error TS1005: ',' expected.
config/codeQuality.ts(221,14): error TS1005: ':' expected.
config/codeQuality.ts(250,3): error TS1005: ',' expected.
config/codeQuality.ts(253,14): error TS1005: ':' expected.
config/codeQuality.ts(290,62): error TS1005: ',' expected.
config/codeQuality.ts(293,14): error TS1005: ':' expected.
config/codeQuality.ts(303,28): error TS1005: ',' expected.
config/codeQuality.ts(305,8): error TS1005: ':' expected.
config/codeQuality.ts(305,16): error TS1005: ':' expected.
config/codeQuality.ts(305,33): error TS1005: ',' expected.
config/codeQuality.ts(306,1): error TS1005: '}' expected.
config/index.ts(272,23): error TS1005: '}' expected.
contexts/UnifiedAppContext.broken.tsx(322,39): error TS1005: ',' expected.
contexts/UnifiedAppContext.broken.tsx(323,9): error TS1005: ';' expected.
contexts/UnifiedAppContext.broken.tsx(323,20): error TS1128: Declaration or statement expected.
contexts/UnifiedAppContext.broken.tsx(325,3): error TS1472: 'catch' or 'finally' expected.
contexts/UnifiedAppContext.broken.tsx(325,4): error TS1005: ')' expected.
contexts/UnifiedAppContext.broken.tsx(331,5): error TS1134: Variable declaration expected.
contexts/UnifiedAppContext.broken.tsx(331,6): error TS1005: ';' expected.
contexts/UnifiedAppContext.broken.tsx(332,4): error TS1005: ',' expected.
contexts/UnifiedAppContext.broken.tsx(337,3): error TS1128: Declaration or statement expected.
contexts/UnifiedAppContext.broken.tsx(337,7): error TS1005: ';' expected.
contexts/UnifiedAppContext.broken.tsx(360,1): error TS1128: Declaration or statement expected.
contexts/UnifiedAppContext.tsx(163,7): error TS1472: 'catch' or 'finally' expected.
contexts/UnifiedAppContext.tsx(163,9): error TS1005: ',' expected.
contexts/UnifiedAppContext.tsx(168,6): error TS1005: ')' expected.
contexts/UnifiedAppContext.tsx(170,8): error TS1005: ',' expected.
contexts/UnifiedAppContext.tsx(349,1): error TS1128: Declaration or statement expected.
contexts/UnifiedAppContext.tsx(359,1): error TS1128: Declaration or statement expected.
pages/AdminPage.tsx(67,66): error TS1136: Property assignment expected.
pages/AdminPage.tsx(439,2): error TS1003: Identifier expected.
pages/AdminPage.tsx(441,2): error TS1005: ')' expected.
pages/AdminPage.tsx(441,3): error TS1005: ',' expected.
pages/AdminPage.tsx(448,20): error TS1005: ';' expected.
pages/AdminPage.tsx(448,25): error TS1005: ';' expected.
pages/AdminPage.tsx(448,30): error TS1005: ';' expected.
pages/AdminPage.tsx(448,38): error TS1005: ';' expected.
pages/AdminPage.tsx(448,50): error TS1005: ';' expected.
pages/AdminPage.tsx(448,63): error TS1005: ';' expected.
pages/AdminPage.tsx(449,75): error TS1109: Expression expected.
pages/AdminPage.tsx(450,2): error TS1109: Expression expected.
pages/AdminPage.tsx(465,24): error TS1005: ';' expected.
pages/AdminPage.tsx(465,29): error TS1005: ';' expected.
pages/AdminPage.tsx(465,34): error TS1005: ';' expected.
pages/AdminPage.tsx(465,42): error TS1005: ';' expected.
pages/AdminPage.tsx(465,54): error TS1005: ';' expected.
pages/AdminPage.tsx(465,67): error TS1005: ';' expected.
pages/AdminPage.tsx(465,85): error TS1005: ';' expected.
pages/AdminPage.tsx(473,20): error TS1005: ';' expected.
pages/AdminPage.tsx(473,25): error TS1005: ';' expected.
pages/AdminPage.tsx(473,30): error TS1005: ';' expected.
pages/AdminPage.tsx(473,38): error TS1005: ';' expected.
pages/AdminPage.tsx(473,50): error TS1005: ';' expected.
pages/AdminPage.tsx(473,63): error TS1005: ';' expected.
pages/AdminPage.tsx(476,20): error TS1005: ';' expected.
pages/AdminPage.tsx(476,25): error TS1005: ';' expected.
pages/AdminPage.tsx(476,30): error TS1005: ';' expected.
pages/AdminPage.tsx(476,38): error TS1005: ';' expected.
pages/AdminPage.tsx(476,50): error TS1005: ';' expected.
pages/AdminPage.tsx(476,63): error TS1005: ';' expected.
pages/AdminPage.tsx(571,24): error TS1005: ';' expected.
pages/AdminPage.tsx(575,22): error TS1005: ';' expected.
pages/AdminPage.tsx(575,27): error TS1005: ';' expected.
pages/AdminPage.tsx(575,32): error TS1005: ';' expected.
pages/AdminPage.tsx(575,43): error TS1005: ';' expected.
pages/AdminPage.tsx(575,55): error TS1005: ';' expected.
pages/AdminPage.tsx(575,63): error TS1005: ';' expected.
pages/AdminPage.tsx(575,81): error TS1005: ';' expected.
pages/AdminPage.tsx(588,19): error TS1005: ';' expected.
pages/AdminPage.tsx(588,24): error TS1005: ';' expected.
pages/AdminPage.tsx(588,28): error TS1005: ';' expected.
pages/AdminPage.tsx(588,39): error TS1005: ';' expected.
pages/AdminPage.tsx(591,58): error TS1109: Expression expected.
pages/AdminPage.tsx(592,2): error TS1109: Expression expected.
pages/AdminPage.tsx(626,30): error TS1005: ';' expected.
pages/AdminPage.tsx(626,39): error TS1005: ';' expected.
pages/AdminPage.tsx(626,48): error TS1005: ';' expected.
pages/AdminPage.tsx(626,59): error TS1005: ';' expected.
pages/AdminPage.tsx(626,63): error TS1005: ';' expected.
pages/AdminPage.tsx(626,81): error TS1005: ';' expected.
pages/AdminPage.tsx(627,95): error TS1109: Expression expected.
pages/AdminPage.tsx(628,2): error TS1109: Expression expected.
pages/AdminPage.tsx(660,37): error TS1005: ';' expected.
pages/AdminPage.tsx(660,50): error TS1005: ';' expected.
pages/AdminPage.tsx(660,59): error TS1005: ';' expected.
pages/AdminPage.tsx(660,70): error TS1005: ';' expected.
pages/AdminPage.tsx(660,85): error TS1005: ';' expected.
pages/AdminPage.tsx(660,100): error TS1005: ';' expected.
pages/AdminPage.tsx(660,113): error TS1005: ';' expected.
pages/AdminPage.tsx(660,129): error TS1005: ';' expected.
pages/AdminPage.tsx(663,53): error TS1109: Expression expected.
pages/AdminPage.tsx(664,2): error TS1109: Expression expected.
pages/AdminPage.tsx(674,20): error TS1005: ';' expected.
pages/AdminPage.tsx(674,25): error TS1005: ';' expected.
pages/AdminPage.tsx(674,30): error TS1005: ';' expected.
pages/AdminPage.tsx(674,38): error TS1005: ';' expected.
pages/AdminPage.tsx(674,50): error TS1005: ';' expected.
pages/AdminPage.tsx(674,63): error TS1005: ';' expected.
pages/AdminPage.tsx(675,75): error TS1109: Expression expected.
pages/AdminPage.tsx(676,2): error TS1109: Expression expected.
pages/AdminPage.tsx(685,24): error TS1005: ';' expected.
pages/AdminPage.tsx(685,29): error TS1005: ';' expected.
pages/AdminPage.tsx(685,34): error TS1005: ';' expected.
pages/AdminPage.tsx(685,42): error TS1005: ';' expected.
pages/AdminPage.tsx(685,54): error TS1005: ';' expected.
pages/AdminPage.tsx(685,67): error TS1005: ';' expected.
pages/AdminPage.tsx(685,85): error TS1005: ';' expected.
pages/AdminPage.tsx(724,20): error TS1005: ';' expected.
pages/AdminPage.tsx(724,25): error TS1005: ';' expected.
pages/AdminPage.tsx(724,30): error TS1005: ';' expected.
pages/AdminPage.tsx(724,38): error TS1005: ';' expected.
pages/AdminPage.tsx(724,50): error TS1005: ';' expected.
pages/AdminPage.tsx(724,63): error TS1005: ';' expected.
pages/AdminPage.tsx(727,29): error TS1109: Expression expected.
pages/AdminPage.tsx(728,2): error TS1109: Expression expected.
pages/AdminPage.tsx(757,30): error TS1005: ';' expected.
pages/AdminPage.tsx(757,39): error TS1005: ';' expected.
pages/AdminPage.tsx(757,48): error TS1005: ';' expected.
pages/AdminPage.tsx(757,59): error TS1005: ';' expected.
pages/AdminPage.tsx(757,63): error TS1005: ';' expected.
pages/AdminPage.tsx(757,81): error TS1005: ';' expected.
pages/AdminPage.tsx(758,98): error TS1109: Expression expected.
pages/AdminPage.tsx(759,2): error TS1109: Expression expected.
pages/AdminPage.tsx(791,37): error TS1005: ';' expected.
pages/AdminPage.tsx(791,50): error TS1005: ';' expected.
pages/AdminPage.tsx(791,59): error TS1005: ';' expected.
pages/AdminPage.tsx(791,70): error TS1005: ';' expected.
pages/AdminPage.tsx(791,85): error TS1005: ';' expected.
pages/AdminPage.tsx(791,100): error TS1005: ';' expected.
pages/AdminPage.tsx(791,113): error TS1005: ';' expected.
pages/AdminPage.tsx(791,129): error TS1005: ';' expected.
pages/AdminPage.tsx(794,54): error TS1109: Expression expected.
pages/AdminPage.tsx(795,2): error TS1109: Expression expected.
pages/AdminPage.tsx(805,20): error TS1005: ';' expected.
pages/AdminPage.tsx(805,25): error TS1005: ';' expected.
pages/AdminPage.tsx(805,30): error TS1005: ';' expected.
pages/AdminPage.tsx(805,38): error TS1005: ';' expected.
pages/AdminPage.tsx(805,50): error TS1005: ';' expected.
pages/AdminPage.tsx(805,63): error TS1005: ';' expected.
pages/AdminPage.tsx(806,75): error TS1109: Expression expected.
pages/AdminPage.tsx(807,2): error TS1109: Expression expected.
pages/AdminPage.tsx(818,24): error TS1005: ';' expected.
pages/AdminPage.tsx(818,29): error TS1005: ';' expected.
pages/AdminPage.tsx(818,34): error TS1005: ';' expected.
pages/AdminPage.tsx(818,42): error TS1005: ';' expected.
pages/AdminPage.tsx(818,54): error TS1005: ';' expected.
pages/AdminPage.tsx(818,67): error TS1005: ';' expected.
pages/AdminPage.tsx(818,85): error TS1005: ';' expected.
pages/AdminPage.tsx(857,20): error TS1005: ';' expected.
pages/AdminPage.tsx(857,25): error TS1005: ';' expected.
pages/AdminPage.tsx(857,30): error TS1005: ';' expected.
pages/AdminPage.tsx(857,38): error TS1005: ';' expected.
pages/AdminPage.tsx(857,50): error TS1005: ';' expected.
pages/AdminPage.tsx(857,63): error TS1005: ';' expected.
pages/AdminPage.tsx(860,29): error TS1109: Expression expected.
pages/AdminPage.tsx(861,2): error TS1109: Expression expected.
pages/AdminPage.tsx(1223,20): error TS1005: ';' expected.
pages/AdminPage.tsx(1223,25): error TS1005: ';' expected.
pages/AdminPage.tsx(1223,30): error TS1005: ';' expected.
pages/AdminPage.tsx(1223,46): error TS1005: ';' expected.
pages/AdminPage.tsx(1223,58): error TS1005: ';' expected.
pages/AdminPage.tsx(1224,106): error TS1109: Expression expected.
pages/AdminPage.tsx(1225,2): error TS1109: Expression expected.
pages/AdminPage.tsx(1231,20): error TS1005: ';' expected.
pages/AdminPage.tsx(1231,25): error TS1005: ';' expected.
pages/AdminPage.tsx(1231,30): error TS1005: ';' expected.
pages/AdminPage.tsx(1231,46): error TS1005: ';' expected.
pages/AdminPage.tsx(1231,58): error TS1005: ';' expected.
pages/AdminPage.tsx(1232,108): error TS1109: Expression expected.
pages/AdminPage.tsx(1233,2): error TS1109: Expression expected.
pages/AdminPage.tsx(1239,20): error TS1005: ';' expected.
pages/AdminPage.tsx(1239,25): error TS1005: ';' expected.
pages/AdminPage.tsx(1239,30): error TS1005: ';' expected.
pages/AdminPage.tsx(1239,46): error TS1005: ';' expected.
pages/AdminPage.tsx(1239,58): error TS1005: ';' expected.
pages/AdminPage.tsx(1240,100): error TS1109: Expression expected.
pages/AdminPage.tsx(1241,2): error TS1109: Expression expected.
pages/AdminPage.tsx(1390,19): error TS1005: ';' expected.
pages/AdminPage.tsx(1390,23): error TS1005: ';' expected.
pages/AdminPage.tsx(1390,31): error TS1434: Unexpected keyword or identifier.
pages/AdminPage.tsx(1390,38): error TS1434: Unexpected keyword or identifier.
pages/AdminPage.tsx(1391,83): error TS1109: Expression expected.
pages/AdminPage.tsx(1392,2): error TS1109: Expression expected.
pages/AdminPage.tsx(1430,19): error TS1005: ';' expected.
pages/AdminPage.tsx(1430,23): error TS1005: ';' expected.
pages/AdminPage.tsx(1430,31): error TS1434: Unexpected keyword or identifier.
pages/AdminPage.tsx(1430,38): error TS1434: Unexpected keyword or identifier.
pages/AdminPage.tsx(1431,87): error TS1109: Expression expected.
pages/AdminPage.tsx(1432,2): error TS1109: Expression expected.
pages/AdminPage.tsx(1454,19): error TS1005: ';' expected.
pages/AdminPage.tsx(1454,23): error TS1005: ';' expected.
pages/AdminPage.tsx(1454,31): error TS1434: Unexpected keyword or identifier.
pages/AdminPage.tsx(1454,38): error TS1434: Unexpected keyword or identifier.
pages/AdminPage.tsx(1455,93): error TS1109: Expression expected.
pages/AdminPage.tsx(1456,2): error TS1109: Expression expected.
pages/AdminPage.tsx(1536,1): error TS1160: Unterminated template literal.
pages/AIContentSparkPage.tsx(166,1): error TS1005: '}' expected.
pages/AnalyticsPage.tsx(22,27): error TS1131: Property or signature expected.
pages/AnalyticsPage.tsx(23,7): error TS1005: '>' expected.
pages/AnalyticsPage.tsx(30,3): error TS1109: Expression expected.
pages/AnalyticsPage.tsx(30,4): error TS1109: Expression expected.
pages/AnalyticsPage.tsx(31,1): error TS1128: Declaration or statement expected.
pages/AnalyticsPage.tsx(76,16): error TS1005: ',' expected.
pages/AnalyticsPage.tsx(95,28): error TS1131: Property or signature expected.
pages/AnalyticsPage.tsx(96,7): error TS1005: '>' expected.
pages/AnalyticsPage.tsx(98,9): error TS1109: Expression expected.
pages/AnalyticsPage.tsx(100,3): error TS1005: ',' expected.
pages/AnalyticsPage.tsx(100,5): error TS1109: Expression expected.
pages/AnalyticsPage.tsx(107,53): error TS1161: Unterminated regular expression literal.
pages/AnalyticsPage.tsx(108,2): error TS1005: '}' expected.
pages/AnalyticsPage.tsx(109,2): error TS1381: Unexpected token. Did you mean `{'}'}` or `&rbrace;`?
pages/AnalyticsPage.tsx(109,4): error TS1381: Unexpected token. Did you mean `{'}'}` or `&rbrace;`?
pages/AnalyticsPage.tsx(109,5): error TS1382: Unexpected token. Did you mean `{'>'}` or `&gt;`?
pages/AnalyticsPage.tsx(142,3): error TS1382: Unexpected token. Did you mean `{'>'}` or `&gt;`?
pages/AnalyticsPage.tsx(214,3): error TS1382: Unexpected token. Did you mean `{'>'}` or `&gt;`?
pages/AnalyticsPage.tsx(221,3): error TS1382: Unexpected token. Did you mean `{'>'}` or `&gt;`?
pages/AnalyticsPage.tsx(228,3): error TS1382: Unexpected token. Did you mean `{'>'}` or `&gt;`?
pages/AnalyticsPage.tsx(234,3): error TS1382: Unexpected token. Did you mean `{'>'}` or `&gt;`?
pages/AnalyticsPage.tsx(249,2): error TS1005: ')' expected.
pages/AnalyticsPage.tsx(252,2): error TS1005: ',' expected.
pages/AnalyticsPage.tsx(252,4): error TS1381: Unexpected token. Did you mean `{'}'}` or `&rbrace;`?
pages/AnalyticsPage.tsx(253,2): error TS1382: Unexpected token. Did you mean `{'>'}` or `&gt;`?
pages/AnalyticsPage.tsx(255,14): error TS17002: Expected corresponding JSX closing tag for 'div'.
pages/AnalyticsPage.tsx(256,4): error TS1381: Unexpected token. Did you mean `{'}'}` or `&rbrace;`?
pages/AnalyticsPage.tsx(262,3): error TS1382: Unexpected token. Did you mean `{'>'}` or `&gt;`?
pages/AnalyticsPage.tsx(265,2): error TS1005: ')' expected.
pages/AnalyticsPage.tsx(324,2): error TS1128: Declaration or statement expected.
pages/AnalyticsPage.tsx(325,1): error TS1128: Declaration or statement expected.
pages/ChannelCustomizationPage.tsx(116,2): error TS2657: JSX expressions must have one parent element.
pages/ChannelCustomizationPage.tsx(129,2): error TS1382: Unexpected token. Did you mean `{'>'}` or `&gt;`?
pages/ChannelCustomizationPage.tsx(132,14): error TS17002: Expected corresponding JSX closing tag for 'div'.
pages/ChannelCustomizationPage.tsx(134,2): error TS2657: JSX expressions must have one parent element.
pages/ChannelCustomizationPage.tsx(138,2): error TS1382: Unexpected token. Did you mean `{'>'}` or `&gt;`?
pages/ChannelCustomizationPage.tsx(141,14): error TS17002: Expected corresponding JSX closing tag for 'div'.
pages/ChannelCustomizationPage.tsx(147,2): error TS1005: ')' expected.
pages/ChannelCustomizationPage.tsx(148,14): error TS17002: Expected corresponding JSX closing tag for 'div'.
pages/ChannelCustomizationPage.tsx(150,3): error TS1381: Unexpected token. Did you mean `{'}'}` or `&rbrace;`?
pages/ChannelCustomizationPage.tsx(156,3): error TS17008: JSX element 'div' has no corresponding closing tag.
pages/ChannelCustomizationPage.tsx(174,2): error TS1005: ')' expected.
pages/ChannelCustomizationPage.tsx(177,2): error TS1005: ',' expected.
pages/ChannelCustomizationPage.tsx(177,4): error TS1381: Unexpected token. Did you mean `{'}'}` or `&rbrace;`?
pages/ChannelCustomizationPage.tsx(178,2): error TS1382: Unexpected token. Did you mean `{'>'}` or `&gt;`?
pages/ChannelCustomizationPage.tsx(181,14): error TS17002: Expected corresponding JSX closing tag for 'nav'.
pages/ChannelCustomizationPage.tsx(182,4): error TS1381: Unexpected token. Did you mean `{'}'}` or `&rbrace;`?
pages/ChannelCustomizationPage.tsx(183,14): error TS17002: Expected corresponding JSX closing tag for 'div'.
pages/ChannelCustomizationPage.tsx(210,3): error TS17008: JSX element 'div' has no corresponding closing tag.
pages/ChannelCustomizationPage.tsx(211,3): error TS17008: JSX element 'div' has no corresponding closing tag.
pages/ChannelCustomizationPage.tsx(242,2): error TS1109: Expression expected.
pages/ChannelCustomizationPage.tsx(244,2): error TS1434: Unexpected keyword or identifier.
pages/ChannelCustomizationPage.tsx(244,9): error TS1434: Unexpected keyword or identifier.
pages/ChannelCustomizationPage.tsx(247,5): error TS1005: ';' expected.
pages/ChannelCustomizationPage.tsx(248,14): error TS1005: ';' expected.
pages/ChannelCustomizationPage.tsx(248,25): error TS1005: ';' expected.
pages/ChannelCustomizationPage.tsx(248,32): error TS1005: ';' expected.
pages/ChannelCustomizationPage.tsx(248,44): error TS1005: ';' expected.
pages/ChannelCustomizationPage.tsx(248,56): error TS1351: An identifier or keyword cannot immediately follow a numeric literal.
pages/ChannelCustomizationPage.tsx(252,2): error TS1003: Identifier expected.
pages/ChannelCustomizationPage.tsx(280,2): error TS2657: JSX expressions must have one parent element.
pages/ChannelCustomizationPage.tsx(319,2): error TS1109: Expression expected.
pages/ChannelCustomizationPage.tsx(320,9): error TS1005: ';' expected.
pages/ChannelCustomizationPage.tsx(321,14): error TS17002: Expected corresponding JSX closing tag for 'div'.
pages/ChannelCustomizationPage.tsx(325,2): error TS1128: Declaration or statement expected.
pages/ChannelCustomizationPage.tsx(325,3): error TS1381: Unexpected token. Did you mean `{'}'}` or `&rbrace;`?
pages/ChannelCustomizationPage.tsx(349,2): error TS1005: ')' expected.
pages/ChannelCustomizationPage.tsx(352,2): error TS1005: ',' expected.
pages/ChannelCustomizationPage.tsx(352,4): error TS1381: Unexpected token. Did you mean `{'}'}` or `&rbrace;`?
pages/ChannelCustomizationPage.tsx(355,2): error TS1382: Unexpected token. Did you mean `{'>'}` or `&gt;`?
pages/ChannelCustomizationPage.tsx(358,14): error TS17002: Expected corresponding JSX closing tag for 'div'.
pages/ChannelCustomizationPage.tsx(359,4): error TS1381: Unexpected token. Did you mean `{'}'}` or `&rbrace;`?
pages/ChannelCustomizationPage.tsx(431,2): error TS1382: Unexpected token. Did you mean `{'>'}` or `&gt;`?
pages/ChannelCustomizationPage.tsx(433,14): error TS17002: Expected corresponding JSX closing tag for 'span'.
pages/ChannelCustomizationPage.tsx(448,2): error TS1005: '}' expected.
pages/ChannelCustomizationPage.tsx(513,2): error TS1005: '}' expected.
pages/ChannelCustomizationPage.tsx(515,14): error TS17002: Expected corresponding JSX closing tag for 'div'.
pages/ChannelCustomizationPage.tsx(526,2): error TS1128: Declaration or statement expected.
pages/ChannelCustomizationPage.tsx(526,3): error TS1005: '}' expected.
pages/ChannelCustomizationPage.tsx(527,1): error TS1381: Unexpected token. Did you mean `{'}'}` or `&rbrace;`?
pages/ChannelCustomizationPage.tsx(530,1): error TS1005: ')' expected.
pages/ChannelCustomizationPage.tsx(530,1): error TS1005: '</' expected.
pages/ChannelPage.tsx(106,22): error TS1005: ',' expected.
pages/ChannelPage.tsx(131,3): error TS1382: Unexpected token. Did you mean `{'>'}` or `&gt;`?
pages/ChannelPage.tsx(145,3): error TS1382: Unexpected token. Did you mean `{'>'}` or `&gt;`?
pages/CommentModerationPage.tsx(61,7): error TS1005: ',' expected.
pages/CommentModerationPage.tsx(98,3): error TS1128: Declaration or statement expected.
pages/CommentModerationPage.tsx(98,44): error TS1005: ';' expected.
pages/CommentModerationPage.tsx(131,3): error TS1128: Declaration or statement expected.
pages/CommentModerationPage.tsx(148,3): error TS1128: Declaration or statement expected.
pages/CommentModerationPage.tsx(222,2): error TS1005: ')' expected.
pages/CommentModerationPage.tsx(225,2): error TS1005: ',' expected.
pages/CommentModerationPage.tsx(225,4): error TS1381: Unexpected token. Did you mean `{'}'}` or `&rbrace;`?
pages/CommentModerationPage.tsx(226,2): error TS1382: Unexpected token. Did you mean `{'>'}` or `&gt;`?
pages/CommentModerationPage.tsx(228,14): error TS17002: Expected corresponding JSX closing tag for 'div'.
pages/CommentModerationPage.tsx(229,4): error TS1381: Unexpected token. Did you mean `{'}'}` or `&rbrace;`?
pages/CommentModerationPage.tsx(257,2): error TS1005: ')' expected.
pages/CommentModerationPage.tsx(259,2): error TS2657: JSX expressions must have one parent element.
pages/CommentModerationPage.tsx(268,2): error TS1382: Unexpected token. Did you mean `{'>'}` or `&gt;`?
pages/CommentModerationPage.tsx(271,14): error TS17002: Expected corresponding JSX closing tag for 'div'.
pages/CommentModerationPage.tsx(275,2): error TS1382: Unexpected token. Did you mean `{'>'}` or `&gt;`?
pages/CommentModerationPage.tsx(278,14): error TS17002: Expected corresponding JSX closing tag for 'div'.
pages/CommentModerationPage.tsx(282,2): error TS1382: Unexpected token. Did you mean `{'>'}` or `&gt;`?
pages/CommentModerationPage.tsx(285,14): error TS17002: Expected corresponding JSX closing tag for 'div'.
pages/CommentModerationPage.tsx(291,2): error TS1005: ')' expected.
pages/CommentModerationPage.tsx(296,2): error TS1128: Declaration or statement expected.
pages/CommentModerationPage.tsx(296,3): error TS1128: Declaration or statement expected.
pages/CommentModerationPage.tsx(329,2): error TS2657: JSX expressions must have one parent element.
pages/CommentModerationPage.tsx(374,2): error TS1382: Unexpected token. Did you mean `{'>'}` or `&gt;`?
pages/CommentModerationPage.tsx(376,14): error TS17002: Expected corresponding JSX closing tag for 'div'.
pages/CommentModerationPage.tsx(381,2): error TS1382: Unexpected token. Did you mean `{'>'}` or `&gt;`?
pages/CommentModerationPage.tsx(383,14): error TS17002: Expected corresponding JSX closing tag for 'div'.
pages/CommentModerationPage.tsx(388,2): error TS1382: Unexpected token. Did you mean `{'>'}` or `&gt;`?
pages/CommentModerationPage.tsx(390,14): error TS17002: Expected corresponding JSX closing tag for 'div'.
pages/CommentModerationPage.tsx(394,2): error TS1005: ')' expected.
pages/CommentModerationPage.tsx(402,2): error TS1005: '}' expected.
pages/CommentModerationPage.tsx(402,3): error TS1381: Unexpected token. Did you mean `{'}'}` or `&rbrace;`?
pages/CommentModerationPage.tsx(406,2): error TS1128: Declaration or statement expected.
pages/CommentModerationPage.tsx(407,1): error TS1128: Declaration or statement expected.
pages/CommunityPage.tsx(151,47): error TS1128: Declaration or statement expected.
pages/CommunityPage.tsx(177,7): error TS1005: ',' expected.
pages/CommunityPage.tsx(222,2): error TS1382: Unexpected token. Did you mean `{'>'}` or `&gt;`?
pages/CommunityPage.tsx(224,14): error TS17002: Expected corresponding JSX closing tag for 'div'.
pages/CommunityPage.tsx(232,2): error TS1382: Unexpected token. Did you mean `{'>'}` or `&gt;`?
pages/CommunityPage.tsx(234,14): error TS17002: Expected corresponding JSX closing tag for 'div'.
pages/CommunityPage.tsx(237,2): error TS1005: ')' expected.
pages/CommunityPage.tsx(244,2): error TS1382: Unexpected token. Did you mean `{'>'}` or `&gt;`?
pages/CommunityPage.tsx(247,14): error TS17002: Expected corresponding JSX closing tag for 'div'.
pages/CommunityPage.tsx(250,2): error TS1005: ')' expected.
pages/CommunityPage.tsx(263,2): error TS1005: ')' expected.
pages/CommunityPage.tsx(266,2): error TS1005: ',' expected.
pages/CommunityPage.tsx(266,4): error TS1381: Unexpected token. Did you mean `{'}'}` or `&rbrace;`?
pages/CommunityPage.tsx(267,2): error TS1382: Unexpected token. Did you mean `{'>'}` or `&gt;`?
pages/CommunityPage.tsx(269,14): error TS17002: Expected corresponding JSX closing tag for 'div'.
pages/CommunityPage.tsx(270,4): error TS1381: Unexpected token. Did you mean `{'}'}` or `&rbrace;`?
pages/CommunityPage.tsx(290,21): error TS1145: '{' or JSX element expected.
pages/CommunityPage.tsx(290,22): error TS1109: Expression expected.
pages/CommunityPage.tsx(290,36): error TS1005: ',' expected.
pages/CommunityPage.tsx(293,2): error TS1381: Unexpected token. Did you mean `{'}'}` or `&rbrace;`?
pages/CommunityPage.tsx(296,3): error TS1382: Unexpected token. Did you mean `{'>'}` or `&gt;`?
pages/CommunityPage.tsx(297,4): error TS1381: Unexpected token. Did you mean `{'}'}` or `&rbrace;`?
pages/CommunityPage.tsx(303,8): error TS1005: ')' expected.
pages/CommunityPage.tsx(304,14): error TS17002: Expected corresponding JSX closing tag for 'div'.
pages/CommunityPage.tsx(310,2): error TS2657: JSX expressions must have one parent element.
pages/CommunityPage.tsx(314,2): error TS1382: Unexpected token. Did you mean `{'>'}` or `&gt;`?
pages/CommunityPage.tsx(316,14): error TS17002: Expected corresponding JSX closing tag for 'div'.
pages/CommunityPage.tsx(327,2): error TS1128: Declaration or statement expected.
pages/CommunityPage.tsx(327,3): error TS1128: Declaration or statement expected.
pages/CommunityPage.tsx(330,2): error TS2657: JSX expressions must have one parent element.
pages/CommunityPage.tsx(350,2): error TS1005: '}' expected.
pages/CommunityPage.tsx(351,2): error TS1382: Unexpected token. Did you mean `{'>'}` or `&gt;`?
pages/CommunityPage.tsx(353,14): error TS17002: Expected corresponding JSX closing tag for 'div'.
pages/CommunityPage.tsx(356,2): error TS1005: ')' expected.
pages/CommunityPage.tsx(357,7): error TS1005: ',' expected.
pages/CommunityPage.tsx(360,2): error TS1005: ',' expected.
pages/CommunityPage.tsx(360,7): error TS1005: ',' expected.
pages/CommunityPage.tsx(368,2): error TS1005: ',' expected.
pages/CommunityPage.tsx(368,7): error TS1005: ',' expected.
pages/CommunityPage.tsx(386,10): error TS1003: Identifier expected.
pages/CommunityPage.tsx(386,13): error TS1381: Unexpected token. Did you mean `{'}'}` or `&rbrace;`?
pages/CommunityPage.tsx(386,16): error TS1382: Unexpected token. Did you mean `{'>'}` or `&gt;`?
pages/CommunityPage.tsx(387,3): error TS1382: Unexpected token. Did you mean `{'>'}` or `&gt;`?
pages/CommunityPage.tsx(398,2): error TS1005: ',' expected.
pages/CommunityPage.tsx(399,7): error TS1005: ',' expected.
pages/CommunityPage.tsx(404,7): error TS1005: ',' expected.
pages/CommunityPage.tsx(409,8): error TS1005: ',' expected.
pages/CommunityPage.tsx(409,33): error TS1005: ',' expected.
pages/CommunityPage.tsx(409,40): error TS1005: ',' expected.
pages/CommunityPage.tsx(409,42): error TS17002: Expected corresponding JSX closing tag for 'div'.
pages/CommunityPage.tsx(416,2): error TS1128: Declaration or statement expected.
pages/CommunityPage.tsx(420,2): error TS2657: JSX expressions must have one parent element.
pages/CommunityPage.tsx(428,2): error TS1128: Declaration or statement expected.
pages/CommunityPage.tsx(432,2): error TS2657: JSX expressions must have one parent element.
pages/CommunityPage.tsx(443,2): error TS1128: Declaration or statement expected.
pages/CommunityPage.tsx(443,3): error TS1128: Declaration or statement expected.
pages/CommunityPage.tsx(443,4): error TS1128: Declaration or statement expected.
pages/CommunityPage.tsx(446,2): error TS1128: Declaration or statement expected.
pages/CommunityPage.tsx(446,4): error TS1128: Declaration or statement expected.
pages/CommunityPage.tsx(494,3): error TS1128: Declaration or statement expected.
pages/CommunityPage.tsx(497,2): error TS1128: Declaration or statement expected.
pages/CommunityPage.tsx(498,1): error TS1128: Declaration or statement expected.
pages/ContentManagerPage.tsx(60,7): error TS1005: ',' expected.
pages/ContentManagerPage.tsx(145,3): error TS1128: Declaration or statement expected.
pages/ContentManagerPage.tsx(180,3): error TS1128: Declaration or statement expected.
pages/ContentManagerPage.tsx(244,2): error TS1382: Unexpected token. Did you mean `{'>'}` or `&gt;`?
pages/ContentManagerPage.tsx(246,14): error TS17002: Expected corresponding JSX closing tag for 'div'.
pages/ContentManagerPage.tsx(253,2): error TS1005: ')' expected.
pages/ContentManagerPage.tsx(263,2): error TS1005: ')' expected.
pages/ContentManagerPage.tsx(266,2): error TS1005: ',' expected.
pages/ContentManagerPage.tsx(266,4): error TS1381: Unexpected token. Did you mean `{'}'}` or `&rbrace;`?
pages/ContentManagerPage.tsx(267,2): error TS1382: Unexpected token. Did you mean `{'>'}` or `&gt;`?
pages/ContentManagerPage.tsx(269,14): error TS17002: Expected corresponding JSX closing tag for 'div'.
pages/ContentManagerPage.tsx(270,4): error TS1381: Unexpected token. Did you mean `{'}'}` or `&rbrace;`?
pages/ContentManagerPage.tsx(300,2): error TS2657: JSX expressions must have one parent element.
pages/ContentManagerPage.tsx(309,2): error TS1382: Unexpected token. Did you mean `{'>'}` or `&gt;`?
pages/ContentManagerPage.tsx(312,14): error TS17002: Expected corresponding JSX closing tag for 'div'.
pages/ContentManagerPage.tsx(316,2): error TS1382: Unexpected token. Did you mean `{'>'}` or `&gt;`?
pages/ContentManagerPage.tsx(319,14): error TS17002: Expected corresponding JSX closing tag for 'div'.
pages/ContentManagerPage.tsx(323,2): error TS1382: Unexpected token. Did you mean `{'>'}` or `&gt;`?
pages/ContentManagerPage.tsx(326,14): error TS17002: Expected corresponding JSX closing tag for 'div'.
pages/ContentManagerPage.tsx(332,2): error TS1005: ')' expected.
pages/ContentManagerPage.tsx(334,11): error TS1109: Expression expected.
pages/ContentManagerPage.tsx(337,2): error TS1109: Expression expected.
pages/ContentManagerPage.tsx(344,2): error TS1128: Declaration or statement expected.
pages/ContentManagerPage.tsx(344,3): error TS1128: Declaration or statement expected.
pages/ContentManagerPage.tsx(421,2): error TS1005: '}' expected.
pages/ContentManagerPage.tsx(422,2): error TS1382: Unexpected token. Did you mean `{'>'}` or `&gt;`?
pages/ContentManagerPage.tsx(424,14): error TS17002: Expected corresponding JSX closing tag for 'div'.
pages/ContentManagerPage.tsx(428,2): error TS1005: '}' expected.
pages/ContentManagerPage.tsx(429,2): error TS1382: Unexpected token. Did you mean `{'>'}` or `&gt;`?
pages/ContentManagerPage.tsx(431,14): error TS17002: Expected corresponding JSX closing tag for 'div'.
pages/ContentManagerPage.tsx(437,2): error TS1005: '}' expected.
pages/ContentManagerPage.tsx(438,2): error TS1382: Unexpected token. Did you mean `{'>'}` or `&gt;`?
pages/ContentManagerPage.tsx(440,14): error TS17002: Expected corresponding JSX closing tag for 'div'.
pages/ContentManagerPage.tsx(450,2): error TS1005: '}' expected.
pages/ContentManagerPage.tsx(451,2): error TS1382: Unexpected token. Did you mean `{'>'}` or `&gt;`?
pages/ContentManagerPage.tsx(453,14): error TS17002: Expected corresponding JSX closing tag for 'div'.
pages/ContentManagerPage.tsx(463,2): error TS2657: JSX expressions must have one parent element.
pages/ContentManagerPage.tsx(497,2): error TS1005: '}' expected.
pages/ContentManagerPage.tsx(498,2): error TS1382: Unexpected token. Did you mean `{'>'}` or `&gt;`?
pages/ContentManagerPage.tsx(500,14): error TS17002: Expected corresponding JSX closing tag for 'div'.
pages/ContentManagerPage.tsx(504,2): error TS1005: '}' expected.
pages/ContentManagerPage.tsx(505,2): error TS1382: Unexpected token. Did you mean `{'>'}` or `&gt;`?
pages/ContentManagerPage.tsx(507,14): error TS17002: Expected corresponding JSX closing tag for 'div'.
pages/ContentManagerPage.tsx(513,2): error TS1005: '}' expected.
pages/ContentManagerPage.tsx(514,2): error TS1382: Unexpected token. Did you mean `{'>'}` or `&gt;`?
pages/ContentManagerPage.tsx(516,14): error TS17002: Expected corresponding JSX closing tag for 'div'.
pages/ContentManagerPage.tsx(519,2): error TS1005: ')' expected.
pages/ContentManagerPage.tsx(525,2): error TS1005: '}' expected.
pages/ContentManagerPage.tsx(526,2): error TS1382: Unexpected token. Did you mean `{'>'}` or `&gt;`?
pages/ContentManagerPage.tsx(528,14): error TS17002: Expected corresponding JSX closing tag for 'div'.
pages/ContentManagerPage.tsx(532,3): error TS1005: '}' expected.
pages/ContentManagerPage.tsx(532,4): error TS1381: Unexpected token. Did you mean `{'}'}` or `&rbrace;`?
pages/ContentManagerPage.tsx(534,2): error TS1128: Declaration or statement expected.
pages/ContentManagerPage.tsx(534,3): error TS1128: Declaration or statement expected.
pages/ContentManagerPage.tsx(573,2): error TS1382: Unexpected token. Did you mean `{'>'}` or `&gt;`?
pages/ContentManagerPage.tsx(575,14): error TS17002: Expected corresponding JSX closing tag for 'div'.
pages/ContentManagerPage.tsx(580,2): error TS1382: Unexpected token. Did you mean `{'>'}` or `&gt;`?
pages/ContentManagerPage.tsx(582,14): error TS17002: Expected corresponding JSX closing tag for 'div'.
pages/ContentManagerPage.tsx(588,2): error TS1128: Declaration or statement expected.
pages/ContentManagerPage.tsx(589,1): error TS1128: Declaration or statement expected.
pages/CreatorStudioPage.tsx(269,2): error TS1005: ')' expected.
pages/CreatorStudioPage.tsx(272,2): error TS1005: ',' expected.
pages/CreatorStudioPage.tsx(272,4): error TS1381: Unexpected token. Did you mean `{'}'}` or `&rbrace;`?
pages/CreatorStudioPage.tsx(273,2): error TS1382: Unexpected token. Did you mean `{'>'}` or `&gt;`?
pages/CreatorStudioPage.tsx(276,14): error TS17002: Expected corresponding JSX closing tag for 'nav'.
pages/CreatorStudioPage.tsx(277,4): error TS1381: Unexpected token. Did you mean `{'}'}` or `&rbrace;`?
pages/CreatorStudioPage.tsx(278,14): error TS17002: Expected corresponding JSX closing tag for 'div'.
pages/CreatorStudioPage.tsx(285,2): error TS2657: JSX expressions must have one parent element.
pages/CreatorStudioPage.tsx(293,48): error TS1161: Unterminated regular expression literal.
pages/CreatorStudioPage.tsx(294,2): error TS1005: '}' expected.
pages/CreatorStudioPage.tsx(294,9): error TS1003: Identifier expected.
pages/CreatorStudioPage.tsx(294,17): error TS1382: Unexpected token. Did you mean `{'>'}` or `&gt;`?
pages/CreatorStudioPage.tsx(295,2): error TS1381: Unexpected token. Did you mean `{'}'}` or `&rbrace;`?
pages/CreatorStudioPage.tsx(295,4): error TS1381: Unexpected token. Did you mean `{'}'}` or `&rbrace;`?
pages/CreatorStudioPage.tsx(295,5): error TS1382: Unexpected token. Did you mean `{'>'}` or `&gt;`?
pages/CreatorStudioPage.tsx(297,52): error TS1109: Expression expected.
pages/CreatorStudioPage.tsx(298,2): error TS1109: Expression expected.
pages/CreatorStudioPage.tsx(458,2): error TS1005: '}' expected.
pages/CreatorStudioPage.tsx(459,2): error TS1382: Unexpected token. Did you mean `{'>'}` or `&gt;`?
pages/CreatorStudioPage.tsx(461,14): error TS17002: Expected corresponding JSX closing tag for 'div'.
pages/CreatorStudioPage.tsx(476,1): error TS1005: '}' expected.
pages/HistoryPage.tsx(28,7): error TS1005: ',' expected.
pages/LibraryPage.tsx(124,7): error TS1005: ',' expected.
pages/LibraryPage.tsx(148,2): error TS1382: Unexpected token. Did you mean `{'>'}` or `&gt;`?
pages/LibraryPage.tsx(156,14): error TS17002: Expected corresponding JSX closing tag for 'div'.
pages/LibraryPage.tsx(158,2): error TS1005: ')' expected.
pages/LibraryPage.tsx(161,8): error TS1136: Property assignment expected.
pages/LibraryPage.tsx(161,26): error TS1005: ';' expected.
pages/LibraryPage.tsx(161,47): error TS1109: Expression expected.
pages/LibraryPage.tsx(161,48): error TS1109: Expression expected.
pages/LibraryPage.tsx(164,30): error TS1005: ',' expected.
pages/LibraryPage.tsx(166,29): error TS1005: ',' expected.
pages/LibraryPage.tsx(180,8): error TS1136: Property assignment expected.
pages/LibraryPage.tsx(180,28): error TS1005: ';' expected.
pages/LibraryPage.tsx(180,49): error TS1109: Expression expected.
pages/LibraryPage.tsx(180,50): error TS1109: Expression expected.
pages/LibraryPage.tsx(183,27): error TS1005: ',' expected.
pages/LibraryPage.tsx(185,26): error TS1005: ',' expected.
pages/LibraryPage.tsx(219,8): error TS1136: Property assignment expected.
pages/LibraryPage.tsx(219,24): error TS1005: ';' expected.
pages/LibraryPage.tsx(219,76): error TS1109: Expression expected.
pages/LibraryPage.tsx(219,77): error TS1109: Expression expected.
pages/LibraryPage.tsx(222,25): error TS1005: ',' expected.
pages/LibraryPage.tsx(224,24): error TS1005: ',' expected.
pages/LibraryPage.tsx(247,2): error TS1128: Declaration or statement expected.
pages/LibraryPage.tsx(248,1): error TS1128: Declaration or statement expected.
pages/LikedVideosPage.tsx(30,7): error TS1005: ',' expected.
pages/LoginPage.tsx(197,1): error TS1005: '}' expected.
pages/MonetizationPage.tsx(217,77): error TS1005: ',' expected.
pages/MonetizationPage.tsx(219,8): error TS1005: ':' expected.
pages/MonetizationPage.tsx(235,9): error TS1005: ',' expected.
pages/MonetizationPage.tsx(237,14): error TS1005: ',' expected.
pages/MonetizationPage.tsx(237,25): error TS1005: ',' expected.
pages/MonetizationPage.tsx(237,27): error TS1136: Property assignment expected.
pages/MonetizationPage.tsx(238,9): error TS1005: ':' expected.
pages/MonetizationPage.tsx(495,1): error TS1005: '}' expected.
pages/OptimizedHomePage.tsx(104,2): error TS1382: Unexpected token. Did you mean `{'>'}` or `&gt;`?
pages/OptimizedHomePage.tsx(106,14): error TS17002: Expected corresponding JSX closing tag for 'div'.
pages/OptimizedHomePage.tsx(132,2): error TS1382: Unexpected token. Did you mean `{'>'}` or `&gt;`?
pages/OptimizedHomePage.tsx(134,14): error TS17002: Expected corresponding JSX closing tag for 'div'.
pages/OptimizedHomePage.tsx(142,2): error TS1382: Unexpected token. Did you mean `{'>'}` or `&gt;`?
pages/OptimizedHomePage.tsx(144,14): error TS17002: Expected corresponding JSX closing tag for 'div'.
pages/OptimizedHomePage.tsx(153,2): error TS1382: Unexpected token. Did you mean `{'>'}` or `&gt;`?
pages/OptimizedHomePage.tsx(157,14): error TS17002: Expected corresponding JSX closing tag for 'div'.
pages/OptimizedHomePage.tsx(163,2): error TS1005: ')' expected.
pages/OptimizedHomePage.tsx(170,3): error TS1382: Unexpected token. Did you mean `{'>'}` or `&gt;`?
pages/OptimizedHomePage.tsx(222,3): error TS1382: Unexpected token. Did you mean `{'>'}` or `&gt;`?
pages/OptimizedHomePage.tsx(247,2): error TS1128: Declaration or statement expected.
pages/OptimizedHomePage.tsx(248,1): error TS1128: Declaration or statement expected.
pages/PlaylistDetailPage.tsx(83,42): error TS1005: ',' expected.
pages/PlaylistDetailPage.tsx(169,2): error TS1005: ')' expected.
pages/PlaylistDetailPage.tsx(173,3): error TS1382: Unexpected token. Did you mean `{'>'}` or `&gt;`?
pages/PlaylistDetailPage.tsx(174,3): error TS1381: Unexpected token. Did you mean `{'}'}` or `&rbrace;`?
pages/PlaylistDetailPage.tsx(212,2): error TS1005: '}' expected.
pages/PlaylistDetailPage.tsx(215,14): error TS17002: Expected corresponding JSX closing tag for 'div'.
pages/PlaylistDetailPage.tsx(219,2): error TS1005: '}' expected.
pages/PlaylistDetailPage.tsx(222,14): error TS17002: Expected corresponding JSX closing tag for 'div'.
pages/PlaylistDetailPage.tsx(226,2): error TS1005: ')' expected.
pages/PlaylistDetailPage.tsx(251,2): error TS1382: Unexpected token. Did you mean `{'>'}` or `&gt;`?
pages/PlaylistDetailPage.tsx(253,14): error TS17002: Expected corresponding JSX closing tag for 'div'.
pages/PlaylistDetailPage.tsx(263,2): error TS1005: ')' expected.
pages/PlaylistDetailPage.tsx(264,2): error TS1382: Unexpected token. Did you mean `{'>'}` or `&gt;`?
pages/PlaylistDetailPage.tsx(267,14): error TS17002: Expected corresponding JSX closing tag for 'li'.
pages/PlaylistDetailPage.tsx(268,2): error TS1005: ')' expected.
pages/PlaylistDetailPage.tsx(271,14): error TS17002: Expected corresponding JSX closing tag for 'ul'.
pages/PlaylistDetailPage.tsx(273,3): error TS1005: ':' expected.
pages/PlaylistDetailPage.tsx(275,2): error TS1128: Declaration or statement expected.
pages/PlaylistDetailPage.tsx(275,4): error TS1128: Declaration or statement expected.
pages/PlaylistDetailPage.tsx(281,3): error TS1128: Declaration or statement expected.
pages/PlaylistDetailPage.tsx(283,2): error TS1128: Declaration or statement expected.
pages/PlaylistDetailPage.tsx(284,1): error TS1128: Declaration or statement expected.
pages/PlaylistManagerPage.tsx(130,7): error TS1005: ',' expected.
pages/PlaylistManagerPage.tsx(285,2): error TS1382: Unexpected token. Did you mean `{'>'}` or `&gt;`?
pages/PlaylistManagerPage.tsx(288,14): error TS17002: Expected corresponding JSX closing tag for 'div'.
pages/PlaylistManagerPage.tsx(327,18): error TS1003: Identifier expected.
pages/PlaylistManagerPage.tsx(330,2): error TS1005: ',' expected.
pages/PlaylistManagerPage.tsx(330,4): error TS1381: Unexpected token. Did you mean `{'}'}` or `&rbrace;`?
pages/PlaylistManagerPage.tsx(330,7): error TS1382: Unexpected token. Did you mean `{'>'}` or `&gt;`?
pages/PlaylistManagerPage.tsx(332,2): error TS1382: Unexpected token. Did you mean `{'>'}` or `&gt;`?
pages/PlaylistManagerPage.tsx(361,2): error TS1005: '}' expected.
pages/PlaylistManagerPage.tsx(363,14): error TS17002: Expected corresponding JSX closing tag for 'div'.
pages/PlaylistManagerPage.tsx(370,2): error TS1005: '}' expected.
pages/PlaylistManagerPage.tsx(372,14): error TS17002: Expected corresponding JSX closing tag for 'div'.
pages/PlaylistManagerPage.tsx(378,4): error TS1381: Unexpected token. Did you mean `{'}'}` or `&rbrace;`?
pages/PlaylistManagerPage.tsx(382,2): error TS1005: ')' expected.
pages/PlaylistManagerPage.tsx(434,10): error TS1003: Identifier expected.
pages/PlaylistManagerPage.tsx(435,4): error TS1381: Unexpected token. Did you mean `{'}'}` or `&rbrace;`?
pages/PlaylistManagerPage.tsx(435,7): error TS1382: Unexpected token. Did you mean `{'>'}` or `&gt;`?
pages/PlaylistManagerPage.tsx(436,2): error TS1382: Unexpected token. Did you mean `{'>'}` or `&gt;`?
pages/PlaylistManagerPage.tsx(450,14): error TS17002: Expected corresponding JSX closing tag for 'Draggable'.
pages/PlaylistManagerPage.tsx(451,3): error TS1005: ',' expected.
pages/PlaylistManagerPage.tsx(452,14): error TS17002: Expected corresponding JSX closing tag for 'div'.
pages/PlaylistManagerPage.tsx(453,3): error TS1005: '}' expected.
pages/PlaylistManagerPage.tsx(453,4): error TS1381: Unexpected token. Did you mean `{'}'}` or `&rbrace;`?
pages/PlaylistManagerPage.tsx(455,14): error TS17002: Expected corresponding JSX closing tag for 'Droppable'.
pages/PlaylistManagerPage.tsx(456,3): error TS1381: Unexpected token. Did you mean `{'}'}` or `&rbrace;`?
pages/PlaylistManagerPage.tsx(457,14): error TS17002: Expected corresponding JSX closing tag for 'DragDropContext'.
pages/PlaylistManagerPage.tsx(458,14): error TS17002: Expected corresponding JSX closing tag for 'div'.
pages/PlaylistManagerPage.tsx(520,2): error TS1382: Unexpected token. Did you mean `{'>'}` or `&gt;`?
pages/PlaylistManagerPage.tsx(522,14): error TS17002: Expected corresponding JSX closing tag for 'div'.
pages/PlaylistManagerPage.tsx(527,2): error TS1382: Unexpected token. Did you mean `{'>'}` or `&gt;`?
pages/PlaylistManagerPage.tsx(529,14): error TS17002: Expected corresponding JSX closing tag for 'div'.
pages/PlaylistManagerPage.tsx(536,2): error TS1128: Declaration or statement expected.
pages/PlaylistManagerPage.tsx(537,1): error TS1128: Declaration or statement expected.
pages/PlaylistsPage.tsx(35,7): error TS1005: ',' expected.
pages/PlaylistsPage.tsx(99,2): error TS1382: Unexpected token. Did you mean `{'>'}` or `&gt;`?
pages/PlaylistsPage.tsx(102,14): error TS17002: Expected corresponding JSX closing tag for 'div'.
pages/PlaylistsPage.tsx(105,2): error TS1005: ')' expected.
pages/PlaylistsPage.tsx(164,20): error TS1003: Identifier expected.
pages/PlaylistsPage.tsx(166,2): error TS1381: Unexpected token. Did you mean `{'}'}` or `&rbrace;`?
pages/PlaylistsPage.tsx(171,3): error TS1382: Unexpected token. Did you mean `{'>'}` or `&gt;`?
pages/PlaylistsPage.tsx(202,2): error TS1128: Declaration or statement expected.
pages/PlaylistsPage.tsx(203,1): error TS1128: Declaration or statement expected.
pages/RefactoredContentManagerPage.tsx(94,3): error TS1005: ',' expected.
pages/RefactoredContentManagerPage.tsx(97,8): error TS1005: ':' expected.
pages/RefactoredContentManagerPage.tsx(110,4): error TS1005: ',' expected.
pages/RefactoredContentManagerPage.tsx(113,8): error TS1005: ':' expected.
pages/RefactoredContentManagerPage.tsx(165,42): error TS1005: ',' expected.
pages/RefactoredContentManagerPage.tsx(168,8): error TS1005: ':' expected.
pages/RefactoredContentManagerPage.tsx(168,87): error TS1005: ',' expected.
pages/RefactoredContentManagerPage.tsx(171,8): error TS1005: ':' expected.
pages/RefactoredContentManagerPage.tsx(177,3): error TS1005: ',' expected.
pages/RefactoredContentManagerPage.tsx(180,8): error TS1005: ':' expected.
pages/RefactoredContentManagerPage.tsx(191,3): error TS1005: ',' expected.
pages/RefactoredContentManagerPage.tsx(218,8): error TS1005: ':' expected.
pages/RefactoredContentManagerPage.tsx(218,32): error TS1005: ',' expected.
pages/RefactoredContentManagerPage.tsx(294,18): error TS1161: Unterminated regular expression literal.
pages/RefactoredContentManagerPage.tsx(295,10): error TS1005: '}' expected.
pages/RefactoredContentManagerPage.tsx(297,14): error TS17002: Expected corresponding JSX closing tag for 'StandardPageLayout'.
pages/RefactoredContentManagerPage.tsx(298,2): error TS1005: ')' expected.
pages/RefactoredContentManagerPage.tsx(300,2): error TS1136: Property assignment expected.
pages/RefactoredContentManagerPage.tsx(300,7): error TS1005: ';' expected.
pages/RefactoredContentManagerPage.tsx(301,2): error TS2657: JSX expressions must have one parent element.
pages/RefactoredContentManagerPage.tsx(317,2): error TS1005: ',' expected.
pages/RefactoredContentManagerPage.tsx(360,11): error TS1136: Property assignment expected.
pages/RefactoredContentManagerPage.tsx(360,14): error TS1005: ';' expected.
pages/RefactoredContentManagerPage.tsx(360,44): error TS1128: Declaration or statement expected.
pages/RefactoredContentManagerPage.tsx(370,3): error TS1109: Expression expected.
pages/RefactoredContentManagerPage.tsx(375,28): error TS1109: Expression expected.
pages/RefactoredContentManagerPage.tsx(376,9): error TS1005: ';' expected.
pages/RefactoredContentManagerPage.tsx(390,3): error TS1109: Expression expected.
pages/RefactoredContentManagerPage.tsx(393,2): error TS1109: Expression expected.
pages/RefactoredTrendingPage.tsx(25,78): error TS1136: Property assignment expected.
pages/RefactoredTrendingPage.tsx(63,19): error TS1161: Unterminated regular expression literal.
pages/RefactoredTrendingPage.tsx(64,7): error TS1005: '}' expected.
pages/RefactoredTrendingPage.tsx(76,14): error TS17002: Expected corresponding JSX closing tag for 'StandardPageLayout'.
pages/RefactoredTrendingPage.tsx(77,2): error TS1005: ')' expected.
pages/RefactoredTrendingPage.tsx(78,2): error TS1109: Expression expected.
pages/RefactoredTrendingPage.tsx(92,2): error TS1128: Declaration or statement expected.
pages/RefactoredTrendingPage.tsx(93,1): error TS1128: Declaration or statement expected.
pages/RegisterPage.tsx(249,1): error TS1005: '}' expected.
pages/SearchResultsPage.tsx(87,21): error TS1005: ',' expected.
pages/SearchResultsPage.tsx(87,86): error TS1005: ';' expected.
pages/SearchResultsPage.tsx(100,2): error TS1128: Declaration or statement expected.
pages/SearchResultsPage.tsx(100,4): error TS1128: Declaration or statement expected.
pages/SearchResultsPage.tsx(103,21): error TS1005: ',' expected.
pages/SearchResultsPage.tsx(103,86): error TS1005: ';' expected.
pages/SearchResultsPage.tsx(121,2): error TS1128: Declaration or statement expected.
pages/SearchResultsPage.tsx(121,4): error TS1005: 'try' expected.
pages/SearchResultsPage.tsx(132,4): error TS1128: Declaration or statement expected.
pages/SearchResultsPage.tsx(132,8): error TS1005: ';' expected.
pages/SearchResultsPage.tsx(174,2): error TS1005: '}' expected.
pages/SearchResultsPage.tsx(174,3): error TS1382: Unexpected token. Did you mean `{'>'}` or `&gt;`?
pages/SearchResultsPage.tsx(178,1): error TS1128: Declaration or statement expected.
pages/SettingsPage.tsx(19,32): error TS1131: Property or signature expected.
pages/SettingsPage.tsx(20,7): error TS1005: '>' expected.
pages/SettingsPage.tsx(21,14): error TS1109: Expression expected.
pages/SettingsPage.tsx(22,19): error TS1005: ';' expected.
pages/SettingsPage.tsx(23,1): error TS1109: Expression expected.
pages/SettingsPage.tsx(23,2): error TS1109: Expression expected.
pages/SettingsPage.tsx(23,4): error TS1109: Expression expected.
pages/SettingsPage.tsx(40,2): error TS1382: Unexpected token. Did you mean `{'>'}` or `&gt;`?
pages/SettingsPage.tsx(43,10): error TS1003: Identifier expected.
pages/SettingsPage.tsx(44,2): error TS1381: Unexpected token. Did you mean `{'}'}` or `&rbrace;`?
pages/SettingsPage.tsx(44,4): error TS1381: Unexpected token. Did you mean `{'}'}` or `&rbrace;`?
pages/SettingsPage.tsx(44,7): error TS1382: Unexpected token. Did you mean `{'>'}` or `&gt;`?
pages/SettingsPage.tsx(45,3): error TS1382: Unexpected token. Did you mean `{'>'}` or `&gt;`?
pages/SettingsPage.tsx(46,14): error TS17002: Expected corresponding JSX closing tag for 'div'.
pages/SettingsPage.tsx(84,39): error TS1005: ',' expected.
pages/SettingsPage.tsx(94,2): error TS2657: JSX expressions must have one parent element.
pages/SettingsPage.tsx(108,3): error TS17008: JSX element 'SettingSection' has no corresponding closing tag.
pages/SettingsPage.tsx(119,2): error TS1382: Unexpected token. Did you mean `{'>'}` or `&gt;`?
pages/SettingsPage.tsx(123,14): error TS17002: Expected corresponding JSX closing tag for 'div'.
pages/SettingsPage.tsx(131,2): error TS1382: Unexpected token. Did you mean `{'>'}` or `&gt;`?
pages/SettingsPage.tsx(135,14): error TS17002: Expected corresponding JSX closing tag for 'div'.
pages/SettingsPage.tsx(164,3): error TS1382: Unexpected token. Did you mean `{'>'}` or `&gt;`?
pages/SettingsPage.tsx(179,3): error TS1382: Unexpected token. Did you mean `{'>'}` or `&gt;`?
pages/SettingsPage.tsx(188,3): error TS1382: Unexpected token. Did you mean `{'>'}` or `&gt;`?
pages/ShortsPage.tsx(188,3): error TS1128: Declaration or statement expected.
pages/ShortsPage.tsx(188,7): error TS1005: ';' expected.
pages/ShortsPage.tsx(212,3): error TS1128: Declaration or statement expected.
pages/ShortsPage.tsx(237,3): error TS1128: Declaration or statement expected.
pages/ShortsPage.tsx(327,4): error TS1005: 'try' expected.
pages/ShortsPage.tsx(336,3): error TS1128: Declaration or statement expected.
pages/ShortsPage.tsx(336,7): error TS1005: ';' expected.
pages/ShortsPage.tsx(405,3): error TS1128: Declaration or statement expected.
pages/ShortsPage.tsx(405,112): error TS1005: ';' expected.
pages/ShortsPage.tsx(434,3): error TS1128: Declaration or statement expected.
pages/ShortsPage.tsx(434,39): error TS1005: ';' expected.
pages/ShortsPage.tsx(453,3): error TS1128: Declaration or statement expected.
pages/ShortsPage.tsx(453,20): error TS1005: ';' expected.
pages/ShortsPage.tsx(498,3): error TS1128: Declaration or statement expected.
pages/ShortsPage.tsx(536,2): error TS1382: Unexpected token. Did you mean `{'>'}` or `&gt;`?
pages/ShortsPage.tsx(538,14): error TS17002: Expected corresponding JSX closing tag for 'div'.
pages/ShortsPage.tsx(543,2): error TS1382: Unexpected token. Did you mean `{'>'}` or `&gt;`?
pages/ShortsPage.tsx(545,14): error TS17002: Expected corresponding JSX closing tag for 'div'.
pages/ShortsPage.tsx(549,2): error TS1005: ')' expected.
pages/ShortsPage.tsx(564,2): error TS1382: Unexpected token. Did you mean `{'>'}` or `&gt;`?
pages/ShortsPage.tsx(566,14): error TS17002: Expected corresponding JSX closing tag for 'div'.
pages/ShortsPage.tsx(577,2): error TS1005: ')' expected.
pages/ShortsPage.tsx(577,11): error TS1136: Property assignment expected.
pages/ShortsPage.tsx(577,14): error TS1005: ';' expected.
pages/ShortsPage.tsx(577,38): error TS1128: Declaration or statement expected.
pages/ShortsPage.tsx(578,2): error TS1161: Unterminated regular expression literal.
pages/ShortsPage.tsx(579,2): error TS1128: Declaration or statement expected.
pages/ShortsPage.tsx(579,3): error TS1128: Declaration or statement expected.
pages/ShortsPage.tsx(584,18): error TS1136: Property assignment expected.
pages/ShortsPage.tsx(584,21): error TS1005: ';' expected.
pages/ShortsPage.tsx(588,2): error TS1161: Unterminated regular expression literal.
pages/ShortsPage.tsx(590,2): error TS1128: Declaration or statement expected.
pages/ShortsPage.tsx(591,2): error TS1128: Declaration or statement expected.
pages/ShortsPage.tsx(606,2): error TS1382: Unexpected token. Did you mean `{'>'}` or `&gt;`?
pages/ShortsPage.tsx(608,14): error TS17002: Expected corresponding JSX closing tag for 'div'.
pages/ShortsPage.tsx(615,2): error TS1382: Unexpected token. Did you mean `{'>'}` or `&gt;`?
pages/ShortsPage.tsx(617,14): error TS17002: Expected corresponding JSX closing tag for 'div'.
pages/ShortsPage.tsx(621,2): error TS1005: ')' expected.
pages/ShortsPage.tsx(636,2): error TS1382: Unexpected token. Did you mean `{'>'}` or `&gt;`?
pages/ShortsPage.tsx(638,14): error TS17002: Expected corresponding JSX closing tag for 'div'.
pages/ShortsPage.tsx(649,2): error TS1005: ')' expected.
pages/ShortsPage.tsx(649,11): error TS1136: Property assignment expected.
pages/ShortsPage.tsx(649,14): error TS1005: ';' expected.
pages/ShortsPage.tsx(650,2): error TS1161: Unterminated regular expression literal.
pages/ShortsPage.tsx(651,2): error TS1128: Declaration or statement expected.
pages/ShortsPage.tsx(651,3): error TS1128: Declaration or statement expected.
pages/ShortsPage.tsx(661,3): error TS1382: Unexpected token. Did you mean `{'>'}` or `&gt;`?
pages/ShortsPage.tsx(683,2): error TS1005: '}' expected.
pages/ShortsPage.tsx(684,3): error TS1382: Unexpected token. Did you mean `{'>'}` or `&gt;`?
pages/ShortsPage.tsx(692,11): error TS1136: Property assignment expected.
pages/ShortsPage.tsx(692,14): error TS1005: ';' expected.
pages/ShortsPage.tsx(696,34): error TS1005: ',' expected.
pages/ShortsPage.tsx(696,39): error TS1005: ',' expected.
pages/ShortsPage.tsx(696,44): error TS1128: Declaration or statement expected.
pages/ShortsPage.tsx(697,37): error TS1005: ',' expected.
pages/ShortsPage.tsx(697,45): error TS1005: ',' expected.
pages/ShortsPage.tsx(697,61): error TS1128: Declaration or statement expected.
pages/ShortsPage.tsx(699,3): error TS1109: Expression expected.
pages/ShortsPage.tsx(701,2): error TS1109: Expression expected.
pages/ShortsPage.tsx(702,1): error TS1128: Declaration or statement expected.
pages/StudioDashboardPage.tsx(355,1): error TS1005: '}' expected.
pages/StudioPage.tsx(439,1): error TS1005: '}' expected.
pages/SubscriptionsPage.tsx(152,2): error TS1382: Unexpected token. Did you mean `{'>'}` or `&gt;`?
pages/SubscriptionsPage.tsx(155,14): error TS17002: Expected corresponding JSX closing tag for 'div'.
pages/SubscriptionsPage.tsx(163,2): error TS1382: Unexpected token. Did you mean `{'>'}` or `&gt;`?
pages/SubscriptionsPage.tsx(165,14): error TS17002: Expected corresponding JSX closing tag for 'div'.
pages/SubscriptionsPage.tsx(171,2): error TS1382: Unexpected token. Did you mean `{'>'}` or `&gt;`?
pages/SubscriptionsPage.tsx(173,14): error TS17002: Expected corresponding JSX closing tag for 'div'.
pages/SubscriptionsPage.tsx(178,2): error TS1005: ')' expected.
pages/SubscriptionsPage.tsx(245,2): error TS1382: Unexpected token. Did you mean `{'>'}` or `&gt;`?
pages/SubscriptionsPage.tsx(251,14): error TS17002: Expected corresponding JSX closing tag for 'div'.
pages/SubscriptionsPage.tsx(258,2): error TS1382: Unexpected token. Did you mean `{'>'}` or `&gt;`?
pages/SubscriptionsPage.tsx(260,14): error TS17002: Expected corresponding JSX closing tag for 'div'.
pages/SubscriptionsPage.tsx(329,3): error TS1109: Expression expected.
pages/SubscriptionsPage.tsx(330,2): error TS1109: Expression expected.
pages/SubscriptionsPage.tsx(337,2): error TS1128: Declaration or statement expected.
pages/SubscriptionsPage.tsx(338,1): error TS1128: Declaration or statement expected.
pages/TrendingPage.tsx(31,2): error TS1005: ')' expected.
pages/TrendingPage.tsx(31,8): error TS1136: Property assignment expected.
pages/TrendingPage.tsx(31,18): error TS1005: ';' expected.
pages/TrendingPage.tsx(31,52): error TS1109: Expression expected.
pages/TrendingPage.tsx(31,53): error TS1109: Expression expected.
pages/TrendingPage.tsx(35,14): error TS1136: Property assignment expected.
pages/TrendingPage.tsx(37,9): error TS1005: ';' expected.
pages/TrendingPage.tsx(38,17): error TS1136: Property assignment expected.
pages/TrendingPage.tsx(38,31): error TS1005: ';' expected.
pages/TrendingPage.tsx(38,55): error TS1005: ';' expected.
pages/TrendingPage.tsx(38,87): error TS1005: ';' expected.
pages/TrendingPage.tsx(38,126): error TS1109: Expression expected.
pages/TrendingPage.tsx(38,127): error TS1109: Expression expected.
pages/TrendingPage.tsx(39,2): error TS1109: Expression expected.
pages/TrendingPage.tsx(40,3): error TS1136: Property assignment expected.
pages/TrendingPage.tsx(40,12): error TS1005: ';' expected.
pages/TrendingPage.tsx(40,50): error TS1128: Declaration or statement expected.
pages/TrendingPage.tsx(42,2): error TS1128: Declaration or statement expected.
pages/TrendingPage.tsx(43,1): error TS1128: Declaration or statement expected.
pages/UploadPage.tsx(97,9): error TS1005: ',' expected.
pages/UploadPage.tsx(98,10): error TS1005: ';' expected.
pages/UploadPage.tsx(99,8): error TS1005: ';' expected.
pages/UploadPage.tsx(100,2): error TS1005: ')' expected.
pages/UploadPage.tsx(102,26): error TS1005: ',' expected.
pages/UploadPage.tsx(103,5): error TS1134: Variable declaration expected.
pages/UploadPage.tsx(103,8): error TS1005: ';' expected.
pages/UploadPage.tsx(108,9): error TS1005: ',' expected.
pages/UploadPage.tsx(109,8): error TS1005: ';' expected.
pages/UploadPage.tsx(109,24): error TS1005: ')' expected.
pages/UploadPage.tsx(110,2): error TS1128: Declaration or statement expected.
pages/UploadPage.tsx(110,3): error TS1128: Declaration or statement expected.
pages/UploadPage.tsx(110,9): error TS1005: ';' expected.
pages/UploadPage.tsx(111,2): error TS1128: Declaration or statement expected.
pages/UploadPage.tsx(195,2): error TS1382: Unexpected token. Did you mean `{'>'}` or `&gt;`?
pages/UploadPage.tsx(198,14): error TS17002: Expected corresponding JSX closing tag for 'div'.
pages/UploadPage.tsx(211,2): error TS2657: JSX expressions must have one parent element.
pages/UploadPage.tsx(227,3): error TS1109: Expression expected.
pages/UploadPage.tsx(241,3): error TS1382: Unexpected token. Did you mean `{'>'}` or `&gt;`?
pages/UploadPage.tsx(350,2): error TS1382: Unexpected token. Did you mean `{'>'}` or `&gt;`?
pages/UploadPage.tsx(352,14): error TS17002: Expected corresponding JSX closing tag for 'span'.
pages/UploadPage.tsx(478,2): error TS1382: Unexpected token. Did you mean `{'>'}` or `&gt;`?
pages/UploadPage.tsx(480,14): error TS17002: Expected corresponding JSX closing tag for 'div'.
pages/UploadPage.tsx(512,1): error TS1005: '}' expected.
pages/UserPage.tsx(45,22): error TS1005: ',' expected.
pages/UserPage.tsx(173,2): error TS1382: Unexpected token. Did you mean `{'>'}` or `&gt;`?
pages/UserPage.tsx(182,14): error TS17002: Expected corresponding JSX closing tag for 'div'.
pages/UserPage.tsx(189,2): error TS1005: ')' expected.
pages/UserPage.tsx(192,2): error TS1382: Unexpected token. Did you mean `{'>'}` or `&gt;`?
pages/UserPage.tsx(194,14): error TS17002: Expected corresponding JSX closing tag for 'div'.
pages/UserPage.tsx(195,3): error TS1381: Unexpected token. Did you mean `{'}'}` or `&rbrace;`?
pages/UserPage.tsx(200,2): error TS1005: ')' expected.
pages/UserPage.tsx(201,3): error TS17008: JSX element 'div' has no corresponding closing tag.
pages/UserPage.tsx(202,3): error TS17008: JSX element 'nav' has no corresponding closing tag.
pages/UserPage.tsx(210,2): error TS1005: ')' expected.
pages/UserPage.tsx(213,3): error TS1005: ',' expected.
pages/UserPage.tsx(233,1): error TS1005: ')' expected.
pages/UserPage.tsx(233,1): error TS1005: '</' expected.
pages/UserPage.tsx(233,1): error TS1160: Unterminated template literal.
pages/VideoEditorPage.tsx(221,25): error TS1005: ',' expected.
pages/VideoEditorPage.tsx(223,16): error TS1005: ';' expected.
pages/VideoEditorPage.tsx(225,9): error TS1005: ';' expected.
pages/VideoEditorPage.tsx(226,5): error TS1005: ';' expected.
pages/VideoEditorPage.tsx(226,27): error TS1128: Declaration or statement expected.
pages/VideoEditorPage.tsx(227,40): error TS1005: ')' expected.
pages/VideoEditorPage.tsx(243,3): error TS1128: Declaration or statement expected.
pages/VideoEditorPage.tsx(244,5): error TS1134: Variable declaration expected.
pages/VideoEditorPage.tsx(244,8): error TS1005: ';' expected.
pages/VideoEditorPage.tsx(282,2): error TS2657: JSX expressions must have one parent element.
pages/VideoEditorPage.tsx(298,2): error TS1382: Unexpected token. Did you mean `{'>'}` or `&gt;`?
pages/VideoEditorPage.tsx(301,14): error TS17002: Expected corresponding JSX closing tag for 'div'.
pages/VideoEditorPage.tsx(305,2): error TS1382: Unexpected token. Did you mean `{'>'}` or `&gt;`?
pages/VideoEditorPage.tsx(308,14): error TS17002: Expected corresponding JSX closing tag for 'div'.
pages/VideoEditorPage.tsx(312,2): error TS1382: Unexpected token. Did you mean `{'>'}` or `&gt;`?
pages/VideoEditorPage.tsx(315,14): error TS17002: Expected corresponding JSX closing tag for 'div'.
pages/VideoEditorPage.tsx(320,2): error TS1382: Unexpected token. Did you mean `{'>'}` or `&gt;`?
pages/VideoEditorPage.tsx(323,14): error TS17002: Expected corresponding JSX closing tag for 'div'.
pages/VideoEditorPage.tsx(340,2): error TS1382: Unexpected token. Did you mean `{'>'}` or `&gt;`?
pages/VideoEditorPage.tsx(342,14): error TS17002: Expected corresponding JSX closing tag for 'div'.
pages/VideoEditorPage.tsx(351,2): error TS1382: Unexpected token. Did you mean `{'>'}` or `&gt;`?
pages/VideoEditorPage.tsx(357,14): error TS17002: Expected corresponding JSX closing tag for 'div'.
pages/VideoEditorPage.tsx(377,2): error TS1005: ')' expected.
pages/VideoEditorPage.tsx(378,2): error TS2657: JSX expressions must have one parent element.
pages/VideoEditorPage.tsx(386,2): error TS1382: Unexpected token. Did you mean `{'>'}` or `&gt;`?
pages/VideoEditorPage.tsx(388,14): error TS17002: Expected corresponding JSX closing tag for 'div'.
pages/VideoEditorPage.tsx(393,2): error TS1382: Unexpected token. Did you mean `{'>'}` or `&gt;`?
pages/VideoEditorPage.tsx(395,14): error TS17002: Expected corresponding JSX closing tag for 'div'.
pages/VideoEditorPage.tsx(404,2): error TS1005: ')' expected.
pages/VideoEditorPage.tsx(407,2): error TS1005: ',' expected.
pages/VideoEditorPage.tsx(407,4): error TS1381: Unexpected token. Did you mean `{'}'}` or `&rbrace;`?
pages/VideoEditorPage.tsx(408,2): error TS1382: Unexpected token. Did you mean `{'>'}` or `&gt;`?
pages/VideoEditorPage.tsx(410,14): error TS17002: Expected corresponding JSX closing tag for 'div'.
pages/VideoEditorPage.tsx(411,2): error TS1128: Declaration or statement expected.
pages/VideoEditorPage.tsx(411,3): error TS1128: Declaration or statement expected.
pages/VideoEditorPage.tsx(461,15): error TS1003: Identifier expected.
pages/VideoEditorPage.tsx(462,2): error TS1005: ')' expected.
pages/VideoEditorPage.tsx(462,31): error TS1381: Unexpected token. Did you mean `{'}'}` or `&rbrace;`?
pages/VideoEditorPage.tsx(465,66): error TS1109: Expression expected.
pages/VideoEditorPage.tsx(467,15): error TS1005: '}' expected.
pages/VideoEditorPage.tsx(468,2): error TS1382: Unexpected token. Did you mean `{'>'}` or `&gt;`?
pages/VideoEditorPage.tsx(482,4): error TS1381: Unexpected token. Did you mean `{'}'}` or `&rbrace;`?
pages/VideoEditorPage.tsx(513,3): error TS1382: Unexpected token. Did you mean `{'>'}` or `&gt;`?
pages/VideoEditorPage.tsx(523,3): error TS1382: Unexpected token. Did you mean `{'>'}` or `&gt;`?
pages/VideoEditorPage.tsx(546,2): error TS1382: Unexpected token. Did you mean `{'>'}` or `&gt;`?
pages/VideoEditorPage.tsx(549,14): error TS17002: Expected corresponding JSX closing tag for 'div'.
pages/VideoEditorPage.tsx(557,2): error TS1005: '}' expected.
pages/VideoEditorPage.tsx(558,2): error TS1382: Unexpected token. Did you mean `{'>'}` or `&gt;`?
pages/VideoEditorPage.tsx(561,14): error TS17015: Expected corresponding closing tag for JSX fragment.
pages/VideoEditorPage.tsx(564,2): error TS1109: Expression expected.
pages/VideoEditorPage.tsx(564,3): error TS1005: '}' expected.
pages/VideoEditorPage.tsx(565,2): error TS1381: Unexpected token. Did you mean `{'}'}` or `&rbrace;`?
pages/VideoEditorPage.tsx(565,6): error TS1381: Unexpected token. Did you mean `{'}'}` or `&rbrace;`?
pages/VideoEditorPage.tsx(615,2): error TS1128: Declaration or statement expected.
pages/VideoEditorPage.tsx(616,1): error TS1128: Declaration or statement expected.
pages/VideoUploadPage.tsx(111,43): error TS1005: ',' expected.
pages/VideoUploadPage.tsx(111,50): error TS1005: ',' expected.
pages/VideoUploadPage.tsx(113,3): error TS1128: Declaration or statement expected.
pages/VideoUploadPage.tsx(121,2): error TS1128: Declaration or statement expected.
pages/VideoUploadPage.tsx(121,4): error TS1005: 'try' expected.
pages/VideoUploadPage.tsx(136,3): error TS17008: JSX element 'form' has no corresponding closing tag.
pages/VideoUploadPage.tsx(147,2): error TS1003: Identifier expected.
pages/VideoUploadPage.tsx(149,2): error TS1005: ')' expected.
pages/VideoUploadPage.tsx(149,4): error TS1381: Unexpected token. Did you mean `{'}'}` or `&rbrace;`?
pages/VideoUploadPage.tsx(152,23): error TS1382: Unexpected token. Did you mean `{'>'}` or `&gt;`?
pages/VideoUploadPage.tsx(153,2): error TS1382: Unexpected token. Did you mean `{'>'}` or `&gt;`?
pages/VideoUploadPage.tsx(200,3): error TS1381: Unexpected token. Did you mean `{'}'}` or `&rbrace;`?
pages/VideoUploadPage.tsx(213,2): error TS1005: '}' expected.
pages/VideoUploadPage.tsx(213,3): error TS1382: Unexpected token. Did you mean `{'>'}` or `&gt;`?
pages/VideoUploadPage.tsx(229,15): error TS1003: Identifier expected.
pages/VideoUploadPage.tsx(229,22): error TS1382: Unexpected token. Did you mean `{'>'}` or `&gt;`?
pages/VideoUploadPage.tsx(229,48): error TS1005: '}' expected.
pages/VideoUploadPage.tsx(229,65): error TS1381: Unexpected token. Did you mean `{'}'}` or `&rbrace;`?
pages/VideoUploadPage.tsx(230,18): error TS1382: Unexpected token. Did you mean `{'>'}` or `&gt;`?
pages/VideoUploadPage.tsx(230,44): error TS1005: '}' expected.
pages/VideoUploadPage.tsx(230,49): error TS1381: Unexpected token. Did you mean `{'}'}` or `&rbrace;`?
pages/VideoUploadPage.tsx(231,2): error TS1381: Unexpected token. Did you mean `{'}'}` or `&rbrace;`?
pages/VideoUploadPage.tsx(234,3): error TS1382: Unexpected token. Did you mean `{'>'}` or `&gt;`?
pages/VideoUploadPage.tsx(296,2): error TS1005: '}' expected.
pages/VideoUploadPage.tsx(296,3): error TS1382: Unexpected token. Did you mean `{'>'}` or `&gt;`?
pages/VideoUploadPage.tsx(351,2): error TS1005: '}' expected.
pages/VideoUploadPage.tsx(397,10): error TS1003: Identifier expected.
pages/VideoUploadPage.tsx(402,2): error TS1381: Unexpected token. Did you mean `{'}'}` or `&rbrace;`?
pages/VideoUploadPage.tsx(402,4): error TS1381: Unexpected token. Did you mean `{'}'}` or `&rbrace;`?
pages/VideoUploadPage.tsx(403,57): error TS1109: Expression expected.
pages/VideoUploadPage.tsx(404,2): error TS1161: Unterminated regular expression literal.
pages/VideoUploadPage.tsx(407,2): error TS1005: '}' expected.
pages/VideoUploadPage.tsx(430,14): error TS17002: Expected corresponding JSX closing tag for 'div'.
pages/VideoUploadPage.tsx(435,1): error TS1128: Declaration or statement expected.
pages/WatchPage.tsx(206,2): error TS1382: Unexpected token. Did you mean `{'>'}` or `&gt;`?
pages/WatchPage.tsx(208,14): error TS17002: Expected corresponding JSX closing tag for 'div'.
pages/WatchPage.tsx(233,3): error TS1109: Expression expected.
pages/WatchPage.tsx(234,2): error TS1109: Expression expected.
pages/WatchPage.tsx(243,3): error TS1109: Expression expected.
pages/WatchPage.tsx(244,2): error TS1109: Expression expected.
pages/WatchPage.tsx(251,3): error TS1109: Expression expected.
pages/WatchPage.tsx(252,2): error TS1109: Expression expected.
pages/WatchPage.tsx(277,2): error TS1005: '}' expected.
pages/WatchPage.tsx(279,3): error TS1382: Unexpected token. Did you mean `{'>'}` or `&gt;`?
pages/WatchPage.tsx(295,3): error TS1382: Unexpected token. Did you mean `{'>'}` or `&gt;`?
pages/WatchPage.tsx(302,3): error TS1382: Unexpected token. Did you mean `{'>'}` or `&gt;`?
pages/WatchPage.tsx(326,3): error TS1382: Unexpected token. Did you mean `{'>'}` or `&gt;`?
pages/WatchPage.tsx(338,2): error TS1005: '}' expected.
pages/WatchPage.tsx(338,3): error TS1382: Unexpected token. Did you mean `{'>'}` or `&gt;`?
pages/WatchPage.tsx(352,3): error TS1382: Unexpected token. Did you mean `{'>'}` or `&gt;`?
pages/YourDataPage.tsx(16,40): error TS1005: ',' expected.
pages/YourDataPage.tsx(38,7): error TS1005: ',' expected.
pages/YourDataPage.tsx(96,2): error TS2657: JSX expressions must have one parent element.
pages/YourDataPage.tsx(114,2): error TS1382: Unexpected token. Did you mean `{'>'}` or `&gt;`?
pages/YourDataPage.tsx(116,14): error TS17002: Expected corresponding JSX closing tag for 'div'.
pages/YourDataPage.tsx(125,2): error TS1382: Unexpected token. Did you mean `{'>'}` or `&gt;`?
pages/YourDataPage.tsx(128,14): error TS17002: Expected corresponding JSX closing tag for 'div'.
pages/YourDataPage.tsx(133,2): error TS2657: JSX expressions must have one parent element.
pages/YourDataPage.tsx(141,2): error TS2657: JSX expressions must have one parent element.
pages/YourDataPage.tsx(160,2): error TS1382: Unexpected token. Did you mean `{'>'}` or `&gt;`?
pages/YourDataPage.tsx(163,14): error TS17002: Expected corresponding JSX closing tag for 'div'.
pages/YourDataPage.tsx(167,2): error TS1382: Unexpected token. Did you mean `{'>'}` or `&gt;`?
pages/YourDataPage.tsx(170,14): error TS17002: Expected corresponding JSX closing tag for 'div'.
pages/YourDataPage.tsx(183,3): error TS1382: Unexpected token. Did you mean `{'>'}` or `&gt;`?
pages/YourDataPage.tsx(193,3): error TS1382: Unexpected token. Did you mean `{'>'}` or `&gt;`?
pages/YourDataPage.tsx(203,3): error TS1382: Unexpected token. Did you mean `{'>'}` or `&gt;`?
pages/YourDataPage.tsx(219,1): error TS1005: '}' expected.
scripts/comprehensive-refactor-optimizer.js(3,1): error TS18026: '#!' can only be used at the start of a file.
scripts/comprehensive-refactor-optimizer.js(3,16): error TS1005: ';' expected.
scripts/fix-commented-imports.js(2,1): error TS18026: '#!' can only be used at the start of a file.
scripts/fix-commented-imports.js(2,16): error TS1005: ';' expected.
scripts/fix-ts2304-simple.js(2,1): error TS18026: '#!' can only be used at the start of a file.
scripts/fix-ts2304-simple.js(2,16): error TS1005: ';' expected.
scripts/fix-ts2339-simple.js(2,1): error TS18026: '#!' can only be used at the start of a file.
scripts/fix-ts2339-simple.js(2,16): error TS1005: ';' expected.
scripts/fix-ts7006-simple.js(2,1): error TS18026: '#!' can only be used at the start of a file.
scripts/fix-ts7006-simple.js(2,16): error TS1005: ';' expected.
scripts/typescript-error-orchestrator-v2.js(2,1): error TS18026: '#!' can only be used at the start of a file.
scripts/typescript-error-orchestrator-v2.js(2,16): error TS1005: ';' expected.
scripts/typescript-error-orchestrator.js(2,1): error TS18026: '#!' can only be used at the start of a file.
scripts/typescript-error-orchestrator.js(2,16): error TS1005: ';' expected.
scripts/typescript-error-orchestrator.js(225,18): error TS1005: ',' expected.
scripts/typescript-error-orchestrator.js(225,19): error TS1005: ',' expected.
scripts/typescript-error-orchestrator.js(225,26): error TS1005: ',' expected.
scripts/typescript-error-orchestrator.js(225,32): error TS1005: ':' expected.
scripts/typescript-error-orchestrator.js(225,33): error TS1005: ',' expected.
scripts/typescript-error-orchestrator.js(225,34): error TS1005: ',' expected.
scripts/typescript-error-orchestrator.js(225,43): error TS1005: ',' expected.
scripts/typescript-error-orchestrator.js(225,44): error TS1005: ',' expected.
scripts/typescript-error-orchestrator.js(225,53): error TS1005: ',' expected.
scripts/typescript-error-orchestrator.js(225,54): error TS1005: ',' expected.
scripts/typescript-error-orchestrator.js(225,61): error TS1005: ',' expected.
scripts/typescript-error-orchestrator.js(225,68): error TS1005: ',' expected.
scripts/typescript-error-orchestrator.js(262,17): error TS1005: ';' expected.
scripts/typescript-error-orchestrator.js(262,22): error TS1434: Unexpected keyword or identifier.
scripts/typescript-error-orchestrator.js(262,33): error TS1434: Unexpected keyword or identifier.
scripts/typescript-error-orchestrator.js(278,19): error TS1005: ';' expected.
scripts/typescript-error-orchestrator.js(278,25): error TS1434: Unexpected keyword or identifier.
scripts/typescript-error-orchestrator.js(278,40): error TS1109: Expression expected.
scripts/typescript-error-orchestrator.js(278,44): error TS1005: ';' expected.
scripts/typescript-error-orchestrator.js(284,17): error TS1005: ';' expected.
scripts/typescript-error-orchestrator.js(284,23): error TS1434: Unexpected keyword or identifier.
scripts/typescript-error-orchestrator.js(284,30): error TS1434: Unexpected keyword or identifier.
scripts/typescript-error-orchestrator.js(284,43): error TS1128: Declaration or statement expected.
scripts/typescript-error-orchestrator.js(284,45): error TS1434: Unexpected keyword or identifier.
scripts/typescript-error-orchestrator.js(299,15): error TS1005: ';' expected.
scripts/typescript-error-orchestrator.js(299,21): error TS1434: Unexpected keyword or identifier.
scripts/typescript-error-orchestrator.js(299,38): error TS1434: Unexpected keyword or identifier.
scripts/typescript-error-orchestrator.js(299,53): error TS1434: Unexpected keyword or identifier.
scripts/typescript-error-orchestrator.js(299,60): error TS1434: Unexpected keyword or identifier.
scripts/typescript-error-orchestrator.js(299,66): error TS1443: Module declaration names may only use ' or " quoted strings.
scripts/typescript-error-orchestrator.js(309,15): error TS1127: Invalid character.
scripts/typescript-error-orchestrator.js(309,15): error TS1128: Declaration or statement expected.
scripts/typescript-error-orchestrator.js(309,16): error TS1127: Invalid character.
scripts/typescript-error-orchestrator.js(309,18): error TS1127: Invalid character.
scripts/typescript-error-orchestrator.js(310,15): error TS1127: Invalid character.
scripts/typescript-error-orchestrator.js(310,17): error TS1434: Unexpected keyword or identifier.
scripts/typescript-error-orchestrator.js(310,23): error TS1434: Unexpected keyword or identifier.
scripts/typescript-error-orchestrator.js(310,43): error TS1443: Module declaration names may only use ' or " quoted strings.
scripts/typescript-error-orchestrator.js(311,15): error TS1127: Invalid character.
scripts/typescript-error-orchestrator.js(311,15): error TS1128: Declaration or statement expected.
scripts/typescript-error-orchestrator.js(311,17): error TS1434: Unexpected keyword or identifier.
scripts/typescript-error-orchestrator.js(311,33): error TS1434: Unexpected keyword or identifier.
scripts/typescript-error-orchestrator.js(314,17): error TS1127: Invalid character.
scripts/typescript-error-orchestrator.js(314,19): error TS1434: Unexpected keyword or identifier.
scripts/typescript-error-orchestrator.js(314,32): error TS1434: Unexpected keyword or identifier.
scripts/typescript-error-orchestrator.js(322,17): error TS1127: Invalid character.
scripts/typescript-error-orchestrator.js(322,18): error TS1127: Invalid character.
scripts/typescript-error-orchestrator.js(322,20): error TS1434: Unexpected keyword or identifier.
scripts/typescript-error-orchestrator.js(322,46): error TS1434: Unexpected keyword or identifier.
scripts/typescript-error-orchestrator.js(322,61): error TS1434: Unexpected keyword or identifier.
scripts/typescript-error-orchestrator.js(322,68): error TS1434: Unexpected keyword or identifier.
scripts/typescript-error-orchestrator.js(322,80): error TS1443: Module declaration names may only use ' or " quoted strings.
scripts/typescript-error-orchestrator.js(329,24): error TS1005: ',' expected.
scripts/typescript-error-orchestrator.js(329,35): error TS1005: ',' expected.
scripts/typescript-error-orchestrator.js(329,40): error TS1005: ',' expected.
scripts/typescript-error-orchestrator.js(329,41): error TS1109: Expression expected.
scripts/typescript-error-orchestrator.js(333,1): error TS1068: Unexpected token. A constructor, method, accessor, or property was expected.
scripts/typescript-error-orchestrator.js(333,13): error TS1005: ',' expected.
scripts/typescript-error-orchestrator.js(333,30): error TS1128: Declaration or statement expected.
scripts/typescript-error-orchestrator.js(337,15): error TS1005: ';' expected.
scripts/typescript-error-orchestrator.js(337,41): error TS1005: ';' expected.
scripts/typescript-error-orchestrator.js(337,49): error TS1434: Unexpected keyword or identifier.
scripts/typescript-error-orchestrator.js(450,49): error TS1005: ';' expected.
scripts/typescript-error-orchestrator.js(450,66): error TS1127: Invalid character.
scripts/typescript-error-orchestrator.js(450,67): error TS1127: Invalid character.
scripts/typescript-error-orchestrator.js(478,15): error TS1005: ';' expected.
scripts/typescript-error-orchestrator.js(478,23): error TS1434: Unexpected keyword or identifier.
scripts/typescript-error-orchestrator.js(478,41): error TS1005: '(' expected.
scripts/typescript-error-orchestrator.js(478,42): error TS1005: ';' expected.
scripts/typescript-error-orchestrator.js(478,55): error TS1005: ';' expected.
scripts/typescript-error-orchestrator.js(478,58): error TS1005: ')' expected.
scripts/typescript-error-orchestrator.js(478,70): error TS1434: Unexpected keyword or identifier.
scripts/typescript-error-orchestrator.js(478,76): error TS1128: Declaration or statement expected.
scripts/typescript-error-orchestrator.js(481,51): error TS1005: ';' expected.
scripts/typescript-error-orchestrator.js(481,74): error TS1443: Module declaration names may only use ' or " quoted strings.
scripts/typescript-error-orchestrator.js(484,32): error TS1434: Unexpected keyword or identifier.
scripts/typescript-error-orchestrator.js(484,46): error TS1005: ';' expected.
scripts/typescript-error-orchestrator.js(509,29): error TS1005: ';' expected.
scripts/typescript-error-orchestrator.js(509,44): error TS1434: Unexpected keyword or identifier.
scripts/typescript-error-orchestrator.js(509,50): error TS1434: Unexpected keyword or identifier.
scripts/typescript-error-orchestrator.js(509,54): error TS1434: Unexpected keyword or identifier.
scripts/typescript-error-orchestrator.js(510,19): error TS1127: Invalid character.
scripts/typescript-error-orchestrator.js(510,21): error TS1434: Unexpected keyword or identifier.
scripts/typescript-error-orchestrator.js(510,34): error TS1128: Declaration or statement expected.
scripts/typescript-error-orchestrator.js(510,36): error TS1434: Unexpected keyword or identifier.
scripts/typescript-error-orchestrator.js(510,42): error TS1434: Unexpected keyword or identifier.
scripts/typescript-error-orchestrator.js(510,65): error TS1005: ';' expected.
scripts/typescript-error-orchestrator.js(510,73): error TS1434: Unexpected keyword or identifier.
scripts/typescript-error-orchestrator.js(516,19): error TS1127: Invalid character.
scripts/typescript-error-orchestrator.js(516,21): error TS1434: Unexpected keyword or identifier.
scripts/typescript-error-orchestrator.js(516,34): error TS1128: Declaration or statement expected.
scripts/typescript-error-orchestrator.js(516,36): error TS1434: Unexpected keyword or identifier.
scripts/typescript-error-orchestrator.js(516,45): error TS1434: Unexpected keyword or identifier.
scripts/typescript-error-orchestrator.js(516,49): error TS1434: Unexpected keyword or identifier.
scripts/typescript-error-orchestrator.js(516,52): error TS1434: Unexpected keyword or identifier.
scripts/typescript-error-orchestrator.js(516,58): error TS1434: Unexpected keyword or identifier.
scripts/typescript-error-orchestrator.js(516,67): error TS1434: Unexpected keyword or identifier.
scripts/typescript-error-orchestrator.js(516,70): error TS1434: Unexpected keyword or identifier.
scripts/typescript-error-orchestrator.js(516,90): error TS8010: Type annotations can only be used in TypeScript files.
scripts/typescript-error-orchestrator.js(516,91): error TS1005: ',' expected.
scripts/typescript-error-orchestrator.js(516,120): error TS1005: '=>' expected.
scripts/typescript-error-orchestrator.js(522,17): error TS1127: Invalid character.
scripts/typescript-error-orchestrator.js(522,19): error TS1434: Unexpected keyword or identifier.
scripts/typescript-error-orchestrator.js(522,41): error TS1434: Unexpected keyword or identifier.
scripts/typescript-error-orchestrator.js(547,17): error TS1127: Invalid character.
scripts/typescript-error-orchestrator.js(547,18): error TS1127: Invalid character.
scripts/typescript-error-orchestrator.js(547,20): error TS1127: Invalid character.
scripts/typescript-error-orchestrator.js(547,23): error TS1435: Unknown keyword or identifier. Did you mean 'string'?
scripts/typescript-error-orchestrator.js(547,32): error TS1434: Unexpected keyword or identifier.
scripts/typescript-error-orchestrator.js(547,46): error TS1434: Unexpected keyword or identifier.
scripts/typescript-error-orchestrator.js(547,52): error TS1434: Unexpected keyword or identifier.
scripts/typescript-error-orchestrator.js(547,78): error TS1161: Unterminated regular expression literal.
scripts/typescript-error-orchestrator.js(547,107): error TS1005: ';' expected.
scripts/typescript-error-orchestrator.js(617,5): error TS1128: Declaration or statement expected.
scripts/typescript-error-orchestrator.js(622,3): error TS1128: Declaration or statement expected.
scripts/typescript-error-orchestrator.js(624,3): error TS1434: Unexpected keyword or identifier.
scripts/typescript-error-orchestrator.js(624,31): error TS1005: ';' expected.
scripts/typescript-error-orchestrator.js(665,3): error TS1434: Unexpected keyword or identifier.
scripts/typescript-error-orchestrator.js(665,15): error TS1005: ';' expected.
scripts/typescript-error-orchestrator.js(680,1): error TS1128: Declaration or statement expected.
services/analyticsService.ts(100,53): error TS1005: ')' expected.
services/analyticsService.ts(100,68): error TS1005: ';' expected.
services/analyticsService.ts(107,3): error TS1128: Declaration or statement expected.
services/analyticsService.ts(110,47): error TS1005: ')' expected.
services/analyticsService.ts(110,62): error TS1005: ';' expected.
services/analyticsService.ts(113,3): error TS1128: Declaration or statement expected.
services/analyticsService.ts(131,39): error TS1005: ')' expected.
services/analyticsService.ts(131,54): error TS1005: ';' expected.
services/analyticsService.ts(140,75): error TS1005: ';' expected.
services/analyticsService.ts(140,76): error TS1005: ')' expected.
services/analyticsService.ts(142,3): error TS1068: Unexpected token. A constructor, method, accessor, or property was expected.
services/analyticsService.ts(142,6): error TS1005: ';' expected.
services/analyticsService.ts(143,3): error TS1128: Declaration or statement expected.
services/analyticsService.ts(149,2): error TS1128: Declaration or statement expected.
services/analyticsService.ts(149,25): error TS1005: ';' expected.
services/analyticsService.ts(149,46): error TS1005: ';' expected.
services/analyticsService.ts(155,2): error TS1128: Declaration or statement expected.
services/analyticsService.ts(155,35): error TS1005: ';' expected.
services/analyticsService.ts(155,56): error TS1005: ';' expected.
services/analyticsService.ts(161,2): error TS1128: Declaration or statement expected.
services/analyticsService.ts(161,37): error TS1005: ';' expected.
services/analyticsService.ts(162,9): error TS1005: ':' expected.
services/analyticsService.ts(176,4): error TS1005: ',' expected.
services/analyticsService.ts(179,2): error TS1128: Declaration or statement expected.
services/analyticsService.ts(179,29): error TS1005: ';' expected.
services/analyticsService.ts(193,47): error TS1005: ')' expected.
services/analyticsService.ts(193,62): error TS1005: ';' expected.
services/analyticsService.ts(195,3): error TS1128: Declaration or statement expected.
services/analyticsService.ts(210,2): error TS1128: Declaration or statement expected.
services/analyticsService.ts(210,31): error TS1005: ';' expected.
services/analyticsService.ts(211,60): error TS1005: ',' expected.
services/analyticsService.ts(212,6): error TS1005: ':' expected.
services/analyticsService.ts(217,39): error TS1005: ',' expected.
services/analyticsService.ts(220,73): error TS1005: ',' expected.
services/analyticsService.ts(221,6): error TS1005: ':' expected.
services/analyticsService.ts(223,40): error TS1005: ',' expected.
services/analyticsService.ts(227,2): error TS1128: Declaration or statement expected.
services/analyticsService.ts(259,2): error TS1128: Declaration or statement expected.
services/analyticsService.ts(259,28): error TS1005: ';' expected.
services/analyticsService.ts(265,2): error TS1128: Declaration or statement expected.
services/analyticsService.ts(265,29): error TS1005: ';' expected.
services/analyticsService.ts(281,8): error TS1135: Argument expression expected.
services/analyticsService.ts(282,11): error TS1005: ',' expected.
services/analyticsService.ts(283,12): error TS1005: ',' expected.
services/analyticsService.ts(284,10): error TS1005: ',' expected.
services/analyticsService.ts(284,56): error TS1005: ';' expected.
services/analyticsService.ts(315,21): error TS1109: Expression expected.
services/analyticsService.ts(315,31): error TS1005: ';' expected.
services/analyticsService.ts(321,20): error TS1005: ',' expected.
services/analyticsService.ts(321,45): error TS1005: ',' expected.
services/analyticsService.ts(321,73): error TS1005: ';' expected.
services/analyticsService.ts(327,24): error TS1005: ',' expected.
services/analyticsService.ts(327,38): error TS1005: ',' expected.
services/analyticsService.ts(327,55): error TS1005: ',' expected.
services/analyticsService.ts(327,83): error TS1005: ';' expected.
services/analyticsService.ts(333,19): error TS1005: ',' expected.
services/analyticsService.ts(333,34): error TS1109: Expression expected.
services/analyticsService.ts(333,44): error TS1005: ';' expected.
services/analyticsService.ts(340,22): error TS1005: ',' expected.
services/analyticsService.ts(340,39): error TS1005: ',' expected.
services/analyticsService.ts(340,67): error TS1005: ';' expected.
services/analyticsService.ts(344,25): error TS1005: ',' expected.
services/analyticsService.ts(344,37): error TS1005: ',' expected.
services/analyticsService.ts(344,66): error TS1005: ',' expected.
services/analyticsService.ts(344,94): error TS1005: ';' expected.
services/analyticsService.ts(351,18): error TS1005: ',' expected.
services/analyticsService.ts(351,25): error TS1005: ';' expected.
services/analyticsService.ts(356,15): error TS1005: ';' expected.
services/analyticsService.ts(365,2): error TS1434: Unexpected keyword or identifier.
services/analyticsService.ts(365,33): error TS1005: ';' expected.
services/analyticsService.ts(412,14): error TS1005: ';' expected.
services/analyticsService.ts(412,16): error TS1434: Unexpected keyword or identifier.
services/analyticsService.ts(416,21): error TS1109: Expression expected.
services/analyticsService.ts(416,50): error TS1005: ';' expected.
services/analyticsService.ts(416,67): error TS1011: An element access expression should take an argument.
services/analyticsService.ts(416,69): error TS1005: ';' expected.
services/analyticsService.ts(421,18): error TS1005: ';' expected.
services/analyticsService.ts(441,20): error TS1005: ',' expected.
services/analyticsService.ts(441,53): error TS1109: Expression expected.
services/analyticsService.ts(441,54): error TS1005: ';' expected.
services/analyticsService.ts(442,6): error TS1005: ':' expected.
services/analyticsService.ts(442,31): error TS1005: ',' expected.
services/analyticsService.ts(443,12): error TS1005: '{' expected.
services/analyticsService.ts(443,15): error TS1136: Property assignment expected.
services/analyticsService.ts(450,2): error TS1128: Declaration or statement expected.
services/analyticsService.ts(450,31): error TS1005: ',' expected.
services/analyticsService.ts(450,49): error TS1005: ';' expected.
services/analyticsService.ts(461,12): error TS1005: ';' expected.
services/analyticsService.ts(480,1): error TS1005: '}' expected.
services/api.ts(56,1): error TS1068: Unexpected token. A constructor, method, accessor, or property was expected.
services/api.ts(111,27): error TS1138: Parameter declaration expected.
services/api.ts(143,2): error TS1434: Unexpected keyword or identifier.
services/api.ts(143,15): error TS1135: Argument expression expected.
services/api.ts(144,5): error TS1005: ',' expected.
services/api.ts(145,11): error TS1109: Expression expected.
services/api.ts(146,16): error TS1109: Expression expected.
services/api.ts(147,3): error TS1005: ';' expected.
services/api.ts(148,9): error TS1005: ':' expected.
services/api.ts(150,3): error TS1005: ',' expected.
services/api.ts(153,2): error TS1434: Unexpected keyword or identifier.
services/api.ts(153,19): error TS1005: ',' expected.
services/api.ts(153,30): error TS1005: ',' expected.
services/api.ts(153,36): error TS1005: ';' expected.
services/api.ts(154,9): error TS1005: ':' expected.
services/api.ts(158,3): error TS1005: ',' expected.
services/api.ts(161,2): error TS1434: Unexpected keyword or identifier.
services/api.ts(161,18): error TS1005: ',' expected.
services/api.ts(161,29): error TS1005: ',' expected.
services/api.ts(161,35): error TS1005: ';' expected.
services/api.ts(162,9): error TS1005: ':' expected.
services/api.ts(166,3): error TS1005: ',' expected.
services/api.ts(169,2): error TS1434: Unexpected keyword or identifier.
services/api.ts(169,21): error TS1005: ')' expected.
services/api.ts(169,23): error TS1434: Unexpected keyword or identifier.
services/api.ts(169,26): error TS1128: Declaration or statement expected.
services/api.ts(169,27): error TS1128: Declaration or statement expected.
services/api.ts(170,9): error TS1005: ':' expected.
services/api.ts(172,3): error TS1005: ',' expected.
services/api.ts(262,2): error TS1128: Declaration or statement expected.
services/api.ts(314,2): error TS1128: Declaration or statement expected.
services/api.ts(314,28): error TS1138: Parameter declaration expected.
services/api.ts(380,2): error TS1128: Declaration or statement expected.
services/api.ts(394,1): error TS1068: Unexpected token. A constructor, method, accessor, or property was expected.
services/api.ts(454,2): error TS1128: Declaration or statement expected.
services/api.ts(454,32): error TS1138: Parameter declaration expected.
services/api.ts(523,1): error TS1068: Unexpected token. A constructor, method, accessor, or property was expected.
services/api.ts(561,1): error TS1005: '}' expected.
services/apiService.ts(73,12): error TS1005: ',' expected.
services/apiService.ts(73,21): error TS1005: ';' expected.
services/apiService.ts(73,32): error TS1005: ';' expected.
services/apiService.ts(89,17): error TS1005: ',' expected.
services/apiService.ts(89,26): error TS1005: ';' expected.
services/apiService.ts(89,49): error TS1005: ';' expected.
services/apiService.ts(105,12): error TS1005: ')' expected.
services/apiService.ts(105,14): error TS1434: Unexpected keyword or identifier.
services/apiService.ts(105,20): error TS1128: Declaration or statement expected.
services/apiService.ts(105,21): error TS1128: Declaration or statement expected.
services/apiService.ts(106,6): error TS1005: ':' expected.
services/apiService.ts(106,24): error TS1005: ',' expected.
services/apiService.ts(109,9): error TS1005: ';' expected.
services/apiService.ts(110,6): error TS1005: ':' expected.
services/apiService.ts(110,20): error TS1005: ',' expected.
services/apiService.ts(113,8): error TS1005: ';' expected.
services/apiService.ts(113,10): error TS1434: Unexpected keyword or identifier.
services/apiService.ts(117,8): error TS1005: ';' expected.
services/apiService.ts(117,17): error TS1011: An element access expression should take an argument.
services/apiService.ts(117,19): error TS1005: ';' expected.
services/apiService.ts(154,22): error TS1005: ',' expected.
services/apiService.ts(154,28): error TS1005: ';' expected.
services/apiService.ts(155,6): error TS1005: ':' expected.
services/apiService.ts(155,26): error TS1005: ',' expected.
services/apiService.ts(158,16): error TS1005: ';' expected.
services/apiService.ts(158,18): error TS1434: Unexpected keyword or identifier.
services/apiService.ts(162,19): error TS1005: ';' expected.
services/apiService.ts(162,21): error TS1434: Unexpected keyword or identifier.
services/apiService.ts(220,25): error TS1138: Parameter declaration expected.
services/apiService.ts(267,70): error TS1109: Expression expected.
services/apiService.ts(311,3): error TS1128: Declaration or statement expected.
services/apiService.ts(315,2): error TS1128: Declaration or statement expected.
services/apiService.ts(315,34): error TS1138: Parameter declaration expected.
services/apiService.ts(429,2): error TS1128: Declaration or statement expected.
services/apiService.ts(459,22): error TS1138: Parameter declaration expected.
services/apiService.ts(485,40): error TS1005: ')' expected.
services/apiService.ts(485,55): error TS1005: ';' expected.
services/apiService.ts(485,76): error TS1005: ';' expected.
services/apiService.ts(487,3): error TS1128: Declaration or statement expected.
services/apiService.ts(514,28): error TS1138: Parameter declaration expected.
services/apiService.ts(580,1): error TS1434: Unexpected keyword or identifier.
services/apiService.ts(580,11): error TS1068: Unexpected token. A constructor, method, accessor, or property was expected.
services/apiService.ts(580,40): error TS1005: ',' expected.
services/apiService.ts(590,2): error TS1005: ';' expected.
services/apiService.ts(614,27): error TS1005: '}' expected.
services/errorService.ts(58,60): error TS1005: ',' expected.
services/errorService.ts(59,6): error TS1005: ':' expected.
services/errorService.ts(69,27): error TS1005: ',' expected.
services/errorService.ts(73,73): error TS1005: ',' expected.
services/errorService.ts(74,6): error TS1005: ':' expected.
services/errorService.ts(82,29): error TS1005: ',' expected.
services/errorService.ts(89,2): error TS1128: Declaration or statement expected.
services/errorService.ts(129,24): error TS1005: ',' expected.
services/errorService.ts(130,17): error TS1005: ',' expected.
services/errorService.ts(131,16): error TS1005: ',' expected.
services/errorService.ts(132,27): error TS1005: ',' expected.
services/errorService.ts(133,35): error TS1005: ',' expected.
services/errorService.ts(135,5): error TS1005: ';' expected.
services/errorService.ts(170,2): error TS1128: Declaration or statement expected.
services/errorService.ts(213,2): error TS1128: Declaration or statement expected.
services/errorService.ts(221,2): error TS1128: Declaration or statement expected.
services/errorService.ts(224,2): error TS1128: Declaration or statement expected.
services/errorService.ts(231,2): error TS1128: Declaration or statement expected.
services/errorService.ts(247,2): error TS1128: Declaration or statement expected.
services/errorService.ts(262,2): error TS1128: Declaration or statement expected.
services/errorService.ts(296,16): error TS1005: ';' expected.
services/errorService.ts(301,20): error TS1005: ',' expected.
services/errorService.ts(301,50): error TS1109: Expression expected.
services/errorService.ts(301,51): error TS1005: ';' expected.
services/errorService.ts(302,6): error TS1005: ':' expected.
services/errorService.ts(302,31): error TS1005: ',' expected.
services/errorService.ts(303,12): error TS1005: '{' expected.
services/errorService.ts(303,15): error TS1136: Property assignment expected.
services/errorService.ts(311,31): error TS1005: ',' expected.
services/errorService.ts(311,44): error TS1109: Expression expected.
services/errorService.ts(311,59): error TS1005: ',' expected.
services/errorService.ts(311,65): error TS1109: Expression expected.
services/errorService.ts(311,67): error TS1005: ';' expected.
services/errorService.ts(321,24): error TS1005: ',' expected.
services/errorService.ts(321,39): error TS1005: ',' expected.
services/errorService.ts(321,53): error TS1109: Expression expected.
services/errorService.ts(321,63): error TS1005: ';' expected.
services/errorService.ts(332,32): error TS1005: ',' expected.
services/errorService.ts(332,45): error TS1005: ',' expected.
services/errorService.ts(332,57): error TS1005: ',' expected.
services/errorService.ts(332,76): error TS1005: ';' expected.
services/errorService.ts(342,18): error TS1005: ';' expected.
services/errorService.ts(363,58): error TS1005: ',' expected.
services/errorService.ts(375,63): error TS1005: '}' expected.
services/geminiService.ts(141,3): error TS1005: '}' expected.
services/googleSearchService.ts(291,38): error TS1109: Expression expected.
services/googleSearchService.ts(292,6): error TS1005: ')' expected.
services/googleSearchService.ts(293,14): error TS1005: ',' expected.
services/googleSearchService.ts(293,15): error TS1134: Variable declaration expected.
services/googleSearchService.ts(294,16): error TS1005: ',' expected.
services/googleSearchService.ts(294,17): error TS1134: Variable declaration expected.
services/googleSearchService.ts(295,1): error TS1128: Declaration or statement expected.
services/googleSearchService.ts(295,2): error TS1128: Declaration or statement expected.
services/googleSearchService.ts(331,43): error TS1109: Expression expected.
services/googleSearchService.ts(332,6): error TS1005: ')' expected.
services/googleSearchService.ts(333,14): error TS1005: ',' expected.
services/googleSearchService.ts(333,15): error TS1134: Variable declaration expected.
services/googleSearchService.ts(334,16): error TS1005: ',' expected.
services/googleSearchService.ts(334,17): error TS1134: Variable declaration expected.
services/googleSearchService.ts(335,1): error TS1128: Declaration or statement expected.
services/googleSearchService.ts(335,2): error TS1128: Declaration or statement expected.
services/googleSearchService.ts(883,4): error TS1128: Declaration or statement expected.
services/googleSearchService.ts(900,4): error TS1005: 'try' expected.
services/googleSearchService.ts(952,4): error TS1005: 'try' expected.
services/googleSearchService.ts(1330,4): error TS1005: 'try' expected.
services/googleSearchService.ts(1369,1): error TS1005: '}' expected.
services/googleSearchVideoStore.ts(93,2): error TS1128: Declaration or statement expected.
services/googleSearchVideoStore.ts(108,11): error TS1005: ';' expected.
services/googleSearchVideoStore.ts(109,8): error TS1005: ':' expected.
services/googleSearchVideoStore.ts(109,24): error TS1005: ',' expected.
services/googleSearchVideoStore.ts(110,8): error TS1005: ':' expected.
services/googleSearchVideoStore.ts(110,38): error TS1005: ',' expected.
services/googleSearchVideoStore.ts(111,6): error TS1005: ',' expected.
services/googleSearchVideoStore.ts(111,22): error TS1005: ',' expected.
services/googleSearchVideoStore.ts(113,7): error TS1359: Identifier expected. 'const' is a reserved word that cannot be used here.
services/googleSearchVideoStore.ts(113,13): error TS1005: ',' expected.
services/googleSearchVideoStore.ts(113,25): error TS1005: ',' expected.
services/googleSearchVideoStore.ts(113,28): error TS1005: ',' expected.
services/googleSearchVideoStore.ts(113,32): error TS1005: ',' expected.
services/googleSearchVideoStore.ts(113,49): error TS1005: ',' expected.
services/googleSearchVideoStore.ts(113,51): error TS1136: Property assignment expected.
services/googleSearchVideoStore.ts(139,1): error TS1005: '}' expected.
services/livestreamAPI.ts(114,18): error TS1005: ',' expected.
services/livestreamAPI.ts(116,9): error TS1005: ':' expected.
services/livestreamAPI.ts(116,15): error TS1005: ',' expected.
services/livestreamAPI.ts(119,2): error TS1434: Unexpected keyword or identifier.
services/livestreamAPI.ts(119,23): error TS1005: ',' expected.
services/livestreamAPI.ts(119,39): error TS1005: ',' expected.
services/livestreamAPI.ts(119,67): error TS1005: ';' expected.
services/livestreamAPI.ts(120,19): error TS1005: ',' expected.
services/livestreamAPI.ts(120,59): error TS1005: ',' expected.
services/livestreamAPI.ts(123,8): error TS1005: ':' expected.
services/livestreamAPI.ts(123,14): error TS1005: ',' expected.
services/livestreamAPI.ts(134,22): error TS1005: ',' expected.
services/livestreamAPI.ts(136,9): error TS1005: ':' expected.
services/livestreamAPI.ts(136,15): error TS1005: ',' expected.
services/livestreamAPI.ts(139,2): error TS1434: Unexpected keyword or identifier.
services/livestreamAPI.ts(139,23): error TS1005: ',' expected.
services/livestreamAPI.ts(139,32): error TS1005: ';' expected.
services/livestreamAPI.ts(139,46): error TS1109: Expression expected.
services/livestreamAPI.ts(140,19): error TS1005: ',' expected.
services/livestreamAPI.ts(140,48): error TS1005: ',' expected.
services/livestreamAPI.ts(144,2): error TS1434: Unexpected keyword or identifier.
services/livestreamAPI.ts(144,22): error TS1005: ',' expected.
services/livestreamAPI.ts(144,31): error TS1005: ';' expected.
services/livestreamAPI.ts(145,19): error TS1005: ',' expected.
services/livestreamAPI.ts(145,48): error TS1005: ',' expected.
services/livestreamAPI.ts(148,8): error TS1005: ':' expected.
services/livestreamAPI.ts(148,14): error TS1005: ',' expected.
services/livestreamAPI.ts(199,18): error TS1005: ',' expected.
services/livestreamAPI.ts(201,9): error TS1005: ':' expected.
services/livestreamAPI.ts(201,15): error TS1005: ',' expected.
services/livestreamAPI.ts(204,2): error TS1005: ',' expected.
services/livestreamAPI.ts(209,2): error TS1005: ',' expected.
services/livestreamAPI.ts(215,2): error TS1005: ',' expected.
services/livestreamAPI.ts(223,1): error TS1005: ',' expected.
services/livestreamAPI.ts(223,14): error TS1005: ':' expected.
services/livestreamAPI.ts(223,57): error TS1005: ',' expected.
services/livestreamAPI.ts(226,18): error TS1005: ',' expected.
services/livestreamAPI.ts(261,3): error TS1005: ',' expected.
services/livestreamAPI.ts(261,4): error TS1005: '}' expected.
services/unifiedApiService.ts(64,8): error TS1005: ';' expected.
services/unifiedApiService.ts(64,10): error TS1434: Unexpected keyword or identifier.
services/unifiedApiService.ts(69,14): error TS1138: Parameter declaration expected.
services/unifiedApiService.ts(77,1): error TS1068: Unexpected token. A constructor, method, accessor, or property was expected.
services/unifiedApiService.ts(82,1): error TS1068: Unexpected token. A constructor, method, accessor, or property was expected.
services/unifiedApiService.ts(88,1): error TS1068: Unexpected token. A constructor, method, accessor, or property was expected.
services/unifiedApiService.ts(143,31): error TS1138: Parameter declaration expected.
services/unifiedApiService.ts(170,2): error TS1128: Declaration or statement expected.
services/unifiedApiService.ts(170,34): error TS1138: Parameter declaration expected.
services/unifiedApiService.ts(181,50): error TS1005: ',' expected.
services/unifiedApiService.ts(184,7): error TS1359: Identifier expected. 'const' is a reserved word that cannot be used here.
services/unifiedApiService.ts(184,13): error TS1005: ',' expected.
services/unifiedApiService.ts(184,25): error TS1005: ',' expected.
services/unifiedApiService.ts(184,28): error TS1005: ',' expected.
services/unifiedApiService.ts(184,32): error TS1005: ',' expected.
services/unifiedApiService.ts(184,53): error TS1005: ',' expected.
services/unifiedApiService.ts(184,55): error TS1136: Property assignment expected.
services/unifiedApiService.ts(185,30): error TS1005: ',' expected.
services/unifiedApiService.ts(188,2): error TS1068: Unexpected token. A constructor, method, accessor, or property was expected.
services/unifiedApiService.ts(247,2): error TS1434: Unexpected keyword or identifier.
services/unifiedApiService.ts(247,24): error TS1005: ',' expected.
services/unifiedApiService.ts(248,15): error TS1005: ',' expected.
services/unifiedApiService.ts(249,16): error TS1005: ',' expected.
services/unifiedApiService.ts(250,21): error TS1005: ',' expected.
services/unifiedApiService.ts(251,21): error TS1005: ',' expected.
services/unifiedApiService.ts(252,20): error TS1005: ',' expected.
services/unifiedApiService.ts(253,9): error TS1005: ';' expected.
services/unifiedApiService.ts(253,33): error TS1005: ',' expected.
services/unifiedApiService.ts(255,29): error TS1005: ',' expected.
services/unifiedApiService.ts(255,31): error TS1005: ';' expected.
services/unifiedApiService.ts(397,1): error TS1434: Unexpected keyword or identifier.
services/unifiedApiService.ts(397,8): error TS1434: Unexpected keyword or identifier.
services/unifiedApiService.ts(400,1): error TS1068: Unexpected token. A constructor, method, accessor, or property was expected.
services/youtubeSearchService.ts(103,2): error TS1128: Declaration or statement expected.
services/youtubeSearchService.ts(340,2): error TS1128: Declaration or statement expected.
services/youtubeSearchService.ts(405,2): error TS1434: Unexpected keyword or identifier.
services/youtubeSearchService.ts(405,28): error TS1135: Argument expression expected.
services/youtubeSearchService.ts(406,14): error TS1005: ',' expected.
services/youtubeSearchService.ts(407,12): error TS1005: ',' expected.
services/youtubeSearchService.ts(408,3): error TS1005: ';' expected.
services/youtubeSearchService.ts(408,19): error TS1011: An element access expression should take an argument.
services/youtubeSearchService.ts(409,6): error TS1003: Identifier expected.
services/youtubeSearchService.ts(409,11): error TS1005: ',' expected.
services/youtubeSearchService.ts(409,36): error TS1005: ',' expected.
services/youtubeSearchService.ts(409,38): error TS1136: Property assignment expected.
services/youtubeSearchService.ts(512,2): error TS1434: Unexpected keyword or identifier.
services/youtubeSearchService.ts(512,21): error TS1135: Argument expression expected.
services/youtubeSearchService.ts(513,7): error TS1005: ',' expected.
services/youtubeSearchService.ts(514,12): error TS1005: ',' expected.
services/youtubeSearchService.ts(515,3): error TS1005: ';' expected.
services/youtubeSearchService.ts(515,19): error TS1011: An element access expression should take an argument.
services/youtubeSearchService.ts(516,6): error TS1003: Identifier expected.
services/youtubeSearchService.ts(516,11): error TS1005: ',' expected.
services/youtubeSearchService.ts(516,36): error TS1005: ',' expected.
services/youtubeSearchService.ts(516,38): error TS1136: Property assignment expected.
services/youtubeSearchService.ts(561,2): error TS1434: Unexpected keyword or identifier.
services/youtubeSearchService.ts(563,12): error TS1005: ',' expected.
services/youtubeSearchService.ts(564,3): error TS1005: ';' expected.
services/youtubeSearchService.ts(564,19): error TS1011: An element access expression should take an argument.
services/youtubeSearchService.ts(565,8): error TS1005: ':' expected.
services/youtubeSearchService.ts(573,36): error TS1005: ',' expected.
services/youtubeSearchService.ts(575,8): error TS1005: ':' expected.
services/youtubeSearchService.ts(575,100): error TS1005: ',' expected.
services/youtubeSearchService.ts(576,9): error TS1005: ':' expected.
services/youtubeSearchService.ts(576,45): error TS1005: ',' expected.
services/youtubeSearchService.ts(582,16): error TS1005: ';' expected.
services/youtubeSearchService.ts(582,18): error TS1434: Unexpected keyword or identifier.
services/youtubeSearchService.ts(589,19): error TS1005: ';' expected.
services/youtubeSearchService.ts(597,1): error TS1005: '}' expected.
src/components/atoms/Button/Button.tsx(28,1): error TS1005: ',' expected.
src/components/atoms/Button/Button.tsx(32,2): error TS1005: ',' expected.
src/components/atoms/Button/Button.tsx(60,2): error TS1003: Identifier expected.
src/components/atoms/Button/Button.tsx(60,3): error TS1138: Parameter declaration expected.
src/components/atoms/Button/Button.tsx(62,2): error TS1005: ')' expected.
src/components/atoms/Button/Button.tsx(62,9): error TS1128: Declaration or statement expected.
src/components/atoms/Button/Button.tsx(64,2): error TS1109: Expression expected.
src/components/atoms/Button/Button.tsx(64,4): error TS1005: ',' expected.
src/components/atoms/Button/Button.tsx(64,6): error TS1134: Variable declaration expected.
src/components/atoms/Button/Button.tsx(66,3): error TS1128: Declaration or statement expected.
src/components/atoms/Button/Button.tsx(68,2): error TS1128: Declaration or statement expected.
src/components/atoms/Button/Button.tsx(69,2): error TS1128: Declaration or statement expected.
src/components/atoms/Button/Button.tsx(70,1): error TS1128: Declaration or statement expected.
src/components/EnhancedPWAInstallBanner.tsx(102,29): error TS1005: ',' expected.
src/components/EnhancedPWAInstallBanner.tsx(102,48): error TS1005: ',' expected.
src/components/EnhancedPWAInstallBanner.tsx(103,13): error TS1005: ',' expected.
src/components/EnhancedPWAInstallBanner.tsx(103,20): error TS1005: ',' expected.
src/components/EnhancedPWAInstallBanner.tsx(114,51): error TS1005: ',' expected.
src/components/EnhancedPWAInstallBanner.tsx(146,29): error TS1005: ',' expected.
src/components/EnhancedPWAInstallBanner.tsx(146,54): error TS1005: ',' expected.
src/components/EnhancedPWAInstallBanner.tsx(146,63): error TS1005: ',' expected.
src/components/EnhancedPWAInstallBanner.tsx(147,3): error TS1128: Declaration or statement expected.
src/components/EnhancedPWAInstallBanner.tsx(147,9): error TS1005: ';' expected.
src/components/EnhancedPWAInstallBanner.tsx(148,2): error TS1128: Declaration or statement expected.
src/components/EnhancedPWAInstallBanner.tsx(149,2): error TS1128: Declaration or statement expected.
src/components/EnhancedPWAInstallBanner.tsx(149,3): error TS1128: Declaration or statement expected.
src/components/EnhancedPWAInstallBanner.tsx(149,37): error TS1005: ';' expected.
src/components/EnhancedPWAInstallBanner.tsx(246,2): error TS1382: Unexpected token. Did you mean `{'>'}` or `&gt;`?
src/components/EnhancedPWAInstallBanner.tsx(248,14): error TS17002: Expected corresponding JSX closing tag for 'div'.
src/components/EnhancedPWAInstallBanner.tsx(255,2): error TS1382: Unexpected token. Did you mean `{'>'}` or `&gt;`?
src/components/EnhancedPWAInstallBanner.tsx(257,14): error TS17002: Expected corresponding JSX closing tag for 'div'.
src/components/EnhancedPWAInstallBanner.tsx(265,2): error TS1382: Unexpected token. Did you mean `{'>'}` or `&gt;`?
src/components/EnhancedPWAInstallBanner.tsx(267,14): error TS17002: Expected corresponding JSX closing tag for 'div'.
src/components/EnhancedPWAInstallBanner.tsx(293,2): error TS1382: Unexpected token. Did you mean `{'>'}` or `&gt;`?
src/components/EnhancedPWAInstallBanner.tsx(297,14): error TS17002: Expected corresponding JSX closing tag for 'div'.
src/components/EnhancedPWAInstallBanner.tsx(302,2): error TS1382: Unexpected token. Did you mean `{'>'}` or `&gt;`?
src/components/EnhancedPWAInstallBanner.tsx(304,14): error TS17002: Expected corresponding JSX closing tag for 'div'.
src/components/EnhancedPWAInstallBanner.tsx(331,2): error TS1382: Unexpected token. Did you mean `{'>'}` or `&gt;`?
src/components/EnhancedPWAInstallBanner.tsx(333,14): error TS17002: Expected corresponding JSX closing tag for 'div'.
src/components/EnhancedPWAInstallBanner.tsx(338,2): error TS1382: Unexpected token. Did you mean `{'>'}` or `&gt;`?
src/components/EnhancedPWAInstallBanner.tsx(340,14): error TS17002: Expected corresponding JSX closing tag for 'div'.
src/components/EnhancedPWAInstallBanner.tsx(382,2): error TS1382: Unexpected token. Did you mean `{'>'}` or `&gt;`?
src/components/EnhancedPWAInstallBanner.tsx(384,14): error TS17002: Expected corresponding JSX closing tag for 'div'.
src/components/EnhancedPWAInstallBanner.tsx(413,8): error TS1005: ',' expected.
src/components/EnhancedPWAInstallBanner.tsx(426,2): error TS1382: Unexpected token. Did you mean `{'>'}` or `&gt;`?
src/components/EnhancedPWAInstallBanner.tsx(438,14): error TS17002: Expected corresponding JSX closing tag for 'div'.
src/components/EnhancedPWAInstallBanner.tsx(446,2): error TS1382: Unexpected token. Did you mean `{'>'}` or `&gt;`?
src/components/EnhancedPWAInstallBanner.tsx(448,14): error TS17002: Expected corresponding JSX closing tag for 'div'.
src/components/EnhancedPWAInstallBanner.tsx(451,2): error TS1005: ')' expected.
src/components/EnhancedPWAInstallBanner.tsx(469,2): error TS1128: Declaration or statement expected.
src/components/EnhancedPWAInstallBanner.tsx(470,1): error TS1128: Declaration or statement expected.
src/components/ErrorBoundaries/DataFetchErrorBoundary.tsx(44,12): error TS1005: ';' expected.
src/components/ErrorBoundaries/DataFetchErrorBoundary.tsx(50,2): error TS1128: Declaration or statement expected.
src/components/ErrorBoundaries/DataFetchErrorBoundary.tsx(54,2): error TS1434: Unexpected keyword or identifier.
src/components/ErrorBoundaries/DataFetchErrorBoundary.tsx(54,34): error TS1005: ',' expected.
src/components/ErrorBoundaries/DataFetchErrorBoundary.tsx(55,11): error TS1005: ',' expected.
src/components/ErrorBoundaries/DataFetchErrorBoundary.tsx(55,23): error TS1005: ';' expected.
src/components/ErrorBoundaries/DataFetchErrorBoundary.tsx(56,8): error TS1005: ':' expected.
src/components/ErrorBoundaries/DataFetchErrorBoundary.tsx(65,3): error TS1005: ',' expected.
src/components/ErrorBoundaries/DataFetchErrorBoundary.tsx(67,19): error TS1005: ',' expected.
src/components/ErrorBoundaries/DataFetchErrorBoundary.tsx(70,3): error TS1005: ',' expected.
src/components/ErrorBoundaries/DataFetchErrorBoundary.tsx(72,6): error TS1005: ':' expected.
src/components/ErrorBoundaries/DataFetchErrorBoundary.tsx(73,14): error TS1005: ',' expected.
src/components/ErrorBoundaries/DataFetchErrorBoundary.tsx(76,2): error TS1434: Unexpected keyword or identifier.
src/components/ErrorBoundaries/DataFetchErrorBoundary.tsx(76,33): error TS1005: ';' expected.
src/components/ErrorBoundaries/DataFetchErrorBoundary.tsx(77,10): error TS1005: ',' expected.
src/components/ErrorBoundaries/DataFetchErrorBoundary.tsx(77,23): error TS1005: ',' expected.
src/components/ErrorBoundaries/DataFetchErrorBoundary.tsx(77,25): error TS1136: Property assignment expected.
src/components/ErrorBoundaries/DataFetchErrorBoundary.tsx(80,2): error TS1128: Declaration or statement expected.
src/components/ErrorBoundaries/DataFetchErrorBoundary.tsx(92,17): error TS1005: ',' expected.
src/components/ErrorBoundaries/DataFetchErrorBoundary.tsx(93,7): error TS1005: ';' expected.
src/components/ErrorBoundaries/DataFetchErrorBoundary.tsx(94,11): error TS1005: ';' expected.
src/components/ErrorBoundaries/DataFetchErrorBoundary.tsx(95,12): error TS1005: ';' expected.
src/components/ErrorBoundaries/DataFetchErrorBoundary.tsx(96,12): error TS1005: ';' expected.
src/components/ErrorBoundaries/DataFetchErrorBoundary.tsx(96,22): error TS1005: ')' expected.
src/components/ErrorBoundaries/DataFetchErrorBoundary.tsx(99,3): error TS1128: Declaration or statement expected.
src/components/ErrorBoundaries/DataFetchErrorBoundary.tsx(99,9): error TS1005: ';' expected.
src/components/ErrorBoundaries/DataFetchErrorBoundary.tsx(248,1): error TS1434: Unexpected keyword or identifier.
src/components/ErrorBoundaries/DataFetchErrorBoundary.tsx(248,8): error TS1434: Unexpected keyword or identifier.
src/components/ErrorBoundaries/DataFetchErrorBoundary.tsx(249,1): error TS1005: '}' expected.
src/components/ErrorBoundaries/LiveStreamErrorBoundary.tsx(44,12): error TS1005: ';' expected.
src/components/ErrorBoundaries/LiveStreamErrorBoundary.tsx(50,2): error TS1128: Declaration or statement expected.
src/components/ErrorBoundaries/LiveStreamErrorBoundary.tsx(54,2): error TS1434: Unexpected keyword or identifier.
src/components/ErrorBoundaries/LiveStreamErrorBoundary.tsx(54,34): error TS1005: ',' expected.
src/components/ErrorBoundaries/LiveStreamErrorBoundary.tsx(55,11): error TS1005: ',' expected.
src/components/ErrorBoundaries/LiveStreamErrorBoundary.tsx(55,23): error TS1005: ';' expected.
src/components/ErrorBoundaries/LiveStreamErrorBoundary.tsx(56,8): error TS1005: ':' expected.
src/components/ErrorBoundaries/LiveStreamErrorBoundary.tsx(64,3): error TS1005: ',' expected.
src/components/ErrorBoundaries/LiveStreamErrorBoundary.tsx(66,19): error TS1005: ',' expected.
src/components/ErrorBoundaries/LiveStreamErrorBoundary.tsx(69,3): error TS1005: ',' expected.
src/components/ErrorBoundaries/LiveStreamErrorBoundary.tsx(71,6): error TS1005: ':' expected.
src/components/ErrorBoundaries/LiveStreamErrorBoundary.tsx(72,14): error TS1005: ',' expected.
src/components/ErrorBoundaries/LiveStreamErrorBoundary.tsx(75,2): error TS1434: Unexpected keyword or identifier.
src/components/ErrorBoundaries/LiveStreamErrorBoundary.tsx(75,33): error TS1005: ';' expected.
src/components/ErrorBoundaries/LiveStreamErrorBoundary.tsx(76,10): error TS1005: ',' expected.
src/components/ErrorBoundaries/LiveStreamErrorBoundary.tsx(76,27): error TS1005: ',' expected.
src/components/ErrorBoundaries/LiveStreamErrorBoundary.tsx(76,29): error TS1136: Property assignment expected.
src/components/ErrorBoundaries/LiveStreamErrorBoundary.tsx(79,2): error TS1128: Declaration or statement expected.
src/components/ErrorBoundaries/LiveStreamErrorBoundary.tsx(94,2): error TS1128: Declaration or statement expected.
src/components/ErrorBoundaries/LiveStreamErrorBoundary.tsx(103,17): error TS1005: ',' expected.
src/components/ErrorBoundaries/LiveStreamErrorBoundary.tsx(104,7): error TS1005: ';' expected.
src/components/ErrorBoundaries/LiveStreamErrorBoundary.tsx(105,11): error TS1005: ';' expected.
src/components/ErrorBoundaries/LiveStreamErrorBoundary.tsx(106,16): error TS1005: ';' expected.
src/components/ErrorBoundaries/LiveStreamErrorBoundary.tsx(107,12): error TS1005: ';' expected.
src/components/ErrorBoundaries/LiveStreamErrorBoundary.tsx(108,2): error TS1109: Expression expected.
src/components/ErrorBoundaries/LiveStreamErrorBoundary.tsx(108,4): error TS1005: ')' expected.
src/components/ErrorBoundaries/LiveStreamErrorBoundary.tsx(111,3): error TS1005: ';' expected.
src/components/ErrorBoundaries/LiveStreamErrorBoundary.tsx(111,9): error TS1005: ';' expected.
src/components/ErrorBoundaries/LiveStreamErrorBoundary.tsx(114,2): error TS1128: Declaration or statement expected.
src/components/ErrorBoundaries/LiveStreamErrorBoundary.tsx(118,2): error TS1434: Unexpected keyword or identifier.
src/components/ErrorBoundaries/LiveStreamErrorBoundary.tsx(118,19): error TS1005: ';' expected.
src/components/ErrorBoundaries/LiveStreamErrorBoundary.tsx(118,21): error TS1434: Unexpected keyword or identifier.
src/components/ErrorBoundaries/LiveStreamErrorBoundary.tsx(220,1): error TS1005: '}' expected.
src/components/ErrorBoundaries/VideoErrorBoundary.tsx(34,12): error TS1005: ';' expected.
src/components/ErrorBoundaries/VideoErrorBoundary.tsx(39,2): error TS1128: Declaration or statement expected.
src/components/ErrorBoundaries/VideoErrorBoundary.tsx(43,2): error TS1434: Unexpected keyword or identifier.
src/components/ErrorBoundaries/VideoErrorBoundary.tsx(43,34): error TS1005: ',' expected.
src/components/ErrorBoundaries/VideoErrorBoundary.tsx(44,11): error TS1005: ',' expected.
src/components/ErrorBoundaries/VideoErrorBoundary.tsx(44,23): error TS1005: ';' expected.
src/components/ErrorBoundaries/VideoErrorBoundary.tsx(45,8): error TS1005: ':' expected.
src/components/ErrorBoundaries/VideoErrorBoundary.tsx(53,3): error TS1005: ',' expected.
src/components/ErrorBoundaries/VideoErrorBoundary.tsx(55,19): error TS1005: ',' expected.
src/components/ErrorBoundaries/VideoErrorBoundary.tsx(55,74): error TS1005: ',' expected.
src/components/ErrorBoundaries/VideoErrorBoundary.tsx(57,6): error TS1005: ':' expected.
src/components/ErrorBoundaries/VideoErrorBoundary.tsx(58,14): error TS1005: ',' expected.
src/components/ErrorBoundaries/VideoErrorBoundary.tsx(61,2): error TS1128: Declaration or statement expected.
src/components/ErrorBoundaries/VideoErrorBoundary.tsx(76,2): error TS1128: Declaration or statement expected.
src/components/ErrorBoundaries/VideoErrorBoundary.tsx(152,1): error TS1434: Unexpected keyword or identifier.
src/components/ErrorBoundaries/VideoErrorBoundary.tsx(152,8): error TS1434: Unexpected keyword or identifier.
src/components/ErrorBoundaries/VideoErrorBoundary.tsx(153,1): error TS1005: '}' expected.
src/components/ErrorBoundary/ErrorBoundary.tsx(21,12): error TS1005: ';' expected.
src/components/ErrorBoundary/ErrorBoundary.tsx(22,2): error TS1128: Declaration or statement expected.
src/components/ErrorBoundary/ErrorBoundary.tsx(26,25): error TS1005: ',' expected.
src/components/ErrorBoundary/ErrorBoundary.tsx(27,11): error TS1005: ',' expected.
src/components/ErrorBoundary/ErrorBoundary.tsx(27,30): error TS1005: ';' expected.
src/components/ErrorBoundary/ErrorBoundary.tsx(44,11): error TS1005: ';' expected.
src/components/ErrorBoundary/ErrorBoundary.tsx(52,3): error TS1109: Expression expected.
src/components/ErrorBoundary/ErrorBoundary.tsx(53,2): error TS1109: Expression expected.
src/components/ErrorBoundary/ErrorBoundary.tsx(72,1): error TS1005: '}' expected.
src/components/examples/YouTubePlayerExample.tsx(83,13): error TS1005: ',' expected.
src/components/examples/YouTubePlayerExample.tsx(83,38): error TS1005: ',' expected.
src/components/examples/YouTubePlayerExample.tsx(83,40): error TS1135: Argument expression expected.
src/components/examples/YouTubePlayerExample.tsx(87,31): error TS1005: ')' expected.
src/components/examples/YouTubePlayerExample.tsx(96,4): error TS1005: ',' expected.
src/components/examples/YouTubePlayerExample.tsx(99,8): error TS1005: ':' expected.
src/components/examples/YouTubePlayerExample.tsx(100,3): error TS1472: 'catch' or 'finally' expected.
src/components/examples/YouTubePlayerExample.tsx(115,4): error TS1005: ',' expected.
src/components/examples/YouTubePlayerExample.tsx(134,4): error TS1128: Declaration or statement expected.
src/components/examples/YouTubePlayerExample.tsx(134,50): error TS1005: ';' expected.
src/components/examples/YouTubePlayerExample.tsx(211,2): error TS2657: JSX expressions must have one parent element.
src/components/examples/YouTubePlayerExample.tsx(217,2): error TS1382: Unexpected token. Did you mean `{'>'}` or `&gt;`?
src/components/examples/YouTubePlayerExample.tsx(219,14): error TS17002: Expected corresponding JSX closing tag for 'div'.
src/components/examples/YouTubePlayerExample.tsx(241,2): error TS1382: Unexpected token. Did you mean `{'>'}` or `&gt;`?
src/components/examples/YouTubePlayerExample.tsx(243,14): error TS17002: Expected corresponding JSX closing tag for 'div'.
src/components/examples/YouTubePlayerExample.tsx(268,1): error TS1005: '}' expected.
src/components/mobile/MobileVideoGrid.tsx(23,1): error TS1131: Property or signature expected.
src/components/mobile/MobileVideoGrid.tsx(59,14): error TS1003: Identifier expected.
src/components/mobile/MobileVideoGrid.tsx(60,2): error TS1381: Unexpected token. Did you mean `{'}'}` or `&rbrace;`?
src/components/mobile/MobileVideoGrid.tsx(60,4): error TS1381: Unexpected token. Did you mean `{'}'}` or `&rbrace;`?
src/components/mobile/MobileVideoGrid.tsx(62,28): error TS1382: Unexpected token. Did you mean `{'>'}` or `&gt;`?
src/components/mobile/MobileVideoGrid.tsx(63,3): error TS1382: Unexpected token. Did you mean `{'>'}` or `&gt;`?
src/components/mobile/MobileVideoGrid.tsx(83,3): error TS1382: Unexpected token. Did you mean `{'>'}` or `&gt;`?
src/components/mobile/MobileVideoGrid.tsx(193,2): error TS1382: Unexpected token. Did you mean `{'>'}` or `&gt;`?
src/components/mobile/MobileVideoGrid.tsx(195,14): error TS17002: Expected corresponding JSX closing tag for 'div'.
src/components/mobile/MobileVideoGrid.tsx(197,2): error TS1005: ')' expected.
src/components/mobile/MobileVideoGrid.tsx(213,2): error TS1128: Declaration or statement expected.
src/components/mobile/MobileVideoGrid.tsx(214,2): error TS1128: Declaration or statement expected.
src/components/mobile/MobileVideoGrid.tsx(215,1): error TS1128: Declaration or statement expected.
src/components/mobile/MobileVideoPlayer.tsx(196,2): error TS1005: ')' expected.
src/components/mobile/MobileVideoPlayer.tsx(198,15): error TS1005: ',' expected.
src/components/mobile/MobileVideoPlayer.tsx(204,25): error TS1109: Expression expected.
src/components/mobile/MobileVideoPlayer.tsx(205,8): error TS1005: ';' expected.
src/components/mobile/MobileVideoPlayer.tsx(206,11): error TS1136: Property assignment expected.
src/components/mobile/MobileVideoPlayer.tsx(206,14): error TS1005: ';' expected.
src/components/mobile/MobileVideoPlayer.tsx(207,2): error TS1161: Unterminated regular expression literal.
src/components/mobile/MobileVideoPlayer.tsx(212,15): error TS1003: Identifier expected.
src/components/mobile/MobileVideoPlayer.tsx(212,17): error TS1003: Identifier expected.
src/components/mobile/MobileVideoPlayer.tsx(212,31): error TS1005: ';' expected.
src/components/mobile/MobileVideoPlayer.tsx(213,2): error TS1128: Declaration or statement expected.
src/components/mobile/MobileVideoPlayer.tsx(269,15): error TS1005: ';' expected.
src/components/mobile/MobileVideoPlayer.tsx(269,34): error TS1005: ',' expected.
src/components/mobile/MobileVideoPlayer.tsx(269,41): error TS1127: Invalid character.
src/components/mobile/MobileVideoPlayer.tsx(269,42): error TS1005: ',' expected.
src/components/mobile/MobileVideoPlayer.tsx(269,43): error TS1005: ',' expected.
src/components/mobile/MobileVideoPlayer.tsx(269,43): error TS1351: An identifier or keyword cannot immediately follow a numeric literal.
src/components/mobile/MobileVideoPlayer.tsx(269,49): error TS1005: ',' expected.
src/components/mobile/MobileVideoPlayer.tsx(269,51): error TS1109: Expression expected.
src/components/mobile/MobileVideoPlayer.tsx(269,53): error TS1127: Invalid character.
src/components/mobile/MobileVideoPlayer.tsx(269,54): error TS1005: ',' expected.
src/components/mobile/MobileVideoPlayer.tsx(269,55): error TS1005: ',' expected.
src/components/mobile/MobileVideoPlayer.tsx(269,55): error TS1351: An identifier or keyword cannot immediately follow a numeric literal.
src/components/mobile/MobileVideoPlayer.tsx(269,61): error TS1005: ',' expected.
src/components/mobile/MobileVideoPlayer.tsx(269,62): error TS1005: ',' expected.
src/components/mobile/MobileVideoPlayer.tsx(269,63): error TS1136: Property assignment expected.
src/components/mobile/MobileVideoPlayer.tsx(269,93): error TS1005: ',' expected.
src/components/mobile/MobileVideoPlayer.tsx(269,94): error TS1109: Expression expected.
src/components/mobile/MobileVideoPlayer.tsx(269,95): error TS1109: Expression expected.
src/components/mobile/MobileVideoPlayer.tsx(269,119): error TS1005: ',' expected.
src/components/mobile/MobileVideoPlayer.tsx(269,120): error TS1005: ',' expected.
src/components/mobile/MobileVideoPlayer.tsx(269,121): error TS1136: Property assignment expected.
src/components/mobile/MobileVideoPlayer.tsx(269,151): error TS1005: ',' expected.
src/components/mobile/MobileVideoPlayer.tsx(269,152): error TS1109: Expression expected.
src/components/mobile/MobileVideoPlayer.tsx(269,153): error TS1109: Expression expected.
src/components/mobile/MobileVideoPlayer.tsx(269,177): error TS1005: ',' expected.
src/components/mobile/MobileVideoPlayer.tsx(269,181): error TS1109: Expression expected.
src/components/mobile/MobileVideoPlayer.tsx(275,10): error TS1005: ';' expected.
src/components/mobile/MobileVideoPlayer.tsx(275,40): error TS1109: Expression expected.
src/components/mobile/MobileVideoPlayer.tsx(302,1): error TS1160: Unterminated template literal.
src/components/ModularPWAInstallBanner.tsx(114,3): error TS1128: Declaration or statement expected.
src/components/ModularPWAInstallBanner.tsx(119,25): error TS1005: ';' expected.
src/components/ModularPWAInstallBanner.tsx(227,2): error TS2657: JSX expressions must have one parent element.
src/components/ModularPWAInstallBanner.tsx(232,2): error TS1003: Identifier expected.
src/components/ModularPWAInstallBanner.tsx(232,5): error TS1109: Expression expected.
src/components/ModularPWAInstallBanner.tsx(233,2): error TS1109: Expression expected.
src/components/ModularPWAInstallBanner.tsx(234,10): error TS1005: '}' expected.
src/components/ModularPWAInstallBanner.tsx(235,14): error TS17002: Expected corresponding JSX closing tag for 'div'.
src/components/ModularPWAInstallBanner.tsx(264,8): error TS1005: ',' expected.
src/components/ModularPWAInstallBanner.tsx(266,11): error TS1109: Expression expected.
src/components/ModularPWAInstallBanner.tsx(269,2): error TS1109: Expression expected.
src/components/ModularPWAInstallBanner.tsx(270,2): error TS1127: Invalid character.
src/components/ModularPWAInstallBanner.tsx(271,14): error TS17002: Expected corresponding JSX closing tag for 'div'.
src/components/ModularPWAInstallBanner.tsx(308,8): error TS1005: ',' expected.
src/components/ModularPWAInstallBanner.tsx(310,11): error TS1109: Expression expected.
src/components/ModularPWAInstallBanner.tsx(313,2): error TS1109: Expression expected.
src/components/ModularPWAInstallBanner.tsx(315,14): error TS17002: Expected corresponding JSX closing tag for 'div'.
src/components/ModularPWAInstallBanner.tsx(318,2): error TS1005: '}' expected.
src/components/ModularPWAInstallBanner.tsx(344,8): error TS1005: ',' expected.
src/components/ModularPWAInstallBanner.tsx(346,11): error TS1109: Expression expected.
src/components/ModularPWAInstallBanner.tsx(349,2): error TS1109: Expression expected.
src/components/ModularPWAInstallBanner.tsx(350,2): error TS1127: Invalid character.
src/components/ModularPWAInstallBanner.tsx(351,14): error TS17002: Expected corresponding JSX closing tag for 'div'.
src/components/ModularPWAInstallBanner.tsx(390,11): error TS1109: Expression expected.
src/components/ModularPWAInstallBanner.tsx(393,2): error TS1109: Expression expected.
src/components/ModularPWAInstallBanner.tsx(394,2): error TS1127: Invalid character.
src/components/ModularPWAInstallBanner.tsx(395,14): error TS17002: Expected corresponding JSX closing tag for 'div'.
src/components/ModularPWAInstallBanner.tsx(407,24): error TS1003: Identifier expected.
src/components/ModularPWAInstallBanner.tsx(407,40): error TS1003: Identifier expected.
src/components/ModularPWAInstallBanner.tsx(408,21): error TS1003: Identifier expected.
src/components/ModularPWAInstallBanner.tsx(408,34): error TS1003: Identifier expected.
src/components/ModularPWAInstallBanner.tsx(409,18): error TS1003: Identifier expected.
src/components/ModularPWAInstallBanner.tsx(409,29): error TS1003: Identifier expected.
src/components/ModularPWAInstallBanner.tsx(409,31): error TS1003: Identifier expected.
src/components/ModularPWAInstallBanner.tsx(409,47): error TS1005: ';' expected.
src/components/ModularPWAInstallBanner.tsx(410,9): error TS1005: ';' expected.
src/components/ModularPWAInstallBanner.tsx(410,37): error TS1005: ',' expected.
src/components/ModularPWAInstallBanner.tsx(419,15): error TS1003: Identifier expected.
src/components/ModularPWAInstallBanner.tsx(424,2): error TS1381: Unexpected token. Did you mean `{'}'}` or `&rbrace;`?
src/components/ModularPWAInstallBanner.tsx(424,4): error TS1381: Unexpected token. Did you mean `{'}'}` or `&rbrace;`?
src/components/ModularPWAInstallBanner.tsx(425,59): error TS1382: Unexpected token. Did you mean `{'>'}` or `&gt;`?
src/components/ModularPWAInstallBanner.tsx(426,3): error TS1382: Unexpected token. Did you mean `{'>'}` or `&gt;`?
src/components/ModularPWAInstallBanner.tsx(430,2): error TS1128: Declaration or statement expected.
src/components/ModularPWAInstallBanner.tsx(431,1): error TS1128: Declaration or statement expected.
src/components/molecules/VideoCard/VideoCard.tsx(33,3): error TS1109: Expression expected.
src/components/molecules/VideoCard/VideoCard.tsx(34,2): error TS1109: Expression expected.
src/components/molecules/VideoCard/VideoCard.tsx(70,2): error TS1003: Identifier expected.
src/components/molecules/VideoCard/VideoCard.tsx(73,66): error TS1382: Unexpected token. Did you mean `{'>'}` or `&gt;`?
src/components/molecules/VideoCard/VideoCard.tsx(74,3): error TS1382: Unexpected token. Did you mean `{'>'}` or `&gt;`?
src/components/OfflineIndicator.tsx(93,2): error TS1382: Unexpected token. Did you mean `{'>'}` or `&gt;`?
src/components/OfflineIndicator.tsx(96,14): error TS17002: Expected corresponding JSX closing tag for 'div'.
src/components/OfflineIndicator.tsx(98,2): error TS1005: ')' expected.
src/components/OfflineIndicator.tsx(99,2): error TS2657: JSX expressions must have one parent element.
src/components/OfflineIndicator.tsx(107,2): error TS1382: Unexpected token. Did you mean `{'>'}` or `&gt;`?
src/components/OfflineIndicator.tsx(109,14): error TS17002: Expected corresponding JSX closing tag for 'div'.
src/components/OfflineIndicator.tsx(200,9): error TS1003: Identifier expected.
src/components/OfflineIndicator.tsx(200,53): error TS1381: Unexpected token. Did you mean `{'}'}` or `&rbrace;`?
src/components/OfflineIndicator.tsx(200,56): error TS1382: Unexpected token. Did you mean `{'>'}` or `&gt;`?
src/components/OfflineIndicator.tsx(201,3): error TS1382: Unexpected token. Did you mean `{'>'}` or `&gt;`?
src/components/OfflineIndicator.tsx(218,2): error TS1128: Declaration or statement expected.
src/components/OfflineIndicator.tsx(219,1): error TS1128: Declaration or statement expected.
src/components/optimized/LazyVideoPlayer.tsx(49,2): error TS1005: ')' expected.
src/components/optimized/LazyVideoPlayer.tsx(61,2): error TS1005: '}' expected.
src/components/optimized/LazyVideoPlayer.tsx(62,3): error TS1382: Unexpected token. Did you mean `{'>'}` or `&gt;`?
src/components/optimized/LazyVideoPlayer.tsx(76,3): error TS1381: Unexpected token. Did you mean `{'}'}` or `&rbrace;`?
src/components/optimized/OptimizedSearchResults.tsx(27,1): error TS1131: Property or signature expected.
src/components/optimized/OptimizedSearchResults.tsx(71,3): error TS1382: Unexpected token. Did you mean `{'>'}` or `&gt;`?
src/components/optimized/OptimizedSearchResults.tsx(77,3): error TS17008: JSX element 'h3' has no corresponding closing tag.
src/components/optimized/OptimizedSearchResults.tsx(79,57): error TS1109: Expression expected.
src/components/optimized/OptimizedSearchResults.tsx(80,2): error TS1161: Unterminated regular expression literal.
src/components/optimized/OptimizedSearchResults.tsx(82,7): error TS1005: '}' expected.
src/components/optimized/OptimizedSearchResults.tsx(92,7): error TS1003: Identifier expected.
src/components/optimized/OptimizedSearchResults.tsx(93,2): error TS1381: Unexpected token. Did you mean `{'}'}` or `&rbrace;`?
src/components/optimized/OptimizedSearchResults.tsx(95,46): error TS1382: Unexpected token. Did you mean `{'>'}` or `&gt;`?
src/components/optimized/OptimizedSearchResults.tsx(96,3): error TS1382: Unexpected token. Did you mean `{'>'}` or `&gt;`?
src/components/optimized/OptimizedSearchResults.tsx(152,3): error TS1128: Declaration or statement expected.
src/components/optimized/OptimizedSearchResults.tsx(152,7): error TS1005: ';' expected.
src/components/optimized/OptimizedSearchResults.tsx(225,2): error TS1382: Unexpected token. Did you mean `{'>'}` or `&gt;`?
src/components/optimized/OptimizedSearchResults.tsx(227,14): error TS17002: Expected corresponding JSX closing tag for 'div'.
src/components/optimized/OptimizedSearchResults.tsx(229,2): error TS1005: ')' expected.
src/components/optimized/OptimizedSearchResults.tsx(245,2): error TS1128: Declaration or statement expected.
src/components/optimized/OptimizedSearchResults.tsx(246,2): error TS1128: Declaration or statement expected.
src/components/optimized/OptimizedSearchResults.tsx(247,1): error TS1128: Declaration or statement expected.
src/components/optimized/OptimizedVideoGrid.tsx(53,3): error TS1382: Unexpected token. Did you mean `{'>'}` or `&gt;`?
src/components/optimized/OptimizedVideoGrid.tsx(121,3): error TS1128: Declaration or statement expected.
src/components/optimized/OptimizedVideoGrid.tsx(121,7): error TS1005: ';' expected.
src/components/optimized/VirtualizedCommentList.tsx(28,1): error TS1131: Property or signature expected.
src/components/optimized/VirtualizedCommentList.tsx(63,9): error TS1003: Identifier expected.
src/components/optimized/VirtualizedCommentList.tsx(66,2): error TS1381: Unexpected token. Did you mean `{'}'}` or `&rbrace;`?
src/components/optimized/VirtualizedCommentList.tsx(68,60): error TS1382: Unexpected token. Did you mean `{'>'}` or `&gt;`?
src/components/optimized/VirtualizedCommentList.tsx(69,3): error TS1382: Unexpected token. Did you mean `{'>'}` or `&gt;`?
src/components/optimized/VirtualizedCommentList.tsx(86,2): error TS1382: Unexpected token. Did you mean `{'>'}` or `&gt;`?
src/components/optimized/VirtualizedCommentList.tsx(89,14): error TS17002: Expected corresponding JSX closing tag for 'div'.
src/components/optimized/VirtualizedCommentList.tsx(93,2): error TS1382: Unexpected token. Did you mean `{'>'}` or `&gt;`?
src/components/optimized/VirtualizedCommentList.tsx(95,14): error TS17002: Expected corresponding JSX closing tag for 'div'.
src/components/optimized/VirtualizedCommentList.tsx(99,2): error TS1382: Unexpected token. Did you mean `{'>'}` or `&gt;`?
src/components/optimized/VirtualizedCommentList.tsx(101,14): error TS17002: Expected corresponding JSX closing tag for 'div'.
src/components/optimized/VirtualizedCommentList.tsx(148,2): error TS1382: Unexpected token. Did you mean `{'>'}` or `&gt;`?
src/components/optimized/VirtualizedCommentList.tsx(150,14): error TS17002: Expected corresponding JSX closing tag for 'div'.
src/components/organisms/VideoGrid/VideoGrid.tsx(23,2): error TS1003: Identifier expected.
src/components/organisms/VideoGrid/VideoGrid.tsx(25,2): error TS1128: Declaration or statement expected.
src/components/organisms/VideoGrid/VideoGrid.tsx(25,3): error TS1128: Declaration or statement expected.
src/components/organisms/VideoGrid/VideoGrid.tsx(25,5): error TS1161: Unterminated regular expression literal.
src/components/organisms/VideoGrid/VideoGrid.tsx(27,8): error TS1005: ',' expected.
src/components/organisms/VideoGrid/VideoGrid.tsx(31,2): error TS1128: Declaration or statement expected.
src/components/organisms/VideoGrid/VideoGrid.tsx(32,2): error TS1128: Declaration or statement expected.
src/components/organisms/VideoGrid/VideoGrid.tsx(37,2): error TS1003: Identifier expected.
src/components/organisms/VideoGrid/VideoGrid.tsx(39,2): error TS1128: Declaration or statement expected.
src/components/organisms/VideoGrid/VideoGrid.tsx(39,3): error TS1128: Declaration or statement expected.
src/components/organisms/VideoGrid/VideoGrid.tsx(39,5): error TS1161: Unterminated regular expression literal.
src/components/organisms/VideoGrid/VideoGrid.tsx(41,9): error TS1005: ',' expected.
src/components/organisms/VideoGrid/VideoGrid.tsx(45,2): error TS1005: ')' expected.
src/components/organisms/VideoGrid/VideoGrid.tsx(45,32): error TS1005: ',' expected.
src/components/organisms/VideoGrid/VideoGrid.tsx(45,45): error TS1005: ',' expected.
src/components/organisms/VideoGrid/VideoGrid.tsx(46,3): error TS1109: Expression expected.
src/components/organisms/VideoGrid/VideoGrid.tsx(47,2): error TS1109: Expression expected.
src/components/organisms/VideoGrid/VideoGrid.tsx(47,3): error TS1128: Declaration or statement expected.
src/components/organisms/VideoGrid/VideoGrid.tsx(47,4): error TS1128: Declaration or statement expected.
src/components/organisms/VideoGrid/VideoGrid.tsx(49,2): error TS1128: Declaration or statement expected.
src/components/organisms/VideoGrid/VideoGrid.tsx(50,1): error TS1128: Declaration or statement expected.
src/components/PWAInstallBanner.tsx(74,3): error TS1128: Declaration or statement expected.
src/components/PWAInstallBanner.tsx(74,53): error TS1005: ';' expected.
src/components/PWAInstallBanner.tsx(142,2): error TS1382: Unexpected token. Did you mean `{'>'}` or `&gt;`?
src/components/PWAInstallBanner.tsx(147,3): error TS1382: Unexpected token. Did you mean `{'>'}` or `&gt;`?
src/components/PWAInstallBanner.tsx(148,14): error TS17002: Expected corresponding JSX closing tag for 'div'.
src/components/PWAInstallBanner.tsx(159,2): error TS1382: Unexpected token. Did you mean `{'>'}` or `&gt;`?
src/components/PWAInstallBanner.tsx(161,14): error TS17002: Expected corresponding JSX closing tag for 'div'.
src/components/PWAInstallBanner.tsx(165,2): error TS1382: Unexpected token. Did you mean `{'>'}` or `&gt;`?
src/components/PWAInstallBanner.tsx(171,3): error TS1382: Unexpected token. Did you mean `{'>'}` or `&gt;`?
src/components/PWAInstallBanner.tsx(173,14): error TS17002: Expected corresponding JSX closing tag for 'div'.
src/components/PWAInstallBanner.tsx(191,2): error TS1382: Unexpected token. Did you mean `{'>'}` or `&gt;`?
src/components/PWAInstallBanner.tsx(193,14): error TS17002: Expected corresponding JSX closing tag for 'div'.
src/components/PWAInstallBanner.tsx(205,2): error TS1382: Unexpected token. Did you mean `{'>'}` or `&gt;`?
src/components/PWAInstallBanner.tsx(210,3): error TS1382: Unexpected token. Did you mean `{'>'}` or `&gt;`?
src/components/PWAInstallBanner.tsx(211,14): error TS17002: Expected corresponding JSX closing tag for 'div'.
src/components/PWAInstallBanner.tsx(231,2): error TS2657: JSX expressions must have one parent element.
src/components/PWAInstallBanner.tsx(237,2): error TS1382: Unexpected token. Did you mean `{'>'}` or `&gt;`?
src/components/PWAInstallBanner.tsx(242,3): error TS1382: Unexpected token. Did you mean `{'>'}` or `&gt;`?
src/components/PWAInstallBanner.tsx(243,14): error TS17002: Expected corresponding JSX closing tag for 'div'.
src/components/PWAInstallBanner.tsx(251,2): error TS1382: Unexpected token. Did you mean `{'>'}` or `&gt;`?
src/components/PWAInstallBanner.tsx(256,3): error TS1382: Unexpected token. Did you mean `{'>'}` or `&gt;`?
src/components/PWAInstallBanner.tsx(257,14): error TS17002: Expected corresponding JSX closing tag for 'div'.
src/components/PWAInstallBanner.tsx(258,2): error TS1005: ')' expected.
src/components/PWAInstallBanner.tsx(265,2): error TS1382: Unexpected token. Did you mean `{'>'}` or `&gt;`?
src/components/PWAInstallBanner.tsx(270,3): error TS1382: Unexpected token. Did you mean `{'>'}` or `&gt;`?
src/components/PWAInstallBanner.tsx(271,14): error TS17002: Expected corresponding JSX closing tag for 'div'.
src/components/PWAInstallBanner.tsx(274,2): error TS1005: ')' expected.
src/components/PWAInstallBanner.tsx(280,2): error TS1382: Unexpected token. Did you mean `{'>'}` or `&gt;`?
src/components/PWAInstallBanner.tsx(285,3): error TS1382: Unexpected token. Did you mean `{'>'}` or `&gt;`?
src/components/PWAInstallBanner.tsx(286,14): error TS17002: Expected corresponding JSX closing tag for 'div'.
src/components/PWAInstallBanner.tsx(287,2): error TS1005: ')' expected.
src/components/PWAInstallBanner.tsx(289,2): error TS1128: Declaration or statement expected.
src/components/PWAInstallBanner.tsx(289,3): error TS1128: Declaration or statement expected.
src/components/PWAInstallBanner.tsx(291,2): error TS1128: Declaration or statement expected.
src/components/PWAInstallBanner.tsx(291,3): error TS1128: Declaration or statement expected.
src/components/PWAInstallBanner.tsx(303,2): error TS2657: JSX expressions must have one parent element.
src/components/PWAInstallBanner.tsx(308,2): error TS1382: Unexpected token. Did you mean `{'>'}` or `&gt;`?
src/components/PWAInstallBanner.tsx(310,14): error TS17002: Expected corresponding JSX closing tag for 'div'.
src/components/PWAInstallBanner.tsx(315,6): error TS1005: ';' expected.
src/components/PWAInstallBanner.tsx(319,2): error TS1128: Declaration or statement expected.
src/components/PWAInstallBanner.tsx(330,1): error TS1128: Declaration or statement expected.
src/components/unified/UnifiedButton.tsx(137,2): error TS1003: Identifier expected.
src/components/unified/UnifiedButton.tsx(139,6): error TS1382: Unexpected token. Did you mean `{'>'}` or `&gt;`?
src/components/unified/UnifiedButton.tsx(140,2): error TS1382: Unexpected token. Did you mean `{'>'}` or `&gt;`?
src/components/unified/UnifiedButton.tsx(146,14): error TS17015: Expected corresponding closing tag for JSX fragment.
src/components/unified/UnifiedButton.tsx(146,18): error TS1005: ',' expected.
src/components/unified/UnifiedButton.tsx(148,2): error TS1109: Expression expected.
src/components/unified/UnifiedButton.tsx(164,2): error TS1128: Declaration or statement expected.
src/components/unified/UnifiedButton.tsx(165,1): error TS1128: Declaration or statement expected.
src/components/unified/UnifiedVideoCard.tsx(80,33): error TS1005: ',' expected.
src/components/unified/UnifiedVideoCard.tsx(83,7): error TS1005: ':' expected.
src/components/unified/UnifiedVideoCard.tsx(83,17): error TS1005: ',' expected.
src/components/unified/UnifiedVideoCard.tsx(85,2): error TS1005: '>' expected.
src/components/unified/UnifiedVideoCard.tsx(90,1): error TS1005: ',' expected.
src/components/unified/UnifiedVideoCard.tsx(90,3): error TS1109: Expression expected.
src/components/unified/UnifiedVideoCard.tsx(92,13): error TS1003: Identifier expected.
src/components/unified/UnifiedVideoCard.tsx(92,25): error TS1005: ':' expected.
src/components/unified/UnifiedVideoCard.tsx(93,9): error TS1003: Identifier expected.
src/components/unified/UnifiedVideoCard.tsx(93,18): error TS1005: ':' expected.
src/components/unified/UnifiedVideoCard.tsx(94,10): error TS1003: Identifier expected.
src/components/unified/UnifiedVideoCard.tsx(94,20): error TS1005: ':' expected.
src/components/unified/UnifiedVideoCard.tsx(96,13): error TS1003: Identifier expected.
src/components/unified/UnifiedVideoCard.tsx(96,25): error TS1005: ':' expected.
src/components/unified/UnifiedVideoCard.tsx(97,9): error TS1003: Identifier expected.
src/components/unified/UnifiedVideoCard.tsx(97,20): error TS1005: ':' expected.
src/components/unified/UnifiedVideoCard.tsx(98,10): error TS1003: Identifier expected.
src/components/unified/UnifiedVideoCard.tsx(98,20): error TS1005: ':' expected.
src/components/unified/UnifiedVideoCard.tsx(100,13): error TS1003: Identifier expected.
src/components/unified/UnifiedVideoCard.tsx(100,25): error TS1005: ':' expected.
src/components/unified/UnifiedVideoCard.tsx(101,9): error TS1003: Identifier expected.
src/components/unified/UnifiedVideoCard.tsx(101,18): error TS1005: ':' expected.
src/components/unified/UnifiedVideoCard.tsx(102,10): error TS1003: Identifier expected.
src/components/unified/UnifiedVideoCard.tsx(102,22): error TS1005: ':' expected.
src/components/unified/UnifiedVideoCard.tsx(102,23): error TS1005: ',' expected.
src/components/unified/UnifiedVideoCard.tsx(159,2): error TS1003: Identifier expected.
src/components/unified/UnifiedVideoCard.tsx(162,2): error TS1128: Declaration or statement expected.
src/components/unified/UnifiedVideoCard.tsx(162,3): error TS1128: Declaration or statement expected.
src/components/unified/UnifiedVideoCard.tsx(162,5): error TS1161: Unterminated regular expression literal.
src/components/unified/UnifiedVideoCard.tsx(165,8): error TS1005: ';' expected.
src/components/unified/UnifiedVideoCard.tsx(165,22): error TS1005: ';' expected.
src/components/unified/UnifiedVideoCard.tsx(166,3): error TS1136: Property assignment expected.
src/components/unified/UnifiedVideoCard.tsx(166,4): error TS1005: ';' expected.
src/components/unified/UnifiedVideoCard.tsx(171,2): error TS1003: Identifier expected.
src/components/unified/UnifiedVideoCard.tsx(175,2): error TS1128: Declaration or statement expected.
src/components/unified/UnifiedVideoCard.tsx(175,3): error TS1128: Declaration or statement expected.
src/components/unified/UnifiedVideoCard.tsx(175,5): error TS1161: Unterminated regular expression literal.
src/components/unified/UnifiedVideoCard.tsx(176,10): error TS1136: Property assignment expected.
src/components/unified/UnifiedVideoCard.tsx(176,13): error TS1005: ';' expected.
src/components/unified/UnifiedVideoCard.tsx(176,36): error TS1128: Declaration or statement expected.
src/components/unified/UnifiedVideoCard.tsx(177,11): error TS1136: Property assignment expected.
src/components/unified/UnifiedVideoCard.tsx(177,14): error TS1005: ';' expected.
src/components/unified/UnifiedVideoCard.tsx(177,36): error TS1128: Declaration or statement expected.
src/components/unified/UnifiedVideoCard.tsx(179,3): error TS1109: Expression expected.
src/components/unified/UnifiedVideoCard.tsx(180,2): error TS1109: Expression expected.
src/components/unified/UnifiedVideoCard.tsx(180,4): error TS1128: Declaration or statement expected.
src/components/unified/UnifiedVideoCard.tsx(184,3): error TS1128: Declaration or statement expected.
src/components/unified/UnifiedVideoCard.tsx(209,2): error TS2657: JSX expressions must have one parent element.
src/components/unified/UnifiedVideoCard.tsx(216,2): error TS1382: Unexpected token. Did you mean `{'>'}` or `&gt;`?
src/components/unified/UnifiedVideoCard.tsx(222,14): error TS17002: Expected corresponding JSX closing tag for 'div'.
src/components/unified/UnifiedVideoCard.tsx(229,2): error TS1382: Unexpected token. Did you mean `{'>'}` or `&gt;`?
src/components/unified/UnifiedVideoCard.tsx(233,14): error TS17002: Expected corresponding JSX closing tag for 'div'.
src/components/unified/UnifiedVideoCard.tsx(247,2): error TS1128: Declaration or statement expected.
src/components/unified/UnifiedVideoCard.tsx(274,8): error TS1003: Identifier expected.
src/components/unified/UnifiedVideoCard.tsx(277,3): error TS1381: Unexpected token. Did you mean `{'}'}` or `&rbrace;`?
src/components/unified/UnifiedVideoCard.tsx(277,6): error TS1382: Unexpected token. Did you mean `{'>'}` or `&gt;`?
src/components/unified/UnifiedVideoCard.tsx(278,2): error TS1382: Unexpected token. Did you mean `{'>'}` or `&gt;`?
src/components/unified/UnifiedVideoCard.tsx(280,14): error TS17002: Expected corresponding JSX closing tag for 'Link'.
src/components/unified/UnifiedVideoCard.tsx(281,14): error TS17002: Expected corresponding JSX closing tag for 'div'.
src/components/unified/UnifiedVideoCard.tsx(289,2): error TS1005: ')' expected.
src/components/unified/UnifiedVideoCard.tsx(292,2): error TS1382: Unexpected token. Did you mean `{'>'}` or `&gt;`?
src/components/unified/UnifiedVideoCard.tsx(294,14): error TS17002: Expected corresponding JSX closing tag for 'div'.
src/components/unified/UnifiedVideoCard.tsx(295,3): error TS1128: Declaration or statement expected.
src/components/unified/UnifiedVideoCard.tsx(331,2): error TS1128: Declaration or statement expected.
src/components/unified/UnifiedVideoCard.tsx(336,2): error TS1003: Identifier expected.
src/components/unified/UnifiedVideoCard.tsx(343,2): error TS1128: Declaration or statement expected.
src/components/unified/UnifiedVideoCard.tsx(343,3): error TS1128: Declaration or statement expected.
src/components/unified/UnifiedVideoCard.tsx(344,15): error TS1005: ';' expected.
src/components/unified/UnifiedVideoCard.tsx(346,2): error TS1109: Expression expected.
src/components/unified/UnifiedVideoCard.tsx(347,2): error TS2657: JSX expressions must have one parent element.
src/components/unified/UnifiedVideoCard.tsx(350,2): error TS1128: Declaration or statement expected.
src/components/unified/UnifiedVideoCard.tsx(351,2): error TS1128: Declaration or statement expected.
src/components/unified/UnifiedVideoCard.tsx(352,1): error TS1128: Declaration or statement expected.
src/config/pwa.ts(79,19): error TS1005: ',' expected.
src/config/pwa.ts(82,14): error TS1005: ':' expected.
src/config/pwa.ts(162,3): error TS1005: ',' expected.
src/config/pwa.ts(165,14): error TS1005: ':' expected.
src/config/pwa.ts(194,3): error TS1005: ',' expected.
src/config/pwa.ts(197,14): error TS1005: ':' expected.
src/config/pwa.ts(197,30): error TS1005: ',' expected.
src/config/pwa.ts(272,69): error TS1005: ',' expected.
src/config/pwa.ts(274,8): error TS1005: ':' expected.
src/config/pwa.ts(274,16): error TS1005: ':' expected.
src/config/pwa.ts(274,26): error TS1005: ',' expected.
src/config/pwa.ts(275,1): error TS1005: '}' expected.
src/debug/GoogleSearchStoreDebug.tsx(123,2): error TS1382: Unexpected token. Did you mean `{'>'}` or `&gt;`?
src/debug/GoogleSearchStoreDebug.tsx(125,14): error TS17002: Expected corresponding JSX closing tag for 'div'.
src/debug/GoogleSearchStoreDebug.tsx(128,2): error TS1005: ')' expected.
src/debug/GoogleSearchStoreDebug.tsx(143,2): error TS1382: Unexpected token. Did you mean `{'>'}` or `&gt;`?
src/debug/GoogleSearchStoreDebug.tsx(145,14): error TS17002: Expected corresponding JSX closing tag for 'div'.
src/debug/GoogleSearchStoreDebug.tsx(150,2): error TS1382: Unexpected token. Did you mean `{'>'}` or `&gt;`?
src/debug/GoogleSearchStoreDebug.tsx(152,14): error TS17002: Expected corresponding JSX closing tag for 'div'.
src/debug/GoogleSearchStoreDebug.tsx(207,2): error TS1128: Declaration or statement expected.
src/debug/GoogleSearchStoreDebug.tsx(208,1): error TS1128: Declaration or statement expected.
src/debug/TestMetadataFetch.tsx(123,2): error TS1382: Unexpected token. Did you mean `{'>'}` or `&gt;`?
src/debug/TestMetadataFetch.tsx(125,14): error TS17002: Expected corresponding JSX closing tag for 'div'.
src/debug/TestMetadataFetch.tsx(131,2): error TS1382: Unexpected token. Did you mean `{'>'}` or `&gt;`?
src/debug/TestMetadataFetch.tsx(133,14): error TS17002: Expected corresponding JSX closing tag for 'div'.
src/debug/TestMetadataFetch.tsx(136,2): error TS1005: ')' expected.
src/debug/TestMetadataFetch.tsx(193,2): error TS1128: Declaration or statement expected.
src/debug/TestMetadataFetch.tsx(194,1): error TS1128: Declaration or statement expected.
src/features/analytics/components/AdvancedAnalyticsDashboard.tsx(13,25): error TS1131: Property or signature expected.
src/features/analytics/components/AdvancedAnalyticsDashboard.tsx(14,6): error TS1005: '>' expected.
src/features/analytics/components/AdvancedAnalyticsDashboard.tsx(19,3): error TS1109: Expression expected.
src/features/analytics/components/AdvancedAnalyticsDashboard.tsx(19,4): error TS1109: Expression expected.
src/features/analytics/components/AdvancedAnalyticsDashboard.tsx(31,20): error TS1136: Property assignment expected.
src/features/analytics/components/AdvancedAnalyticsDashboard.tsx(32,12): error TS1005: ',' expected.
src/features/analytics/components/AdvancedAnalyticsDashboard.tsx(33,15): error TS1005: ',' expected.
src/features/analytics/components/AdvancedAnalyticsDashboard.tsx(34,15): error TS1005: ',' expected.
src/features/analytics/components/AdvancedAnalyticsDashboard.tsx(35,19): error TS1005: ',' expected.
src/features/analytics/components/AdvancedAnalyticsDashboard.tsx(36,15): error TS1005: ',' expected.
src/features/analytics/components/AdvancedAnalyticsDashboard.tsx(37,18): error TS1005: ',' expected.
src/features/analytics/components/AdvancedAnalyticsDashboard.tsx(38,19): error TS1005: ',' expected.
src/features/analytics/components/AdvancedAnalyticsDashboard.tsx(39,21): error TS1005: ',' expected.
src/features/analytics/components/AdvancedAnalyticsDashboard.tsx(40,4): error TS1109: Expression expected.
src/features/analytics/components/AdvancedAnalyticsDashboard.tsx(96,2): error TS1381: Unexpected token. Did you mean `{'}'}` or `&rbrace;`?
src/features/analytics/components/AdvancedAnalyticsDashboard.tsx(96,4): error TS1381: Unexpected token. Did you mean `{'}'}` or `&rbrace;`?
src/features/analytics/components/AdvancedAnalyticsDashboard.tsx(97,2): error TS1382: Unexpected token. Did you mean `{'>'}` or `&gt;`?
src/features/analytics/components/AdvancedAnalyticsDashboard.tsx(264,3): error TS1382: Unexpected token. Did you mean `{'>'}` or `&gt;`?
src/features/analytics/components/AdvancedAnalyticsDashboard.tsx(272,3): error TS1382: Unexpected token. Did you mean `{'>'}` or `&gt;`?
src/features/analytics/components/AdvancedAnalyticsDashboard.tsx(279,3): error TS1382: Unexpected token. Did you mean `{'>'}` or `&gt;`?
src/features/analytics/components/AdvancedAnalyticsDashboard.tsx(286,3): error TS1382: Unexpected token. Did you mean `{'>'}` or `&gt;`?
src/features/analytics/components/AdvancedAnalyticsDashboard.tsx(302,2): error TS1005: ')' expected.
src/features/analytics/components/AdvancedAnalyticsDashboard.tsx(305,2): error TS1005: ',' expected.
src/features/analytics/components/AdvancedAnalyticsDashboard.tsx(305,4): error TS1381: Unexpected token. Did you mean `{'}'}` or `&rbrace;`?
src/features/analytics/components/AdvancedAnalyticsDashboard.tsx(306,2): error TS1382: Unexpected token. Did you mean `{'>'}` or `&gt;`?
src/features/analytics/components/AdvancedAnalyticsDashboard.tsx(308,14): error TS17002: Expected corresponding JSX closing tag for 'div'.
src/features/analytics/components/AdvancedAnalyticsDashboard.tsx(310,3): error TS1381: Unexpected token. Did you mean `{'}'}` or `&rbrace;`?
src/features/analytics/components/AdvancedAnalyticsDashboard.tsx(321,10): error TS1003: Identifier expected.
src/features/analytics/components/AdvancedAnalyticsDashboard.tsx(322,11): error TS1005: ',' expected.
src/features/analytics/components/AdvancedAnalyticsDashboard.tsx(322,19): error TS1381: Unexpected token. Did you mean `{'}'}` or `&rbrace;`?
src/features/analytics/components/AdvancedAnalyticsDashboard.tsx(324,3): error TS1382: Unexpected token. Did you mean `{'>'}` or `&gt;`?
src/features/analytics/components/AdvancedAnalyticsDashboard.tsx(325,4): error TS1381: Unexpected token. Did you mean `{'}'}` or `&rbrace;`?
src/features/analytics/components/AdvancedAnalyticsDashboard.tsx(536,1): error TS1005: '}' expected.
src/features/auth/components/LoginForm.tsx(14,14): error TS1005: ';' expected.
src/features/auth/components/LoginForm.tsx(108,12): error TS1003: Identifier expected.
src/features/auth/components/LoginForm.tsx(111,2): error TS1381: Unexpected token. Did you mean `{'}'}` or `&rbrace;`?
src/features/auth/components/LoginForm.tsx(111,4): error TS1381: Unexpected token. Did you mean `{'}'}` or `&rbrace;`?
src/features/auth/components/LoginForm.tsx(112,36): error TS1382: Unexpected token. Did you mean `{'>'}` or `&gt;`?
src/features/auth/components/LoginForm.tsx(115,3): error TS1382: Unexpected token. Did you mean `{'>'}` or `&gt;`?
src/features/auth/components/LoginForm.tsx(133,12): error TS1003: Identifier expected.
src/features/auth/components/LoginForm.tsx(136,2): error TS1381: Unexpected token. Did you mean `{'}'}` or `&rbrace;`?
src/features/auth/components/LoginForm.tsx(136,4): error TS1381: Unexpected token. Did you mean `{'}'}` or `&rbrace;`?
src/features/auth/components/LoginForm.tsx(137,39): error TS1382: Unexpected token. Did you mean `{'>'}` or `&gt;`?
src/features/auth/components/LoginForm.tsx(140,3): error TS1382: Unexpected token. Did you mean `{'>'}` or `&gt;`?
src/features/auth/components/LoginForm.tsx(178,15): error TS1003: Identifier expected.
src/features/auth/components/LoginForm.tsx(179,2): error TS1381: Unexpected token. Did you mean `{'}'}` or `&rbrace;`?
src/features/auth/components/LoginForm.tsx(179,4): error TS1381: Unexpected token. Did you mean `{'}'}` or `&rbrace;`?
src/features/auth/components/LoginForm.tsx(180,37): error TS1382: Unexpected token. Did you mean `{'>'}` or `&gt;`?
src/features/auth/components/LoginForm.tsx(181,2): error TS1382: Unexpected token. Did you mean `{'>'}` or `&gt;`?
src/features/auth/components/LoginForm.tsx(183,14): error TS17002: Expected corresponding JSX closing tag for 'form'.
src/features/auth/components/LoginForm.tsx(191,14): error TS17002: Expected corresponding JSX closing tag for 'div'.
src/features/auth/components/LoginForm.tsx(197,1): error TS1005: '}' expected.
src/features/auth/components/ProtectedRoute.tsx(40,2): error TS1005: '}' expected.
src/features/auth/components/ProtectedRoute.tsx(41,3): error TS1109: Expression expected.
src/features/auth/components/ProtectedRoute.tsx(42,2): error TS1109: Expression expected.
src/features/auth/components/RegisterForm.tsx(136,12): error TS1003: Identifier expected.
src/features/auth/components/RegisterForm.tsx(139,2): error TS1381: Unexpected token. Did you mean `{'}'}` or `&rbrace;`?
src/features/auth/components/RegisterForm.tsx(139,4): error TS1381: Unexpected token. Did you mean `{'}'}` or `&rbrace;`?
src/features/auth/components/RegisterForm.tsx(140,39): error TS1382: Unexpected token. Did you mean `{'>'}` or `&gt;`?
src/features/auth/components/RegisterForm.tsx(143,3): error TS1382: Unexpected token. Did you mean `{'>'}` or `&gt;`?
src/features/auth/components/RegisterForm.tsx(161,12): error TS1003: Identifier expected.
src/features/auth/components/RegisterForm.tsx(164,2): error TS1381: Unexpected token. Did you mean `{'}'}` or `&rbrace;`?
src/features/auth/components/RegisterForm.tsx(164,4): error TS1381: Unexpected token. Did you mean `{'}'}` or `&rbrace;`?
src/features/auth/components/RegisterForm.tsx(165,42): error TS1382: Unexpected token. Did you mean `{'>'}` or `&gt;`?
src/features/auth/components/RegisterForm.tsx(168,3): error TS1382: Unexpected token. Did you mean `{'>'}` or `&gt;`?
src/features/auth/components/RegisterForm.tsx(188,12): error TS1003: Identifier expected.
src/features/auth/components/RegisterForm.tsx(191,2): error TS1381: Unexpected token. Did you mean `{'}'}` or `&rbrace;`?
src/features/auth/components/RegisterForm.tsx(191,4): error TS1381: Unexpected token. Did you mean `{'}'}` or `&rbrace;`?
src/features/auth/components/RegisterForm.tsx(192,36): error TS1382: Unexpected token. Did you mean `{'>'}` or `&gt;`?
src/features/auth/components/RegisterForm.tsx(195,3): error TS1382: Unexpected token. Did you mean `{'>'}` or `&gt;`?
src/features/auth/components/RegisterForm.tsx(213,12): error TS1003: Identifier expected.
src/features/auth/components/RegisterForm.tsx(216,2): error TS1381: Unexpected token. Did you mean `{'}'}` or `&rbrace;`?
src/features/auth/components/RegisterForm.tsx(216,4): error TS1381: Unexpected token. Did you mean `{'}'}` or `&rbrace;`?
src/features/auth/components/RegisterForm.tsx(217,39): error TS1382: Unexpected token. Did you mean `{'>'}` or `&gt;`?
src/features/auth/components/RegisterForm.tsx(220,3): error TS1382: Unexpected token. Did you mean `{'>'}` or `&gt;`?
src/features/auth/components/RegisterForm.tsx(238,12): error TS1003: Identifier expected.
src/features/auth/components/RegisterForm.tsx(241,2): error TS1381: Unexpected token. Did you mean `{'}'}` or `&rbrace;`?
src/features/auth/components/RegisterForm.tsx(241,4): error TS1381: Unexpected token. Did you mean `{'}'}` or `&rbrace;`?
src/features/auth/components/RegisterForm.tsx(242,37): error TS1382: Unexpected token. Did you mean `{'>'}` or `&gt;`?
src/features/auth/components/RegisterForm.tsx(245,3): error TS1382: Unexpected token. Did you mean `{'>'}` or `&gt;`?
src/features/auth/components/RegisterForm.tsx(256,15): error TS1003: Identifier expected.
src/features/auth/components/RegisterForm.tsx(257,2): error TS1381: Unexpected token. Did you mean `{'}'}` or `&rbrace;`?
src/features/auth/components/RegisterForm.tsx(257,4): error TS1381: Unexpected token. Did you mean `{'}'}` or `&rbrace;`?
src/features/auth/components/RegisterForm.tsx(258,37): error TS1382: Unexpected token. Did you mean `{'>'}` or `&gt;`?
src/features/auth/components/RegisterForm.tsx(259,2): error TS1382: Unexpected token. Did you mean `{'>'}` or `&gt;`?
src/features/auth/components/RegisterForm.tsx(261,14): error TS17002: Expected corresponding JSX closing tag for 'form'.
src/features/auth/components/RegisterForm.tsx(269,14): error TS17002: Expected corresponding JSX closing tag for 'div'.
src/features/auth/components/RegisterForm.tsx(275,1): error TS1005: '}' expected.
src/features/auth/services/authService.ts(78,2): error TS1434: Unexpected keyword or identifier.
src/features/auth/services/authService.ts(78,24): error TS1005: ';' expected.
src/features/auth/services/authService.ts(79,8): error TS1005: ':' expected.
src/features/auth/services/authService.ts(79,33): error TS1005: ',' expected.
src/features/auth/services/authService.ts(81,6): error TS1003: Identifier expected.
src/features/auth/services/authService.ts(81,13): error TS1005: ',' expected.
src/features/auth/services/authService.ts(85,2): error TS1005: ',' expected.
src/features/auth/services/authService.ts(85,6): error TS1005: ':' expected.
src/features/auth/services/authService.ts(86,8): error TS1005: ':' expected.
src/features/auth/services/authService.ts(88,52): error TS1005: ',' expected.
src/features/auth/services/authService.ts(90,6): error TS1003: Identifier expected.
src/features/auth/services/authService.ts(90,15): error TS1005: ',' expected.
src/features/auth/services/authService.ts(90,18): error TS1005: ',' expected.
src/features/auth/services/authService.ts(90,20): error TS1136: Property assignment expected.
src/features/auth/services/authService.ts(134,2): error TS1128: Declaration or statement expected.
src/features/auth/services/authService.ts(156,2): error TS1128: Declaration or statement expected.
src/features/auth/services/authService.ts(174,1): error TS1005: '}' expected.
src/features/comments/components/CommentSection.tsx(55,7): error TS1005: ',' expected.
src/features/comments/components/CommentSection.tsx(121,2): error TS1382: Unexpected token. Did you mean `{'>'}` or `&gt;`?
src/features/comments/components/CommentSection.tsx(126,14): error TS17002: Expected corresponding JSX closing tag for 'div'.
src/features/comments/components/CommentSection.tsx(133,2): error TS1382: Unexpected token. Did you mean `{'>'}` or `&gt;`?
src/features/comments/components/CommentSection.tsx(135,14): error TS17002: Expected corresponding JSX closing tag for 'div'.
src/features/comments/components/CommentSection.tsx(142,2): error TS1382: Unexpected token. Did you mean `{'>'}` or `&gt;`?
src/features/comments/components/CommentSection.tsx(144,14): error TS17002: Expected corresponding JSX closing tag for 'div'.
src/features/comments/components/CommentSection.tsx(146,2): error TS1005: ')' expected.
src/features/comments/components/CommentSection.tsx(151,2): error TS1005: ')' expected.
src/features/comments/components/CommentSection.tsx(345,19): error TS1005: ';' expected.
src/features/comments/components/CommentSection.tsx(345,23): error TS1005: ';' expected.
src/features/comments/components/CommentSection.tsx(345,35): error TS1005: ';' expected.
src/features/comments/components/CommentSection.tsx(345,48): error TS1005: ';' expected.
src/features/comments/components/CommentSection.tsx(352,19): error TS1005: ';' expected.
src/features/comments/components/CommentSection.tsx(352,29): error TS1005: ';' expected.
src/features/comments/components/CommentSection.tsx(364,24): error TS1005: ';' expected.
src/features/comments/components/CommentSection.tsx(364,29): error TS1005: ';' expected.
src/features/comments/components/CommentSection.tsx(364,34): error TS1005: ';' expected.
src/features/comments/components/CommentSection.tsx(364,47): error TS1005: ';' expected.
src/features/comments/components/CommentSection.tsx(364,55): error TS1005: ';' expected.
src/features/comments/components/CommentSection.tsx(364,67): error TS1005: ';' expected.
src/features/comments/components/CommentSection.tsx(364,85): error TS1005: ';' expected.
src/features/comments/components/CommentSection.tsx(374,24): error TS1005: ';' expected.
src/features/comments/components/CommentSection.tsx(374,29): error TS1005: ';' expected.
src/features/comments/components/CommentSection.tsx(374,34): error TS1005: ';' expected.
src/features/comments/components/CommentSection.tsx(374,47): error TS1005: ';' expected.
src/features/comments/components/CommentSection.tsx(374,55): error TS1005: ';' expected.
src/features/comments/components/CommentSection.tsx(374,67): error TS1005: ';' expected.
src/features/comments/components/CommentSection.tsx(374,85): error TS1005: ';' expected.
src/features/comments/components/CommentSection.tsx(395,24): error TS1005: ';' expected.
src/features/comments/components/CommentSection.tsx(395,35): error TS1005: ';' expected.
src/features/comments/components/CommentSection.tsx(395,53): error TS1005: ';' expected.
src/features/comments/components/CommentSection.tsx(475,1): error TS1160: Unterminated template literal.
src/features/comments/hooks/useComments.ts(23,35): error TS1138: Parameter declaration expected.
src/features/comments/hooks/useComments.ts(59,33): error TS1138: Parameter declaration expected.
src/features/comments/hooks/useComments.ts(97,37): error TS1138: Parameter declaration expected.
src/features/comments/hooks/useComments.ts(121,37): error TS1138: Parameter declaration expected.
src/features/comments/hooks/useComments.ts(135,35): error TS1138: Parameter declaration expected.
src/features/comments/hooks/useComments.ts(164,2): error TS1005: ',' expected.
src/features/comments/hooks/useComments.ts(181,2): error TS1005: ',' expected.
src/features/comments/hooks/useComments.ts(193,2): error TS1005: ',' expected.
src/features/comments/hooks/useComments.ts(218,2): error TS1005: ',' expected.
src/features/comments/hooks/useComments.ts(230,2): error TS1005: ',' expected.
src/features/comments/hooks/useComments.ts(242,2): error TS1005: ',' expected.
src/features/comments/hooks/useComments.ts(253,2): error TS1005: ',' expected.
src/features/comments/hooks/useComments.ts(264,2): error TS1005: ',' expected.
src/features/comments/hooks/useComments.ts(276,2): error TS1005: ',' expected.
src/features/comments/hooks/useComments.ts(312,2): error TS1005: ',' expected.
src/features/comments/hooks/useComments.ts(325,2): error TS1005: ',' expected.
src/features/comments/hooks/useComments.ts(336,2): error TS1005: ',' expected.
src/features/comments/hooks/useComments.ts(361,3): error TS1005: ',' expected.
src/features/comments/hooks/useComments.ts(384,1): error TS1005: '}' expected.
src/features/comments/services/commentService.ts(43,25): error TS1138: Parameter declaration expected.
src/features/comments/services/commentService.ts(53,26): error TS1138: Parameter declaration expected.
src/features/comments/services/commentService.ts(135,22): error TS1138: Parameter declaration expected.
src/features/comments/services/commentService.ts(148,24): error TS1138: Parameter declaration expected.
src/features/comments/services/commentService.ts(169,24): error TS1138: Parameter declaration expected.
src/features/comments/services/commentService.ts(179,29): error TS1138: Parameter declaration expected.
src/features/comments/services/commentService.ts(193,23): error TS1138: Parameter declaration expected.
src/features/comments/services/commentService.ts(228,28): error TS1138: Parameter declaration expected.
src/features/comments/services/commentService.ts(265,27): error TS1138: Parameter declaration expected.
src/features/comments/services/commentService.ts(282,28): error TS1138: Parameter declaration expected.
src/features/comments/services/commentService.ts(301,29): error TS1138: Parameter declaration expected.
src/features/comments/services/commentService.ts(323,23): error TS1138: Parameter declaration expected.
src/features/comments/services/commentService.ts(330,1): error TS1434: Unexpected keyword or identifier.
src/features/comments/services/commentService.ts(330,8): error TS1434: Unexpected keyword or identifier.
src/features/comments/services/commentService.ts(331,1): error TS1005: '}' expected.
src/features/common/components/ErrorBoundary.tsx(22,12): error TS1005: ';' expected.
src/features/common/components/ErrorBoundary.tsx(26,2): error TS1128: Declaration or statement expected.
src/features/common/components/ErrorBoundary.tsx(33,2): error TS1434: Unexpected keyword or identifier.
src/features/common/components/ErrorBoundary.tsx(33,34): error TS1005: ',' expected.
src/features/common/components/ErrorBoundary.tsx(34,11): error TS1005: ',' expected.
src/features/common/components/ErrorBoundary.tsx(34,23): error TS1005: ';' expected.
src/features/common/components/ErrorBoundary.tsx(36,8): error TS1005: ',' expected.
src/features/common/components/ErrorBoundary.tsx(36,66): error TS1005: ',' expected.
src/features/common/components/ErrorBoundary.tsx(37,6): error TS1005: ':' expected.
src/features/common/components/ErrorBoundary.tsx(38,14): error TS1005: ',' expected.
src/features/common/components/ErrorBoundary.tsx(41,2): error TS1434: Unexpected keyword or identifier.
src/features/common/components/ErrorBoundary.tsx(41,19): error TS1005: ';' expected.
src/features/common/components/ErrorBoundary.tsx(41,21): error TS1434: Unexpected keyword or identifier.
src/features/common/components/ErrorBoundary.tsx(79,1): error TS1005: '}' expected.
src/features/common/components/Footer.tsx(20,2): error TS1382: Unexpected token. Did you mean `{'>'}` or `&gt;`?
src/features/common/components/Footer.tsx(25,3): error TS1382: Unexpected token. Did you mean `{'>'}` or `&gt;`?
src/features/common/components/Footer.tsx(29,3): error TS1382: Unexpected token. Did you mean `{'>'}` or `&gt;`?
src/features/common/components/Footer.tsx(40,14): error TS17002: Expected corresponding JSX closing tag for 'Link'.
src/features/common/components/Footer.tsx(42,14): error TS17002: Expected corresponding JSX closing tag for 'div'.
src/features/common/components/Footer.tsx(170,14): error TS17002: Expected corresponding JSX closing tag for 'footer'.
src/features/common/components/Header.tsx(34,2): error TS1382: Unexpected token. Did you mean `{'>'}` or `&gt;`?
src/features/common/components/Header.tsx(40,3): error TS1382: Unexpected token. Did you mean `{'>'}` or `&gt;`?
src/features/common/components/Header.tsx(41,14): error TS17002: Expected corresponding JSX closing tag for 'button'.
src/features/common/components/Header.tsx(42,14): error TS17002: Expected corresponding JSX closing tag for 'div'.
src/features/common/components/Header.tsx(48,2): error TS1382: Unexpected token. Did you mean `{'>'}` or `&gt;`?
src/features/common/components/Header.tsx(53,3): error TS1382: Unexpected token. Did you mean `{'>'}` or `&gt;`?
src/features/common/components/Header.tsx(57,3): error TS1382: Unexpected token. Did you mean `{'>'}` or `&gt;`?
src/features/common/components/Header.tsx(68,14): error TS17002: Expected corresponding JSX closing tag for 'Link'.
src/features/common/components/Header.tsx(69,14): error TS17002: Expected corresponding JSX closing tag for 'div'.
src/features/common/components/Header.tsx(92,2): error TS1382: Unexpected token. Did you mean `{'>'}` or `&gt;`?
src/features/common/components/Header.tsx(98,3): error TS1382: Unexpected token. Did you mean `{'>'}` or `&gt;`?
src/features/common/components/Header.tsx(99,14): error TS17002: Expected corresponding JSX closing tag for 'button'.
src/features/common/components/Header.tsx(100,14): error TS17002: Expected corresponding JSX closing tag for 'form'.
src/features/common/components/Header.tsx(101,14): error TS17002: Expected corresponding JSX closing tag for 'div'.
src/features/common/components/Header.tsx(102,14): error TS17002: Expected corresponding JSX closing tag for 'header'.
src/features/common/components/Header.tsx(104,2): error TS1005: ')' expected.
src/features/common/components/Header.tsx(113,2): error TS1382: Unexpected token. Did you mean `{'>'}` or `&gt;`?
src/features/common/components/Header.tsx(119,3): error TS1382: Unexpected token. Did you mean `{'>'}` or `&gt;`?
src/features/common/components/Header.tsx(120,14): error TS17002: Expected corresponding JSX closing tag for 'button'.
src/features/common/components/Header.tsx(121,14): error TS17002: Expected corresponding JSX closing tag for 'div'.
src/features/common/components/Header.tsx(164,2): error TS1382: Unexpected token. Did you mean `{'>'}` or `&gt;`?
src/features/common/components/Header.tsx(166,14): error TS17002: Expected corresponding JSX closing tag for 'div'.
src/features/common/components/Header.tsx(180,2): error TS1382: Unexpected token. Did you mean `{'>'}` or `&gt;`?
src/features/common/components/Header.tsx(186,3): error TS1382: Unexpected token. Did you mean `{'>'}` or `&gt;`?
src/features/common/components/Header.tsx(187,14): error TS17002: Expected corresponding JSX closing tag for 'Link'.
src/features/common/components/Header.tsx(188,2): error TS1005: ')' expected.
src/features/common/components/Header.tsx(190,2): error TS1109: Expression expected.
src/features/common/components/Header.tsx(190,3): error TS1128: Declaration or statement expected.
src/features/common/components/Header.tsx(195,2): error TS1128: Declaration or statement expected.
src/features/common/components/Header.tsx(196,1): error TS1128: Declaration or statement expected.
src/features/common/components/Sidebar.tsx(28,2): error TS1382: Unexpected token. Did you mean `{'>'}` or `&gt;`?
src/features/common/components/Sidebar.tsx(35,2): error TS1382: Unexpected token. Did you mean `{'>'}` or `&gt;`?
src/features/common/components/Sidebar.tsx(41,3): error TS1382: Unexpected token. Did you mean `{'>'}` or `&gt;`?
src/features/common/components/Sidebar.tsx(42,14): error TS17002: Expected corresponding JSX closing tag for 'nav'.
src/features/common/components/Sidebar.tsx(44,14): error TS17002: Expected corresponding JSX closing tag for 'div'.
src/features/common/components/Sidebar.tsx(55,2): error TS1382: Unexpected token. Did you mean `{'>'}` or `&gt;`?
src/features/common/components/Sidebar.tsx(62,2): error TS1382: Unexpected token. Did you mean `{'>'}` or `&gt;`?
src/features/common/components/Sidebar.tsx(68,3): error TS1382: Unexpected token. Did you mean `{'>'}` or `&gt;`?
src/features/common/components/Sidebar.tsx(69,14): error TS17002: Expected corresponding JSX closing tag for 'aside'.
src/features/common/components/Sidebar.tsx(70,2): error TS1005: ')' expected.
src/features/common/components/Sidebar.tsx(74,16): error TS1109: Expression expected.
src/features/common/components/Sidebar.tsx(82,2): error TS1109: Expression expected.
src/features/common/components/Sidebar.tsx(106,2): error TS1382: Unexpected token. Did you mean `{'>'}` or `&gt;`?
src/features/common/components/Sidebar.tsx(113,2): error TS1382: Unexpected token. Did you mean `{'>'}` or `&gt;`?
src/features/common/components/Sidebar.tsx(119,3): error TS1382: Unexpected token. Did you mean `{'>'}` or `&gt;`?
src/features/common/components/Sidebar.tsx(120,14): error TS17015: Expected corresponding closing tag for JSX fragment.
src/features/common/components/Sidebar.tsx(124,7): error TS1005: ';' expected.
src/features/common/components/Sidebar.tsx(125,2): error TS2657: JSX expressions must have one parent element.
src/features/common/components/Sidebar.tsx(139,2): error TS1109: Expression expected.
src/features/common/components/Sidebar.tsx(152,3): error TS1109: Expression expected.
src/features/common/components/Sidebar.tsx(158,21): error TS1109: Expression expected.
src/features/common/components/Sidebar.tsx(165,2): error TS1128: Declaration or statement expected.
src/features/common/components/Sidebar.tsx(166,2): error TS1109: Expression expected.
src/features/common/components/Sidebar.tsx(179,3): error TS1109: Expression expected.
src/features/common/components/Sidebar.tsx(181,8): error TS1005: ';' expected.
src/features/common/components/Sidebar.tsx(185,22): error TS1109: Expression expected.
src/features/common/components/Sidebar.tsx(192,2): error TS1128: Declaration or statement expected.
src/features/common/components/Sidebar.tsx(193,2): error TS1109: Expression expected.
src/features/common/components/Sidebar.tsx(206,3): error TS1109: Expression expected.
src/features/common/components/Sidebar.tsx(208,8): error TS1005: ';' expected.
src/features/common/components/Sidebar.tsx(212,19): error TS1109: Expression expected.
src/features/common/components/Sidebar.tsx(219,2): error TS1128: Declaration or statement expected.
src/features/common/components/Sidebar.tsx(220,2): error TS1109: Expression expected.
src/features/common/components/Sidebar.tsx(233,3): error TS1109: Expression expected.
src/features/common/components/Sidebar.tsx(238,7): error TS1005: ';' expected.
src/features/common/components/Sidebar.tsx(239,2): error TS2657: JSX expressions must have one parent element.
src/features/common/components/Sidebar.tsx(252,2): error TS1128: Declaration or statement expected.
src/features/common/components/Sidebar.tsx(253,2): error TS1109: Expression expected.
src/features/common/components/Sidebar.tsx(266,3): error TS1109: Expression expected.
src/features/common/components/Sidebar.tsx(268,10): error TS1005: ';' expected.
src/features/common/components/Sidebar.tsx(272,16): error TS1109: Expression expected.
src/features/common/components/Sidebar.tsx(279,2): error TS1128: Declaration or statement expected.
src/features/common/components/Sidebar.tsx(280,2): error TS1109: Expression expected.
src/features/common/components/Sidebar.tsx(293,3): error TS1109: Expression expected.
src/features/common/components/Sidebar.tsx(295,9): error TS1005: ';' expected.
src/features/common/components/Sidebar.tsx(299,17): error TS1109: Expression expected.
src/features/common/components/Sidebar.tsx(306,2): error TS1128: Declaration or statement expected.
src/features/common/components/Sidebar.tsx(307,2): error TS1109: Expression expected.
src/features/common/components/Sidebar.tsx(320,3): error TS1109: Expression expected.
src/features/common/components/Sidebar.tsx(322,5): error TS1005: ';' expected.
src/features/common/components/Sidebar.tsx(325,2): error TS1128: Declaration or statement expected.
src/features/common/components/Sidebar.tsx(325,3): error TS1128: Declaration or statement expected.
src/features/common/components/Sidebar.tsx(343,2): error TS1382: Unexpected token. Did you mean `{'>'}` or `&gt;`?
src/features/common/components/Sidebar.tsx(349,3): error TS1382: Unexpected token. Did you mean `{'>'}` or `&gt;`?
src/features/common/components/Sidebar.tsx(350,14): error TS17002: Expected corresponding JSX closing tag for 'NavLink'.
src/features/common/components/Sidebar.tsx(352,14): error TS17002: Expected corresponding JSX closing tag for 'div'.
src/features/common/components/Sidebar.tsx(358,2): error TS1128: Declaration or statement expected.
src/features/common/components/Sidebar.tsx(359,1): error TS1128: Declaration or statement expected.
src/features/common/components/StudioHeader.tsx(34,2): error TS1382: Unexpected token. Did you mean `{'>'}` or `&gt;`?
src/features/common/components/StudioHeader.tsx(40,3): error TS1382: Unexpected token. Did you mean `{'>'}` or `&gt;`?
src/features/common/components/StudioHeader.tsx(41,14): error TS17002: Expected corresponding JSX closing tag for 'button'.
src/features/common/components/StudioHeader.tsx(42,14): error TS17002: Expected corresponding JSX closing tag for 'div'.
src/features/common/components/StudioHeader.tsx(48,2): error TS1382: Unexpected token. Did you mean `{'>'}` or `&gt;`?
src/features/common/components/StudioHeader.tsx(53,3): error TS1382: Unexpected token. Did you mean `{'>'}` or `&gt;`?
src/features/common/components/StudioHeader.tsx(57,3): error TS1382: Unexpected token. Did you mean `{'>'}` or `&gt;`?
src/features/common/components/StudioHeader.tsx(68,14): error TS17002: Expected corresponding JSX closing tag for 'Link'.
src/features/common/components/StudioHeader.tsx(70,14): error TS17002: Expected corresponding JSX closing tag for 'div'.
src/features/common/components/StudioHeader.tsx(93,2): error TS1382: Unexpected token. Did you mean `{'>'}` or `&gt;`?
src/features/common/components/StudioHeader.tsx(99,3): error TS1382: Unexpected token. Did you mean `{'>'}` or `&gt;`?
src/features/common/components/StudioHeader.tsx(100,14): error TS17002: Expected corresponding JSX closing tag for 'button'.
src/features/common/components/StudioHeader.tsx(101,14): error TS17002: Expected corresponding JSX closing tag for 'form'.
src/features/common/components/StudioHeader.tsx(102,14): error TS17002: Expected corresponding JSX closing tag for 'div'.
src/features/common/components/StudioHeader.tsx(103,14): error TS17002: Expected corresponding JSX closing tag for 'header'.
src/features/common/components/StudioHeader.tsx(105,2): error TS1005: ')' expected.
src/features/common/components/StudioHeader.tsx(106,2): error TS2657: JSX expressions must have one parent element.
src/features/common/components/StudioHeader.tsx(114,2): error TS1382: Unexpected token. Did you mean `{'>'}` or `&gt;`?
src/features/common/components/StudioHeader.tsx(120,3): error TS1382: Unexpected token. Did you mean `{'>'}` or `&gt;`?
src/features/common/components/StudioHeader.tsx(121,14): error TS17002: Expected corresponding JSX closing tag for 'button'.
src/features/common/components/StudioHeader.tsx(122,14): error TS17002: Expected corresponding JSX closing tag for 'div'.
src/features/common/components/StudioHeader.tsx(131,2): error TS1382: Unexpected token. Did you mean `{'>'}` or `&gt;`?
src/features/common/components/StudioHeader.tsx(137,3): error TS1382: Unexpected token. Did you mean `{'>'}` or `&gt;`?
src/features/common/components/StudioHeader.tsx(138,14): error TS17002: Expected corresponding JSX closing tag for 'button'.
src/features/common/components/StudioHeader.tsx(151,2): error TS1382: Unexpected token. Did you mean `{'>'}` or `&gt;`?
src/features/common/components/StudioHeader.tsx(157,3): error TS1382: Unexpected token. Did you mean `{'>'}` or `&gt;`?
src/features/common/components/StudioHeader.tsx(158,14): error TS17002: Expected corresponding JSX closing tag for 'Link'.
src/features/common/components/StudioHeader.tsx(191,2): error TS1382: Unexpected token. Did you mean `{'>'}` or `&gt;`?
src/features/common/components/StudioHeader.tsx(193,14): error TS17002: Expected corresponding JSX closing tag for 'div'.
src/features/common/components/StudioHeader.tsx(201,2): error TS1128: Declaration or statement expected.
src/features/common/components/StudioHeader.tsx(202,1): error TS1128: Declaration or statement expected.
src/features/common/components/StudioSidebar.tsx(46,2): error TS1382: Unexpected token. Did you mean `{'>'}` or `&gt;`?
src/features/common/components/StudioSidebar.tsx(51,3): error TS1382: Unexpected token. Did you mean `{'>'}` or `&gt;`?
src/features/common/components/StudioSidebar.tsx(52,14): error TS17002: Expected corresponding JSX closing tag for 'Link'.
src/features/common/components/StudioSidebar.tsx(53,14): error TS17002: Expected corresponding JSX closing tag for 'div'.
src/features/common/components/StudioSidebar.tsx(69,2): error TS1382: Unexpected token. Did you mean `{'>'}` or `&gt;`?
src/features/common/components/StudioSidebar.tsx(76,2): error TS1382: Unexpected token. Did you mean `{'>'}` or `&gt;`?
src/features/common/components/StudioSidebar.tsx(82,3): error TS1382: Unexpected token. Did you mean `{'>'}` or `&gt;`?
src/features/common/components/StudioSidebar.tsx(83,14): error TS17002: Expected corresponding JSX closing tag for 'nav'.
src/features/common/components/StudioSidebar.tsx(85,14): error TS17002: Expected corresponding JSX closing tag for 'div'.
src/features/common/components/StudioSidebar.tsx(96,2): error TS1382: Unexpected token. Did you mean `{'>'}` or `&gt;`?
src/features/common/components/StudioSidebar.tsx(103,2): error TS1382: Unexpected token. Did you mean `{'>'}` or `&gt;`?
src/features/common/components/StudioSidebar.tsx(109,3): error TS1382: Unexpected token. Did you mean `{'>'}` or `&gt;`?
src/features/common/components/StudioSidebar.tsx(110,14): error TS17002: Expected corresponding JSX closing tag for 'aside'.
src/features/common/components/StudioSidebar.tsx(111,2): error TS1005: ')' expected.
src/features/common/components/StudioSidebar.tsx(115,26): error TS1109: Expression expected.
src/features/common/components/StudioSidebar.tsx(123,2): error TS1109: Expression expected.
src/features/common/components/StudioSidebar.tsx(136,3): error TS1109: Expression expected.
src/features/common/components/StudioSidebar.tsx(142,25): error TS1109: Expression expected.
src/features/common/components/StudioSidebar.tsx(149,2): error TS1128: Declaration or statement expected.
src/features/common/components/StudioSidebar.tsx(150,2): error TS1109: Expression expected.
src/features/common/components/StudioSidebar.tsx(163,3): error TS1109: Expression expected.
src/features/common/components/StudioSidebar.tsx(169,26): error TS1109: Expression expected.
src/features/common/components/StudioSidebar.tsx(176,2): error TS1128: Declaration or statement expected.
src/features/common/components/StudioSidebar.tsx(177,2): error TS1109: Expression expected.
src/features/common/components/StudioSidebar.tsx(190,3): error TS1109: Expression expected.
src/features/common/components/StudioSidebar.tsx(196,26): error TS1109: Expression expected.
src/features/common/components/StudioSidebar.tsx(203,2): error TS1128: Declaration or statement expected.
src/features/common/components/StudioSidebar.tsx(204,2): error TS1109: Expression expected.
src/features/common/components/StudioSidebar.tsx(217,3): error TS1109: Expression expected.
src/features/common/components/StudioSidebar.tsx(223,29): error TS1109: Expression expected.
src/features/common/components/StudioSidebar.tsx(230,2): error TS1128: Declaration or statement expected.
src/features/common/components/StudioSidebar.tsx(231,2): error TS1109: Expression expected.
src/features/common/components/StudioSidebar.tsx(244,3): error TS1109: Expression expected.
src/features/common/components/StudioSidebar.tsx(250,30): error TS1109: Expression expected.
src/features/common/components/StudioSidebar.tsx(257,2): error TS1128: Declaration or statement expected.
src/features/common/components/StudioSidebar.tsx(258,2): error TS1109: Expression expected.
src/features/common/components/StudioSidebar.tsx(271,3): error TS1109: Expression expected.
src/features/common/components/StudioSidebar.tsx(277,30): error TS1109: Expression expected.
src/features/common/components/StudioSidebar.tsx(284,2): error TS1128: Declaration or statement expected.
src/features/common/components/StudioSidebar.tsx(285,2): error TS1109: Expression expected.
src/features/common/components/StudioSidebar.tsx(298,3): error TS1109: Expression expected.
src/features/common/components/StudioSidebar.tsx(300,8): error TS1005: ';' expected.
src/features/common/components/StudioSidebar.tsx(305,2): error TS2657: JSX expressions must have one parent element.
src/features/common/components/StudioSidebar.tsx(319,2): error TS1382: Unexpected token. Did you mean `{'>'}` or `&gt;`?
src/features/common/components/StudioSidebar.tsx(326,2): error TS1382: Unexpected token. Did you mean `{'>'}` or `&gt;`?
src/features/common/components/StudioSidebar.tsx(332,3): error TS1382: Unexpected token. Did you mean `{'>'}` or `&gt;`?
src/features/common/components/StudioSidebar.tsx(333,14): error TS17002: Expected corresponding JSX closing tag for 'nav'.
src/features/common/components/StudioSidebar.tsx(335,14): error TS17002: Expected corresponding JSX closing tag for 'div'.
src/features/common/components/StudioSidebar.tsx(345,2): error TS1128: Declaration or statement expected.
src/features/common/components/StudioSidebar.tsx(346,2): error TS1109: Expression expected.
src/features/common/components/StudioSidebar.tsx(359,3): error TS1109: Expression expected.
src/features/common/components/StudioSidebar.tsx(361,9): error TS1005: ';' expected.
src/features/common/components/StudioSidebar.tsx(365,35): error TS1109: Expression expected.
src/features/common/components/StudioSidebar.tsx(372,2): error TS1128: Declaration or statement expected.
src/features/common/components/StudioSidebar.tsx(373,2): error TS1109: Expression expected.
src/features/common/components/StudioSidebar.tsx(386,3): error TS1109: Expression expected.
src/features/common/components/StudioSidebar.tsx(394,2): error TS1128: Declaration or statement expected.
src/features/common/components/StudioSidebar.tsx(395,1): error TS1128: Declaration or statement expected.
src/features/community/components/CommunityPost.tsx(145,21): error TS1005: ',' expected.
src/features/community/components/CommunityPost.tsx(187,7): error TS1003: Identifier expected.
src/features/community/components/CommunityPost.tsx(190,2): error TS1381: Unexpected token. Did you mean `{'}'}` or `&rbrace;`?
src/features/community/components/CommunityPost.tsx(192,67): error TS1382: Unexpected token. Did you mean `{'>'}` or `&gt;`?
src/features/community/components/CommunityPost.tsx(194,3): error TS1382: Unexpected token. Did you mean `{'>'}` or `&gt;`?
src/features/community/components/CommunityPost.tsx(216,2): error TS2657: JSX expressions must have one parent element.
src/features/community/components/CommunityPost.tsx(227,2): error TS1005: ')' expected.
src/features/community/components/CommunityPost.tsx(232,2): error TS1005: ',' expected.
src/features/community/components/CommunityPost.tsx(232,66): error TS1381: Unexpected token. Did you mean `{'}'}` or `&rbrace;`?
src/features/community/components/CommunityPost.tsx(233,2): error TS1382: Unexpected token. Did you mean `{'>'}` or `&gt;`?
src/features/community/components/CommunityPost.tsx(252,14): error TS17002: Expected corresponding JSX closing tag for 'div'.
src/features/community/components/CommunityPost.tsx(253,4): error TS1381: Unexpected token. Did you mean `{'}'}` or `&rbrace;`?
src/features/community/components/CommunityPost.tsx(280,2): error TS1382: Unexpected token. Did you mean `{'>'}` or `&gt;`?
src/features/community/components/CommunityPost.tsx(289,14): error TS17002: Expected corresponding JSX closing tag for 'div'.
src/features/community/components/CommunityPost.tsx(299,2): error TS1382: Unexpected token. Did you mean `{'>'}` or `&gt;`?
src/features/community/components/CommunityPost.tsx(305,14): error TS17002: Expected corresponding JSX closing tag for 'div'.
src/features/community/components/CommunityPost.tsx(311,2): error TS1382: Unexpected token. Did you mean `{'>'}` or `&gt;`?
src/features/community/components/CommunityPost.tsx(316,14): error TS17002: Expected corresponding JSX closing tag for 'div'.
src/features/community/components/CommunityPost.tsx(318,2): error TS1005: ')' expected.
src/features/community/components/CommunityPost.tsx(323,2): error TS2657: JSX expressions must have one parent element.
src/features/community/components/CommunityPost.tsx(347,2): error TS1128: Declaration or statement expected.
src/features/community/components/CommunityPost.tsx(348,1): error TS1128: Declaration or statement expected.
src/features/creator/components/CreatorStudioDashboard.tsx(30,1): error TS1131: Property or signature expected.
src/features/creator/components/CreatorStudioDashboard.tsx(74,29): error TS1005: ',' expected.
src/features/creator/components/CreatorStudioDashboard.tsx(76,8): error TS1005: ':' expected.
src/features/creator/components/CreatorStudioDashboard.tsx(76,20): error TS1005: ',' expected.
src/features/creator/components/CreatorStudioDashboard.tsx(76,33): error TS1005: ',' expected.
src/features/creator/components/CreatorStudioDashboard.tsx(76,34): error TS1109: Expression expected.
src/features/creator/components/CreatorStudioDashboard.tsx(76,36): error TS1005: ':' expected.
src/features/creator/components/CreatorStudioDashboard.tsx(106,25): error TS1005: ',' expected.
src/features/creator/components/CreatorStudioDashboard.tsx(108,8): error TS1005: ':' expected.
src/features/creator/components/CreatorStudioDashboard.tsx(108,21): error TS1005: ',' expected.
src/features/creator/components/CreatorStudioDashboard.tsx(108,35): error TS1005: ',' expected.
src/features/creator/components/CreatorStudioDashboard.tsx(108,36): error TS1109: Expression expected.
src/features/creator/components/CreatorStudioDashboard.tsx(108,38): error TS1005: ':' expected.
src/features/creator/components/CreatorStudioDashboard.tsx(132,21): error TS1005: ',' expected.
src/features/creator/components/CreatorStudioDashboard.tsx(134,8): error TS1005: ':' expected.
src/features/creator/components/CreatorStudioDashboard.tsx(134,20): error TS1005: ',' expected.
src/features/creator/components/CreatorStudioDashboard.tsx(134,33): error TS1005: ',' expected.
src/features/creator/components/CreatorStudioDashboard.tsx(134,34): error TS1109: Expression expected.
src/features/creator/components/CreatorStudioDashboard.tsx(134,36): error TS1005: ':' expected.
src/features/creator/components/CreatorStudioDashboard.tsx(143,27): error TS1005: ',' expected.
src/features/creator/components/CreatorStudioDashboard.tsx(145,8): error TS1005: ':' expected.
src/features/creator/components/CreatorStudioDashboard.tsx(145,20): error TS1005: ',' expected.
src/features/creator/components/CreatorStudioDashboard.tsx(153,3): error TS1005: ',' expected.
src/features/creator/components/CreatorStudioDashboard.tsx(155,8): error TS1005: ':' expected.
src/features/creator/components/CreatorStudioDashboard.tsx(155,22): error TS1005: ',' expected.
src/features/creator/components/CreatorStudioDashboard.tsx(159,3): error TS1005: ',' expected.
src/features/creator/components/CreatorStudioDashboard.tsx(161,8): error TS1005: ':' expected.
src/features/creator/components/CreatorStudioDashboard.tsx(161,22): error TS1005: ',' expected.
src/features/creator/components/CreatorStudioDashboard.tsx(190,2): error TS2657: JSX expressions must have one parent element.
src/features/creator/components/CreatorStudioDashboard.tsx(229,9): error TS1003: Identifier expected.
src/features/creator/components/CreatorStudioDashboard.tsx(232,2): error TS1381: Unexpected token. Did you mean `{'}'}` or `&rbrace;`?
src/features/creator/components/CreatorStudioDashboard.tsx(232,4): error TS1381: Unexpected token. Did you mean `{'}'}` or `&rbrace;`?
src/features/creator/components/CreatorStudioDashboard.tsx(232,7): error TS1382: Unexpected token. Did you mean `{'>'}` or `&gt;`?
src/features/creator/components/CreatorStudioDashboard.tsx(233,2): error TS1382: Unexpected token. Did you mean `{'>'}` or `&gt;`?
src/features/creator/components/CreatorStudioDashboard.tsx(259,9): error TS1003: Identifier expected.
src/features/creator/components/CreatorStudioDashboard.tsx(262,2): error TS1381: Unexpected token. Did you mean `{'}'}` or `&rbrace;`?
src/features/creator/components/CreatorStudioDashboard.tsx(262,4): error TS1381: Unexpected token. Did you mean `{'}'}` or `&rbrace;`?
src/features/creator/components/CreatorStudioDashboard.tsx(262,7): error TS1382: Unexpected token. Did you mean `{'>'}` or `&gt;`?
src/features/creator/components/CreatorStudioDashboard.tsx(263,2): error TS1382: Unexpected token. Did you mean `{'>'}` or `&gt;`?
src/features/creator/components/CreatorStudioDashboard.tsx(289,9): error TS1003: Identifier expected.
src/features/creator/components/CreatorStudioDashboard.tsx(292,2): error TS1381: Unexpected token. Did you mean `{'}'}` or `&rbrace;`?
src/features/creator/components/CreatorStudioDashboard.tsx(292,4): error TS1381: Unexpected token. Did you mean `{'}'}` or `&rbrace;`?
src/features/creator/components/CreatorStudioDashboard.tsx(292,7): error TS1382: Unexpected token. Did you mean `{'>'}` or `&gt;`?
src/features/creator/components/CreatorStudioDashboard.tsx(293,2): error TS1382: Unexpected token. Did you mean `{'>'}` or `&gt;`?
src/features/creator/components/CreatorStudioDashboard.tsx(319,9): error TS1003: Identifier expected.
src/features/creator/components/CreatorStudioDashboard.tsx(322,2): error TS1381: Unexpected token. Did you mean `{'}'}` or `&rbrace;`?
src/features/creator/components/CreatorStudioDashboard.tsx(322,4): error TS1381: Unexpected token. Did you mean `{'}'}` or `&rbrace;`?
src/features/creator/components/CreatorStudioDashboard.tsx(322,7): error TS1382: Unexpected token. Did you mean `{'>'}` or `&gt;`?
src/features/creator/components/CreatorStudioDashboard.tsx(323,2): error TS1382: Unexpected token. Did you mean `{'>'}` or `&gt;`?
src/features/creator/components/CreatorStudioDashboard.tsx(339,3): error TS17008: JSX element 'div' has no corresponding closing tag.
src/features/creator/components/CreatorStudioDashboard.tsx(414,3): error TS17008: JSX element 'div' has no corresponding closing tag.
src/features/creator/components/CreatorStudioDashboard.tsx(423,3): error TS17008: JSX element 'div' has no corresponding closing tag.
src/features/creator/components/CreatorStudioDashboard.tsx(430,14): error TS1003: Identifier expected.
src/features/creator/components/CreatorStudioDashboard.tsx(433,3): error TS1005: ',' expected.
src/features/creator/components/CreatorStudioDashboard.tsx(437,24): error TS1005: ',' expected.
src/features/creator/components/CreatorStudioDashboard.tsx(437,28): error TS1005: ',' expected.
src/features/creator/components/CreatorStudioDashboard.tsx(437,32): error TS1005: ',' expected.
src/features/creator/components/CreatorStudioDashboard.tsx(437,39): error TS1005: ',' expected.
src/features/creator/components/CreatorStudioDashboard.tsx(437,40): error TS1005: ',' expected.
src/features/creator/components/CreatorStudioDashboard.tsx(438,14): error TS1005: ',' expected.
src/features/creator/components/CreatorStudioDashboard.tsx(469,1): error TS1005: ')' expected.
src/features/creator/components/CreatorStudioDashboard.tsx(469,1): error TS1005: '</' expected.
src/features/creator/components/CreatorStudioDashboard.tsx(469,1): error TS1160: Unterminated template literal.
src/features/creator/pages/DashboardPage.tsx(294,2): error TS1005: ')' expected.
src/features/creator/pages/DashboardPage.tsx(297,2): error TS1005: ',' expected.
src/features/creator/pages/DashboardPage.tsx(303,4): error TS1381: Unexpected token. Did you mean `{'}'}` or `&rbrace;`?
src/features/creator/pages/DashboardPage.tsx(304,2): error TS1382: Unexpected token. Did you mean `{'>'}` or `&gt;`?
src/features/creator/pages/DashboardPage.tsx(312,14): error TS17002: Expected corresponding JSX closing tag for 'div'.
src/features/creator/pages/DashboardPage.tsx(313,4): error TS1381: Unexpected token. Did you mean `{'}'}` or `&rbrace;`?
src/features/creator/pages/DashboardPage.tsx(468,2): error TS1382: Unexpected token. Did you mean `{'>'}` or `&gt;`?
src/features/creator/pages/DashboardPage.tsx(472,14): error TS17002: Expected corresponding JSX closing tag for 'PieChart'.
src/features/creator/pages/DashboardPage.tsx(475,3): error TS1382: Unexpected token. Did you mean `{'>'}` or `&gt;`?
src/features/creator/pages/DashboardPage.tsx(477,14): error TS17002: Expected corresponding JSX closing tag for 'ResponsiveContainer'.
src/features/creator/pages/DashboardPage.tsx(478,14): error TS17002: Expected corresponding JSX closing tag for 'div'.
src/features/creator/pages/DashboardPage.tsx(505,2): error TS1005: ')' expected.
src/features/creator/pages/DashboardPage.tsx(668,2): error TS1128: Declaration or statement expected.
src/features/creator/pages/DashboardPage.tsx(669,1): error TS1128: Declaration or statement expected.
src/features/livestream/components/ComprehensiveLiveStudio.tsx(123,39): error TS1005: ',' expected.
src/features/livestream/components/ComprehensiveLiveStudio.tsx(125,20): error TS1005: ',' expected.
src/features/livestream/components/ComprehensiveLiveStudio.tsx(125,39): error TS1005: ',' expected.
src/features/livestream/components/ComprehensiveLiveStudio.tsx(125,41): error TS1136: Property assignment expected.
src/features/livestream/components/ComprehensiveLiveStudio.tsx(126,12): error TS1005: ',' expected.
src/features/livestream/components/ComprehensiveLiveStudio.tsx(126,67): error TS1005: ',' expected.
src/features/livestream/components/ComprehensiveLiveStudio.tsx(129,2): error TS1472: 'catch' or 'finally' expected.
src/features/livestream/components/ComprehensiveLiveStudio.tsx(155,4): error TS1005: ',' expected.
src/features/livestream/components/ComprehensiveLiveStudio.tsx(210,9): error TS1005: ',' expected.
src/features/livestream/components/ComprehensiveLiveStudio.tsx(211,9): error TS1005: ',' expected.
src/features/livestream/components/ComprehensiveLiveStudio.tsx(212,10): error TS1005: ',' expected.
src/features/livestream/components/ComprehensiveLiveStudio.tsx(212,30): error TS1005: ',' expected.
src/features/livestream/components/ComprehensiveLiveStudio.tsx(212,31): error TS1128: Declaration or statement expected.
src/features/livestream/components/ComprehensiveLiveStudio.tsx(214,2): error TS1005: ',' expected.
src/features/livestream/components/ComprehensiveLiveStudio.tsx(214,5): error TS1134: Variable declaration expected.
src/features/livestream/components/ComprehensiveLiveStudio.tsx(214,9): error TS1005: ';' expected.
src/features/livestream/components/ComprehensiveLiveStudio.tsx(217,20): error TS1005: ',' expected.
src/features/livestream/components/ComprehensiveLiveStudio.tsx(240,2): error TS2657: JSX expressions must have one parent element.
src/features/livestream/components/ComprehensiveLiveStudio.tsx(257,2): error TS1382: Unexpected token. Did you mean `{'>'}` or `&gt;`?
src/features/livestream/components/ComprehensiveLiveStudio.tsx(259,14): error TS17002: Expected corresponding JSX closing tag for 'div'.
src/features/livestream/components/ComprehensiveLiveStudio.tsx(325,2): error TS2657: JSX expressions must have one parent element.
src/features/livestream/components/ComprehensiveLiveStudio.tsx(339,19): error TS1003: Identifier expected.
src/features/livestream/components/ComprehensiveLiveStudio.tsx(339,26): error TS1382: Unexpected token. Did you mean `{'>'}` or `&gt;`?
src/features/livestream/components/ComprehensiveLiveStudio.tsx(341,7): error TS1005: '}' expected.
src/features/livestream/components/ComprehensiveLiveStudio.tsx(341,24): error TS1381: Unexpected token. Did you mean `{'}'}` or `&rbrace;`?
src/features/livestream/components/ComprehensiveLiveStudio.tsx(342,2): error TS1381: Unexpected token. Did you mean `{'}'}` or `&rbrace;`?
src/features/livestream/components/ComprehensiveLiveStudio.tsx(346,3): error TS1382: Unexpected token. Did you mean `{'>'}` or `&gt;`?
src/features/livestream/components/ComprehensiveLiveStudio.tsx(359,19): error TS1003: Identifier expected.
src/features/livestream/components/ComprehensiveLiveStudio.tsx(359,26): error TS1382: Unexpected token. Did you mean `{'>'}` or `&gt;`?
src/features/livestream/components/ComprehensiveLiveStudio.tsx(361,10): error TS1005: '}' expected.
src/features/livestream/components/ComprehensiveLiveStudio.tsx(361,27): error TS1381: Unexpected token. Did you mean `{'}'}` or `&rbrace;`?
src/features/livestream/components/ComprehensiveLiveStudio.tsx(362,2): error TS1381: Unexpected token. Did you mean `{'}'}` or `&rbrace;`?
src/features/livestream/components/ComprehensiveLiveStudio.tsx(365,2): error TS1382: Unexpected token. Did you mean `{'>'}` or `&gt;`?
src/features/livestream/components/ComprehensiveLiveStudio.tsx(373,14): error TS17002: Expected corresponding JSX closing tag for 'div'.
src/features/livestream/components/ComprehensiveLiveStudio.tsx(386,19): error TS1003: Identifier expected.
src/features/livestream/components/ComprehensiveLiveStudio.tsx(386,26): error TS1382: Unexpected token. Did you mean `{'>'}` or `&gt;`?
src/features/livestream/components/ComprehensiveLiveStudio.tsx(388,12): error TS1005: '}' expected.
src/features/livestream/components/ComprehensiveLiveStudio.tsx(388,36): error TS1381: Unexpected token. Did you mean `{'}'}` or `&rbrace;`?
src/features/livestream/components/ComprehensiveLiveStudio.tsx(389,2): error TS1381: Unexpected token. Did you mean `{'}'}` or `&rbrace;`?
src/features/livestream/components/ComprehensiveLiveStudio.tsx(392,2): error TS1382: Unexpected token. Did you mean `{'>'}` or `&gt;`?
src/features/livestream/components/ComprehensiveLiveStudio.tsx(396,14): error TS17002: Expected corresponding JSX closing tag for 'div'.
src/features/livestream/components/ComprehensiveLiveStudio.tsx(410,19): error TS1003: Identifier expected.
src/features/livestream/components/ComprehensiveLiveStudio.tsx(410,26): error TS1382: Unexpected token. Did you mean `{'>'}` or `&gt;`?
src/features/livestream/components/ComprehensiveLiveStudio.tsx(412,13): error TS1005: '}' expected.
src/features/livestream/components/ComprehensiveLiveStudio.tsx(412,30): error TS1381: Unexpected token. Did you mean `{'}'}` or `&rbrace;`?
src/features/livestream/components/ComprehensiveLiveStudio.tsx(413,2): error TS1381: Unexpected token. Did you mean `{'}'}` or `&rbrace;`?
src/features/livestream/components/ComprehensiveLiveStudio.tsx(418,3): error TS1382: Unexpected token. Did you mean `{'>'}` or `&gt;`?
src/features/livestream/components/ComprehensiveLiveStudio.tsx(444,2): error TS1382: Unexpected token. Did you mean `{'>'}` or `&gt;`?
src/features/livestream/components/ComprehensiveLiveStudio.tsx(446,14): error TS17002: Expected corresponding JSX closing tag for 'div'.
src/features/livestream/components/ComprehensiveLiveStudio.tsx(462,2): error TS1382: Unexpected token. Did you mean `{'>'}` or `&gt;`?
src/features/livestream/components/ComprehensiveLiveStudio.tsx(468,14): error TS17002: Expected corresponding JSX closing tag for 'div'.
src/features/livestream/components/ComprehensiveLiveStudio.tsx(476,2): error TS1382: Unexpected token. Did you mean `{'>'}` or `&gt;`?
src/features/livestream/components/ComprehensiveLiveStudio.tsx(482,14): error TS17002: Expected corresponding JSX closing tag for 'div'.
src/features/livestream/components/ComprehensiveLiveStudio.tsx(491,7): error TS1005: ')' expected.
src/features/livestream/components/ComprehensiveLiveStudio.tsx(492,14): error TS17002: Expected corresponding JSX closing tag for 'div'.
src/features/livestream/components/ComprehensiveLiveStudio.tsx(493,3): error TS1381: Unexpected token. Did you mean `{'}'}` or `&rbrace;`?
src/features/livestream/components/ComprehensiveLiveStudio.tsx(501,2): error TS2657: JSX expressions must have one parent element.
src/features/livestream/components/ComprehensiveLiveStudio.tsx(509,2): error TS2657: JSX expressions must have one parent element.
src/features/livestream/components/ComprehensiveLiveStudio.tsx(519,2): error TS1005: ')' expected.
src/features/livestream/components/ComprehensiveLiveStudio.tsx(520,2): error TS2657: JSX expressions must have one parent element.
src/features/livestream/components/ComprehensiveLiveStudio.tsx(531,2): error TS1382: Unexpected token. Did you mean `{'>'}` or `&gt;`?
src/features/livestream/components/ComprehensiveLiveStudio.tsx(533,14): error TS17002: Expected corresponding JSX closing tag for 'div'.
src/features/livestream/components/ComprehensiveLiveStudio.tsx(541,2): error TS1382: Unexpected token. Did you mean `{'>'}` or `&gt;`?
src/features/livestream/components/ComprehensiveLiveStudio.tsx(543,14): error TS17002: Expected corresponding JSX closing tag for 'div'.
src/features/livestream/components/ComprehensiveLiveStudio.tsx(551,2): error TS1382: Unexpected token. Did you mean `{'>'}` or `&gt;`?
src/features/livestream/components/ComprehensiveLiveStudio.tsx(553,14): error TS17002: Expected corresponding JSX closing tag for 'div'.
src/features/livestream/components/ComprehensiveLiveStudio.tsx(563,2): error TS1382: Unexpected token. Did you mean `{'>'}` or `&gt;`?
src/features/livestream/components/ComprehensiveLiveStudio.tsx(565,14): error TS17002: Expected corresponding JSX closing tag for 'div'.
src/features/livestream/components/ComprehensiveLiveStudio.tsx(572,3): error TS1005: ',' expected.
src/features/livestream/components/ComprehensiveLiveStudio.tsx(578,24): error TS1005: ';' expected.
src/features/livestream/components/ComprehensiveLiveStudio.tsx(578,28): error TS1005: ';' expected.
src/features/livestream/components/ComprehensiveLiveStudio.tsx(578,39): error TS1005: ';' expected.
src/features/livestream/components/ComprehensiveLiveStudio.tsx(578,47): error TS1005: ';' expected.
src/features/livestream/components/ComprehensiveLiveStudio.tsx(578,59): error TS1005: ';' expected.
src/features/livestream/components/ComprehensiveLiveStudio.tsx(578,77): error TS1005: ';' expected.
src/features/livestream/components/ComprehensiveLiveStudio.tsx(635,1): error TS1160: Unterminated template literal.
src/features/livestream/components/LivePolls.tsx(113,2): error TS2657: JSX expressions must have one parent element.
src/features/livestream/components/LivePolls.tsx(135,12): error TS1003: Identifier expected.
src/features/livestream/components/LivePolls.tsx(135,19): error TS1382: Unexpected token. Did you mean `{'>'}` or `&gt;`?
src/features/livestream/components/LivePolls.tsx(135,48): error TS1005: '}' expected.
src/features/livestream/components/LivePolls.tsx(135,65): error TS1381: Unexpected token. Did you mean `{'}'}` or `&rbrace;`?
src/features/livestream/components/LivePolls.tsx(136,2): error TS1381: Unexpected token. Did you mean `{'}'}` or `&rbrace;`?
src/features/livestream/components/LivePolls.tsx(139,3): error TS1382: Unexpected token. Did you mean `{'>'}` or `&gt;`?
src/features/livestream/components/LivePolls.tsx(176,8): error TS1005: ')' expected.
src/features/livestream/components/LivePolls.tsx(177,14): error TS17002: Expected corresponding JSX closing tag for 'div'.
src/features/livestream/components/LivePolls.tsx(178,3): error TS1381: Unexpected token. Did you mean `{'}'}` or `&rbrace;`?
src/features/livestream/components/LivePolls.tsx(193,12): error TS1003: Identifier expected.
src/features/livestream/components/LivePolls.tsx(193,19): error TS1382: Unexpected token. Did you mean `{'>'}` or `&gt;`?
src/features/livestream/components/LivePolls.tsx(195,10): error TS1005: '}' expected.
src/features/livestream/components/LivePolls.tsx(195,47): error TS1381: Unexpected token. Did you mean `{'}'}` or `&rbrace;`?
src/features/livestream/components/LivePolls.tsx(196,2): error TS1381: Unexpected token. Did you mean `{'}'}` or `&rbrace;`?
src/features/livestream/components/LivePolls.tsx(200,3): error TS1382: Unexpected token. Did you mean `{'>'}` or `&gt;`?
src/features/livestream/components/LivePolls.tsx(207,2): error TS1382: Unexpected token. Did you mean `{'>'}` or `&gt;`?
src/features/livestream/components/LivePolls.tsx(209,14): error TS17002: Expected corresponding JSX closing tag for 'div'.
src/features/livestream/components/LivePolls.tsx(213,2): error TS1382: Unexpected token. Did you mean `{'>'}` or `&gt;`?
src/features/livestream/components/LivePolls.tsx(215,14): error TS17002: Expected corresponding JSX closing tag for 'div'.
src/features/livestream/components/LivePolls.tsx(252,2): error TS1382: Unexpected token. Did you mean `{'>'}` or `&gt;`?
src/features/livestream/components/LivePolls.tsx(270,14): error TS17002: Expected corresponding JSX closing tag for 'div'.
src/features/livestream/components/LivePolls.tsx(346,1): error TS1005: '}' expected.
src/features/livestream/components/LiveQA.tsx(154,2): error TS1382: Unexpected token. Did you mean `{'>'}` or `&gt;`?
src/features/livestream/components/LiveQA.tsx(156,14): error TS17002: Expected corresponding JSX closing tag for 'div'.
src/features/livestream/components/LiveQA.tsx(160,2): error TS1005: ')' expected.
src/features/livestream/components/LiveQA.tsx(181,2): error TS1005: ')' expected.
src/features/livestream/components/LiveQA.tsx(184,2): error TS1005: ',' expected.
src/features/livestream/components/LiveQA.tsx(184,4): error TS1381: Unexpected token. Did you mean `{'}'}` or `&rbrace;`?
src/features/livestream/components/LiveQA.tsx(185,2): error TS1382: Unexpected token. Did you mean `{'>'}` or `&gt;`?
src/features/livestream/components/LiveQA.tsx(187,14): error TS17002: Expected corresponding JSX closing tag for 'div'.
src/features/livestream/components/LiveQA.tsx(188,2): error TS1128: Declaration or statement expected.
src/features/livestream/components/LiveQA.tsx(188,3): error TS1128: Declaration or statement expected.
src/features/livestream/components/LiveQA.tsx(188,4): error TS1128: Declaration or statement expected.
src/features/livestream/components/LiveQA.tsx(197,10): error TS1003: Identifier expected.
src/features/livestream/components/LiveQA.tsx(202,2): error TS1005: ',' expected.
src/features/livestream/components/LiveQA.tsx(202,4): error TS1381: Unexpected token. Did you mean `{'}'}` or `&rbrace;`?
src/features/livestream/components/LiveQA.tsx(202,7): error TS1382: Unexpected token. Did you mean `{'>'}` or `&gt;`?
src/features/livestream/components/LiveQA.tsx(203,2): error TS1382: Unexpected token. Did you mean `{'>'}` or `&gt;`?
src/features/livestream/components/LiveQA.tsx(237,2): error TS1382: Unexpected token. Did you mean `{'>'}` or `&gt;`?
src/features/livestream/components/LiveQA.tsx(239,14): error TS17002: Expected corresponding JSX closing tag for 'div'.
src/features/livestream/components/LiveQA.tsx(240,2): error TS1005: ')' expected.
src/features/livestream/components/LiveQA.tsx(243,2): error TS1005: ')' expected.
src/features/livestream/components/LiveQA.tsx(249,2): error TS1382: Unexpected token. Did you mean `{'>'}` or `&gt;`?
src/features/livestream/components/LiveQA.tsx(251,14): error TS17002: Expected corresponding JSX closing tag for 'div'.
src/features/livestream/components/LiveQA.tsx(252,3): error TS1381: Unexpected token. Did you mean `{'}'}` or `&rbrace;`?
src/features/livestream/components/LiveQA.tsx(254,2): error TS1128: Declaration or statement expected.
src/features/livestream/components/LiveQA.tsx(254,3): error TS1128: Declaration or statement expected.
src/features/livestream/components/LiveQA.tsx(291,2): error TS1382: Unexpected token. Did you mean `{'>'}` or `&gt;`?
src/features/livestream/components/LiveQA.tsx(293,14): error TS17002: Expected corresponding JSX closing tag for 'div'.
src/features/livestream/components/LiveQA.tsx(300,2): error TS1005: '}' expected.
src/features/livestream/components/LiveQA.tsx(302,14): error TS17002: Expected corresponding JSX closing tag for 'div'.
src/features/livestream/components/LiveQA.tsx(308,2): error TS2657: JSX expressions must have one parent element.
src/features/livestream/components/LiveQA.tsx(312,2): error TS1382: Unexpected token. Did you mean `{'>'}` or `&gt;`?
src/features/livestream/components/LiveQA.tsx(315,14): error TS17002: Expected corresponding JSX closing tag for 'div'.
src/features/livestream/components/LiveQA.tsx(332,2): error TS1128: Declaration or statement expected.
src/features/livestream/components/LiveQA.tsx(332,3): error TS1128: Declaration or statement expected.
src/features/livestream/components/LiveQA.tsx(332,4): error TS1128: Declaration or statement expected.
src/features/livestream/components/LiveQA.tsx(347,2): error TS1128: Declaration or statement expected.
src/features/livestream/components/LiveQA.tsx(348,1): error TS1128: Declaration or statement expected.
src/features/livestream/components/LiveStreamStudio.tsx(92,9): error TS1005: ',' expected.
src/features/livestream/components/LiveStreamStudio.tsx(93,10): error TS1005: ',' expected.
src/features/livestream/components/LiveStreamStudio.tsx(94,9): error TS1005: ',' expected.
src/features/livestream/components/LiveStreamStudio.tsx(98,7): error TS1005: ',' expected.
src/features/livestream/components/LiveStreamStudio.tsx(98,53): error TS1005: ',' expected.
src/features/livestream/components/LiveStreamStudio.tsx(99,3): error TS1128: Declaration or statement expected.
src/features/livestream/components/LiveStreamStudio.tsx(99,9): error TS1005: ';' expected.
src/features/livestream/components/LiveStreamStudio.tsx(102,3): error TS1128: Declaration or statement expected.
src/features/livestream/components/LiveStreamStudio.tsx(102,18): error TS1005: ';' expected.
src/features/livestream/components/LiveStreamStudio.tsx(216,2): error TS1382: Unexpected token. Did you mean `{'>'}` or `&gt;`?
src/features/livestream/components/LiveStreamStudio.tsx(218,14): error TS17002: Expected corresponding JSX closing tag for 'div'.
src/features/livestream/components/LiveStreamStudio.tsx(292,2): error TS1005: ')' expected.
src/features/livestream/components/LiveStreamStudio.tsx(293,14): error TS17002: Expected corresponding JSX closing tag for 'div'.
src/features/livestream/components/LiveStreamStudio.tsx(294,3): error TS1381: Unexpected token. Did you mean `{'}'}` or `&rbrace;`?
src/features/livestream/components/LiveStreamStudio.tsx(303,2): error TS1382: Unexpected token. Did you mean `{'>'}` or `&gt;`?
src/features/livestream/components/LiveStreamStudio.tsx(309,14): error TS17002: Expected corresponding JSX closing tag for 'div'.
src/features/livestream/components/LiveStreamStudio.tsx(318,2): error TS1382: Unexpected token. Did you mean `{'>'}` or `&gt;`?
src/features/livestream/components/LiveStreamStudio.tsx(324,14): error TS17002: Expected corresponding JSX closing tag for 'div'.
src/features/livestream/components/LiveStreamStudio.tsx(331,2): error TS1382: Unexpected token. Did you mean `{'>'}` or `&gt;`?
src/features/livestream/components/LiveStreamStudio.tsx(334,14): error TS17002: Expected corresponding JSX closing tag for 'div'.
src/features/livestream/components/LiveStreamStudio.tsx(343,2): error TS1005: ')' expected.
src/features/livestream/components/LiveStreamStudio.tsx(360,13): error TS1003: Identifier expected.
src/features/livestream/components/LiveStreamStudio.tsx(360,20): error TS1382: Unexpected token. Did you mean `{'>'}` or `&gt;`?
src/features/livestream/components/LiveStreamStudio.tsx(360,46): error TS1005: '}' expected.
src/features/livestream/components/LiveStreamStudio.tsx(360,63): error TS1381: Unexpected token. Did you mean `{'}'}` or `&rbrace;`?
src/features/livestream/components/LiveStreamStudio.tsx(361,2): error TS1381: Unexpected token. Did you mean `{'}'}` or `&rbrace;`?
src/features/livestream/components/LiveStreamStudio.tsx(364,3): error TS1382: Unexpected token. Did you mean `{'>'}` or `&gt;`?
src/features/livestream/components/LiveStreamStudio.tsx(376,13): error TS1003: Identifier expected.
src/features/livestream/components/LiveStreamStudio.tsx(376,20): error TS1382: Unexpected token. Did you mean `{'>'}` or `&gt;`?
src/features/livestream/components/LiveStreamStudio.tsx(378,10): error TS1005: '}' expected.
src/features/livestream/components/LiveStreamStudio.tsx(378,27): error TS1381: Unexpected token. Did you mean `{'}'}` or `&rbrace;`?
src/features/livestream/components/LiveStreamStudio.tsx(379,2): error TS1381: Unexpected token. Did you mean `{'}'}` or `&rbrace;`?
src/features/livestream/components/LiveStreamStudio.tsx(381,2): error TS1382: Unexpected token. Did you mean `{'>'}` or `&gt;`?
src/features/livestream/components/LiveStreamStudio.tsx(388,14): error TS17002: Expected corresponding JSX closing tag for 'div'.
src/features/livestream/components/LiveStreamStudio.tsx(406,2): error TS2657: JSX expressions must have one parent element.
src/features/livestream/components/LiveStreamStudio.tsx(410,9): error TS1003: Identifier expected.
src/features/livestream/components/LiveStreamStudio.tsx(415,2): error TS1381: Unexpected token. Did you mean `{'}'}` or `&rbrace;`?
src/features/livestream/components/LiveStreamStudio.tsx(415,4): error TS1381: Unexpected token. Did you mean `{'}'}` or `&rbrace;`?
src/features/livestream/components/LiveStreamStudio.tsx(415,7): error TS1382: Unexpected token. Did you mean `{'>'}` or `&gt;`?
src/features/livestream/components/LiveStreamStudio.tsx(416,2): error TS1382: Unexpected token. Did you mean `{'>'}` or `&gt;`?
src/features/livestream/components/LiveStreamStudio.tsx(418,14): error TS17002: Expected corresponding JSX closing tag for 'div'.
src/features/livestream/components/LiveStreamStudio.tsx(447,2): error TS1382: Unexpected token. Did you mean `{'>'}` or `&gt;`?
src/features/livestream/components/LiveStreamStudio.tsx(449,14): error TS17002: Expected corresponding JSX closing tag for 'div'.
src/features/livestream/components/LiveStreamStudio.tsx(456,2): error TS1128: Declaration or statement expected.
src/features/livestream/components/LiveStreamStudio.tsx(457,1): error TS1128: Declaration or statement expected.
src/features/livestream/components/LiveStreamViewer.tsx(39,15): error TS1005: ',' expected.
src/features/livestream/components/LiveStreamViewer.tsx(62,2): error TS2657: JSX expressions must have one parent element.
src/features/livestream/components/LiveStreamViewer.tsx(69,2): error TS1382: Unexpected token. Did you mean `{'>'}` or `&gt;`?
src/features/livestream/components/LiveStreamViewer.tsx(72,14): error TS17002: Expected corresponding JSX closing tag for 'div'.
src/features/livestream/components/MultiplatformStreaming.tsx(36,3): error TS1128: Declaration or statement expected.
src/features/livestream/components/MultiplatformStreaming.tsx(56,2): error TS1382: Unexpected token. Did you mean `{'>'}` or `&gt;`?
src/features/livestream/components/MultiplatformStreaming.tsx(58,14): error TS17002: Expected corresponding JSX closing tag for 'div'.
src/features/livestream/components/MultiplatformStreaming.tsx(61,2): error TS1005: ')' expected.
src/features/livestream/components/MultiplatformStreaming.tsx(61,11): error TS1005: ',' expected.
src/features/livestream/components/MultiplatformStreaming.tsx(68,14): error TS1003: Identifier expected.
src/features/livestream/components/MultiplatformStreaming.tsx(74,3): error TS1005: ',' expected.
src/features/livestream/components/MultiplatformStreaming.tsx(76,3): error TS1109: Expression expected.
src/features/livestream/components/MultiplatformStreaming.tsx(77,2): error TS1109: Expression expected.
src/features/livestream/components/MultiplatformStreaming.tsx(79,4): error TS1381: Unexpected token. Did you mean `{'}'}` or `&rbrace;`?
src/features/livestream/components/ProtectedStreamAnalyticsDashboard.tsx(35,3): error TS1109: Expression expected.
src/features/livestream/components/ProtectedStreamAnalyticsDashboard.tsx(37,2): error TS1109: Expression expected.
src/features/livestream/components/StreamAnalyticsDashboard.tsx(11,41): error TS1131: Property or signature expected.
src/features/livestream/components/StreamAnalyticsDashboard.tsx(21,22): error TS1131: Property or signature expected.
src/features/livestream/components/StreamAnalyticsDashboard.tsx(35,36): error TS1131: Property or signature expected.
src/features/livestream/components/StreamAnalyticsDashboard.tsx(37,35): error TS1131: Property or signature expected.
src/features/livestream/components/StreamAnalyticsDashboard.tsx(43,41): error TS1131: Property or signature expected.
src/features/livestream/components/StreamAnalyticsDashboard.tsx(49,42): error TS1131: Property or signature expected.
src/features/livestream/components/StreamAnalyticsDashboard.tsx(93,30): error TS1109: Expression expected.
src/features/livestream/components/StreamAnalyticsDashboard.tsx(94,7): error TS1005: ')' expected.
src/features/livestream/components/StreamAnalyticsDashboard.tsx(96,1): error TS1128: Declaration or statement expected.
src/features/livestream/components/StreamAnalyticsDashboard.tsx(96,2): error TS1128: Declaration or statement expected.
src/features/livestream/components/StreamAnalyticsDashboard.tsx(246,25): error TS1131: Property or signature expected.
src/features/livestream/components/StreamAnalyticsDashboard.tsx(248,30): error TS1128: Declaration or statement expected.
src/features/livestream/components/StreamAnalyticsDashboard.tsx(250,23): error TS1128: Declaration or statement expected.
src/features/livestream/components/StreamAnalyticsDashboard.tsx(253,11): error TS1109: Expression expected.
src/features/livestream/components/StreamAnalyticsDashboard.tsx(255,8): error TS1109: Expression expected.
src/features/livestream/components/StreamAnalyticsDashboard.tsx(291,40): error TS1131: Property or signature expected.
src/features/livestream/components/StreamAnalyticsDashboard.tsx(307,34): error TS1109: Expression expected.
src/features/livestream/components/StreamAnalyticsDashboard.tsx(308,8): error TS1005: ')' expected.
src/features/livestream/components/StreamAnalyticsDashboard.tsx(308,23): error TS1005: ',' expected.
src/features/livestream/components/StreamAnalyticsDashboard.tsx(308,24): error TS1181: Array element destructuring pattern expected.
src/features/livestream/components/StreamAnalyticsDashboard.tsx(308,36): error TS1005: ';' expected.
src/features/livestream/components/StreamAnalyticsDashboard.tsx(309,2): error TS1128: Declaration or statement expected.
src/features/livestream/components/StreamAnalyticsDashboard.tsx(309,3): error TS1128: Declaration or statement expected.
src/features/livestream/components/StreamAnalyticsDashboard.tsx(366,34): error TS1131: Property or signature expected.
src/features/livestream/components/StreamAnalyticsDashboard.tsx(540,14): error TS1003: Identifier expected.
src/features/livestream/components/StreamAnalyticsDashboard.tsx(541,2): error TS1381: Unexpected token. Did you mean `{'}'}` or `&rbrace;`?
src/features/livestream/components/StreamAnalyticsDashboard.tsx(544,2): error TS1382: Unexpected token. Did you mean `{'>'}` or `&gt;`?
src/features/livestream/components/StreamAnalyticsDashboard.tsx(549,14): error TS17002: Expected corresponding JSX closing tag for 'div'.
src/features/livestream/components/StreamAnalyticsDashboard.tsx(553,2): error TS1005: ')' expected.
src/features/livestream/components/StreamAnalyticsDashboard.tsx(620,19): error TS1003: Identifier expected.
src/features/livestream/components/StreamAnalyticsDashboard.tsx(621,2): error TS1381: Unexpected token. Did you mean `{'}'}` or `&rbrace;`?
src/features/livestream/components/StreamAnalyticsDashboard.tsx(624,2): error TS1382: Unexpected token. Did you mean `{'>'}` or `&gt;`?
src/features/livestream/components/StreamAnalyticsDashboard.tsx(628,14): error TS17002: Expected corresponding JSX closing tag for 'div'.
src/features/livestream/components/StreamAnalyticsDashboard.tsx(641,9): error TS1003: Identifier expected.
src/features/livestream/components/StreamAnalyticsDashboard.tsx(641,14): error TS1005: ',' expected.
src/features/livestream/components/StreamAnalyticsDashboard.tsx(643,23): error TS1382: Unexpected token. Did you mean `{'>'}` or `&gt;`?
src/features/livestream/components/StreamAnalyticsDashboard.tsx(644,3): error TS1382: Unexpected token. Did you mean `{'>'}` or `&gt;`?
src/features/livestream/components/StreamAnalyticsDashboard.tsx(645,4): error TS1381: Unexpected token. Did you mean `{'}'}` or `&rbrace;`?
src/features/livestream/components/StreamAnalyticsDashboard.tsx(664,2): error TS1128: Declaration or statement expected.
src/features/livestream/components/StreamAnalyticsDashboard.tsx(665,1): error TS1128: Declaration or statement expected.
src/features/livestream/components/StreamManagementDashboard.tsx(228,7): error TS1005: ',' expected.
src/features/livestream/components/StreamManagementDashboard.tsx(496,2): error TS2657: JSX expressions must have one parent element.
src/features/livestream/components/StreamManagementDashboard.tsx(503,2): error TS1382: Unexpected token. Did you mean `{'>'}` or `&gt;`?
src/features/livestream/components/StreamManagementDashboard.tsx(505,14): error TS17002: Expected corresponding JSX closing tag for 'div'.
src/features/livestream/components/StreamManagementDashboard.tsx(529,5): error TS1003: Identifier expected.
src/features/livestream/components/StreamManagementDashboard.tsx(530,57): error TS1005: '}' expected.
src/features/livestream/components/StreamManagementDashboard.tsx(531,2): error TS1381: Unexpected token. Did you mean `{'}'}` or `&rbrace;`?
src/features/livestream/components/StreamManagementDashboard.tsx(534,3): error TS1005: '}' expected.
src/features/livestream/components/StreamManagementDashboard.tsx(535,2): error TS1381: Unexpected token. Did you mean `{'}'}` or `&rbrace;`?
src/features/livestream/components/StreamManagementDashboard.tsx(536,2): error TS1381: Unexpected token. Did you mean `{'}'}` or `&rbrace;`?
src/features/livestream/components/StreamManagementDashboard.tsx(538,3): error TS1382: Unexpected token. Did you mean `{'>'}` or `&gt;`?
src/features/livestream/components/StreamManagementDashboard.tsx(610,2): error TS1005: ')' expected.
src/features/livestream/components/StreamManagementDashboard.tsx(610,15): error TS1005: ',' expected.
src/features/livestream/components/StreamManagementDashboard.tsx(614,3): error TS1005: '}' expected.
src/features/livestream/components/StreamManagementDashboard.tsx(614,4): error TS1381: Unexpected token. Did you mean `{'}'}` or `&rbrace;`?
src/features/livestream/components/StreamManagementDashboard.tsx(650,1): error TS1005: '}' expected.
src/features/livestream/components/StreamScheduler.tsx(216,2): error TS1382: Unexpected token. Did you mean `{'>'}` or `&gt;`?
src/features/livestream/components/StreamScheduler.tsx(219,14): error TS17002: Expected corresponding JSX closing tag for 'div'.
src/features/livestream/components/StreamScheduler.tsx(222,2): error TS1005: ')' expected.
src/features/livestream/components/StreamScheduler.tsx(228,2): error TS2657: JSX expressions must have one parent element.
src/features/livestream/components/StreamScheduler.tsx(241,13): error TS1003: Identifier expected.
src/features/livestream/components/StreamScheduler.tsx(241,20): error TS1382: Unexpected token. Did you mean `{'>'}` or `&gt;`?
src/features/livestream/components/StreamScheduler.tsx(241,46): error TS1005: '}' expected.
src/features/livestream/components/StreamScheduler.tsx(241,63): error TS1381: Unexpected token. Did you mean `{'}'}` or `&rbrace;`?
src/features/livestream/components/StreamScheduler.tsx(242,2): error TS1381: Unexpected token. Did you mean `{'}'}` or `&rbrace;`?
src/features/livestream/components/StreamScheduler.tsx(246,3): error TS1382: Unexpected token. Did you mean `{'>'}` or `&gt;`?
src/features/livestream/components/StreamScheduler.tsx(260,13): error TS1003: Identifier expected.
src/features/livestream/components/StreamScheduler.tsx(260,20): error TS1382: Unexpected token. Did you mean `{'>'}` or `&gt;`?
src/features/livestream/components/StreamScheduler.tsx(260,49): error TS1005: '}' expected.
src/features/livestream/components/StreamScheduler.tsx(260,66): error TS1381: Unexpected token. Did you mean `{'}'}` or `&rbrace;`?
src/features/livestream/components/StreamScheduler.tsx(261,2): error TS1381: Unexpected token. Did you mean `{'}'}` or `&rbrace;`?
src/features/livestream/components/StreamScheduler.tsx(263,2): error TS1382: Unexpected token. Did you mean `{'>'}` or `&gt;`?
src/features/livestream/components/StreamScheduler.tsx(269,14): error TS17002: Expected corresponding JSX closing tag for 'div'.
src/features/livestream/components/StreamScheduler.tsx(283,13): error TS1003: Identifier expected.
src/features/livestream/components/StreamScheduler.tsx(283,20): error TS1382: Unexpected token. Did you mean `{'>'}` or `&gt;`?
src/features/livestream/components/StreamScheduler.tsx(285,13): error TS1005: '}' expected.
src/features/livestream/components/StreamScheduler.tsx(285,30): error TS1381: Unexpected token. Did you mean `{'}'}` or `&rbrace;`?
src/features/livestream/components/StreamScheduler.tsx(286,2): error TS1381: Unexpected token. Did you mean `{'}'}` or `&rbrace;`?
src/features/livestream/components/StreamScheduler.tsx(290,3): error TS1382: Unexpected token. Did you mean `{'>'}` or `&gt;`?
src/features/livestream/components/StreamScheduler.tsx(305,13): error TS1003: Identifier expected.
src/features/livestream/components/StreamScheduler.tsx(305,20): error TS1382: Unexpected token. Did you mean `{'>'}` or `&gt;`?
src/features/livestream/components/StreamScheduler.tsx(307,20): error TS1005: '}' expected.
src/features/livestream/components/StreamScheduler.tsx(307,37): error TS1381: Unexpected token. Did you mean `{'}'}` or `&rbrace;`?
src/features/livestream/components/StreamScheduler.tsx(308,2): error TS1381: Unexpected token. Did you mean `{'}'}` or `&rbrace;`?
src/features/livestream/components/StreamScheduler.tsx(312,3): error TS1382: Unexpected token. Did you mean `{'>'}` or `&gt;`?
src/features/livestream/components/StreamScheduler.tsx(326,13): error TS1003: Identifier expected.
src/features/livestream/components/StreamScheduler.tsx(326,20): error TS1382: Unexpected token. Did you mean `{'>'}` or `&gt;`?
src/features/livestream/components/StreamScheduler.tsx(328,12): error TS1005: '}' expected.
src/features/livestream/components/StreamScheduler.tsx(328,36): error TS1381: Unexpected token. Did you mean `{'}'}` or `&rbrace;`?
src/features/livestream/components/StreamScheduler.tsx(329,2): error TS1381: Unexpected token. Did you mean `{'}'}` or `&rbrace;`?
src/features/livestream/components/StreamScheduler.tsx(331,2): error TS1382: Unexpected token. Did you mean `{'>'}` or `&gt;`?
src/features/livestream/components/StreamScheduler.tsx(335,14): error TS17002: Expected corresponding JSX closing tag for 'div'.
src/features/livestream/components/StreamScheduler.tsx(427,8): error TS1003: Identifier expected.
src/features/livestream/components/StreamScheduler.tsx(432,2): error TS1381: Unexpected token. Did you mean `{'}'}` or `&rbrace;`?
src/features/livestream/components/StreamScheduler.tsx(432,4): error TS1381: Unexpected token. Did you mean `{'}'}` or `&rbrace;`?
src/features/livestream/components/StreamScheduler.tsx(432,7): error TS1382: Unexpected token. Did you mean `{'>'}` or `&gt;`?
src/features/livestream/components/StreamScheduler.tsx(433,2): error TS1382: Unexpected token. Did you mean `{'>'}` or `&gt;`?
src/features/livestream/components/StreamScheduler.tsx(435,14): error TS17002: Expected corresponding JSX closing tag for 'div'.
src/features/livestream/components/StreamScheduler.tsx(486,2): error TS2657: JSX expressions must have one parent element.
src/features/livestream/components/StreamScheduler.tsx(494,2): error TS1382: Unexpected token. Did you mean `{'>'}` or `&gt;`?
src/features/livestream/components/StreamScheduler.tsx(496,14): error TS17002: Expected corresponding JSX closing tag for 'div'.
src/features/livestream/components/StreamScheduler.tsx(501,2): error TS1382: Unexpected token. Did you mean `{'>'}` or `&gt;`?
src/features/livestream/components/StreamScheduler.tsx(503,14): error TS17002: Expected corresponding JSX closing tag for 'div'.
src/features/livestream/components/StreamScheduler.tsx(511,2): error TS1128: Declaration or statement expected.
src/features/livestream/components/StreamScheduler.tsx(512,1): error TS1128: Declaration or statement expected.
src/features/livestream/components/StreamSettings.tsx(33,2): error TS2657: JSX expressions must have one parent element.
src/features/livestream/components/StreamSettings.tsx(91,16): error TS1003: Identifier expected.
src/features/livestream/components/StreamSettings.tsx(92,9): error TS1005: '}' expected.
src/features/livestream/components/StreamSettings.tsx(93,12): error TS1005: '}' expected.
src/features/livestream/components/StreamSettings.tsx(93,29): error TS1381: Unexpected token. Did you mean `{'}'}` or `&rbrace;`?
src/features/livestream/components/StreamSettings.tsx(93,31): error TS1381: Unexpected token. Did you mean `{'}'}` or `&rbrace;`?
src/features/livestream/components/StreamSettings.tsx(94,2): error TS1381: Unexpected token. Did you mean `{'}'}` or `&rbrace;`?
src/features/livestream/components/StreamSettings.tsx(96,2): error TS1382: Unexpected token. Did you mean `{'>'}` or `&gt;`?
src/features/livestream/components/StreamSettings.tsx(101,14): error TS17002: Expected corresponding JSX closing tag for 'div'.
src/features/livestream/components/StreamSettings.tsx(112,16): error TS1003: Identifier expected.
src/features/livestream/components/StreamSettings.tsx(113,9): error TS1005: '}' expected.
src/features/livestream/components/StreamSettings.tsx(115,9): error TS1005: '}' expected.
src/features/livestream/components/StreamSettings.tsx(115,36): error TS1381: Unexpected token. Did you mean `{'}'}` or `&rbrace;`?
src/features/livestream/components/StreamSettings.tsx(115,38): error TS1381: Unexpected token. Did you mean `{'}'}` or `&rbrace;`?
src/features/livestream/components/StreamSettings.tsx(116,2): error TS1381: Unexpected token. Did you mean `{'}'}` or `&rbrace;`?
src/features/livestream/components/StreamSettings.tsx(118,3): error TS1382: Unexpected token. Did you mean `{'>'}` or `&gt;`?
src/features/livestream/components/StreamSettings.tsx(126,16): error TS1003: Identifier expected.
src/features/livestream/components/StreamSettings.tsx(127,9): error TS1005: '}' expected.
src/features/livestream/components/StreamSettings.tsx(129,5): error TS1005: '}' expected.
src/features/livestream/components/StreamSettings.tsx(129,32): error TS1381: Unexpected token. Did you mean `{'}'}` or `&rbrace;`?
src/features/livestream/components/StreamSettings.tsx(129,34): error TS1381: Unexpected token. Did you mean `{'}'}` or `&rbrace;`?
src/features/livestream/components/StreamSettings.tsx(130,2): error TS1381: Unexpected token. Did you mean `{'}'}` or `&rbrace;`?
src/features/livestream/components/StreamSettings.tsx(132,2): error TS1382: Unexpected token. Did you mean `{'>'}` or `&gt;`?
src/features/livestream/components/StreamSettings.tsx(135,14): error TS17002: Expected corresponding JSX closing tag for 'div'.
src/features/livestream/components/StreamSettings.tsx(155,16): error TS1003: Identifier expected.
src/features/livestream/components/StreamSettings.tsx(155,34): error TS1005: '}' expected.
src/features/livestream/components/StreamSettings.tsx(155,53): error TS1381: Unexpected token. Did you mean `{'}'}` or `&rbrace;`?
src/features/livestream/components/StreamSettings.tsx(156,2): error TS1381: Unexpected token. Did you mean `{'}'}` or `&rbrace;`?
src/features/livestream/components/StreamSettings.tsx(158,3): error TS1382: Unexpected token. Did you mean `{'>'}` or `&gt;`?
src/features/livestream/components/SuperChatPanel.tsx(125,2): error TS1382: Unexpected token. Did you mean `{'>'}` or `&gt;`?
src/features/livestream/components/SuperChatPanel.tsx(128,14): error TS17002: Expected corresponding JSX closing tag for 'div'.
src/features/livestream/components/SuperChatPanel.tsx(131,2): error TS1005: ')' expected.
src/features/livestream/components/SuperChatPanel.tsx(147,2): error TS1005: ')' expected.
src/features/livestream/components/SuperChatPanel.tsx(150,2): error TS1005: ',' expected.
src/features/livestream/components/SuperChatPanel.tsx(156,2): error TS1382: Unexpected token. Did you mean `{'>'}` or `&gt;`?
src/features/livestream/components/SuperChatPanel.tsx(158,14): error TS17002: Expected corresponding JSX closing tag for 'div'.
src/features/livestream/components/SuperChatPanel.tsx(159,4): error TS1381: Unexpected token. Did you mean `{'}'}` or `&rbrace;`?
src/features/livestream/components/SuperChatPanel.tsx(167,17): error TS1003: Identifier expected.
src/features/livestream/components/SuperChatPanel.tsx(167,24): error TS1382: Unexpected token. Did you mean `{'>'}` or `&gt;`?
src/features/livestream/components/SuperChatPanel.tsx(169,8): error TS1005: '}' expected.
src/features/livestream/components/SuperChatPanel.tsx(169,44): error TS1381: Unexpected token. Did you mean `{'}'}` or `&rbrace;`?
src/features/livestream/components/SuperChatPanel.tsx(170,2): error TS1381: Unexpected token. Did you mean `{'}'}` or `&rbrace;`?
src/features/livestream/components/SuperChatPanel.tsx(175,3): error TS1382: Unexpected token. Did you mean `{'>'}` or `&gt;`?
src/features/livestream/components/SuperChatPanel.tsx(190,17): error TS1003: Identifier expected.
src/features/livestream/components/SuperChatPanel.tsx(190,24): error TS1382: Unexpected token. Did you mean `{'>'}` or `&gt;`?
src/features/livestream/components/SuperChatPanel.tsx(192,9): error TS1005: '}' expected.
src/features/livestream/components/SuperChatPanel.tsx(192,26): error TS1381: Unexpected token. Did you mean `{'}'}` or `&rbrace;`?
src/features/livestream/components/SuperChatPanel.tsx(193,2): error TS1381: Unexpected token. Did you mean `{'}'}` or `&rbrace;`?
src/features/livestream/components/SuperChatPanel.tsx(198,3): error TS1382: Unexpected token. Did you mean `{'>'}` or `&gt;`?
src/features/livestream/components/SuperChatPanel.tsx(227,2): error TS1382: Unexpected token. Did you mean `{'>'}` or `&gt;`?
src/features/livestream/components/SuperChatPanel.tsx(229,14): error TS17002: Expected corresponding JSX closing tag for 'div'.
src/features/livestream/components/SuperChatPanel.tsx(233,2): error TS1382: Unexpected token. Did you mean `{'>'}` or `&gt;`?
src/features/livestream/components/SuperChatPanel.tsx(235,14): error TS17002: Expected corresponding JSX closing tag for 'div'.
src/features/livestream/components/SuperChatPanel.tsx(363,2): error TS1128: Declaration or statement expected.
src/features/livestream/components/SuperChatPanel.tsx(364,1): error TS1128: Declaration or statement expected.
src/features/moderation/components/ModerationDashboard.tsx(33,1): error TS1131: Property or signature expected.
src/features/moderation/components/ModerationDashboard.tsx(292,2): error TS1005: ')' expected.
src/features/moderation/components/ModerationDashboard.tsx(295,2): error TS1005: ',' expected.
src/features/moderation/components/ModerationDashboard.tsx(295,4): error TS1381: Unexpected token. Did you mean `{'}'}` or `&rbrace;`?
src/features/moderation/components/ModerationDashboard.tsx(296,2): error TS1382: Unexpected token. Did you mean `{'>'}` or `&gt;`?
src/features/moderation/components/ModerationDashboard.tsx(298,14): error TS17002: Expected corresponding JSX closing tag for 'nav'.
src/features/moderation/components/ModerationDashboard.tsx(300,3): error TS1381: Unexpected token. Did you mean `{'}'}` or `&rbrace;`?
src/features/moderation/components/ModerationDashboard.tsx(301,14): error TS17002: Expected corresponding JSX closing tag for 'div'.
src/features/moderation/components/ModerationDashboard.tsx(333,2): error TS2657: JSX expressions must have one parent element.
src/features/moderation/components/ModerationDashboard.tsx(340,2): error TS1382: Unexpected token. Did you mean `{'>'}` or `&gt;`?
src/features/moderation/components/ModerationDashboard.tsx(342,14): error TS17002: Expected corresponding JSX closing tag for 'div'.
src/features/moderation/components/ModerationDashboard.tsx(347,9): error TS1005: ')' expected.
src/features/moderation/components/ModerationDashboard.tsx(348,14): error TS17002: Expected corresponding JSX closing tag for 'div'.
src/features/moderation/components/ModerationDashboard.tsx(350,3): error TS1381: Unexpected token. Did you mean `{'}'}` or `&rbrace;`?
src/features/moderation/components/ModerationDashboard.tsx(355,2): error TS1005: ')' expected.
src/features/moderation/components/ModerationDashboard.tsx(362,15): error TS1003: Identifier expected.
src/features/moderation/components/ModerationDashboard.tsx(362,52): error TS1382: Unexpected token. Did you mean `{'>'}` or `&gt;`?
src/features/moderation/components/ModerationDashboard.tsx(363,23): error TS1382: Unexpected token. Did you mean `{'>'}` or `&gt;`?
src/features/moderation/components/ModerationDashboard.tsx(364,2): error TS1381: Unexpected token. Did you mean `{'}'}` or `&rbrace;`?
src/features/moderation/components/ModerationDashboard.tsx(367,3): error TS1382: Unexpected token. Did you mean `{'>'}` or `&gt;`?
src/features/moderation/components/ModerationDashboard.tsx(447,2): error TS1382: Unexpected token. Did you mean `{'>'}` or `&gt;`?
src/features/moderation/components/ModerationDashboard.tsx(450,14): error TS17002: Expected corresponding JSX closing tag for 'div'.
src/features/moderation/components/ModerationDashboard.tsx(457,2): error TS1382: Unexpected token. Did you mean `{'>'}` or `&gt;`?
src/features/moderation/components/ModerationDashboard.tsx(460,14): error TS17002: Expected corresponding JSX closing tag for 'div'.
src/features/moderation/components/ModerationDashboard.tsx(467,2): error TS1382: Unexpected token. Did you mean `{'>'}` or `&gt;`?
src/features/moderation/components/ModerationDashboard.tsx(470,14): error TS17002: Expected corresponding JSX closing tag for 'div'.
src/features/moderation/components/ModerationDashboard.tsx(497,2): error TS1128: Declaration or statement expected.
src/features/moderation/components/ModerationDashboard.tsx(498,1): error TS1128: Declaration or statement expected.
src/features/notifications/components/NotificationCenter.tsx(60,2): error TS1003: Identifier expected.
src/features/notifications/components/NotificationCenter.tsx(61,3): error TS1005: ',' expected.
src/features/notifications/components/NotificationCenter.tsx(85,24): error TS1005: ';' expected.
src/features/notifications/components/NotificationCenter.tsx(85,32): error TS1005: ';' expected.
src/features/notifications/components/NotificationCenter.tsx(85,44): error TS1005: ';' expected.
src/features/notifications/components/NotificationCenter.tsx(219,19): error TS1005: ';' expected.
src/features/notifications/components/NotificationCenter.tsx(219,28): error TS1434: Unexpected keyword or identifier.
src/features/notifications/components/NotificationCenter.tsx(262,24): error TS1005: ';' expected.
src/features/notifications/components/NotificationCenter.tsx(262,29): error TS1005: ';' expected.
src/features/notifications/components/NotificationCenter.tsx(262,34): error TS1005: ';' expected.
src/features/notifications/components/NotificationCenter.tsx(262,47): error TS1005: ';' expected.
src/features/notifications/components/NotificationCenter.tsx(262,55): error TS1005: ';' expected.
src/features/notifications/components/NotificationCenter.tsx(262,67): error TS1005: ';' expected.
src/features/notifications/components/NotificationCenter.tsx(262,85): error TS1005: ';' expected.
src/features/notifications/components/NotificationCenter.tsx(272,24): error TS1005: ';' expected.
src/features/notifications/components/NotificationCenter.tsx(272,29): error TS1005: ';' expected.
src/features/notifications/components/NotificationCenter.tsx(272,34): error TS1005: ';' expected.
src/features/notifications/components/NotificationCenter.tsx(272,47): error TS1005: ';' expected.
src/features/notifications/components/NotificationCenter.tsx(272,55): error TS1005: ';' expected.
src/features/notifications/components/NotificationCenter.tsx(272,67): error TS1005: ';' expected.
src/features/notifications/components/NotificationCenter.tsx(272,85): error TS1005: ';' expected.
src/features/notifications/components/NotificationCenter.tsx(360,1): error TS1160: Unterminated template literal.
src/features/notifications/hooks/useNotifications.ts(103,33): error TS1005: ';' expected.
src/features/notifications/services/notificationService.ts(89,25): error TS1138: Parameter declaration expected.
src/features/notifications/services/notificationService.ts(184,26): error TS1138: Parameter declaration expected.
src/features/notifications/services/notificationService.ts(193,24): error TS1138: Parameter declaration expected.
src/features/notifications/services/notificationService.ts(213,25): error TS1138: Parameter declaration expected.
src/features/notifications/services/notificationService.ts(223,27): error TS1138: Parameter declaration expected.
src/features/notifications/services/notificationService.ts(232,30): error TS1138: Parameter declaration expected.
src/features/notifications/services/notificationService.ts(306,29): error TS1138: Parameter declaration expected.
src/features/notifications/services/notificationService.ts(318,36): error TS1138: Parameter declaration expected.
src/features/notifications/services/notificationService.ts(343,27): error TS1138: Parameter declaration expected.
src/features/notifications/services/notificationService.ts(367,32): error TS1138: Parameter declaration expected.
src/features/notifications/services/notificationService.ts(398,28): error TS1138: Parameter declaration expected.
src/features/notifications/services/notificationService.ts(408,22): error TS1138: Parameter declaration expected.
src/features/notifications/services/notificationService.ts(434,1): error TS1005: '}' expected.
src/features/playlist/components/PlaylistCard.tsx(78,3): error TS17008: JSX element 'Link' has no corresponding closing tag.
src/features/playlist/components/PlaylistCard.tsx(81,2): error TS1003: Identifier expected.
src/features/playlist/components/PlaylistCard.tsx(84,6): error TS1382: Unexpected token. Did you mean `{'>'}` or `&gt;`?
src/features/playlist/components/PlaylistCard.tsx(85,2): error TS1382: Unexpected token. Did you mean `{'>'}` or `&gt;`?
src/features/playlist/components/PlaylistCard.tsx(91,2): error TS1003: Identifier expected.
src/features/playlist/components/PlaylistCard.tsx(94,6): error TS1382: Unexpected token. Did you mean `{'>'}` or `&gt;`?
src/features/playlist/components/PlaylistCard.tsx(98,3): error TS1382: Unexpected token. Did you mean `{'>'}` or `&gt;`?
src/features/playlist/components/PlaylistCard.tsx(103,3): error TS1381: Unexpected token. Did you mean `{'}'}` or `&rbrace;`?
src/features/playlist/components/PlaylistCard.tsx(113,2): error TS1382: Unexpected token. Did you mean `{'>'}` or `&gt;`?
src/features/playlist/components/PlaylistCard.tsx(115,14): error TS17002: Expected corresponding JSX closing tag for 'div'.
src/features/playlist/components/PlaylistCard.tsx(119,2): error TS1005: ')' expected.
src/features/playlist/components/PlaylistCard.tsx(135,2): error TS1128: Declaration or statement expected.
src/features/playlist/components/PlaylistCard.tsx(145,2): error TS1003: Identifier expected.
src/features/playlist/components/PlaylistCard.tsx(148,6): error TS1382: Unexpected token. Did you mean `{'>'}` or `&gt;`?
src/features/playlist/components/PlaylistCard.tsx(149,2): error TS1382: Unexpected token. Did you mean `{'>'}` or `&gt;`?
src/features/playlist/components/PlaylistCard.tsx(151,14): error TS17002: Expected corresponding JSX closing tag for 'Link'.
src/features/playlist/components/PlaylistCard.tsx(152,14): error TS17002: Expected corresponding JSX closing tag for 'div'.
src/features/playlist/components/PlaylistCard.tsx(154,2): error TS1005: ')' expected.
src/features/playlist/components/PlaylistCard.tsx(159,2): error TS1003: Identifier expected.
src/features/playlist/components/PlaylistCard.tsx(162,2): error TS1128: Declaration or statement expected.
src/features/playlist/components/PlaylistCard.tsx(162,5): error TS1161: Unterminated regular expression literal.
src/features/playlist/components/PlaylistCard.tsx(164,11): error TS1005: ',' expected.
src/features/playlist/components/PlaylistCard.tsx(166,2): error TS1128: Declaration or statement expected.
src/features/playlist/components/PlaylistCard.tsx(166,3): error TS1128: Declaration or statement expected.
src/features/playlist/components/PlaylistCard.tsx(178,2): error TS1003: Identifier expected.
src/features/playlist/components/PlaylistCard.tsx(181,2): error TS1128: Declaration or statement expected.
src/features/playlist/components/PlaylistCard.tsx(181,3): error TS1128: Declaration or statement expected.
src/features/playlist/components/PlaylistCard.tsx(181,5): error TS1161: Unterminated regular expression literal.
src/features/playlist/components/PlaylistCard.tsx(219,2): error TS1128: Declaration or statement expected.
src/features/playlist/components/PlaylistCard.tsx(230,2): error TS1005: ')' expected.
src/features/playlist/components/PlaylistCard.tsx(232,2): error TS1382: Unexpected token. Did you mean `{'>'}` or `&gt;`?
src/features/playlist/components/PlaylistCard.tsx(244,14): error TS17002: Expected corresponding JSX closing tag for 'div'.
src/features/playlist/components/PlaylistCard.tsx(245,3): error TS1128: Declaration or statement expected.
src/features/playlist/components/PlaylistCard.tsx(266,2): error TS1005: '}' expected.
src/features/playlist/components/PlaylistCard.tsx(268,14): error TS17002: Expected corresponding JSX closing tag for 'div'.
src/features/playlist/components/PlaylistCard.tsx(279,2): error TS1382: Unexpected token. Did you mean `{'>'}` or `&gt;`?
src/features/playlist/components/PlaylistCard.tsx(282,14): error TS17015: Expected corresponding closing tag for JSX fragment.
src/features/playlist/components/PlaylistCard.tsx(282,20): error TS1382: Unexpected token. Did you mean `{'>'}` or `&gt;`?
src/features/playlist/components/PlaylistCard.tsx(286,2): error TS1382: Unexpected token. Did you mean `{'>'}` or `&gt;`?
src/features/playlist/components/PlaylistCard.tsx(289,14): error TS17002: Expected corresponding JSX closing tag for 'div'.
src/features/playlist/components/PlaylistCard.tsx(293,2): error TS1382: Unexpected token. Did you mean `{'>'}` or `&gt;`?
src/features/playlist/components/PlaylistCard.tsx(296,14): error TS17002: Expected corresponding JSX closing tag for 'div'.
src/features/playlist/components/PlaylistCard.tsx(298,4): error TS1005: ';' expected.
src/features/playlist/components/PlaylistCard.tsx(303,2): error TS1382: Unexpected token. Did you mean `{'>'}` or `&gt;`?
src/features/playlist/components/PlaylistCard.tsx(306,14): error TS17015: Expected corresponding closing tag for JSX fragment.
src/features/playlist/components/PlaylistCard.tsx(308,2): error TS1109: Expression expected.
src/features/playlist/components/PlaylistCard.tsx(311,2): error TS1128: Declaration or statement expected.
src/features/playlist/components/PlaylistCard.tsx(311,3): error TS1128: Declaration or statement expected.
src/features/playlist/components/PlaylistCard.tsx(314,2): error TS1128: Declaration or statement expected.
src/features/playlist/components/PlaylistCard.tsx(329,2): error TS1003: Identifier expected.
src/features/playlist/components/PlaylistCard.tsx(334,2): error TS1128: Declaration or statement expected.
src/features/playlist/components/PlaylistCard.tsx(334,3): error TS1128: Declaration or statement expected.
src/features/playlist/components/PlaylistCard.tsx(335,18): error TS1005: ';' expected.
src/features/playlist/components/PlaylistCard.tsx(335,33): error TS1161: Unterminated regular expression literal.
src/features/playlist/components/PlaylistCard.tsx(337,2): error TS2657: JSX expressions must have one parent element.
src/features/playlist/components/PlaylistCard.tsx(341,2): error TS1128: Declaration or statement expected.
src/features/playlist/components/PlaylistCard.tsx(342,1): error TS1128: Declaration or statement expected.
src/features/playlist/components/PlaylistManager.tsx(70,3): error TS17008: JSX element 'form' has no corresponding closing tag.
src/features/playlist/components/PlaylistManager.tsx(79,13): error TS1003: Identifier expected.
src/features/playlist/components/PlaylistManager.tsx(79,20): error TS1382: Unexpected token. Did you mean `{'>'}` or `&gt;`?
src/features/playlist/components/PlaylistManager.tsx(79,46): error TS1005: '}' expected.
src/features/playlist/components/PlaylistManager.tsx(79,63): error TS1381: Unexpected token. Did you mean `{'}'}` or `&rbrace;`?
src/features/playlist/components/PlaylistManager.tsx(80,2): error TS1381: Unexpected token. Did you mean `{'}'}` or `&rbrace;`?
src/features/playlist/components/PlaylistManager.tsx(84,3): error TS1382: Unexpected token. Did you mean `{'>'}` or `&gt;`?
src/features/playlist/components/PlaylistManager.tsx(94,13): error TS1003: Identifier expected.
src/features/playlist/components/PlaylistManager.tsx(94,20): error TS1382: Unexpected token. Did you mean `{'>'}` or `&gt;`?
src/features/playlist/components/PlaylistManager.tsx(94,52): error TS1005: '}' expected.
src/features/playlist/components/PlaylistManager.tsx(94,69): error TS1381: Unexpected token. Did you mean `{'}'}` or `&rbrace;`?
src/features/playlist/components/PlaylistManager.tsx(95,2): error TS1381: Unexpected token. Did you mean `{'}'}` or `&rbrace;`?
src/features/playlist/components/PlaylistManager.tsx(99,3): error TS1382: Unexpected token. Did you mean `{'>'}` or `&gt;`?
src/features/playlist/components/PlaylistManager.tsx(109,13): error TS1003: Identifier expected.
src/features/playlist/components/PlaylistManager.tsx(109,20): error TS1382: Unexpected token. Did you mean `{'>'}` or `&gt;`?
src/features/playlist/components/PlaylistManager.tsx(111,12): error TS1005: '}' expected.
src/features/playlist/components/PlaylistManager.tsx(111,36): error TS1381: Unexpected token. Did you mean `{'}'}` or `&rbrace;`?
src/features/playlist/components/PlaylistManager.tsx(112,2): error TS1381: Unexpected token. Did you mean `{'}'}` or `&rbrace;`?
src/features/playlist/components/PlaylistManager.tsx(114,2): error TS1382: Unexpected token. Did you mean `{'>'}` or `&gt;`?
src/features/playlist/components/PlaylistManager.tsx(118,14): error TS17002: Expected corresponding JSX closing tag for 'div'.
src/features/playlist/components/PlaylistManager.tsx(178,14): error TS17002: Expected corresponding JSX closing tag for 'div'.
src/features/playlist/components/PlaylistManager.tsx(270,2): error TS1382: Unexpected token. Did you mean `{'>'}` or `&gt;`?
src/features/playlist/components/PlaylistManager.tsx(273,14): error TS17002: Expected corresponding JSX closing tag for 'div'.
src/features/playlist/components/PlaylistManager.tsx(276,2): error TS1005: ')' expected.
src/features/playlist/components/PlaylistManager.tsx(304,2): error TS1382: Unexpected token. Did you mean `{'>'}` or `&gt;`?
src/features/playlist/components/PlaylistManager.tsx(306,14): error TS17002: Expected corresponding JSX closing tag for 'div'.
src/features/playlist/components/PlaylistManager.tsx(310,2): error TS1382: Unexpected token. Did you mean `{'>'}` or `&gt;`?
src/features/playlist/components/PlaylistManager.tsx(312,14): error TS17002: Expected corresponding JSX closing tag for 'div'.
src/features/playlist/components/PlaylistManager.tsx(334,11): error TS1003: Identifier expected.
src/features/playlist/components/PlaylistManager.tsx(337,2): error TS1005: ')' expected.
src/features/playlist/components/PlaylistManager.tsx(337,4): error TS1161: Unterminated regular expression literal.
src/features/playlist/components/PlaylistManager.tsx(339,20): error TS1005: ',' expected.
src/features/playlist/components/PlaylistManager.tsx(343,11): error TS1003: Identifier expected.
src/features/playlist/components/PlaylistManager.tsx(344,2): error TS1005: ')' expected.
src/features/playlist/components/PlaylistManager.tsx(352,3): error TS1005: ';' expected.
src/features/playlist/components/PlaylistManager.tsx(353,2): error TS1109: Expression expected.
src/features/playlist/components/PlaylistManager.tsx(356,2): error TS1161: Unterminated regular expression literal.
src/features/playlist/components/PlaylistManager.tsx(357,7): error TS1005: ';' expected.
src/features/playlist/components/PlaylistManager.tsx(358,2): error TS2657: JSX expressions must have one parent element.
src/features/playlist/components/PlaylistManager.tsx(393,2): error TS1382: Unexpected token. Did you mean `{'>'}` or `&gt;`?
src/features/playlist/components/PlaylistManager.tsx(395,14): error TS17002: Expected corresponding JSX closing tag for 'div'.
src/features/playlist/components/PlaylistManager.tsx(398,2): error TS2657: JSX expressions must have one parent element.
src/features/playlist/components/PlaylistManager.tsx(410,2): error TS1382: Unexpected token. Did you mean `{'>'}` or `&gt;`?
src/features/playlist/components/PlaylistManager.tsx(413,14): error TS17002: Expected corresponding JSX closing tag for 'div'.
src/features/playlist/components/PlaylistManager.tsx(424,2): error TS1005: ')' expected.
src/features/playlist/components/PlaylistManager.tsx(425,14): error TS17002: Expected corresponding JSX closing tag for 'div'.
src/features/playlist/components/PlaylistManager.tsx(427,2): error TS1128: Declaration or statement expected.
src/features/playlist/components/PlaylistManager.tsx(427,3): error TS1128: Declaration or statement expected.
src/features/playlist/components/PlaylistManager.tsx(431,2): error TS1128: Declaration or statement expected.
src/features/playlist/components/PlaylistManager.tsx(431,4): error TS1128: Declaration or statement expected.
src/features/playlist/components/PlaylistManager.tsx(435,10): error TS1003: Identifier expected.
src/features/playlist/components/PlaylistManager.tsx(437,2): error TS1381: Unexpected token. Did you mean `{'}'}` or `&rbrace;`?
src/features/playlist/components/PlaylistManager.tsx(439,61): error TS1382: Unexpected token. Did you mean `{'>'}` or `&gt;`?
src/features/playlist/components/PlaylistManager.tsx(440,3): error TS1382: Unexpected token. Did you mean `{'>'}` or `&gt;`?
src/features/playlist/components/PlaylistManager.tsx(456,2): error TS1382: Unexpected token. Did you mean `{'>'}` or `&gt;`?
src/features/playlist/components/PlaylistManager.tsx(458,14): error TS17015: Expected corresponding closing tag for JSX fragment.
src/features/playlist/components/PlaylistManager.tsx(460,2): error TS1109: Expression expected.
src/features/playlist/components/PlaylistManager.tsx(460,3): error TS1128: Declaration or statement expected.
src/features/playlist/components/PlaylistManager.tsx(462,2): error TS1128: Declaration or statement expected.
src/features/playlist/components/PlaylistManager.tsx(462,3): error TS1128: Declaration or statement expected.
src/features/playlist/components/PlaylistManager.tsx(462,4): error TS1128: Declaration or statement expected.
src/features/playlist/components/PlaylistManager.tsx(464,2): error TS1128: Declaration or statement expected.
src/features/playlist/components/PlaylistManager.tsx(464,4): error TS1128: Declaration or statement expected.
src/features/playlist/components/PlaylistManager.tsx(480,9): error TS1005: ')' expected.
src/features/playlist/components/PlaylistManager.tsx(481,14): error TS17002: Expected corresponding JSX closing tag for 'div'.
src/features/playlist/components/PlaylistManager.tsx(482,3): error TS1128: Declaration or statement expected.
src/features/playlist/components/PlaylistManager.tsx(484,2): error TS1128: Declaration or statement expected.
src/features/playlist/components/PlaylistManager.tsx(484,3): error TS1128: Declaration or statement expected.
src/features/playlist/components/PlaylistManager.tsx(489,11): error TS1136: Property assignment expected.
src/features/playlist/components/PlaylistManager.tsx(489,14): error TS1005: ';' expected.
src/features/playlist/components/PlaylistManager.tsx(489,42): error TS1128: Declaration or statement expected.
src/features/playlist/components/PlaylistManager.tsx(491,2): error TS1161: Unterminated regular expression literal.
src/features/playlist/components/PlaylistManager.tsx(493,2): error TS1128: Declaration or statement expected.
src/features/playlist/components/PlaylistManager.tsx(494,1): error TS1128: Declaration or statement expected.
src/features/playlist/hooks/usePlaylists.ts(33,35): error TS1138: Parameter declaration expected.
src/features/playlist/hooks/usePlaylists.ts(100,36): error TS1138: Parameter declaration expected.
src/features/playlist/hooks/usePlaylists.ts(123,2): error TS1005: ',' expected.
src/features/playlist/hooks/usePlaylists.ts(147,2): error TS1005: ',' expected.
src/features/playlist/hooks/usePlaylists.ts(172,2): error TS1005: ',' expected.
src/features/playlist/hooks/usePlaylists.ts(195,2): error TS1005: ',' expected.
src/features/playlist/hooks/usePlaylists.ts(206,2): error TS1005: ',' expected.
src/features/playlist/hooks/usePlaylists.ts(217,2): error TS1005: ',' expected.
src/features/playlist/hooks/usePlaylists.ts(233,2): error TS1005: ',' expected.
src/features/playlist/hooks/usePlaylists.ts(249,2): error TS1005: ',' expected.
src/features/playlist/hooks/usePlaylists.ts(262,2): error TS1005: ',' expected.
src/features/playlist/hooks/usePlaylists.ts(281,3): error TS1005: ',' expected.
src/features/playlist/hooks/usePlaylists.ts(305,1): error TS1005: '}' expected.
src/features/playlist/services/playlistService.ts(43,25): error TS1138: Parameter declaration expected.
src/features/playlist/services/playlistService.ts(59,26): error TS1138: Parameter declaration expected.
src/features/playlist/services/playlistService.ts(70,23): error TS1138: Parameter declaration expected.
src/features/playlist/services/playlistService.ts(79,23): error TS1138: Parameter declaration expected.
src/features/playlist/services/playlistService.ts(96,27): error TS1138: Parameter declaration expected.
src/features/playlist/services/playlistService.ts(107,32): error TS1138: Parameter declaration expected.
src/features/playlist/services/playlistService.ts(117,30): error TS1138: Parameter declaration expected.
src/features/playlist/services/playlistService.ts(130,26): error TS1138: Parameter declaration expected.
src/features/playlist/services/playlistService.ts(141,31): error TS1138: Parameter declaration expected.
src/features/playlist/services/playlistService.ts(152,24): error TS1138: Parameter declaration expected.
src/features/playlist/services/playlistService.ts(162,29): error TS1138: Parameter declaration expected.
src/features/playlist/services/playlistService.ts(172,26): error TS1138: Parameter declaration expected.
src/features/playlist/services/playlistService.ts(196,23): error TS1138: Parameter declaration expected.
src/features/playlist/services/playlistService.ts(206,23): error TS1138: Parameter declaration expected.
src/features/playlist/services/playlistService.ts(216,32): error TS1138: Parameter declaration expected.
src/features/playlist/services/playlistService.ts(237,29): error TS1138: Parameter declaration expected.
src/features/playlist/services/playlistService.ts(247,24): error TS1138: Parameter declaration expected.
src/features/playlist/services/playlistService.ts(257,27): error TS1138: Parameter declaration expected.
src/features/playlist/services/playlistService.ts(284,22): error TS1138: Parameter declaration expected.
src/features/playlist/services/playlistService.ts(291,25): error TS1138: Parameter declaration expected.
src/features/playlist/services/playlistService.ts(310,24): error TS1138: Parameter declaration expected.
src/features/playlist/services/playlistService.ts(317,1): error TS1434: Unexpected keyword or identifier.
src/features/playlist/services/playlistService.ts(317,8): error TS1434: Unexpected keyword or identifier.
src/features/playlist/services/playlistService.ts(318,1): error TS1005: '}' expected.
src/features/search/components/AdvancedSearchFilters.tsx(31,55): error TS1138: Parameter declaration expected.
src/features/search/components/AdvancedSearchFilters.tsx(103,2): error TS1382: Unexpected token. Did you mean `{'>'}` or `&gt;`?
src/features/search/components/AdvancedSearchFilters.tsx(111,14): error TS17002: Expected corresponding JSX closing tag for 'div'.
src/features/search/components/AdvancedSearchFilters.tsx(113,2): error TS1005: ')' expected.
src/features/search/components/AdvancedSearchFilters.tsx(115,2): error TS2657: JSX expressions must have one parent element.
src/features/search/components/AdvancedSearchFilters.tsx(126,8): error TS1005: ')' expected.
src/features/search/components/AdvancedSearchFilters.tsx(127,14): error TS17002: Expected corresponding JSX closing tag for 'div'.
src/features/search/components/AdvancedSearchFilters.tsx(128,3): error TS1381: Unexpected token. Did you mean `{'}'}` or `&rbrace;`?
src/features/search/components/AdvancedSearchFilters.tsx(132,2): error TS1382: Unexpected token. Did you mean `{'>'}` or `&gt;`?
src/features/search/components/AdvancedSearchFilters.tsx(134,14): error TS17002: Expected corresponding JSX closing tag for 'div'.
src/features/search/components/AdvancedSearchFilters.tsx(166,14): error TS1003: Identifier expected.
src/features/search/components/AdvancedSearchFilters.tsx(167,2): error TS1381: Unexpected token. Did you mean `{'}'}` or `&rbrace;`?
src/features/search/components/AdvancedSearchFilters.tsx(169,3): error TS1382: Unexpected token. Did you mean `{'>'}` or `&gt;`?
src/features/search/components/AdvancedSearchFilters.tsx(208,14): error TS1003: Identifier expected.
src/features/search/components/AdvancedSearchFilters.tsx(209,2): error TS1381: Unexpected token. Did you mean `{'}'}` or `&rbrace;`?
src/features/search/components/AdvancedSearchFilters.tsx(211,3): error TS1382: Unexpected token. Did you mean `{'>'}` or `&gt;`?
src/features/search/components/AdvancedSearchFilters.tsx(245,14): error TS1003: Identifier expected.
src/features/search/components/AdvancedSearchFilters.tsx(246,2): error TS1381: Unexpected token. Did you mean `{'}'}` or `&rbrace;`?
src/features/search/components/AdvancedSearchFilters.tsx(248,3): error TS1382: Unexpected token. Did you mean `{'>'}` or `&gt;`?
src/features/search/components/AdvancedSearchFilters.tsx(329,14): error TS1003: Identifier expected.
src/features/search/components/AdvancedSearchFilters.tsx(330,2): error TS1381: Unexpected token. Did you mean `{'}'}` or `&rbrace;`?
src/features/search/components/AdvancedSearchFilters.tsx(332,3): error TS1382: Unexpected token. Did you mean `{'>'}` or `&gt;`?
src/features/search/components/AdvancedSearchFilters.tsx(366,14): error TS1003: Identifier expected.
src/features/search/components/AdvancedSearchFilters.tsx(367,2): error TS1381: Unexpected token. Did you mean `{'}'}` or `&rbrace;`?
src/features/search/components/AdvancedSearchFilters.tsx(369,3): error TS1382: Unexpected token. Did you mean `{'>'}` or `&gt;`?
src/features/search/components/AdvancedSearchFilters.tsx(379,2): error TS1005: ')' expected.
src/features/search/components/AdvancedSearchFilters.tsx(384,2): error TS1382: Unexpected token. Did you mean `{'>'}` or `&gt;`?
src/features/search/components/AdvancedSearchFilters.tsx(386,14): error TS17002: Expected corresponding JSX closing tag for 'div'.
src/features/search/components/AdvancedSearchFilters.tsx(389,2): error TS1128: Declaration or statement expected.
src/features/search/components/AdvancedSearchFilters.tsx(389,3): error TS1128: Declaration or statement expected.
src/features/search/components/AdvancedSearchFilters.tsx(391,2): error TS1128: Declaration or statement expected.
src/features/search/components/AdvancedSearchFilters.tsx(392,1): error TS1128: Declaration or statement expected.
src/features/search/services/searchService.ts(67,15): error TS1138: Parameter declaration expected.
src/features/search/services/searchService.ts(83,29): error TS1138: Parameter declaration expected.
src/features/search/services/searchService.ts(103,21): error TS1138: Parameter declaration expected.
src/features/search/services/searchService.ts(119,23): error TS1138: Parameter declaration expected.
src/features/search/services/searchService.ts(135,24): error TS1138: Parameter declaration expected.
src/features/search/services/searchService.ts(151,28): error TS1138: Parameter declaration expected.
src/features/search/services/searchService.ts(173,22): error TS1138: Parameter declaration expected.
src/features/search/services/searchService.ts(183,22): error TS1138: Parameter declaration expected.
src/features/search/services/searchService.ts(193,25): error TS1138: Parameter declaration expected.
src/features/search/services/searchService.ts(209,19): error TS1138: Parameter declaration expected.
src/features/search/services/searchService.ts(259,27): error TS1138: Parameter declaration expected.
src/features/search/services/searchService.ts(283,21): error TS1138: Parameter declaration expected.
src/features/search/services/searchService.ts(293,24): error TS1138: Parameter declaration expected.
src/features/search/services/searchService.ts(310,25): error TS1138: Parameter declaration expected.
src/features/search/services/searchService.ts(325,35): error TS1138: Parameter declaration expected.
src/features/search/services/searchService.ts(334,26): error TS1138: Parameter declaration expected.
src/features/search/services/searchService.ts(367,25): error TS1138: Parameter declaration expected.
src/features/search/services/searchService.ts(374,1): error TS1434: Unexpected keyword or identifier.
src/features/search/services/searchService.ts(374,8): error TS1434: Unexpected keyword or identifier.
src/features/search/services/searchService.ts(375,1): error TS1005: '}' expected.
src/features/subscription/components/SubscriptionButton.tsx(95,2): error TS1382: Unexpected token. Did you mean `{'>'}` or `&gt;`?
src/features/subscription/components/SubscriptionButton.tsx(108,14): error TS17002: Expected corresponding JSX closing tag for 'div'.
src/features/subscription/components/SubscriptionButton.tsx(110,2): error TS1005: ')' expected.
src/features/subscription/components/SubscriptionButton.tsx(116,2): error TS1382: Unexpected token. Did you mean `{'>'}` or `&gt;`?
src/features/subscription/components/SubscriptionButton.tsx(118,14): error TS17002: Expected corresponding JSX closing tag for 'div'.
src/features/subscription/components/SubscriptionButton.tsx(120,2): error TS1005: ')' expected.
src/features/subscription/components/SubscriptionButton.tsx(121,2): error TS2657: JSX expressions must have one parent element.
src/features/subscription/components/SubscriptionButton.tsx(133,2): error TS1382: Unexpected token. Did you mean `{'>'}` or `&gt;`?
src/features/subscription/components/SubscriptionButton.tsx(141,14): error TS17002: Expected corresponding JSX closing tag for 'div'.
src/features/subscription/components/SubscriptionButton.tsx(146,2): error TS1005: ')' expected.
src/features/subscription/components/SubscriptionButton.tsx(162,24): error TS1005: ';' expected.
src/features/subscription/components/SubscriptionButton.tsx(162,31): error TS1005: ';' expected.
src/features/subscription/components/SubscriptionButton.tsx(162,36): error TS1005: ';' expected.
src/features/subscription/components/SubscriptionButton.tsx(162,41): error TS1005: ';' expected.
src/features/subscription/components/SubscriptionButton.tsx(162,51): error TS1005: ';' expected.
src/features/subscription/components/SubscriptionButton.tsx(162,59): error TS1005: ';' expected.
src/features/subscription/components/SubscriptionButton.tsx(162,77): error TS1005: ';' expected.
src/features/subscription/components/SubscriptionButton.tsx(162,100): error TS1005: ';' expected.
src/features/subscription/components/SubscriptionButton.tsx(162,118): error TS1005: ';' expected.
src/features/subscription/components/SubscriptionButton.tsx(162,124): error TS1005: ';' expected.
src/features/subscription/components/SubscriptionButton.tsx(185,19): error TS1005: ';' expected.
src/features/subscription/components/SubscriptionButton.tsx(185,37): error TS1005: ';' expected.
src/features/subscription/components/SubscriptionButton.tsx(185,43): error TS1005: ';' expected.
src/features/subscription/components/SubscriptionButton.tsx(189,24): error TS1005: ';' expected.
src/features/subscription/components/SubscriptionButton.tsx(189,56): error TS1005: ';' expected.
src/features/subscription/components/SubscriptionButton.tsx(189,69): error TS1005: ';' expected.
src/features/subscription/components/SubscriptionButton.tsx(189,84): error TS1005: ';' expected.
src/features/subscription/components/SubscriptionButton.tsx(189,97): error TS1005: ';' expected.
src/features/subscription/components/SubscriptionButton.tsx(189,117): error TS1005: ';' expected.
src/features/subscription/components/SubscriptionButton.tsx(189,135): error TS1005: ';' expected.
src/features/subscription/components/SubscriptionButton.tsx(189,141): error TS1005: ';' expected.
src/features/subscription/components/SubscriptionButton.tsx(227,24): error TS1005: ';' expected.
src/features/subscription/components/SubscriptionButton.tsx(227,31): error TS1005: ';' expected.
src/features/subscription/components/SubscriptionButton.tsx(227,36): error TS1005: ';' expected.
src/features/subscription/components/SubscriptionButton.tsx(227,41): error TS1005: ';' expected.
src/features/subscription/components/SubscriptionButton.tsx(227,51): error TS1005: ';' expected.
src/features/subscription/components/SubscriptionButton.tsx(227,59): error TS1005: ';' expected.
src/features/subscription/components/SubscriptionButton.tsx(227,77): error TS1005: ';' expected.
src/features/subscription/components/SubscriptionButton.tsx(227,100): error TS1005: ';' expected.
src/features/subscription/components/SubscriptionButton.tsx(227,118): error TS1005: ';' expected.
src/features/subscription/components/SubscriptionButton.tsx(227,124): error TS1005: ';' expected.
src/features/subscription/components/SubscriptionButton.tsx(244,24): error TS1005: ';' expected.
src/features/subscription/components/SubscriptionButton.tsx(244,31): error TS1005: ';' expected.
src/features/subscription/components/SubscriptionButton.tsx(244,36): error TS1005: ';' expected.
src/features/subscription/components/SubscriptionButton.tsx(244,41): error TS1005: ';' expected.
src/features/subscription/components/SubscriptionButton.tsx(244,51): error TS1005: ';' expected.
src/features/subscription/components/SubscriptionButton.tsx(244,59): error TS1005: ';' expected.
src/features/subscription/components/SubscriptionButton.tsx(244,77): error TS1005: ';' expected.
src/features/subscription/components/SubscriptionButton.tsx(244,100): error TS1005: ';' expected.
src/features/subscription/components/SubscriptionButton.tsx(244,118): error TS1005: ';' expected.
src/features/subscription/components/SubscriptionButton.tsx(244,124): error TS1005: ';' expected.
src/features/subscription/components/SubscriptionButton.tsx(261,24): error TS1005: ';' expected.
src/features/subscription/components/SubscriptionButton.tsx(261,31): error TS1005: ';' expected.
src/features/subscription/components/SubscriptionButton.tsx(261,36): error TS1005: ';' expected.
src/features/subscription/components/SubscriptionButton.tsx(261,41): error TS1005: ';' expected.
src/features/subscription/components/SubscriptionButton.tsx(261,51): error TS1005: ';' expected.
src/features/subscription/components/SubscriptionButton.tsx(261,59): error TS1005: ';' expected.
src/features/subscription/components/SubscriptionButton.tsx(261,77): error TS1005: ';' expected.
src/features/subscription/components/SubscriptionButton.tsx(261,100): error TS1005: ';' expected.
src/features/subscription/components/SubscriptionButton.tsx(261,118): error TS1005: ';' expected.
src/features/subscription/components/SubscriptionButton.tsx(261,124): error TS1005: ';' expected.
src/features/subscription/components/SubscriptionButton.tsx(284,1): error TS1160: Unterminated template literal.
src/features/subscription/services/subscriptionService.ts(48,2): error TS1434: Unexpected keyword or identifier.
src/features/subscription/services/subscriptionService.ts(48,27): error TS1005: ',' expected.
src/features/subscription/services/subscriptionService.ts(48,33): error TS1005: ';' expected.
src/features/subscription/services/subscriptionService.ts(49,9): error TS1005: ':' expected.
src/features/subscription/services/subscriptionService.ts(49,54): error TS1005: ',' expected.
src/features/subscription/services/subscriptionService.ts(55,2): error TS1434: Unexpected keyword or identifier.
src/features/subscription/services/subscriptionService.ts(55,29): error TS1005: ',' expected.
src/features/subscription/services/subscriptionService.ts(55,35): error TS1005: ';' expected.
src/features/subscription/services/subscriptionService.ts(55,61): error TS1109: Expression expected.
src/features/subscription/services/subscriptionService.ts(56,9): error TS1005: ':' expected.
src/features/subscription/services/subscriptionService.ts(56,54): error TS1005: ',' expected.
src/features/subscription/services/subscriptionService.ts(62,2): error TS1434: Unexpected keyword or identifier.
src/features/subscription/services/subscriptionService.ts(62,32): error TS1135: Argument expression expected.
src/features/subscription/services/subscriptionService.ts(63,11): error TS1005: ',' expected.
src/features/subscription/services/subscriptionService.ts(64,7): error TS1005: ',' expected.
src/features/subscription/services/subscriptionService.ts(65,3): error TS1005: ';' expected.
src/features/subscription/services/subscriptionService.ts(66,9): error TS1005: ':' expected.
src/features/subscription/services/subscriptionService.ts(67,29): error TS1005: ',' expected.
src/features/subscription/services/subscriptionService.ts(73,2): error TS1434: Unexpected keyword or identifier.
src/features/subscription/services/subscriptionService.ts(73,25): error TS1135: Argument expression expected.
src/features/subscription/services/subscriptionService.ts(74,9): error TS1005: ',' expected.
src/features/subscription/services/subscriptionService.ts(75,54): error TS1005: ',' expected.
src/features/subscription/services/subscriptionService.ts(76,19): error TS1005: ',' expected.
src/features/subscription/services/subscriptionService.ts(77,16): error TS1005: ',' expected.
src/features/subscription/services/subscriptionService.ts(78,17): error TS1005: ',' expected.
src/features/subscription/services/subscriptionService.ts(80,3): error TS1005: ';' expected.
src/features/subscription/services/subscriptionService.ts(80,26): error TS1011: An element access expression should take an argument.
src/features/subscription/services/subscriptionService.ts(81,6): error TS1005: ':' expected.
src/features/subscription/services/subscriptionService.ts(82,8): error TS1005: ':' expected.
src/features/subscription/services/subscriptionService.ts(82,63): error TS1005: ',' expected.
src/features/subscription/services/subscriptionService.ts(83,18): error TS1005: ',' expected.
src/features/subscription/services/subscriptionService.ts(83,39): error TS1005: ',' expected.
src/features/subscription/services/subscriptionService.ts(83,41): error TS1136: Property assignment expected.
src/features/subscription/services/subscriptionService.ts(83,46): error TS1005: ',' expected.
src/features/subscription/services/subscriptionService.ts(84,4): error TS1005: ';' expected.
src/features/subscription/services/subscriptionService.ts(91,2): error TS1434: Unexpected keyword or identifier.
src/features/subscription/services/subscriptionService.ts(91,28): error TS1135: Argument expression expected.
src/features/subscription/services/subscriptionService.ts(92,9): error TS1005: ',' expected.
src/features/subscription/services/subscriptionService.ts(93,16): error TS1005: ',' expected.
src/features/subscription/services/subscriptionService.ts(94,17): error TS1005: ',' expected.
src/features/subscription/services/subscriptionService.ts(95,34): error TS1005: ',' expected.
src/features/subscription/services/subscriptionService.ts(96,25): error TS1005: ',' expected.
src/features/subscription/services/subscriptionService.ts(97,23): error TS1005: ',' expected.
src/features/subscription/services/subscriptionService.ts(99,3): error TS1005: ';' expected.
src/features/subscription/services/subscriptionService.ts(99,19): error TS1011: An element access expression should take an argument.
src/features/subscription/services/subscriptionService.ts(100,6): error TS1005: ':' expected.
src/features/subscription/services/subscriptionService.ts(101,8): error TS1005: ':' expected.
src/features/subscription/services/subscriptionService.ts(101,68): error TS1005: ',' expected.
src/features/subscription/services/subscriptionService.ts(102,18): error TS1005: ',' expected.
src/features/subscription/services/subscriptionService.ts(102,32): error TS1005: ',' expected.
src/features/subscription/services/subscriptionService.ts(102,34): error TS1136: Property assignment expected.
src/features/subscription/services/subscriptionService.ts(102,39): error TS1005: ',' expected.
src/features/subscription/services/subscriptionService.ts(103,4): error TS1005: ';' expected.
src/features/subscription/services/subscriptionService.ts(110,2): error TS1434: Unexpected keyword or identifier.
src/features/subscription/services/subscriptionService.ts(110,30): error TS1005: ';' expected.
src/features/subscription/services/subscriptionService.ts(111,6): error TS1005: ':' expected.
src/features/subscription/services/subscriptionService.ts(112,8): error TS1005: ':' expected.
src/features/subscription/services/subscriptionService.ts(112,60): error TS1005: ',' expected.
src/features/subscription/services/subscriptionService.ts(113,9): error TS1005: ':' expected.
src/features/subscription/services/subscriptionService.ts(113,43): error TS1005: ',' expected.
src/features/subscription/services/subscriptionService.ts(114,4): error TS1005: ',' expected.
src/features/subscription/services/subscriptionService.ts(122,11): error TS1005: ',' expected.
src/features/subscription/services/subscriptionService.ts(127,2): error TS1434: Unexpected keyword or identifier.
src/features/subscription/services/subscriptionService.ts(127,32): error TS1135: Argument expression expected.
src/features/subscription/services/subscriptionService.ts(128,9): error TS1005: ',' expected.
src/features/subscription/services/subscriptionService.ts(132,3): error TS1005: ';' expected.
src/features/subscription/services/subscriptionService.ts(132,29): error TS1109: Expression expected.
src/features/subscription/services/subscriptionService.ts(133,9): error TS1005: ':' expected.
src/features/subscription/services/subscriptionService.ts(133,72): error TS1005: ',' expected.
src/features/subscription/services/subscriptionService.ts(139,2): error TS1434: Unexpected keyword or identifier.
src/features/subscription/services/subscriptionService.ts(139,31): error TS1135: Argument expression expected.
src/features/subscription/services/subscriptionService.ts(140,9): error TS1005: ',' expected.
src/features/subscription/services/subscriptionService.ts(141,19): error TS1005: ',' expected.
src/features/subscription/services/subscriptionService.ts(142,16): error TS1005: ',' expected.
src/features/subscription/services/subscriptionService.ts(143,29): error TS1005: ',' expected.
src/features/subscription/services/subscriptionService.ts(145,3): error TS1005: ';' expected.
src/features/subscription/services/subscriptionService.ts(147,19): error TS1005: ',' expected.
src/features/subscription/services/subscriptionService.ts(148,21): error TS1005: ',' expected.
src/features/subscription/services/subscriptionService.ts(149,23): error TS1005: ',' expected.
src/features/subscription/services/subscriptionService.ts(150,23): error TS1005: ',' expected.
src/features/subscription/services/subscriptionService.ts(151,25): error TS1005: ',' expected.
src/features/subscription/services/subscriptionService.ts(152,20): error TS1005: ',' expected.
src/features/subscription/services/subscriptionService.ts(153,18): error TS1005: ',' expected.
src/features/subscription/services/subscriptionService.ts(154,21): error TS1005: ',' expected.
src/features/subscription/services/subscriptionService.ts(155,21): error TS1005: ',' expected.
src/features/subscription/services/subscriptionService.ts(158,2): error TS1109: Expression expected.
src/features/subscription/services/subscriptionService.ts(159,6): error TS1005: ':' expected.
src/features/subscription/services/subscriptionService.ts(160,8): error TS1005: ':' expected.
src/features/subscription/services/subscriptionService.ts(160,75): error TS1005: ',' expected.
src/features/subscription/services/subscriptionService.ts(162,2): error TS1138: Parameter declaration expected.
src/features/subscription/services/subscriptionService.ts(174,2): error TS1005: ',' expected.
src/features/subscription/services/subscriptionService.ts(174,3): error TS1136: Property assignment expected.
src/features/subscription/services/subscriptionService.ts(175,4): error TS1005: ';' expected.
src/features/subscription/services/subscriptionService.ts(182,2): error TS1434: Unexpected keyword or identifier.
src/features/subscription/services/subscriptionService.ts(182,28): error TS1135: Argument expression expected.
src/features/subscription/services/subscriptionService.ts(183,7): error TS1005: ',' expected.
src/features/subscription/services/subscriptionService.ts(184,9): error TS1005: ',' expected.
src/features/subscription/services/subscriptionService.ts(185,25): error TS1005: ',' expected.
src/features/subscription/services/subscriptionService.ts(186,16): error TS1005: ',' expected.
src/features/subscription/services/subscriptionService.ts(188,3): error TS1005: ';' expected.
src/features/subscription/services/subscriptionService.ts(189,24): error TS1005: ',' expected.
src/features/subscription/services/subscriptionService.ts(192,6): error TS1005: ':' expected.
src/features/subscription/services/subscriptionService.ts(193,8): error TS1005: ':' expected.
src/features/subscription/services/subscriptionService.ts(195,15): error TS1005: ',' expected.
src/features/subscription/services/subscriptionService.ts(196,9): error TS1005: ':' expected.
src/features/subscription/services/subscriptionService.ts(196,69): error TS1005: ',' expected.
src/features/subscription/services/subscriptionService.ts(197,4): error TS1005: ',' expected.
src/features/subscription/services/subscriptionService.ts(206,2): error TS1005: ',' expected.
src/features/subscription/services/subscriptionService.ts(206,32): error TS1138: Parameter declaration expected.
src/features/subscription/services/subscriptionService.ts(251,2): error TS1434: Unexpected keyword or identifier.
src/features/subscription/services/subscriptionService.ts(251,34): error TS1005: ',' expected.
src/features/subscription/services/subscriptionService.ts(251,60): error TS1005: ';' expected.
src/features/subscription/services/subscriptionService.ts(252,6): error TS1005: ':' expected.
src/features/subscription/services/subscriptionService.ts(253,8): error TS1005: ':' expected.
src/features/subscription/services/subscriptionService.ts(253,73): error TS1005: ',' expected.
src/features/subscription/services/subscriptionService.ts(254,9): error TS1005: ':' expected.
src/features/subscription/services/subscriptionService.ts(254,32): error TS1005: ',' expected.
src/features/subscription/services/subscriptionService.ts(255,4): error TS1005: ',' expected.
src/features/subscription/services/subscriptionService.ts(262,2): error TS1005: ',' expected.
src/features/subscription/services/subscriptionService.ts(262,28): error TS1138: Parameter declaration expected.
src/features/subscription/services/subscriptionService.ts(283,2): error TS1005: ',' expected.
src/features/subscription/services/subscriptionService.ts(283,32): error TS1138: Parameter declaration expected.
src/features/subscription/services/subscriptionService.ts(325,30): error TS1005: ',' expected.
src/features/subscription/services/subscriptionService.ts(331,1): error TS1005: '}' expected.
src/features/video/components/ProtectedVideoPlayer.tsx(56,3): error TS1382: Unexpected token. Did you mean `{'>'}` or `&gt;`?
src/features/video/components/StudioVideoGrid.tsx(144,2): error TS1382: Unexpected token. Did you mean `{'>'}` or `&gt;`?
src/features/video/components/StudioVideoGrid.tsx(150,3): error TS1382: Unexpected token. Did you mean `{'>'}` or `&gt;`?
src/features/video/components/StudioVideoGrid.tsx(151,14): error TS17002: Expected corresponding JSX closing tag for 'Link'.
src/features/video/components/StudioVideoGrid.tsx(153,14): error TS17002: Expected corresponding JSX closing tag for 'div'.
src/features/video/components/StudioVideoGrid.tsx(163,21): error TS1003: Identifier expected.
src/features/video/components/StudioVideoGrid.tsx(164,2): error TS1381: Unexpected token. Did you mean `{'}'}` or `&rbrace;`?
src/features/video/components/StudioVideoGrid.tsx(165,2): error TS1382: Unexpected token. Did you mean `{'>'}` or `&gt;`?
src/features/video/components/StudioVideoGrid.tsx(170,14): error TS17002: Expected corresponding JSX closing tag for 'div'.
src/features/video/components/StudioVideoGrid.tsx(176,11): error TS1003: Identifier expected.
src/features/video/components/StudioVideoGrid.tsx(177,2): error TS1381: Unexpected token. Did you mean `{'}'}` or `&rbrace;`?
src/features/video/components/StudioVideoGrid.tsx(178,2): error TS1382: Unexpected token. Did you mean `{'>'}` or `&gt;`?
src/features/video/components/StudioVideoGrid.tsx(182,14): error TS17002: Expected corresponding JSX closing tag for 'div'.
src/features/video/components/StudioVideoGrid.tsx(185,2): error TS1005: ')' expected.
src/features/video/components/StudioVideoGrid.tsx(191,16): error TS1003: Identifier expected.
src/features/video/components/StudioVideoGrid.tsx(191,57): error TS1382: Unexpected token. Did you mean `{'>'}` or `&gt;`?
src/features/video/components/StudioVideoGrid.tsx(192,2): error TS1381: Unexpected token. Did you mean `{'}'}` or `&rbrace;`?
src/features/video/components/StudioVideoGrid.tsx(194,3): error TS1382: Unexpected token. Did you mean `{'>'}` or `&gt;`?
src/features/video/components/StudioVideoGrid.tsx(268,4): error TS1005: '...' expected.
src/features/video/components/StudioVideoGrid.tsx(269,4): error TS1005: '...' expected.
src/features/video/components/StudioVideoGrid.tsx(270,4): error TS1005: '...' expected.
src/features/video/components/StudioVideoGrid.tsx(271,2): error TS1003: Identifier expected.
src/features/video/components/StudioVideoGrid.tsx(271,3): error TS1381: Unexpected token. Did you mean `{'}'}` or `&rbrace;`?
src/features/video/components/StudioVideoGrid.tsx(271,6): error TS1382: Unexpected token. Did you mean `{'>'}` or `&gt;`?
src/features/video/components/StudioVideoGrid.tsx(272,2): error TS1382: Unexpected token. Did you mean `{'>'}` or `&gt;`?
src/features/video/components/StudioVideoGrid.tsx(274,14): error TS17002: Expected corresponding JSX closing tag for 'div'.
src/features/video/components/StudioVideoGrid.tsx(285,20): error TS1003: Identifier expected.
src/features/video/components/StudioVideoGrid.tsx(290,2): error TS1382: Unexpected token. Did you mean `{'>'}` or `&gt;`?
src/features/video/components/StudioVideoGrid.tsx(294,14): error TS17002: Expected corresponding JSX closing tag for 'div'.
src/features/video/components/StudioVideoGrid.tsx(295,3): error TS1381: Unexpected token. Did you mean `{'}'}` or `&rbrace;`?
src/features/video/components/StudioVideoGrid.tsx(308,2): error TS1382: Unexpected token. Did you mean `{'>'}` or `&gt;`?
src/features/video/components/StudioVideoGrid.tsx(314,3): error TS1382: Unexpected token. Did you mean `{'>'}` or `&gt;`?
src/features/video/components/StudioVideoGrid.tsx(315,14): error TS17002: Expected corresponding JSX closing tag for 'button'.
src/features/video/components/StudioVideoGrid.tsx(323,5): error TS1003: Identifier expected.
src/features/video/components/StudioVideoGrid.tsx(327,4): error TS1005: '}' expected.
src/features/video/components/StudioVideoGrid.tsx(328,20): error TS1005: '}' expected.
src/features/video/components/StudioVideoGrid.tsx(329,2): error TS1381: Unexpected token. Did you mean `{'}'}` or `&rbrace;`?
src/features/video/components/StudioVideoGrid.tsx(330,2): error TS1381: Unexpected token. Did you mean `{'}'}` or `&rbrace;`?
src/features/video/components/StudioVideoGrid.tsx(331,2): error TS1382: Unexpected token. Did you mean `{'>'}` or `&gt;`?
src/features/video/components/StudioVideoGrid.tsx(338,2): error TS1382: Unexpected token. Did you mean `{'>'}` or `&gt;`?
src/features/video/components/StudioVideoGrid.tsx(344,3): error TS1382: Unexpected token. Did you mean `{'>'}` or `&gt;`?
src/features/video/components/StudioVideoGrid.tsx(345,14): error TS17002: Expected corresponding JSX closing tag for 'div'.
src/features/video/components/StudioVideoGrid.tsx(347,3): error TS1005: ',' expected.
src/features/video/components/StudioVideoGrid.tsx(351,3): error TS1005: ':' expected.
src/features/video/components/StudioVideoGrid.tsx(353,2): error TS1128: Declaration or statement expected.
src/features/video/components/StudioVideoGrid.tsx(353,4): error TS1128: Declaration or statement expected.
src/features/video/components/StudioVideoGrid.tsx(354,2): error TS2657: JSX expressions must have one parent element.
src/features/video/components/StudioVideoGrid.tsx(361,2): error TS1382: Unexpected token. Did you mean `{'>'}` or `&gt;`?
src/features/video/components/StudioVideoGrid.tsx(367,3): error TS1382: Unexpected token. Did you mean `{'>'}` or `&gt;`?
src/features/video/components/StudioVideoGrid.tsx(368,14): error TS17002: Expected corresponding JSX closing tag for 'div'.
src/features/video/components/StudioVideoGrid.tsx(377,3): error TS1128: Declaration or statement expected.
src/features/video/components/StudioVideoGrid.tsx(379,2): error TS1128: Declaration or statement expected.
src/features/video/components/StudioVideoGrid.tsx(380,1): error TS1128: Declaration or statement expected.
src/features/video/components/StudioVideoGrid.tsx(383,1): error TS1160: Unterminated template literal.
src/features/video/components/VideoCard.tsx(120,2): error TS1382: Unexpected token. Did you mean `{'>'}` or `&gt;`?
src/features/video/components/VideoCard.tsx(122,14): error TS17002: Expected corresponding JSX closing tag for 'span'.
src/features/video/components/VideoCard.tsx(123,2): error TS1005: ')' expected.
src/features/video/components/VideoCard.tsx(124,14): error TS17002: Expected corresponding JSX closing tag for 'div'.
src/features/video/components/VideoCard.tsx(132,2): error TS1382: Unexpected token. Did you mean `{'>'}` or `&gt;`?
src/features/video/components/VideoCard.tsx(137,3): error TS1382: Unexpected token. Did you mean `{'>'}` or `&gt;`?
src/features/video/components/VideoCard.tsx(138,14): error TS17002: Expected corresponding JSX closing tag for 'span'.
src/features/video/components/VideoCard.tsx(139,2): error TS1005: ')' expected.
src/features/video/components/VideoCard.tsx(140,14): error TS17002: Expected corresponding JSX closing tag for 'div'.
src/features/video/components/VideoCard.tsx(141,3): error TS1381: Unexpected token. Did you mean `{'}'}` or `&rbrace;`?
src/features/video/components/VideoCard.tsx(146,2): error TS1128: Declaration or statement expected.
src/features/video/components/VideoCard.tsx(147,2): error TS1128: Declaration or statement expected.
src/features/video/components/VideoCard.tsx(151,2): error TS2657: JSX expressions must have one parent element.
src/features/video/components/VideoCard.tsx(187,7): error TS1003: Identifier expected.
src/features/video/components/VideoCard.tsx(190,2): error TS1381: Unexpected token. Did you mean `{'}'}` or `&rbrace;`?
src/features/video/components/VideoCard.tsx(190,5): error TS1382: Unexpected token. Did you mean `{'>'}` or `&gt;`?
src/features/video/components/VideoCard.tsx(191,2): error TS1382: Unexpected token. Did you mean `{'>'}` or `&gt;`?
src/features/video/components/VideoCard.tsx(193,14): error TS17002: Expected corresponding JSX closing tag for 'div'.
src/features/video/components/VideoCard.tsx(205,2): error TS1382: Unexpected token. Did you mean `{'>'}` or `&gt;`?
src/features/video/components/VideoCard.tsx(211,3): error TS1382: Unexpected token. Did you mean `{'>'}` or `&gt;`?
src/features/video/components/VideoCard.tsx(212,14): error TS17002: Expected corresponding JSX closing tag for 'button'.
src/features/video/components/VideoCard.tsx(213,14): error TS17002: Expected corresponding JSX closing tag for 'div'.
src/features/video/components/VideoCard.tsx(221,2): error TS1382: Unexpected token. Did you mean `{'>'}` or `&gt;`?
src/features/video/components/VideoCard.tsx(227,3): error TS1382: Unexpected token. Did you mean `{'>'}` or `&gt;`?
src/features/video/components/VideoCard.tsx(228,14): error TS17002: Expected corresponding JSX closing tag for 'button'.
src/features/video/components/VideoCard.tsx(229,14): error TS17002: Expected corresponding JSX closing tag for 'div'.
src/features/video/components/VideoCard.tsx(237,2): error TS1382: Unexpected token. Did you mean `{'>'}` or `&gt;`?
src/features/video/components/VideoCard.tsx(243,3): error TS1382: Unexpected token. Did you mean `{'>'}` or `&gt;`?
src/features/video/components/VideoCard.tsx(244,14): error TS17002: Expected corresponding JSX closing tag for 'button'.
src/features/video/components/VideoCard.tsx(297,2): error TS1382: Unexpected token. Did you mean `{'>'}` or `&gt;`?
src/features/video/components/VideoCard.tsx(299,14): error TS17002: Expected corresponding JSX closing tag for 'span'.
src/features/video/components/VideoCard.tsx(300,2): error TS1005: ')' expected.
src/features/video/components/VideoCard.tsx(301,14): error TS17002: Expected corresponding JSX closing tag for 'div'.
src/features/video/components/VideoCard.tsx(309,2): error TS1382: Unexpected token. Did you mean `{'>'}` or `&gt;`?
src/features/video/components/VideoCard.tsx(314,3): error TS1382: Unexpected token. Did you mean `{'>'}` or `&gt;`?
src/features/video/components/VideoCard.tsx(315,14): error TS17002: Expected corresponding JSX closing tag for 'span'.
src/features/video/components/VideoCard.tsx(316,2): error TS1005: ')' expected.
src/features/video/components/VideoCard.tsx(317,14): error TS17002: Expected corresponding JSX closing tag for 'div'.
src/features/video/components/VideoCard.tsx(318,3): error TS1381: Unexpected token. Did you mean `{'}'}` or `&rbrace;`?
src/features/video/components/VideoCard.tsx(320,3): error TS1381: Unexpected token. Did you mean `{'}'}` or `&rbrace;`?
src/features/video/components/VideoCard.tsx(325,2): error TS1128: Declaration or statement expected.
src/features/video/components/VideoCard.tsx(326,1): error TS1128: Declaration or statement expected.
src/features/video/components/VideoEditor.tsx(120,9): error TS1005: ',' expected.
src/features/video/components/VideoEditor.tsx(121,13): error TS1005: ',' expected.
src/features/video/components/VideoEditor.tsx(121,63): error TS1005: ',' expected.
src/features/video/components/VideoEditor.tsx(122,3): error TS1128: Declaration or statement expected.
src/features/video/components/VideoEditor.tsx(122,8): error TS1005: ';' expected.
src/features/video/components/VideoEditor.tsx(125,3): error TS1128: Declaration or statement expected.
src/features/video/components/VideoEditor.tsx(125,50): error TS1005: ';' expected.
src/features/video/components/VideoEditor.tsx(220,2): error TS2657: JSX expressions must have one parent element.
src/features/video/components/VideoEditor.tsx(231,2): error TS1382: Unexpected token. Did you mean `{'>'}` or `&gt;`?
src/features/video/components/VideoEditor.tsx(234,14): error TS17002: Expected corresponding JSX closing tag for 'div'.
src/features/video/components/VideoEditor.tsx(238,2): error TS1382: Unexpected token. Did you mean `{'>'}` or `&gt;`?
src/features/video/components/VideoEditor.tsx(241,14): error TS17002: Expected corresponding JSX closing tag for 'div'.
src/features/video/components/VideoEditor.tsx(256,3): error TS1382: Unexpected token. Did you mean `{'>'}` or `&gt;`?
src/features/video/components/VideoEditor.tsx(269,8): error TS1003: Identifier expected.
src/features/video/components/VideoEditor.tsx(270,5): error TS1005: ',' expected.
src/features/video/components/VideoEditor.tsx(274,37): error TS1381: Unexpected token. Did you mean `{'}'}` or `&rbrace;`?
src/features/video/components/VideoEditor.tsx(274,40): error TS1382: Unexpected token. Did you mean `{'>'}` or `&gt;`?
src/features/video/components/VideoEditor.tsx(275,2): error TS1382: Unexpected token. Did you mean `{'>'}` or `&gt;`?
src/features/video/components/VideoEditor.tsx(278,4): error TS1381: Unexpected token. Did you mean `{'}'}` or `&rbrace;`?
src/features/video/components/VideoEditor.tsx(288,2): error TS1382: Unexpected token. Did you mean `{'>'}` or `&gt;`?
src/features/video/components/VideoEditor.tsx(294,14): error TS17002: Expected corresponding JSX closing tag for 'div'.
src/features/video/components/VideoEditor.tsx(309,2): error TS1382: Unexpected token. Did you mean `{'>'}` or `&gt;`?
src/features/video/components/VideoEditor.tsx(311,14): error TS17002: Expected corresponding JSX closing tag for 'div'.
src/features/video/components/VideoEditor.tsx(322,2): error TS1382: Unexpected token. Did you mean `{'>'}` or `&gt;`?
src/features/video/components/VideoEditor.tsx(324,14): error TS17002: Expected corresponding JSX closing tag for 'div'.
src/features/video/components/VideoEditor.tsx(329,2): error TS1005: ')' expected.
src/features/video/components/VideoEditor.tsx(334,13): error TS1003: Identifier expected.
src/features/video/components/VideoEditor.tsx(334,21): error TS1381: Unexpected token. Did you mean `{'}'}` or `&rbrace;`?
src/features/video/components/VideoEditor.tsx(334,24): error TS1382: Unexpected token. Did you mean `{'>'}` or `&gt;`?
src/features/video/components/VideoEditor.tsx(335,2): error TS1382: Unexpected token. Did you mean `{'>'}` or `&gt;`?
src/features/video/components/VideoEditor.tsx(362,13): error TS1003: Identifier expected.
src/features/video/components/VideoEditor.tsx(365,2): error TS1005: ',' expected.
src/features/video/components/VideoEditor.tsx(365,4): error TS1381: Unexpected token. Did you mean `{'}'}` or `&rbrace;`?
src/features/video/components/VideoEditor.tsx(368,57): error TS1109: Expression expected.
src/features/video/components/VideoEditor.tsx(374,2): error TS1382: Unexpected token. Did you mean `{'>'}` or `&gt;`?
src/features/video/components/VideoEditor.tsx(379,4): error TS1381: Unexpected token. Did you mean `{'}'}` or `&rbrace;`?
src/features/video/components/VideoEditor.tsx(394,8): error TS1003: Identifier expected.
src/features/video/components/VideoEditor.tsx(395,7): error TS1005: ',' expected.
src/features/video/components/VideoEditor.tsx(395,55): error TS1381: Unexpected token. Did you mean `{'}'}` or `&rbrace;`?
src/features/video/components/VideoEditor.tsx(395,58): error TS1382: Unexpected token. Did you mean `{'>'}` or `&gt;`?
src/features/video/components/VideoEditor.tsx(396,2): error TS1382: Unexpected token. Did you mean `{'>'}` or `&gt;`?
src/features/video/components/VideoEditor.tsx(401,4): error TS1381: Unexpected token. Did you mean `{'}'}` or `&rbrace;`?
src/features/video/components/VideoEditor.tsx(416,8): error TS1003: Identifier expected.
src/features/video/components/VideoEditor.tsx(417,7): error TS1005: ',' expected.
src/features/video/components/VideoEditor.tsx(417,78): error TS1381: Unexpected token. Did you mean `{'}'}` or `&rbrace;`?
src/features/video/components/VideoEditor.tsx(417,81): error TS1382: Unexpected token. Did you mean `{'>'}` or `&gt;`?
src/features/video/components/VideoEditor.tsx(418,2): error TS1382: Unexpected token. Did you mean `{'>'}` or `&gt;`?
src/features/video/components/VideoEditor.tsx(423,4): error TS1381: Unexpected token. Did you mean `{'}'}` or `&rbrace;`?
src/features/video/components/VideoEditor.tsx(431,8): error TS1003: Identifier expected.
src/features/video/components/VideoEditor.tsx(431,63): error TS1128: Declaration or statement expected.
src/features/video/components/VideoEditor.tsx(431,65): error TS1161: Unterminated regular expression literal.
src/features/video/components/VideoEditor.tsx(457,13): error TS1003: Identifier expected.
src/features/video/components/VideoEditor.tsx(457,35): error TS1382: Unexpected token. Did you mean `{'>'}` or `&gt;`?
src/features/video/components/VideoEditor.tsx(459,2): error TS1381: Unexpected token. Did you mean `{'}'}` or `&rbrace;`?
src/features/video/components/VideoEditor.tsx(471,2): error TS1005: '}' expected.
src/features/video/components/VideoEditor.tsx(471,3): error TS1382: Unexpected token. Did you mean `{'>'}` or `&gt;`?
src/features/video/components/VideoEditor.tsx(481,2): error TS1382: Unexpected token. Did you mean `{'>'}` or `&gt;`?
src/features/video/components/VideoEditor.tsx(484,14): error TS17002: Expected corresponding JSX closing tag for 'div'.
src/features/video/components/VideoEditor.tsx(491,2): error TS1382: Unexpected token. Did you mean `{'>'}` or `&gt;`?
src/features/video/components/VideoEditor.tsx(493,14): error TS17002: Expected corresponding JSX closing tag for 'div'.
src/features/video/components/VideoEditor.tsx(521,19): error TS1003: Identifier expected.
src/features/video/components/VideoEditor.tsx(521,26): error TS1382: Unexpected token. Did you mean `{'>'}` or `&gt;`?
src/features/video/components/VideoEditor.tsx(523,6): error TS1005: '}' expected.
src/features/video/components/VideoEditor.tsx(523,23): error TS1381: Unexpected token. Did you mean `{'}'}` or `&rbrace;`?
src/features/video/components/VideoEditor.tsx(524,2): error TS1381: Unexpected token. Did you mean `{'}'}` or `&rbrace;`?
src/features/video/components/VideoEditor.tsx(527,3): error TS1382: Unexpected token. Did you mean `{'>'}` or `&gt;`?
src/features/video/components/VideoEditor.tsx(543,19): error TS1003: Identifier expected.
src/features/video/components/VideoEditor.tsx(543,26): error TS1382: Unexpected token. Did you mean `{'>'}` or `&gt;`?
src/features/video/components/VideoEditor.tsx(545,10): error TS1005: '}' expected.
src/features/video/components/VideoEditor.tsx(545,41): error TS1381: Unexpected token. Did you mean `{'}'}` or `&rbrace;`?
src/features/video/components/VideoEditor.tsx(546,2): error TS1381: Unexpected token. Did you mean `{'}'}` or `&rbrace;`?
src/features/video/components/VideoEditor.tsx(548,3): error TS1382: Unexpected token. Did you mean `{'>'}` or `&gt;`?
src/features/video/components/VideoEditor.tsx(560,19): error TS1003: Identifier expected.
src/features/video/components/VideoEditor.tsx(560,26): error TS1382: Unexpected token. Did you mean `{'>'}` or `&gt;`?
src/features/video/components/VideoEditor.tsx(562,7): error TS1005: '}' expected.
src/features/video/components/VideoEditor.tsx(562,24): error TS1381: Unexpected token. Did you mean `{'}'}` or `&rbrace;`?
src/features/video/components/VideoEditor.tsx(563,2): error TS1381: Unexpected token. Did you mean `{'}'}` or `&rbrace;`?
src/features/video/components/VideoEditor.tsx(565,3): error TS1382: Unexpected token. Did you mean `{'>'}` or `&gt;`?
src/features/video/components/VideoEditor.tsx(574,2): error TS1382: Unexpected token. Did you mean `{'>'}` or `&gt;`?
src/features/video/components/VideoEditor.tsx(576,14): error TS17002: Expected corresponding JSX closing tag for 'div'.
src/features/video/components/VideoEditor.tsx(580,2): error TS1382: Unexpected token. Did you mean `{'>'}` or `&gt;`?
src/features/video/components/VideoEditor.tsx(582,14): error TS17002: Expected corresponding JSX closing tag for 'div'.
src/features/video/components/VideoEditor.tsx(589,2): error TS1128: Declaration or statement expected.
src/features/video/components/VideoEditor.tsx(590,1): error TS1128: Declaration or statement expected.
src/features/video/components/VideoGrid.tsx(78,2): error TS1382: Unexpected token. Did you mean `{'>'}` or `&gt;`?
src/features/video/components/VideoGrid.tsx(84,3): error TS1382: Unexpected token. Did you mean `{'>'}` or `&gt;`?
src/features/video/components/VideoGrid.tsx(85,14): error TS17002: Expected corresponding JSX closing tag for 'div'.
src/features/video/components/VideoGrid.tsx(95,1): error TS1005: '}' expected.
src/features/video/components/VideoList.tsx(33,2): error TS1382: Unexpected token. Did you mean `{'>'}` or `&gt;`?
src/features/video/components/VideoList.tsx(39,3): error TS1382: Unexpected token. Did you mean `{'>'}` or `&gt;`?
src/features/video/components/VideoList.tsx(40,14): error TS17002: Expected corresponding JSX closing tag for 'div'.
src/features/video/components/VideoList.tsx(56,3): error TS1109: Expression expected.
src/features/video/components/VideoList.tsx(57,2): error TS1109: Expression expected.
src/features/video/components/VideoList.tsx(66,10): error TS1003: Identifier expected.
src/features/video/components/VideoList.tsx(69,2): error TS1005: ')' expected.
src/features/video/components/VideoList.tsx(69,3): error TS1005: ',' expected.
src/features/video/components/VideoList.tsx(84,1): error TS1160: Unterminated template literal.
src/features/video/components/VideoPlayer.tsx(161,10): error TS1005: ',' expected.
src/features/video/components/VideoPlayer.tsx(191,3): error TS1382: Unexpected token. Did you mean `{'>'}` or `&gt;`?
src/features/video/components/VideoPlayer.tsx(285,29): error TS1005: ',' expected.
src/features/video/components/VideoPlayer.tsx(285,51): error TS1005: ',' expected.
src/features/video/components/VideoPlayer.tsx(285,59): error TS1005: ',' expected.
src/features/video/components/VideoPlayer.tsx(285,60): error TS1128: Declaration or statement expected.
src/features/video/components/VideoPlayer.tsx(287,5): error TS1134: Variable declaration expected.
src/features/video/components/VideoPlayer.tsx(287,9): error TS1005: ';' expected.
src/features/video/components/VideoPlayer.tsx(310,2): error TS1005: ')' expected.
src/features/video/components/VideoPlayer.tsx(310,16): error TS1136: Property assignment expected.
src/features/video/components/VideoPlayer.tsx(310,19): error TS1005: ';' expected.
src/features/video/components/VideoPlayer.tsx(315,2): error TS1109: Expression expected.
src/features/video/components/VideoPlayer.tsx(322,15): error TS1109: Expression expected.
src/features/video/components/VideoPlayer.tsx(324,2): error TS1109: Expression expected.
src/features/video/components/VideoPlayer.tsx(325,7): error TS1005: ',' expected.
src/features/video/components/VideoPlayer.tsx(326,2): error TS1434: Unexpected keyword or identifier.
src/features/video/components/VideoPlayer.tsx(326,7): error TS1434: Unexpected keyword or identifier.
src/features/video/components/VideoPlayer.tsx(326,15): error TS1434: Unexpected keyword or identifier.
src/features/video/components/VideoPlayer.tsx(326,20): error TS1434: Unexpected keyword or identifier.
src/features/video/components/VideoPlayer.tsx(326,24): error TS1434: Unexpected keyword or identifier.
src/features/video/components/VideoPlayer.tsx(326,32): error TS1434: Unexpected keyword or identifier.
src/features/video/components/VideoPlayer.tsx(326,36): error TS1434: Unexpected keyword or identifier.
src/features/video/components/VideoPlayer.tsx(329,2): error TS1003: Identifier expected.
src/features/video/components/VideoPlayer.tsx(342,2): error TS1382: Unexpected token. Did you mean `{'>'}` or `&gt;`?
src/features/video/components/VideoPlayer.tsx(344,14): error TS17002: Expected corresponding JSX closing tag for 'div'.
src/features/video/components/VideoPlayer.tsx(351,7): error TS1003: Identifier expected.
src/features/video/components/VideoPlayer.tsx(351,21): error TS1003: Identifier expected.
src/features/video/components/VideoPlayer.tsx(352,2): error TS1128: Declaration or statement expected.
src/features/video/components/VideoPlayer.tsx(364,29): error TS1005: ';' expected.
src/features/video/components/VideoPlayer.tsx(364,50): error TS1109: Expression expected.
src/features/video/components/VideoPlayer.tsx(369,29): error TS1005: ';' expected.
src/features/video/components/VideoPlayer.tsx(369,50): error TS1109: Expression expected.
src/features/video/components/VideoPlayer.tsx(374,28): error TS1005: ';' expected.
src/features/video/components/VideoPlayer.tsx(374,49): error TS1109: Expression expected.
src/features/video/components/VideoPlayer.tsx(555,1): error TS1160: Unterminated template literal.
src/features/video/components/VideoUpload.tsx(132,2): error TS1003: Identifier expected.
src/features/video/components/VideoUpload.tsx(134,2): error TS1381: Unexpected token. Did you mean `{'}'}` or `&rbrace;`?
src/features/video/components/VideoUpload.tsx(134,32): error TS1381: Unexpected token. Did you mean `{'}'}` or `&rbrace;`?
src/features/video/components/VideoUpload.tsx(137,23): error TS1382: Unexpected token. Did you mean `{'>'}` or `&gt;`?
src/features/video/components/VideoUpload.tsx(138,2): error TS1382: Unexpected token. Did you mean `{'>'}` or `&gt;`?
src/features/video/components/VideoUpload.tsx(140,2): error TS2657: JSX expressions must have one parent element.
src/features/video/components/VideoUpload.tsx(147,2): error TS1382: Unexpected token. Did you mean `{'>'}` or `&gt;`?
src/features/video/components/VideoUpload.tsx(153,3): error TS1382: Unexpected token. Did you mean `{'>'}` or `&gt;`?
src/features/video/components/VideoUpload.tsx(154,14): error TS17002: Expected corresponding JSX closing tag for 'div'.
src/features/video/components/VideoUpload.tsx(174,3): error TS1109: Expression expected.
src/features/video/components/VideoUpload.tsx(183,2): error TS2657: JSX expressions must have one parent element.
src/features/video/components/VideoUpload.tsx(191,2): error TS1382: Unexpected token. Did you mean `{'>'}` or `&gt;`?
src/features/video/components/VideoUpload.tsx(197,3): error TS1382: Unexpected token. Did you mean `{'>'}` or `&gt;`?
src/features/video/components/VideoUpload.tsx(198,14): error TS17002: Expected corresponding JSX closing tag for 'div'.
src/features/video/components/VideoUpload.tsx(205,2): error TS1005: ')' expected.
src/features/video/components/VideoUpload.tsx(259,2): error TS1382: Unexpected token. Did you mean `{'>'}` or `&gt;`?
src/features/video/components/VideoUpload.tsx(265,3): error TS1382: Unexpected token. Did you mean `{'>'}` or `&gt;`?
src/features/video/components/VideoUpload.tsx(266,14): error TS17002: Expected corresponding JSX closing tag for 'div'.
src/features/video/components/VideoUpload.tsx(272,2): error TS1128: Declaration or statement expected.
src/features/video/components/VideoUpload.tsx(273,1): error TS1128: Declaration or statement expected.
src/features/video/hooks/useVideoInteractions.ts(22,38): error TS1138: Parameter declaration expected.
src/features/video/pages/SearchResultsPage.tsx(42,49): error TS1136: Property assignment expected.
src/features/video/pages/SearchResultsPage.tsx(43,4): error TS1005: ')' expected.
src/features/video/pages/SearchResultsPage.tsx(44,7): error TS1005: ',' expected.
src/features/video/pages/SearchResultsPage.tsx(45,13): error TS1005: ',' expected.
src/features/video/pages/SearchResultsPage.tsx(46,14): error TS1005: ',' expected.
src/features/video/pages/SearchResultsPage.tsx(47,10): error TS1005: ',' expected.
src/features/video/pages/SearchResultsPage.tsx(48,10): error TS1005: ',' expected.
src/features/video/pages/SearchResultsPage.tsx(49,7): error TS1005: ',' expected.
src/features/video/pages/SearchResultsPage.tsx(50,7): error TS1005: ',' expected.
src/features/video/pages/SearchResultsPage.tsx(51,10): error TS1005: ',' expected.
src/features/video/pages/SearchResultsPage.tsx(52,12): error TS1005: ',' expected.
src/features/video/pages/SearchResultsPage.tsx(53,13): error TS1005: ',' expected.
src/features/video/pages/SearchResultsPage.tsx(54,11): error TS1005: ',' expected.
src/features/video/pages/SearchResultsPage.tsx(55,18): error TS1005: ',' expected.
src/features/video/pages/SearchResultsPage.tsx(56,10): error TS1005: ',' expected.
src/features/video/pages/SearchResultsPage.tsx(57,6): error TS1005: ',' expected.
src/features/video/pages/SearchResultsPage.tsx(58,12): error TS1005: ',' expected.
src/features/video/pages/SearchResultsPage.tsx(59,11): error TS1005: ',' expected.
src/features/video/pages/SearchResultsPage.tsx(60,11): error TS1005: ',' expected.
src/features/video/pages/SearchResultsPage.tsx(61,8): error TS1005: ',' expected.
src/features/video/pages/SearchResultsPage.tsx(62,9): error TS1005: ',' expected.
src/features/video/pages/SearchResultsPage.tsx(63,11): error TS1005: ',' expected.
src/features/video/pages/SearchResultsPage.tsx(64,11): error TS1005: ',' expected.
src/features/video/pages/SearchResultsPage.tsx(65,14): error TS1005: ',' expected.
src/features/video/pages/SearchResultsPage.tsx(66,14): error TS1005: ',' expected.
src/features/video/pages/SearchResultsPage.tsx(66,40): error TS1005: ',' expected.
src/features/video/pages/SearchResultsPage.tsx(66,41): error TS1472: 'catch' or 'finally' expected.
src/features/video/pages/SearchResultsPage.tsx(66,42): error TS1005: ';' expected.
src/features/video/pages/SearchResultsPage.tsx(66,43): error TS1128: Declaration or statement expected.
src/features/video/pages/SearchResultsPage.tsx(67,2): error TS1128: Declaration or statement expected.
src/features/video/pages/SearchResultsPage.tsx(67,62): error TS1136: Property assignment expected.
src/features/video/pages/SearchResultsPage.tsx(95,43): error TS1005: ';' expected.
src/features/video/pages/SearchResultsPage.tsx(97,2): error TS1128: Declaration or statement expected.
src/features/video/pages/SearchResultsPage.tsx(97,4): error TS1005: 'try' expected.
src/features/video/pages/SearchResultsPage.tsx(108,2): error TS1128: Declaration or statement expected.
src/features/video/pages/SearchResultsPage.tsx(108,3): error TS1128: Declaration or statement expected.
src/features/video/pages/SearchResultsPage.tsx(108,12): error TS1005: ';' expected.
src/features/video/pages/SearchResultsPage.tsx(169,3): error TS1109: Expression expected.
src/features/video/pages/SearchResultsPage.tsx(170,2): error TS1109: Expression expected.
src/features/video/pages/SearchResultsPage.tsx(177,2): error TS1382: Unexpected token. Did you mean `{'>'}` or `&gt;`?
src/features/video/pages/SearchResultsPage.tsx(179,14): error TS17002: Expected corresponding JSX closing tag for 'div'.
src/features/video/pages/SearchResultsPage.tsx(209,3): error TS1128: Declaration or statement expected.
src/features/video/pages/SearchResultsPage.tsx(224,1): error TS1128: Declaration or statement expected.
src/features/video/pages/VideoDemo.tsx(28,39): error TS1109: Expression expected.
src/features/video/pages/VideoDemo.tsx(29,9): error TS1005: ')' expected.
src/features/video/pages/VideoDemo.tsx(31,2): error TS1128: Declaration or statement expected.
src/features/video/pages/VideoDemo.tsx(31,4): error TS1128: Declaration or statement expected.
src/features/video/pages/VideoDemo.tsx(43,14): error TS1003: Identifier expected.
src/features/video/pages/VideoDemo.tsx(46,2): error TS1381: Unexpected token. Did you mean `{'}'}` or `&rbrace;`?
src/features/video/pages/VideoDemo.tsx(46,4): error TS1381: Unexpected token. Did you mean `{'}'}` or `&rbrace;`?
src/features/video/pages/VideoDemo.tsx(46,7): error TS1382: Unexpected token. Did you mean `{'>'}` or `&gt;`?
src/features/video/pages/VideoDemo.tsx(48,2): error TS1382: Unexpected token. Did you mean `{'>'}` or `&gt;`?
src/features/video/pages/VideoDemo.tsx(50,14): error TS17002: Expected corresponding JSX closing tag for 'div'.
src/features/video/pages/VideoDemo.tsx(53,14): error TS1003: Identifier expected.
src/features/video/pages/VideoDemo.tsx(56,2): error TS1381: Unexpected token. Did you mean `{'}'}` or `&rbrace;`?
src/features/video/pages/VideoDemo.tsx(56,4): error TS1381: Unexpected token. Did you mean `{'}'}` or `&rbrace;`?
src/features/video/pages/VideoDemo.tsx(56,7): error TS1382: Unexpected token. Did you mean `{'>'}` or `&gt;`?
src/features/video/pages/VideoDemo.tsx(58,2): error TS1382: Unexpected token. Did you mean `{'>'}` or `&gt;`?
src/features/video/pages/VideoDemo.tsx(60,14): error TS17002: Expected corresponding JSX closing tag for 'div'.
src/features/video/pages/VideoDemo.tsx(63,2): error TS1005: ')' expected.
src/features/video/pages/VideoDemo.tsx(89,3): error TS1109: Expression expected.
src/features/video/pages/VideoDemo.tsx(90,2): error TS1109: Expression expected.
src/features/video/pages/VideoDemo.tsx(96,3): error TS1109: Expression expected.
src/features/video/pages/VideoDemo.tsx(97,2): error TS1109: Expression expected.
src/features/video/pages/VideoDemo.tsx(109,3): error TS1109: Expression expected.
src/features/video/pages/VideoDemo.tsx(110,2): error TS1109: Expression expected.
src/features/video/pages/VideoDemo.tsx(123,3): error TS1109: Expression expected.
src/features/video/pages/VideoDemo.tsx(124,2): error TS1109: Expression expected.
src/features/video/pages/VideoDemo.tsx(136,3): error TS1109: Expression expected.
src/features/video/pages/VideoDemo.tsx(137,2): error TS1109: Expression expected.
src/features/video/pages/VideoDemo.tsx(150,3): error TS1109: Expression expected.
src/features/video/pages/VideoDemo.tsx(151,2): error TS1109: Expression expected.
src/features/video/pages/VideoDemo.tsx(159,3): error TS1382: Unexpected token. Did you mean `{'>'}` or `&gt;`?
src/features/video/pages/VideoDemo.tsx(172,3): error TS1109: Expression expected.
src/features/video/pages/VideoDemo.tsx(173,2): error TS1109: Expression expected.
src/features/video/pages/VideoDemo.tsx(177,2): error TS1128: Declaration or statement expected.
src/features/video/pages/VideoDemo.tsx(178,1): error TS1128: Declaration or statement expected.
src/features/video/pages/WatchPage.tsx(126,87): error TS1136: Property assignment expected.
src/features/video/pages/WatchPage.tsx(236,29): error TS1005: ',' expected.
src/features/video/pages/WatchPage.tsx(239,2): error TS1005: ',' expected.
src/features/video/pages/WatchPage.tsx(239,8): error TS1005: ',' expected.
src/features/video/pages/WatchPage.tsx(239,50): error TS1005: ',' expected.
src/features/video/pages/WatchPage.tsx(369,2): error TS2657: JSX expressions must have one parent element.
src/features/video/pages/WatchPage.tsx(468,2): error TS1109: Expression expected.
src/features/video/pages/WatchPage.tsx(469,2): error TS1127: Invalid character.
src/features/video/pages/WatchPage.tsx(470,14): error TS17002: Expected corresponding JSX closing tag for 'div'.
src/features/video/pages/WatchPage.tsx(478,2): error TS1382: Unexpected token. Did you mean `{'>'}` or `&gt;`?
src/features/video/pages/WatchPage.tsx(480,14): error TS17002: Expected corresponding JSX closing tag for 'div'.
src/features/video/pages/WatchPage.tsx(485,2): error TS1382: Unexpected token. Did you mean `{'>'}` or `&gt;`?
src/features/video/pages/WatchPage.tsx(487,14): error TS17002: Expected corresponding JSX closing tag for 'div'.
src/features/video/pages/WatchPage.tsx(526,15): error TS1109: Expression expected.
src/features/video/pages/WatchPage.tsx(527,2): error TS1109: Expression expected.
src/features/video/pages/WatchPage.tsx(543,7): error TS1003: Identifier expected.
src/features/video/pages/WatchPage.tsx(550,22): error TS1382: Unexpected token. Did you mean `{'>'}` or `&gt;`?
src/features/video/pages/WatchPage.tsx(555,2): error TS1005: '}' expected.
src/features/video/pages/WatchPage.tsx(559,2): error TS1005: '}' expected.
src/features/video/pages/WatchPage.tsx(559,3): error TS1382: Unexpected token. Did you mean `{'>'}` or `&gt;`?
src/features/video/pages/WatchPage.tsx(560,3): error TS1381: Unexpected token. Did you mean `{'}'}` or `&rbrace;`?
src/features/video/pages/WatchPage.tsx(579,7): error TS1003: Identifier expected.
src/features/video/pages/WatchPage.tsx(581,2): error TS1381: Unexpected token. Did you mean `{'}'}` or `&rbrace;`?
src/features/video/pages/WatchPage.tsx(583,59): error TS1382: Unexpected token. Did you mean `{'>'}` or `&gt;`?
src/features/video/pages/WatchPage.tsx(584,3): error TS1382: Unexpected token. Did you mean `{'>'}` or `&gt;`?
src/features/video/pages/WatchPage.tsx(628,2): error TS1382: Unexpected token. Did you mean `{'>'}` or `&gt;`?
src/features/video/pages/WatchPage.tsx(634,3): error TS1382: Unexpected token. Did you mean `{'>'}` or `&gt;`?
src/features/video/pages/WatchPage.tsx(635,14): error TS17002: Expected corresponding JSX closing tag for 'button'.
src/features/video/pages/WatchPage.tsx(637,14): error TS17002: Expected corresponding JSX closing tag for 'div'.
src/features/video/pages/WatchPage.tsx(641,2): error TS2657: JSX expressions must have one parent element.
src/features/video/pages/WatchPage.tsx(647,2): error TS1382: Unexpected token. Did you mean `{'>'}` or `&gt;`?
src/features/video/pages/WatchPage.tsx(653,3): error TS1382: Unexpected token. Did you mean `{'>'}` or `&gt;`?
src/features/video/pages/WatchPage.tsx(654,14): error TS17002: Expected corresponding JSX closing tag for 'button'.
src/features/video/pages/WatchPage.tsx(666,2): error TS1382: Unexpected token. Did you mean `{'>'}` or `&gt;`?
src/features/video/pages/WatchPage.tsx(672,3): error TS1382: Unexpected token. Did you mean `{'>'}` or `&gt;`?
src/features/video/pages/WatchPage.tsx(673,14): error TS17002: Expected corresponding JSX closing tag for 'button'.
src/features/video/pages/WatchPage.tsx(675,14): error TS17002: Expected corresponding JSX closing tag for 'div'.
src/features/video/pages/WatchPage.tsx(687,7): error TS1003: Identifier expected.
src/features/video/pages/WatchPage.tsx(689,2): error TS1381: Unexpected token. Did you mean `{'}'}` or `&rbrace;`?
src/features/video/pages/WatchPage.tsx(691,61): error TS1382: Unexpected token. Did you mean `{'>'}` or `&gt;`?
src/features/video/pages/WatchPage.tsx(692,3): error TS1382: Unexpected token. Did you mean `{'>'}` or `&gt;`?
src/features/video/pages/WatchPage.tsx(869,2): error TS1005: ')' expected.
src/features/video/pages/WatchPage.tsx(875,2): error TS1005: ',' expected.
src/features/video/pages/WatchPage.tsx(876,3): error TS1005: ')' expected.
src/features/video/pages/WatchPage.tsx(877,2): error TS1381: Unexpected token. Did you mean `{'}'}` or `&rbrace;`?
src/features/video/pages/WatchPage.tsx(878,3): error TS1381: Unexpected token. Did you mean `{'}'}` or `&rbrace;`?
src/features/video/pages/WatchPage.tsx(888,1): error TS1005: '}' expected.
src/features/video/services/videoService.ts(238,3): error TS1434: Unexpected keyword or identifier.
src/features/video/services/videoService.ts(238,32): error TS1005: ',' expected.
src/features/video/services/videoService.ts(238,38): error TS1005: ';' expected.
src/features/video/services/videoService.ts(239,6): error TS1005: ':' expected.
src/features/video/services/videoService.ts(240,8): error TS1005: ':' expected.
src/features/video/services/videoService.ts(240,60): error TS1005: ',' expected.
src/features/video/services/videoService.ts(241,9): error TS1005: ':' expected.
src/features/video/services/videoService.ts(241,26): error TS1005: ',' expected.
src/features/video/services/videoService.ts(242,4): error TS1005: ',' expected.
src/features/video/services/videoService.ts(251,2): error TS1005: ',' expected.
src/features/video/services/videoService.ts(275,4): error TS1005: 'try' expected.
src/features/video/services/videoService.ts(282,1): error TS1472: 'catch' or 'finally' expected.
src/features/video/services/videoService.ts(283,1): error TS1005: '}' expected.
src/hooks/legacy/root-useLiveStream.ts(68,18): error TS1005: ',' expected.
src/hooks/legacy/root-useLiveStream.ts(70,13): error TS1138: Parameter declaration expected.
src/hooks/legacy/root-useLiveStream.ts(73,13): error TS1134: Variable declaration expected.
src/hooks/legacy/root-useLiveStream.ts(73,17): error TS1005: ';' expected.
src/hooks/legacy/root-useLiveStream.ts(74,3): error TS1128: Declaration or statement expected.
src/hooks/legacy/root-useLiveStream.ts(74,15): error TS1005: ';' expected.
src/hooks/legacy/root-useLiveStream.ts(83,2): error TS1005: ',' expected.
src/hooks/legacy/root-useLiveStream.ts(112,2): error TS1005: ',' expected.
src/hooks/legacy/root-useLiveStream.ts(175,18): error TS1005: ',' expected.
src/hooks/legacy/root-useLiveStream.ts(177,8): error TS1005: ':' expected.
src/hooks/legacy/root-useLiveStream.ts(177,66): error TS1005: ',' expected.
src/hooks/legacy/root-useLiveStream.ts(179,2): error TS1005: ',' expected.
src/hooks/legacy/root-useLiveStream.ts(179,13): error TS1359: Identifier expected. 'false' is a reserved word that cannot be used here.
src/hooks/legacy/root-useLiveStream.ts(180,2): error TS1005: ',' expected.
src/hooks/legacy/root-useLiveStream.ts(180,9): error TS1005: ':' expected.
src/hooks/legacy/root-useLiveStream.ts(180,18): error TS1005: ',' expected.
src/hooks/legacy/root-useLiveStream.ts(181,4): error TS1005: ',' expected.
src/hooks/legacy/root-useLiveStream.ts(298,18): error TS1005: ',' expected.
src/hooks/legacy/root-useLiveStream.ts(300,8): error TS1005: ':' expected.
src/hooks/legacy/root-useLiveStream.ts(300,66): error TS1005: ',' expected.
src/hooks/legacy/root-useLiveStream.ts(301,14): error TS1359: Identifier expected. 'false' is a reserved word that cannot be used here.
src/hooks/legacy/root-useLiveStream.ts(302,2): error TS1005: ',' expected.
src/hooks/legacy/root-useLiveStream.ts(302,9): error TS1005: ':' expected.
src/hooks/legacy/root-useLiveStream.ts(302,18): error TS1005: ',' expected.
src/hooks/legacy/root-useLiveStream.ts(303,4): error TS1005: ',' expected.
src/hooks/legacy/root-useLiveStream.ts(314,1): error TS1472: 'catch' or 'finally' expected.
src/hooks/legacy/root-useVideoPlayer.ts(83,37): error TS1109: Expression expected.
src/hooks/legacy/root-useVideoPlayer.ts(84,9): error TS1005: ')' expected.
src/hooks/legacy/root-useVideoPlayer.ts(85,1): error TS1128: Declaration or statement expected.
src/hooks/legacy/root-useVideoPlayer.ts(85,2): error TS1128: Declaration or statement expected.
src/hooks/legacy/root-useVideoPlayer.ts(148,3): error TS1128: Declaration or statement expected.
src/hooks/legacy/root-useVideoPlayer.ts(148,7): error TS1005: ';' expected.
src/hooks/optimizedHooks.ts(34,19): error TS1005: ';' expected.
src/hooks/optimizedHooks.ts(42,41): error TS1138: Parameter declaration expected.
src/hooks/optimizedHooks.ts(76,38): error TS1005: ';' expected.
src/hooks/optimizedHooks.ts(84,45): error TS1138: Parameter declaration expected.
src/hooks/optimizedHooks.ts(87,6): error TS1005: ',' expected.
src/hooks/optimizedHooks.ts(87,42): error TS1005: ',' expected.
src/hooks/optimizedHooks.ts(90,22): error TS1003: Identifier expected.
src/hooks/optimizedHooks.ts(104,9): error TS1003: Identifier expected.
src/hooks/optimizedHooks.ts(133,38): error TS1138: Parameter declaration expected.
src/hooks/optimizedHooks.ts(135,2): error TS1005: ',' expected.
src/hooks/optimizedHooks.ts(179,50): error TS1138: Parameter declaration expected.
src/hooks/optimizedHooks.ts(222,7): error TS1005: ';' expected.
src/hooks/optimizedHooks.ts(230,36): error TS1138: Parameter declaration expected.
src/hooks/optimizedHooks.ts(233,9): error TS1005: ',' expected.
src/hooks/optimizedHooks.ts(233,19): error TS1005: ',' expected.
src/hooks/optimizedHooks.ts(233,51): error TS1005: ',' expected.
src/hooks/optimizedHooks.ts(233,61): error TS1005: ',' expected.
src/hooks/optimizedHooks.ts(271,3): error TS1109: Expression expected.
src/hooks/optimizedHooks.ts(272,4): error TS1005: ')' expected.
src/hooks/optimizedHooks.ts(273,9): error TS1005: ',' expected.
src/hooks/optimizedHooks.ts(274,7): error TS1005: ',' expected.
src/hooks/optimizedHooks.ts(274,15): error TS1005: ',' expected.
src/hooks/optimizedHooks.ts(275,4): error TS1005: ';' expected.
src/hooks/optimizedHooks.ts(279,3): error TS1128: Declaration or statement expected.
src/hooks/optimizedHooks.ts(281,2): error TS1128: Declaration or statement expected.
src/hooks/optimizedHooks.ts(307,37): error TS1138: Parameter declaration expected.
src/hooks/optimizedHooks.ts(332,66): error TS1138: Parameter declaration expected.
src/hooks/optimizedHooks.ts(356,65): error TS1138: Parameter declaration expected.
src/hooks/optimizedHooks.ts(359,16): error TS1005: '>' expected.
src/hooks/optimizedHooks.ts(360,2): error TS1109: Expression expected.
src/hooks/optimizedHooks.ts(361,1): error TS1109: Expression expected.
src/hooks/optimizedHooks.ts(407,3): error TS1128: Declaration or statement expected.
src/hooks/optimizedHooks.ts(438,1): error TS1005: '}' expected.
src/hooks/unified/useApi.ts(73,12): error TS1005: ',' expected.
src/hooks/unified/useApi.ts(73,21): error TS1005: ';' expected.
src/hooks/unified/useApi.ts(73,37): error TS1005: ';' expected.
src/hooks/unified/useApi.ts(91,13): error TS1005: ',' expected.
src/hooks/unified/useApi.ts(91,22): error TS1005: ';' expected.
src/hooks/unified/useApi.ts(91,24): error TS1434: Unexpected keyword or identifier.
src/hooks/unified/useApi.ts(102,16): error TS1005: ',' expected.
src/hooks/unified/useApi.ts(102,25): error TS1005: ';' expected.
src/hooks/unified/useApi.ts(103,6): error TS1005: ':' expected.
src/hooks/unified/useApi.ts(103,24): error TS1005: ',' expected.
src/hooks/unified/useApi.ts(106,9): error TS1005: ';' expected.
src/hooks/unified/useApi.ts(107,6): error TS1005: ':' expected.
src/hooks/unified/useApi.ts(107,20): error TS1005: ',' expected.
src/hooks/unified/useApi.ts(115,27): error TS1138: Parameter declaration expected.
src/hooks/unified/useApi.ts(285,44): error TS1005: ',' expected.
src/hooks/unified/useApi.ts(285,53): error TS1005: ',' expected.
src/hooks/unified/useApi.ts(299,7): error TS1005: ';' expected.
src/hooks/unified/useApi.ts(309,29): error TS1138: Parameter declaration expected.
src/hooks/unified/useApi.ts(312,2): error TS1005: ',' expected.
src/hooks/unified/useApi.ts(317,50): error TS1138: Parameter declaration expected.
src/hooks/unified/useApi.ts(322,15): error TS1110: Type expected.
src/hooks/unified/useApi.ts(326,2): error TS1131: Property or signature expected.
src/hooks/unified/useApi.ts(326,4): error TS1144: '{' or ';' expected.
src/hooks/unified/useApi.ts(326,11): error TS1109: Expression expected.
src/hooks/unified/useApi.ts(327,4): error TS2809: Declaration or statement expected. This '=' follows a block of statements, so if you intended to write a destructuring assignment, you might need to wrap the whole assignment in parentheses.
src/hooks/unified/useApi.ts(327,6): error TS1068: Unexpected token. A constructor, method, accessor, or property was expected.
src/hooks/unified/useApi.ts(328,1): error TS1128: Declaration or statement expected.
src/hooks/unified/useApi.ts(391,1): error TS1005: '}' expected.
src/hooks/unified/useVideos.ts(293,2): error TS1005: ',' expected.
src/hooks/unified/useVideos.ts(342,2): error TS1005: ',' expected.
src/hooks/unified/useVideos.ts(391,3): error TS1005: ',' expected.
src/hooks/unified/useVideos.ts(413,3): error TS1005: ',' expected.
src/hooks/unified/useVideos.ts(415,1): error TS1005: '}' expected.
src/hooks/unifiedHooks.ts(128,4): error TS1128: Declaration or statement expected.
src/hooks/unifiedHooks.ts(135,13): error TS1005: ';' expected.
src/hooks/unifiedHooks.ts(163,3): error TS1128: Declaration or statement expected.
src/hooks/unifiedHooks.ts(163,33): error TS1005: ';' expected.
src/hooks/unifiedHooks.ts(172,7): error TS1005: ';' expected.
src/hooks/unifiedHooks.ts(203,17): error TS1110: Type expected.
src/hooks/unifiedHooks.ts(205,2): error TS1131: Property or signature expected.
src/hooks/unifiedHooks.ts(205,4): error TS1131: Property or signature expected.
src/hooks/unifiedHooks.ts(205,29): error TS1005: ':' expected.
src/hooks/unifiedHooks.ts(208,56): error TS1138: Parameter declaration expected.
src/hooks/unifiedHooks.ts(211,18): error TS1005: ',' expected.
src/hooks/unifiedHooks.ts(329,3): error TS1128: Declaration or statement expected.
src/hooks/unifiedHooks.ts(364,2): error TS1128: Declaration or statement expected.
src/hooks/unifiedHooks.ts(380,27): error TS1138: Parameter declaration expected.
src/hooks/unifiedHooks.ts(382,12): error TS1005: ',' expected.
src/hooks/unifiedHooks.ts(382,22): error TS1005: ',' expected.
src/hooks/unifiedHooks.ts(414,36): error TS1138: Parameter declaration expected.
src/hooks/unifiedHooks.ts(417,6): error TS1005: ',' expected.
src/hooks/unifiedHooks.ts(417,43): error TS1005: ',' expected.
src/hooks/unifiedHooks.ts(420,22): error TS1003: Identifier expected.
src/hooks/unifiedHooks.ts(434,9): error TS1003: Identifier expected.
src/hooks/unifiedHooks.ts(455,41): error TS1138: Parameter declaration expected.
src/hooks/unifiedHooks.ts(457,34): error TS1005: ',' expected.
src/hooks/unifiedHooks.ts(494,11): error TS1005: ';' expected.
src/hooks/unifiedHooks.ts(506,1): error TS1005: '}' expected.
src/hooks/useAnalytics.ts(143,14): error TS1005: ',' expected.
src/hooks/useAnalytics.ts(143,29): error TS1005: ',' expected.
src/hooks/useAnalytics.ts(143,42): error TS1005: ',' expected.
src/hooks/useAnalytics.ts(147,3): error TS1109: Expression expected.
src/hooks/useAnalytics.ts(148,11): error TS1005: ')' expected.
src/hooks/useAnalytics.ts(149,13): error TS1109: Expression expected.
src/hooks/useAnalytics.ts(150,2): error TS1005: ',' expected.
src/hooks/useAnalytics.ts(150,11): error TS1109: Expression expected.
src/hooks/useAnalytics.ts(151,4): error TS1005: ';' expected.
src/hooks/useAnalytics.ts(160,3): error TS1128: Declaration or statement expected.
src/hooks/useAnalytics.ts(162,2): error TS1128: Declaration or statement expected.
src/hooks/useAnalytics.ts(199,12): error TS1138: Parameter declaration expected.
src/hooks/useAnalytics.ts(230,21): error TS1138: Parameter declaration expected.
src/hooks/useAnalytics.ts(253,1): error TS1128: Declaration or statement expected.
src/hooks/useAnalytics.ts(442,47): error TS1138: Parameter declaration expected.
src/hooks/useAnalytics.ts(456,1): error TS1005: '}' expected.
src/hooks/useCommon.ts(7,36): error TS1138: Parameter declaration expected.
src/hooks/useCommon.ts(10,6): error TS1005: ',' expected.
src/hooks/useCommon.ts(10,42): error TS1005: ',' expected.
src/hooks/useCommon.ts(60,70): error TS1138: Parameter declaration expected.
src/hooks/useCommon.ts(82,32): error TS1109: Expression expected.
src/hooks/useCommon.ts(83,14): error TS1005: ')' expected.
src/hooks/useCommon.ts(84,1): error TS1128: Declaration or statement expected.
src/hooks/useCommon.ts(84,2): error TS1128: Declaration or statement expected.
src/hooks/useCommon.ts(84,15): error TS1005: ',' expected.
src/hooks/useCommon.ts(84,28): error TS1005: ')' expected.
src/hooks/useCommon.ts(84,45): error TS1005: ',' expected.
src/hooks/useCommon.ts(84,47): error TS1137: Expression or comma expected.
src/hooks/useCommon.ts(84,54): error TS1109: Expression expected.
src/hooks/useCommon.ts(84,56): error TS1005: ';' expected.
src/hooks/useCommon.ts(94,33): error TS1109: Expression expected.
src/hooks/useCommon.ts(95,14): error TS1005: ')' expected.
src/hooks/useCommon.ts(96,1): error TS1128: Declaration or statement expected.
src/hooks/useCommon.ts(96,2): error TS1128: Declaration or statement expected.
src/hooks/useCommon.ts(98,23): error TS1109: Expression expected.
src/hooks/useCommon.ts(99,23): error TS1109: Expression expected.
src/hooks/useCommon.ts(100,19): error TS1109: Expression expected.
src/hooks/useCommon.ts(102,1): error TS1109: Expression expected.
src/hooks/useCommon.ts(102,3): error TS1128: Declaration or statement expected.
src/hooks/useCommon.ts(114,29): error TS1138: Parameter declaration expected.
src/hooks/useCommon.ts(163,41): error TS1138: Parameter declaration expected.
src/hooks/useCommon.ts(199,38): error TS1109: Expression expected.
src/hooks/useCommon.ts(200,5): error TS1005: ')' expected.
src/hooks/useCommon.ts(200,12): error TS1005: ',' expected.
src/hooks/useCommon.ts(200,22): error TS1005: ',' expected.
src/hooks/useCommon.ts(200,35): error TS1109: Expression expected.
src/hooks/useCommon.ts(201,9): error TS1005: ';' expected.
src/hooks/useCommon.ts(202,1): error TS1109: Expression expected.
src/hooks/useCommon.ts(202,2): error TS1128: Declaration or statement expected.
src/hooks/useCommon.ts(202,9): error TS1109: Expression expected.
src/hooks/useCommon.ts(222,34): error TS1109: Expression expected.
src/hooks/useCommon.ts(223,11): error TS1005: ')' expected.
src/hooks/useCommon.ts(231,1): error TS1128: Declaration or statement expected.
src/hooks/useCommon.ts(231,2): error TS1128: Declaration or statement expected.
src/hooks/useCommon.ts(231,9): error TS1109: Expression expected.
src/hooks/useCommon.ts(253,34): error TS1005: ',' expected.
src/hooks/useCommon.ts(300,46): error TS1109: Expression expected.
src/hooks/useCommon.ts(301,12): error TS1005: ')' expected.
src/hooks/useCommon.ts(301,19): error TS1005: ',' expected.
src/hooks/useCommon.ts(301,29): error TS1005: ',' expected.
src/hooks/useCommon.ts(301,38): error TS1109: Expression expected.
src/hooks/useCommon.ts(302,9): error TS1005: ';' expected.
src/hooks/useCommon.ts(303,1): error TS1128: Declaration or statement expected.
src/hooks/useCommon.ts(303,2): error TS1128: Declaration or statement expected.
src/hooks/useCommon.ts(303,37): error TS1005: ';' expected.
src/hooks/useCommon.ts(343,68): error TS1005: '?' expected.
src/hooks/useCommon.ts(343,70): error TS1109: Expression expected.
src/hooks/useCommon.ts(344,15): error TS1005: ')' expected.
src/hooks/useCommon.ts(345,41): error TS1005: '>' expected.
src/hooks/useCommon.ts(346,1): error TS1109: Expression expected.
src/hooks/useCommon.ts(346,2): error TS1128: Declaration or statement expected.
src/hooks/useCommon.ts(350,55): error TS1109: Expression expected.
src/hooks/useCommon.ts(351,79): error TS1109: Expression expected.
src/hooks/useCommon.ts(353,1): error TS1109: Expression expected.
src/hooks/useCommon.ts(353,3): error TS1128: Declaration or statement expected.
src/hooks/useDebounce.ts(66,8): error TS1005: ';' expected.
src/hooks/useDebounce.ts(77,39): error TS1138: Parameter declaration expected.
src/hooks/useDebounce.ts(134,7): error TS1005: ';' expected.
src/hooks/useDebounce.ts(151,1): error TS1005: '}' expected.
src/hooks/useDropdownMenu.ts(36,14): error TS1005: ',' expected.
src/hooks/useDropdownMenu.ts(50,14): error TS1005: ',' expected.
src/hooks/useEnhancedQuery.ts(202,3): error TS1138: Parameter declaration expected.
src/hooks/useEnhancedQuery.ts(216,2): error TS1005: '>' expected.
src/hooks/useEnhancedQuery.ts(216,15): error TS1003: Identifier expected.
src/hooks/useEnhancedQuery.ts(216,17): error TS1003: Identifier expected.
src/hooks/useEnhancedQuery.ts(216,25): error TS1003: Identifier expected.
src/hooks/useEnhancedQuery.ts(216,27): error TS1003: Identifier expected.
src/hooks/useEnhancedQuery.ts(217,2): error TS1138: Parameter declaration expected.
src/hooks/useEnhancedQuery.ts(217,4): error TS1109: Expression expected.
src/hooks/useEnhancedQuery.ts(218,1): error TS1128: Declaration or statement expected.
src/hooks/useEnhancedQuery.ts(251,2): error TS1128: Declaration or statement expected.
src/hooks/useEnhancedQuery.ts(266,60): error TS1005: ',' expected.
src/hooks/useEnhancedQuery.ts(266,67): error TS1005: ',' expected.
src/hooks/useEnhancedQuery.ts(302,79): error TS1138: Parameter declaration expected.
src/hooks/useEnhancedQuery.ts(321,20): error TS1138: Parameter declaration expected.
src/hooks/useEnhancedQuery.ts(351,3): error TS1005: ',' expected.
src/hooks/useEnhancedQuery.ts(353,1): error TS1005: '}' expected.
src/hooks/useFormState.ts(101,4): error TS1128: Declaration or statement expected.
src/hooks/useFormState.ts(101,34): error TS1005: ';' expected.
src/hooks/useInstallPrompt.ts(126,46): error TS1005: ')' expected.
src/hooks/useInstallPrompt.ts(130,2): error TS1109: Expression expected.
src/hooks/useInstallPrompt.ts(146,2): error TS1128: Declaration or statement expected.
src/hooks/useInstallPrompt.ts(146,3): error TS1128: Declaration or statement expected.
src/hooks/useInstallPrompt.ts(146,47): error TS1005: ';' expected.
src/hooks/useInstallPrompt.ts(191,29): error TS1005: ',' expected.
src/hooks/useInstallPrompt.ts(191,49): error TS1005: ',' expected.
src/hooks/useInstallPrompt.ts(191,56): error TS1005: ',' expected.
src/hooks/useInstallPrompt.ts(191,57): error TS1128: Declaration or statement expected.
src/hooks/useInstallPrompt.ts(194,2): error TS1128: Declaration or statement expected.
src/hooks/useInstallPrompt.ts(214,46): error TS1005: ')' expected.
src/hooks/useInstallPrompt.ts(214,61): error TS1005: ';' expected.
src/hooks/useInstallPrompt.ts(214,84): error TS1005: ';' expected.
src/hooks/useInstallPrompt.ts(215,2): error TS1128: Declaration or statement expected.
src/hooks/useInstallPrompt.ts(232,2): error TS1128: Declaration or statement expected.
src/hooks/useInstallPrompt.ts(232,3): error TS1128: Declaration or statement expected.
src/hooks/useInstallPrompt.ts(232,20): error TS1005: ';' expected.
src/hooks/useInstallPrompt.ts(250,1): error TS1128: Declaration or statement expected.
src/hooks/useLocalStorage.ts(179,24): error TS1005: ',' expected.
src/hooks/useLocalStorageSet.ts(12,39): error TS1138: Parameter declaration expected.
src/hooks/useLocalStorageSet.ts(17,2): error TS1005: ',' expected.
src/hooks/useLocalStorageSet.ts(17,19): error TS1005: ',' expected.
src/hooks/useLocalStorageSet.ts(17,36): error TS1005: ',' expected.
src/hooks/useLocalStorageSet.ts(17,53): error TS1005: ',' expected.
src/hooks/useLocalStorageSet.ts(17,63): error TS1005: ',' expected.
src/hooks/useLocalStorageSet.ts(113,44): error TS1138: Parameter declaration expected.
src/hooks/useLocalStorageSet.ts(116,12): error TS1005: ',' expected.
src/hooks/useMobileDetection.ts(200,1): error TS1005: '}' expected.
src/hooks/useModal.ts(63,35): error TS1005: ',' expected.
src/hooks/useModal.ts(85,18): error TS1005: ',' expected.
src/hooks/useModal.ts(137,1): error TS1005: '}' expected.
src/hooks/useOfflineStatus.ts(86,3): error TS1128: Declaration or statement expected.
src/hooks/useOfflineStatus.ts(86,40): error TS1005: ';' expected.
src/hooks/useOfflineStatus.ts(126,3): error TS1128: Declaration or statement expected.
src/hooks/useOfflineStatus.ts(126,7): error TS1005: ';' expected.
src/hooks/useOfflineStatus.ts(218,3): error TS1128: Declaration or statement expected.
src/hooks/useOfflineStatus.ts(220,2): error TS1128: Declaration or statement expected.
src/hooks/useOfflineStatus.ts(285,9): error TS1005: ',' expected.
src/hooks/useOfflineStatus.ts(286,17): error TS1005: ',' expected.
src/hooks/useOfflineStatus.ts(288,6): error TS1005: ',' expected.
src/hooks/useOfflineStatus.ts(289,5): error TS1134: Variable declaration expected.
src/hooks/useOfflineStatus.ts(289,9): error TS1005: ';' expected.
src/hooks/useOfflineStatus.ts(335,41): error TS1005: ';' expected.
src/hooks/useOptimizedVideoData.ts(88,5): error TS1005: 'try' expected.
src/hooks/useOptimizedVideoData.ts(96,3): error TS1472: 'catch' or 'finally' expected.
src/hooks/useOptimizedVideoData.ts(98,2): error TS1128: Declaration or statement expected.
src/hooks/usePerformanceMonitor.ts(57,2): error TS1128: Declaration or statement expected.
src/hooks/usePerformanceMonitor.ts(87,44): error TS1109: Expression expected.
src/hooks/usePerformanceMonitor.ts(88,15): error TS1005: ')' expected.
src/hooks/usePerformanceMonitor.ts(88,17): error TS1068: Unexpected token. A constructor, method, accessor, or property was expected.
src/hooks/usePerformanceMonitor.ts(89,8): error TS1005: ';' expected.
src/hooks/usePerformanceMonitor.ts(90,1): error TS1128: Declaration or statement expected.
src/hooks/usePerformanceMonitor.ts(90,3): error TS1128: Declaration or statement expected.
src/hooks/usePerformanceMonitor.ts(151,40): error TS1005: ',' expected.
src/hooks/usePerformanceOptimization.ts(51,57): error TS1138: Parameter declaration expected.
src/hooks/usePerformanceOptimization.ts(101,7): error TS1005: ',' expected.
src/hooks/usePerformanceOptimization.ts(107,46): error TS1109: Expression expected.
src/hooks/usePerformanceOptimization.ts(108,9): error TS1005: ')' expected.
src/hooks/usePerformanceOptimization.ts(109,1): error TS1128: Declaration or statement expected.
src/hooks/usePerformanceOptimization.ts(109,3): error TS1128: Declaration or statement expected.
src/hooks/usePerformanceOptimization.ts(174,1): error TS1005: '}' expected.
src/hooks/usePWA.ts(142,23): error TS1005: ',' expected.
src/hooks/usePWA.ts(143,10): error TS1005: ',' expected.
src/hooks/usePWA.ts(144,11): error TS1005: ',' expected.
src/hooks/usePWA.ts(145,14): error TS1005: ',' expected.
src/hooks/usePWA.ts(145,72): error TS1005: ',' expected.
src/hooks/usePWA.ts(145,73): error TS1005: ')' expected.
src/hooks/usePWA.ts(148,34): error TS1005: ')' expected.
src/hooks/usePWA.ts(150,2): error TS1128: Declaration or statement expected.
src/hooks/usePWA.ts(159,2): error TS1128: Declaration or statement expected.
src/hooks/usePWA.ts(159,4): error TS1005: 'try' expected.
src/hooks/usePWA.ts(166,2): error TS1128: Declaration or statement expected.
src/hooks/usePWA.ts(166,3): error TS1128: Declaration or statement expected.
src/hooks/usePWA.ts(166,8): error TS1005: ';' expected.
src/hooks/usePWA.ts(169,2): error TS1128: Declaration or statement expected.
src/hooks/usePWA.ts(169,3): error TS1128: Declaration or statement expected.
src/hooks/usePWA.ts(169,42): error TS1005: ';' expected.
src/hooks/usePWA.ts(172,35): error TS1005: ')' expected.
src/hooks/usePWA.ts(209,2): error TS1128: Declaration or statement expected.
src/hooks/usePWA.ts(223,3): error TS1128: Declaration or statement expected.
src/hooks/usePWA.ts(227,3): error TS1005: ';' expected.
src/hooks/usePWA.ts(262,33): error TS1005: ')' expected.
src/hooks/usePWA.ts(274,34): error TS1005: ')' expected.
src/hooks/usePWA.ts(276,2): error TS1109: Expression expected.
src/hooks/usePWA.ts(303,2): error TS1128: Declaration or statement expected.
src/hooks/usePWA.ts(403,1): error TS1128: Declaration or statement expected.
src/hooks/usePWA.ts(428,39): error TS1109: Expression expected.
src/hooks/usePWA.ts(430,10): error TS1109: Expression expected.
src/hooks/usePWA.ts(431,1): error TS1109: Expression expected.
src/hooks/usePWA.ts(431,2): error TS1128: Declaration or statement expected.
src/hooks/usePWA.ts(431,9): error TS1109: Expression expected.
src/hooks/usePWA.ts(440,46): error TS1005: ')' expected.
src/hooks/usePWA.ts(440,61): error TS1005: ';' expected.
src/hooks/usePWA.ts(440,84): error TS1005: ';' expected.
src/hooks/usePWA.ts(457,46): error TS1005: ')' expected.
src/hooks/usePWA.ts(461,2): error TS1109: Expression expected.
src/hooks/usePWA.ts(472,46): error TS1005: ')' expected.
src/hooks/usePWA.ts(476,2): error TS1109: Expression expected.
src/hooks/usePWA.ts(492,20): error TS1109: Expression expected.
src/hooks/usePWA.ts(505,33): error TS1109: Expression expected.
src/hooks/usePWA.ts(512,46): error TS1005: ')' expected.
src/hooks/usePWA.ts(516,2): error TS1109: Expression expected.
src/hooks/usePWA.ts(522,3): error TS1128: Declaration or statement expected.
src/hooks/usePWA.ts(525,34): error TS1005: ')' expected.
src/hooks/usePWA.ts(527,9): error TS1005: ';' expected.
src/hooks/usePWA.ts(527,11): error TS1434: Unexpected keyword or identifier.
src/hooks/usePWA.ts(527,14): error TS1128: Declaration or statement expected.
src/hooks/usePWA.ts(527,15): error TS1128: Declaration or statement expected.
src/hooks/usePWA.ts(527,34): error TS1005: ';' expected.
src/hooks/usePWA.ts(538,46): error TS1005: ')' expected.
src/hooks/usePWA.ts(542,2): error TS1109: Expression expected.
src/hooks/usePWA.ts(548,38): error TS1005: ')' expected.
src/hooks/usePWA.ts(549,11): error TS1434: Unexpected keyword or identifier.
src/hooks/usePWA.ts(549,14): error TS1128: Declaration or statement expected.
src/hooks/usePWA.ts(549,15): error TS1128: Declaration or statement expected.
src/hooks/usePWA.ts(549,42): error TS1005: ';' expected.
src/hooks/usePWA.ts(556,46): error TS1005: ')' expected.
src/hooks/usePWA.ts(560,2): error TS1109: Expression expected.
src/hooks/usePWA.ts(569,1): error TS1005: '}' expected.
src/hooks/usePWANotifications.ts(294,4): error TS1005: 'try' expected.
src/hooks/usePWANotifications.ts(305,3): error TS1472: 'catch' or 'finally' expected.
src/hooks/usePWANotifications.ts(307,2): error TS1128: Declaration or statement expected.
src/hooks/usePWANotifications.ts(422,3): error TS1128: Declaration or statement expected.
src/hooks/usePWANotifications.ts(422,7): error TS1005: ';' expected.
src/hooks/usePWANotifications.ts(545,1): error TS1005: '}' expected.
src/hooks/usePWAUpdates.ts(166,2): error TS1128: Declaration or statement expected.
src/hooks/usePWAUpdates.ts(166,3): error TS1005: ')' expected.
src/hooks/usePWAUpdates.ts(169,3): error TS1472: 'catch' or 'finally' expected.
src/hooks/usePWAUpdates.ts(188,4): error TS1005: ',' expected.
src/hooks/usePWAUpdates.ts(203,3): error TS1128: Declaration or statement expected.
src/hooks/usePWAUpdates.ts(203,7): error TS1005: ';' expected.
src/hooks/usePWAUpdates.ts(259,4): error TS1005: 'try' expected.
src/hooks/usePWAUpdates.ts(268,3): error TS1472: 'catch' or 'finally' expected.
src/hooks/usePWAUpdates.ts(268,7): error TS1005: ';' expected.
src/hooks/usePWAUpdates.ts(429,74): error TS1005: ';' expected.
src/hooks/usePWAUpdates.ts(454,1): error TS1128: Declaration or statement expected.
src/hooks/useRefactoredHooks.ts(8,36): error TS1138: Parameter declaration expected.
src/hooks/useRefactoredHooks.ts(11,6): error TS1005: ',' expected.
src/hooks/useRefactoredHooks.ts(11,42): error TS1005: ',' expected.
src/hooks/useRefactoredHooks.ts(14,22): error TS1003: Identifier expected.
src/hooks/useRefactoredHooks.ts(28,9): error TS1003: Identifier expected.
src/hooks/useRefactoredHooks.ts(95,27): error TS1138: Parameter declaration expected.
src/hooks/useRefactoredHooks.ts(97,12): error TS1005: ',' expected.
src/hooks/useRefactoredHooks.ts(97,22): error TS1005: ',' expected.
src/hooks/useRefactoredHooks.ts(148,41): error TS1138: Parameter declaration expected.
src/hooks/useRefactoredHooks.ts(195,41): error TS1138: Parameter declaration expected.
src/hooks/useRefactoredHooks.ts(197,34): error TS1005: ',' expected.
src/hooks/useRefactoredHooks.ts(227,70): error TS1138: Parameter declaration expected.
src/hooks/useRefactoredHooks.ts(242,14): error TS1005: ',' expected.
src/hooks/useServiceWorker.ts(99,46): error TS1005: ')' expected.
src/hooks/useServiceWorker.ts(103,2): error TS1109: Expression expected.
src/hooks/useServiceWorker.ts(118,2): error TS1128: Declaration or statement expected.
src/hooks/useServiceWorker.ts(118,3): error TS1128: Declaration or statement expected.
src/hooks/useServiceWorker.ts(118,44): error TS1005: ';' expected.
src/hooks/useServiceWorker.ts(153,46): error TS1005: ')' expected.
src/hooks/useServiceWorker.ts(157,2): error TS1109: Expression expected.
src/hooks/useServiceWorker.ts(165,2): error TS1128: Declaration or statement expected.
src/hooks/useServiceWorker.ts(166,2): error TS1128: Declaration or statement expected.
src/hooks/useServiceWorker.ts(166,3): error TS1128: Declaration or statement expected.
src/hooks/useServiceWorker.ts(166,25): error TS1005: ';' expected.
src/hooks/useServiceWorker.ts(187,46): error TS1005: ')' expected.
src/hooks/useServiceWorker.ts(191,2): error TS1109: Expression expected.
src/hooks/useServiceWorker.ts(198,2): error TS1128: Declaration or statement expected.
src/hooks/useServiceWorker.ts(199,2): error TS1128: Declaration or statement expected.
src/hooks/useServiceWorker.ts(199,3): error TS1128: Declaration or statement expected.
src/hooks/useServiceWorker.ts(199,25): error TS1005: ';' expected.
src/hooks/useServiceWorker.ts(257,52): error TS1005: ')' expected.
src/hooks/useServiceWorker.ts(257,67): error TS1005: ';' expected.
src/hooks/useServiceWorker.ts(267,49): error TS1005: ')' expected.
src/hooks/useServiceWorker.ts(267,64): error TS1005: ';' expected.
src/hooks/useServiceWorker.ts(269,36): error TS1109: Expression expected.
src/hooks/useServiceWorker.ts(285,3): error TS1128: Declaration or statement expected.
src/hooks/useServiceWorker.ts(286,2): error TS1128: Declaration or statement expected.
src/hooks/useServiceWorker.ts(287,2): error TS1128: Declaration or statement expected.
src/hooks/useServiceWorker.ts(287,3): error TS1128: Declaration or statement expected.
src/hooks/useServiceWorker.ts(298,38): error TS1109: Expression expected.
src/hooks/useServiceWorker.ts(301,3): error TS1005: ';' expected.
src/hooks/useServiceWorker.ts(301,5): error TS1434: Unexpected keyword or identifier.
src/hooks/useServiceWorker.ts(303,2): error TS1128: Declaration or statement expected.
src/hooks/useServiceWorker.ts(308,2): error TS1128: Declaration or statement expected.
src/hooks/useServiceWorker.ts(308,4): error TS1005: 'try' expected.
src/hooks/useServiceWorker.ts(309,46): error TS1005: ')' expected.
src/hooks/useServiceWorker.ts(313,2): error TS1109: Expression expected.
src/hooks/useServiceWorker.ts(352,2): error TS1128: Declaration or statement expected.
src/hooks/useServiceWorker.ts(352,3): error TS1128: Declaration or statement expected.
src/hooks/useServiceWorker.ts(352,41): error TS1005: ';' expected.
src/hooks/useServiceWorker.ts(371,1): error TS1128: Declaration or statement expected.
src/hooks/useTrendingSearch.ts(160,27): error TS1005: ',' expected.
src/hooks/useTrendingSearch.ts(173,1): error TS1005: '}' expected.
src/hooks/useVideoCache.ts(227,37): error TS1109: Expression expected.
src/hooks/useVideoCache.ts(228,9): error TS1005: ')' expected.
src/hooks/useVideoCache.ts(230,1): error TS1128: Declaration or statement expected.
src/hooks/useVideoCache.ts(230,3): error TS1128: Declaration or statement expected.
src/hooks/useVideoPlayer.ts(190,58): error TS1005: ')' expected.
src/hooks/useVideoPlayer.ts(190,73): error TS1005: ';' expected.
src/hooks/useVideoPlayer.ts(192,2): error TS1128: Declaration or statement expected.
src/hooks/useVideoPlayer.ts(193,58): error TS1005: ')' expected.
src/hooks/useVideoPlayer.ts(193,73): error TS1005: ';' expected.
src/hooks/useVideoPlayer.ts(195,2): error TS1128: Declaration or statement expected.
src/hooks/useVideoPlayer.ts(200,42): error TS1005: ')' expected.
src/hooks/useVideoPlayer.ts(200,57): error TS1005: ';' expected.
src/hooks/useVideoPlayer.ts(200,71): error TS1005: ';' expected.
src/hooks/useVideoPlayer.ts(203,2): error TS1128: Declaration or statement expected.
src/hooks/useVideoPlayer.ts(204,2): error TS1128: Declaration or statement expected.
src/hooks/useVideoPlayer.ts(204,3): error TS1128: Declaration or statement expected.
src/hooks/useVideoPlayer.ts(218,3): error TS1005: ';' expected.
src/hooks/useVideoPlayer.ts(234,22): error TS1109: Expression expected.
src/hooks/useVideoPlayer.ts(252,3): error TS1128: Declaration or statement expected.
src/hooks/useVideoPlayer.ts(252,14): error TS1005: ';' expected.
src/hooks/useVideoPlayer.ts(269,3): error TS1128: Declaration or statement expected.
src/hooks/useVideoPlayer.ts(269,18): error TS1005: ';' expected.
src/hooks/useVideoPlayer.ts(342,3): error TS1128: Declaration or statement expected.
src/hooks/useVideoPlayer.ts(342,7): error TS1005: ';' expected.
src/hooks/useVideoPlayer.ts(374,3): error TS1128: Declaration or statement expected.
src/hooks/useVideoPlayer.ts(374,14): error TS1005: ';' expected.
src/hooks/useVideoPlayer.ts(386,3): error TS1128: Declaration or statement expected.
src/hooks/useVideoPlayer.ts(386,14): error TS1005: ';' expected.
src/hooks/useVideoPlayer.ts(425,9): error TS1005: ',' expected.
src/hooks/useVideosData.ts(33,5): error TS1129: Statement expected.
src/hooks/useVideosData.ts(42,3): error TS1129: Statement expected.
src/hooks/useVideosData.ts(42,23): error TS1005: ';' expected.
src/hooks/useVideosData.ts(51,38): error TS1138: Parameter declaration expected.
src/hooks/useVideosData.ts(67,3): error TS1128: Declaration or statement expected.
src/hooks/useVideosData.ts(67,18): error TS1005: ';' expected.
src/hooks/useWatchPage.ts(273,5): error TS1005: 'try' expected.
src/hooks/useWatchPage.ts(280,3): error TS1472: 'catch' or 'finally' expected.
src/hooks/useWatchPage.ts(280,14): error TS1005: ';' expected.
src/hooks/useWatchPage.ts(511,38): error TS1109: Expression expected.
src/hooks/useWatchPage.ts(512,6): error TS1005: ')' expected.
src/hooks/useWatchPage.ts(514,17): error TS1005: ',' expected.
src/hooks/useWatchPage.ts(514,18): error TS1134: Variable declaration expected.
src/hooks/useWatchPage.ts(515,2): error TS1128: Declaration or statement expected.
src/hooks/useWatchPage.ts(515,3): error TS1128: Declaration or statement expected.
src/hooks/useWatchPage.ts(515,13): error TS1011: An element access expression should take an argument.
src/hooks/useWatchPage.ts(515,15): error TS1005: ';' expected.
src/hooks/useWatchPage.ts(549,2): error TS1128: Declaration or statement expected.
src/hooks/useWatchPage.ts(551,51): error TS1109: Expression expected.
src/hooks/useWatchPage.ts(552,4): error TS1005: ')' expected.
src/hooks/useWatchPage.ts(555,2): error TS1128: Declaration or statement expected.
src/hooks/useWatchPage.ts(555,4): error TS1128: Declaration or statement expected.
src/hooks/useWatchPage.ts(596,3): error TS1128: Declaration or statement expected.
src/hooks/useWatchPage.ts(696,1): error TS1128: Declaration or statement expected.
src/lib/utils.ts(231,4): error TS1128: Declaration or statement expected.
src/lib/utils.ts(281,56): error TS1138: Parameter declaration expected.
src/lib/utils.ts(304,56): error TS1138: Parameter declaration expected.
src/lib/utils.ts(475,50): error TS1005: ',' expected.
src/lib/utils.ts(475,69): error TS1138: Parameter declaration expected.
src/lib/utils.ts(502,58): error TS1138: Parameter declaration expected.
src/lib/utils.ts(543,23): error TS1138: Parameter declaration expected.
src/lib/utils.ts(585,1): error TS1005: '}' expected.
src/lib/youtube-utils.ts(168,4): error TS1005: ';' expected.
src/lib/youtube-utils.ts(185,3): error TS1005: ',' expected.
src/lib/youtube-utils.ts(207,7): error TS1005: ',' expected.
src/lib/youtube-utils.ts(212,13): error TS1005: ';' expected.
src/lib/youtube-utils.ts(212,27): error TS1109: Expression expected.
src/lib/youtube-utils.ts(213,9): error TS1005: ':' expected.
src/lib/youtube-utils.ts(223,5): error TS1128: Declaration or statement expected.
src/lib/youtube-utils.ts(223,6): error TS1005: ',' expected.
src/lib/youtube-utils.ts(226,14): error TS1005: ';' expected.
src/lib/youtube-utils.ts(226,28): error TS1109: Expression expected.
src/lib/youtube-utils.ts(227,9): error TS1005: ':' expected.
src/lib/youtube-utils.ts(237,5): error TS1128: Declaration or statement expected.
src/lib/youtube-utils.ts(237,6): error TS1005: ',' expected.
src/lib/youtube-utils.ts(240,13): error TS1005: ';' expected.
src/lib/youtube-utils.ts(240,27): error TS1109: Expression expected.
src/lib/youtube-utils.ts(241,9): error TS1005: ':' expected.
src/lib/youtube-utils.ts(251,5): error TS1128: Declaration or statement expected.
src/lib/youtube-utils.ts(251,6): error TS1005: ',' expected.
src/lib/youtube-utils.ts(254,16): error TS1005: ',' expected.
src/lib/youtube-utils.ts(254,37): error TS1005: ',' expected.
src/lib/youtube-utils.ts(254,54): error TS1005: ';' expected.
src/lib/youtube-utils.ts(254,68): error TS1109: Expression expected.
src/lib/youtube-utils.ts(255,9): error TS1005: ':' expected.
src/lib/youtube-utils.ts(265,5): error TS1128: Declaration or statement expected.
src/lib/youtube-utils.ts(265,6): error TS1005: ',' expected.
src/lib/youtube-utils.ts(269,18): error TS1005: ';' expected.
src/lib/youtube-utils.ts(270,9): error TS1005: ':' expected.
src/lib/youtube-utils.ts(280,5): error TS1128: Declaration or statement expected.
src/lib/youtube-utils.ts(280,6): error TS1005: ',' expected.
src/lib/youtube-utils.ts(283,15): error TS1005: ';' expected.
src/lib/youtube-utils.ts(284,9): error TS1005: ':' expected.
src/lib/youtube-utils.ts(294,5): error TS1128: Declaration or statement expected.
src/lib/youtube-utils.ts(294,6): error TS1005: ',' expected.
src/lib/youtube-utils.ts(297,13): error TS1005: ';' expected.
src/lib/youtube-utils.ts(298,9): error TS1005: ':' expected.
src/lib/youtube-utils.ts(308,5): error TS1128: Declaration or statement expected.
src/lib/youtube-utils.ts(308,6): error TS1005: ',' expected.
src/lib/youtube-utils.ts(311,18): error TS1005: ',' expected.
src/lib/youtube-utils.ts(311,24): error TS1005: ';' expected.
src/lib/youtube-utils.ts(311,38): error TS1109: Expression expected.
src/lib/youtube-utils.ts(312,9): error TS1005: ':' expected.
src/lib/youtube-utils.ts(322,5): error TS1128: Declaration or statement expected.
src/lib/youtube-utils.ts(322,6): error TS1005: ',' expected.
src/lib/youtube-utils.ts(325,11): error TS1005: ';' expected.
src/lib/youtube-utils.ts(326,9): error TS1005: ':' expected.
src/lib/youtube-utils.ts(336,5): error TS1128: Declaration or statement expected.
src/lib/youtube-utils.ts(336,6): error TS1005: ',' expected.
src/lib/youtube-utils.ts(339,8): error TS1005: ';' expected.
src/lib/youtube-utils.ts(339,22): error TS1109: Expression expected.
src/lib/youtube-utils.ts(340,9): error TS1005: ':' expected.
src/lib/youtube-utils.ts(350,5): error TS1128: Declaration or statement expected.
src/lib/youtube-utils.ts(350,6): error TS1005: ',' expected.
src/lib/youtube-utils.ts(353,10): error TS1005: ';' expected.
src/lib/youtube-utils.ts(353,24): error TS1109: Expression expected.
src/lib/youtube-utils.ts(354,9): error TS1005: ':' expected.
src/lib/youtube-utils.ts(364,5): error TS1128: Declaration or statement expected.
src/lib/youtube-utils.ts(364,6): error TS1005: ',' expected.
src/lib/youtube-utils.ts(367,11): error TS1005: ';' expected.
src/lib/youtube-utils.ts(368,10): error TS1005: ',' expected.
src/lib/youtube-utils.ts(368,17): error TS1005: ',' expected.
src/lib/youtube-utils.ts(368,19): error TS1136: Property assignment expected.
src/lib/youtube-utils.ts(375,3): error TS1068: Unexpected token. A constructor, method, accessor, or property was expected.
src/lib/youtube-utils.ts(375,30): error TS1138: Parameter declaration expected.
src/lib/youtube-utils.ts(415,34): error TS1005: ',' expected.
src/lib/youtube-utils.ts(417,9): error TS1005: ':' expected.
src/lib/youtube-utils.ts(417,63): error TS1005: ',' expected.
src/lib/youtube-utils.ts(437,34): error TS1138: Parameter declaration expected.
src/lib/youtube-utils.ts(475,4): error TS1005: 'try' expected.
src/lib/youtube-utils.ts(483,3): error TS1472: 'catch' or 'finally' expected.
src/lib/youtube-utils.ts(524,1): error TS1005: '}' expected.
src/pages/LiveStreamingHubPage.tsx(120,2): error TS1382: Unexpected token. Did you mean `{'>'}` or `&gt;`?
src/pages/LiveStreamingHubPage.tsx(136,14): error TS17002: Expected corresponding JSX closing tag for 'div'.
src/pages/YouTubeDemo.tsx(174,1): error TS1005: '}' expected.
src/services/api/base.ts(29,14): error TS1138: Parameter declaration expected.
src/services/api/base.ts(38,1): error TS1068: Unexpected token. A constructor, method, accessor, or property was expected.
src/services/api/base.ts(43,1): error TS1068: Unexpected token. A constructor, method, accessor, or property was expected.
src/services/api/base.ts(49,1): error TS1068: Unexpected token. A constructor, method, accessor, or property was expected.
src/services/api/base.ts(49,30): error TS1138: Parameter declaration expected.
src/services/api/base.ts(77,3): error TS1128: Declaration or statement expected.
src/services/api/base.ts(98,3): error TS1128: Declaration or statement expected.
src/services/api/base.ts(117,37): error TS1138: Parameter declaration expected.
src/services/api/base.ts(193,30): error TS1138: Parameter declaration expected.
src/services/api/base.ts(196,2): error TS1005: ',' expected.
src/services/api/base.ts(203,31): error TS1138: Parameter declaration expected.
src/services/api/base.ts(216,30): error TS1138: Parameter declaration expected.
src/services/api/base.ts(229,32): error TS1138: Parameter declaration expected.
src/services/api/base.ts(242,30): error TS1138: Parameter declaration expected.
src/services/api/base.ts(251,33): error TS1138: Parameter declaration expected.
src/services/api/base.ts(255,2): error TS1005: ',' expected.
src/services/api/base.ts(278,39): error TS1138: Parameter declaration expected.
src/services/api/base.ts(315,1): error TS1005: '}' expected.
src/services/api/videos.ts(60,26): error TS1138: Parameter declaration expected.
src/services/api/videos.ts(69,26): error TS1138: Parameter declaration expected.
src/services/api/videos.ts(78,28): error TS1138: Parameter declaration expected.
src/services/api/videos.ts(90,28): error TS1138: Parameter declaration expected.
src/services/api/videos.ts(106,26): error TS1138: Parameter declaration expected.
src/services/api/videos.ts(115,21): error TS1138: Parameter declaration expected.
src/services/api/videos.ts(124,25): error TS1138: Parameter declaration expected.
src/services/api/videos.ts(134,20): error TS1138: Parameter declaration expected.
src/services/api/videos.ts(144,20): error TS1138: Parameter declaration expected.
src/services/api/videos.ts(189,20): error TS1138: Parameter declaration expected.
src/services/api/videos.ts(209,27): error TS1138: Parameter declaration expected.
src/services/api/videos.ts(218,24): error TS1138: Parameter declaration expected.
src/services/api/videos.ts(227,26): error TS1138: Parameter declaration expected.
src/services/api/videos.ts(251,23): error TS1138: Parameter declaration expected.
src/services/api/videos.ts(260,23): error TS1138: Parameter declaration expected.
src/services/api/videos.ts(278,3): error TS1005: ',' expected.
src/services/api/videos.ts(280,8): error TS1005: ':' expected.
src/services/api/videos.ts(280,16): error TS1005: ':' expected.
src/services/api/videos.ts(280,24): error TS1005: ',' expected.
src/services/api/videos.ts(281,1): error TS1005: '}' expected.
src/services/api/youtubeService.ts(414,1): error TS1005: '}' expected.
src/services/livestreamAPI.ts(104,77): error TS1005: ',' expected.
src/services/livestreamAPI.ts(106,13): error TS1005: ',' expected.
src/services/livestreamAPI.ts(106,26): error TS1005: ',' expected.
src/services/livestreamAPI.ts(107,9): error TS1005: ':' expected.
src/services/livestreamAPI.ts(107,15): error TS1005: ',' expected.
src/services/livestreamAPI.ts(113,8): error TS1005: ',' expected.
src/services/livestreamAPI.ts(113,17): error TS1005: ',' expected.
src/services/livestreamAPI.ts(113,50): error TS1005: '=>' expected.
src/services/livestreamAPI.ts(120,8): error TS1005: ';' expected.
src/services/livestreamAPI.ts(120,30): error TS1005: ';' expected.
src/services/livestreamAPI.ts(120,51): error TS1011: An element access expression should take an argument.
src/services/livestreamAPI.ts(122,9): error TS1005: ':' expected.
src/services/livestreamAPI.ts(122,73): error TS1005: ',' expected.
src/services/livestreamAPI.ts(128,8): error TS1005: ';' expected.
src/services/livestreamAPI.ts(128,32): error TS1005: ',' expected.
src/services/livestreamAPI.ts(128,54): error TS1005: ';' expected.
src/services/livestreamAPI.ts(129,8): error TS1005: ':' expected.
src/services/livestreamAPI.ts(129,71): error TS1005: ',' expected.
src/services/livestreamAPI.ts(130,18): error TS1005: ',' expected.
src/services/livestreamAPI.ts(130,24): error TS1005: ';' expected.
src/services/livestreamAPI.ts(211,3): error TS1005: ',' expected.
src/services/livestreamAPI.ts(216,14): error TS1005: ':' expected.
src/services/livestreamAPI.ts(387,3): error TS1005: ',' expected.
src/services/livestreamAPI.ts(392,14): error TS1005: ':' expected.
src/services/livestreamAPI.ts(455,3): error TS1005: ',' expected.
src/services/livestreamAPI.ts(460,14): error TS1005: ':' expected.
src/services/livestreamAPI.ts(486,3): error TS1128: Declaration or statement expected.
src/services/livestreamAPI.ts(503,3): error TS1005: ',' expected.
src/services/livestreamAPI.ts(508,14): error TS1005: ':' expected.
src/services/livestreamAPI.ts(540,3): error TS1005: ',' expected.
src/services/livestreamAPI.ts(545,14): error TS1005: ':' expected.
src/services/livestreamAPI.ts(549,23): error TS1138: Parameter declaration expected.
src/services/livestreamAPI.ts(573,3): error TS1005: ',' expected.
src/services/livestreamAPI.ts(576,14): error TS1005: ':' expected.
src/services/livestreamAPI.ts(583,29): error TS1005: ',' expected.
src/services/livestreamAPI.ts(585,8): error TS1005: ':' expected.
src/services/livestreamAPI.ts(585,16): error TS1005: ':' expected.
src/services/livestreamAPI.ts(585,33): error TS1005: ',' expected.
src/services/livestreamAPI.ts(586,1): error TS1005: '}' expected.
src/services/metadataNormalizationService.ts(173,30): error TS1138: Parameter declaration expected.
src/services/metadataNormalizationService.ts(287,36): error TS1005: ',' expected.
src/services/metadataNormalizationService.ts(287,51): error TS1005: ';' expected.
src/services/metadataNormalizationService.ts(287,53): error TS1434: Unexpected keyword or identifier.
src/services/metadataNormalizationService.ts(310,26): error TS1135: Argument expression expected.
src/services/metadataNormalizationService.ts(311,16): error TS1005: ',' expected.
src/services/metadataNormalizationService.ts(312,3): error TS1005: ';' expected.
src/services/metadataNormalizationService.ts(312,5): error TS1434: Unexpected keyword or identifier.
src/services/metadataNormalizationService.ts(366,2): error TS1434: Unexpected keyword or identifier.
src/services/metadataNormalizationService.ts(366,29): error TS1135: Argument expression expected.
src/services/metadataNormalizationService.ts(367,8): error TS1005: ',' expected.
src/services/metadataNormalizationService.ts(371,3): error TS1005: ';' expected.
src/services/metadataNormalizationService.ts(371,34): error TS1011: An element access expression should take an argument.
src/services/metadataNormalizationService.ts(372,8): error TS1005: ':' expected.
src/services/metadataNormalizationService.ts(372,18): error TS1005: ',' expected.
src/services/metadataNormalizationService.ts(372,45): error TS1005: ',' expected.
src/services/metadataNormalizationService.ts(374,7): error TS1359: Identifier expected. 'const' is a reserved word that cannot be used here.
src/services/metadataNormalizationService.ts(374,13): error TS1005: ',' expected.
src/services/metadataNormalizationService.ts(374,30): error TS1005: ',' expected.
src/services/metadataNormalizationService.ts(374,33): error TS1005: ',' expected.
src/services/metadataNormalizationService.ts(392,2): error TS1005: ',' expected.
src/services/metadataNormalizationService.ts(417,2): error TS1005: ',' expected.
src/services/metadataNormalizationService.ts(424,2): error TS1005: ',' expected.
src/services/metadataNormalizationService.ts(437,2): error TS1005: ',' expected.
src/services/metadataNormalizationService.ts(450,2): error TS1005: ',' expected.
src/services/metadataNormalizationService.ts(488,2): error TS1005: ',' expected.
src/services/metadataNormalizationService.ts(502,2): error TS1005: ',' expected.
src/services/metadataNormalizationService.ts(519,2): error TS1005: ',' expected.
src/services/metadataNormalizationService.ts(537,2): error TS1005: ',' expected.
src/services/metadataNormalizationService.ts(537,30): error TS1138: Parameter declaration expected.
src/services/metadataNormalizationService.ts(559,2): error TS1128: Declaration or statement expected.
src/services/metadataNormalizationService.ts(574,1): error TS1005: ',' expected.
src/services/metadataNormalizationService.ts(574,14): error TS1005: ':' expected.
src/services/metadataNormalizationService.ts(574,79): error TS1005: ',' expected.
src/services/metadataNormalizationService.ts(575,8): error TS1005: ':' expected.
src/services/metadataNormalizationService.ts(575,16): error TS1005: ':' expected.
src/services/metadataNormalizationService.ts(575,44): error TS1005: ',' expected.
src/services/metadataNormalizationService.ts(576,1): error TS1005: '}' expected.
src/services/unifiedDataService.ts(356,4): error TS1005: 'try' expected.
src/services/unifiedDataService.ts(362,4): error TS1472: 'catch' or 'finally' expected.
src/services/unifiedDataService.ts(742,2): error TS1434: Unexpected keyword or identifier.
src/services/unifiedDataService.ts(742,25): error TS1005: ',' expected.
src/services/unifiedDataService.ts(742,34): error TS1005: ';' expected.
src/services/unifiedDataService.ts(743,8): error TS1005: ':' expected.
src/services/unifiedDataService.ts(743,34): error TS1005: ',' expected.
src/services/unifiedDataService.ts(744,8): error TS1005: ':' expected.
src/services/unifiedDataService.ts(744,69): error TS1005: ',' expected.
src/services/unifiedDataService.ts(746,13): error TS1005: ',' expected.
src/services/unifiedDataService.ts(746,16): error TS1005: ',' expected.
src/services/unifiedDataService.ts(751,2): error TS1005: ',' expected.
src/services/unifiedDataService.ts(751,10): error TS1005: ',' expected.
src/services/unifiedDataService.ts(751,33): error TS1005: ',' expected.
src/services/unifiedDataService.ts(751,35): error TS1136: Property assignment expected.
src/services/unifiedDataService.ts(771,2): error TS1434: Unexpected keyword or identifier.
src/services/unifiedDataService.ts(771,24): error TS1135: Argument expression expected.
src/services/unifiedDataService.ts(772,7): error TS1005: ',' expected.
src/services/unifiedDataService.ts(773,3): error TS1005: ';' expected.
src/services/unifiedDataService.ts(774,8): error TS1005: ':' expected.
src/services/unifiedDataService.ts(774,15): error TS1005: ',' expected.
src/services/unifiedDataService.ts(774,57): error TS1005: ',' expected.
src/services/unifiedDataService.ts(775,9): error TS1005: ':' expected.
src/services/unifiedDataService.ts(775,47): error TS1005: ',' expected.
src/services/unifiedDataService.ts(780,2): error TS1128: Declaration or statement expected.
src/services/unifiedDataService.ts(828,2): error TS1128: Declaration or statement expected.
src/services/unifiedDataService.ts(924,2): error TS1128: Declaration or statement expected.
src/services/unifiedDataService.ts(1005,2): error TS1128: Declaration or statement expected.
src/services/unifiedDataService.ts(1020,2): error TS1128: Declaration or statement expected.
src/services/unifiedDataService.ts(1131,24): error TS1005: ',' expected.
src/services/unifiedDataService.ts(1131,53): error TS1005: ';' expected.
src/services/unifiedDataService.ts(1132,6): error TS1005: ':' expected.
src/services/unifiedDataService.ts(1132,48): error TS1005: ',' expected.
src/services/unifiedDataService.ts(1138,13): error TS1005: ';' expected.
src/services/unifiedDataService.ts(1138,15): error TS1434: Unexpected keyword or identifier.
src/services/unifiedDataService.ts(1144,2): error TS1128: Declaration or statement expected.
src/services/unifiedDataService.ts(1196,1): error TS1434: Unexpected keyword or identifier.
src/services/unifiedDataService.ts(1196,8): error TS1434: Unexpected keyword or identifier.
src/services/unifiedDataService.ts(1197,1): error TS1005: '}' expected.
src/types/errors.ts(229,62): error TS1110: Type expected.
src/types/errors.ts(231,10): error TS1109: Expression expected.
src/types/errors.ts(232,1): error TS1128: Declaration or statement expected.
src/types/errors.ts(232,3): error TS1128: Declaration or statement expected.
src/types/errors.ts(232,10): error TS1109: Expression expected.
src/types/errors.ts(233,67): error TS1110: Type expected.
src/types/errors.ts(235,10): error TS1109: Expression expected.
src/types/errors.ts(236,1): error TS1128: Declaration or statement expected.
src/types/errors.ts(236,3): error TS1128: Declaration or statement expected.
src/types/errors.ts(255,16): error TS1110: Type expected.
src/types/errors.ts(258,2): error TS1131: Property or signature expected.
src/types/errors.ts(258,4): error TS1131: Property or signature expected.
src/types/errors.ts(258,7): error TS1131: Property or signature expected.
src/types/errors.ts(259,1): error TS1128: Declaration or statement expected.
src/types/errors.ts(324,37): error TS1109: Expression expected.
src/types/errors.ts(325,9): error TS1005: ')' expected.
src/types/errors.ts(328,12): error TS1005: ',' expected.
src/types/errors.ts(328,13): error TS1134: Variable declaration expected.
src/types/errors.ts(329,9): error TS1005: ',' expected.
src/types/errors.ts(329,10): error TS1134: Variable declaration expected.
src/types/errors.ts(329,18): error TS1005: ',' expected.
src/types/errors.ts(329,25): error TS1005: '>' expected.
src/types/errors.ts(330,1): error TS1109: Expression expected.
src/types/errors.ts(330,2): error TS1128: Declaration or statement expected.
src/types/errors.ts(349,44): error TS1109: Expression expected.
src/types/errors.ts(350,7): error TS1005: ')' expected.
src/types/errors.ts(352,7): error TS1005: ',' expected.
src/types/errors.ts(352,8): error TS1134: Variable declaration expected.
src/types/errors.ts(353,12): error TS1005: ',' expected.
src/types/errors.ts(353,13): error TS1134: Variable declaration expected.
src/types/errors.ts(354,1): error TS1128: Declaration or statement expected.
src/types/errors.ts(354,2): error TS1128: Declaration or statement expected.
src/types/errors.ts(362,41): error TS1109: Expression expected.
src/types/errors.ts(363,9): error TS1005: ')' expected.
src/types/errors.ts(367,1): error TS1128: Declaration or statement expected.
src/types/errors.ts(367,2): error TS1128: Declaration or statement expected.
src/types/errors.ts(375,41): error TS1109: Expression expected.
src/types/errors.ts(376,9): error TS1005: ')' expected.
src/types/errors.ts(378,9): error TS1005: ',' expected.
src/types/errors.ts(378,10): error TS1134: Variable declaration expected.
src/types/errors.ts(379,11): error TS1005: ',' expected.
src/types/errors.ts(379,12): error TS1134: Variable declaration expected.
src/types/errors.ts(380,2): error TS1109: Expression expected.
src/types/errors.ts(385,1): error TS1128: Declaration or statement expected.
src/types/errors.ts(385,2): error TS1128: Declaration or statement expected.
src/types/global.d.ts(12,1): error TS1005: '}' expected.
src/types/youtube.ts(520,19): error TS1138: Parameter declaration expected.
src/types/youtube.ts(524,22): error TS1138: Parameter declaration expected.
src/utils/analytics.ts(12,33): error TS1109: Expression expected.
src/utils/analytics.ts(13,11): error TS1005: ')' expected.
src/utils/analytics.ts(14,12): error TS1005: ',' expected.
src/utils/analytics.ts(14,13): error TS1134: Variable declaration expected.
src/utils/analytics.ts(15,1): error TS1128: Declaration or statement expected.
src/utils/analytics.ts(15,2): error TS1128: Declaration or statement expected.
src/utils/analytics.ts(15,9): error TS1109: Expression expected.
src/utils/analytics.ts(57,1): error TS1005: '}' expected.
src/utils/componentUtils.tsx(15,33): error TS17008: JSX element 'T' has no corresponding closing tag.
src/utils/componentUtils.tsx(18,18): error TS1382: Unexpected token. Did you mean `{'>'}` or `&gt;`?
src/utils/componentUtils.tsx(20,18): error TS1382: Unexpected token. Did you mean `{'>'}` or `&gt;`?
src/utils/componentUtils.tsx(21,17): error TS1382: Unexpected token. Did you mean `{'>'}` or `&gt;`?
src/utils/componentUtils.tsx(22,2): error TS1109: Expression expected.
src/utils/componentUtils.tsx(23,2): error TS1109: Expression expected.
src/utils/componentUtils.tsx(24,2): error TS1381: Unexpected token. Did you mean `{'}'}` or `&rbrace;`?
src/utils/componentUtils.tsx(27,29): error TS1382: Unexpected token. Did you mean `{'>'}` or `&gt;`?
src/utils/componentUtils.tsx(28,32): error TS1382: Unexpected token. Did you mean `{'>'}` or `&gt;`?
src/utils/componentUtils.tsx(29,2): error TS1109: Expression expected.
src/utils/componentUtils.tsx(33,2): error TS1381: Unexpected token. Did you mean `{'}'}` or `&rbrace;`?
src/utils/componentUtils.tsx(34,1): error TS1381: Unexpected token. Did you mean `{'}'}` or `&rbrace;`?
src/utils/componentUtils.tsx(48,15): error TS1382: Unexpected token. Did you mean `{'>'}` or `&gt;`?
src/utils/componentUtils.tsx(49,2): error TS1109: Expression expected.
src/utils/componentUtils.tsx(50,1): error TS1381: Unexpected token. Did you mean `{'}'}` or `&rbrace;`?
src/utils/componentUtils.tsx(58,68): error TS1382: Unexpected token. Did you mean `{'>'}` or `&gt;`?
src/utils/componentUtils.tsx(59,2): error TS1109: Expression expected.
src/utils/componentUtils.tsx(60,1): error TS1381: Unexpected token. Did you mean `{'}'}` or `&rbrace;`?
src/utils/componentUtils.tsx(70,28): error TS17008: JSX element 'T' has no corresponding closing tag.
src/utils/componentUtils.tsx(71,21): error TS1382: Unexpected token. Did you mean `{'>'}` or `&gt;`?
src/utils/componentUtils.tsx(72,2): error TS1109: Expression expected.
src/utils/componentUtils.tsx(73,2): error TS1109: Expression expected.
src/utils/componentUtils.tsx(74,2): error TS1381: Unexpected token. Did you mean `{'}'}` or `&rbrace;`?
src/utils/componentUtils.tsx(77,34): error TS1003: Identifier expected.
src/utils/componentUtils.tsx(78,39): error TS1005: '}' expected.
src/utils/componentUtils.tsx(79,2): error TS1381: Unexpected token. Did you mean `{'}'}` or `&rbrace;`?
src/utils/componentUtils.tsx(82,1): error TS1381: Unexpected token. Did you mean `{'}'}` or `&rbrace;`?
src/utils/componentUtils.tsx(83,1): error TS1005: '</' expected.
src/utils/conditionalLogger.ts(54,24): error TS1138: Parameter declaration expected.
src/utils/conditionalLogger.ts(74,14): error TS1005: ',' expected.
src/utils/conditionalLogger.ts(74,26): error TS1109: Expression expected.
src/utils/conditionalLogger.ts(74,44): error TS1109: Expression expected.
src/utils/conditionalLogger.ts(74,53): error TS1005: ';' expected.
src/utils/conditionalLogger.ts(75,10): error TS1005: ',' expected.
src/utils/conditionalLogger.ts(75,35): error TS1005: ',' expected.
src/utils/conditionalLogger.ts(75,37): error TS1136: Property assignment expected.
src/utils/conditionalLogger.ts(83,14): error TS1005: ',' expected.
src/utils/conditionalLogger.ts(83,26): error TS1109: Expression expected.
src/utils/conditionalLogger.ts(83,44): error TS1109: Expression expected.
src/utils/conditionalLogger.ts(83,53): error TS1005: ';' expected.
src/utils/conditionalLogger.ts(84,10): error TS1005: ',' expected.
src/utils/conditionalLogger.ts(84,35): error TS1005: ',' expected.
src/utils/conditionalLogger.ts(84,37): error TS1136: Property assignment expected.
src/utils/conditionalLogger.ts(92,15): error TS1005: ',' expected.
src/utils/conditionalLogger.ts(92,27): error TS1109: Expression expected.
src/utils/conditionalLogger.ts(92,45): error TS1109: Expression expected.
src/utils/conditionalLogger.ts(92,54): error TS1005: ';' expected.
src/utils/conditionalLogger.ts(93,10): error TS1005: ',' expected.
src/utils/conditionalLogger.ts(93,36): error TS1005: ',' expected.
src/utils/conditionalLogger.ts(93,38): error TS1136: Property assignment expected.
src/utils/conditionalLogger.ts(102,12): error TS1005: ',' expected.
src/utils/conditionalLogger.ts(102,18): error TS1005: ';' expected.
src/utils/conditionalLogger.ts(103,10): error TS1005: ',' expected.
src/utils/conditionalLogger.ts(103,24): error TS1005: ',' expected.
src/utils/conditionalLogger.ts(103,26): error TS1136: Property assignment expected.
src/utils/conditionalLogger.ts(106,15): error TS1005: ',' expected.
src/utils/conditionalLogger.ts(106,21): error TS1005: ';' expected.
src/utils/conditionalLogger.ts(107,10): error TS1005: ',' expected.
src/utils/conditionalLogger.ts(107,24): error TS1005: ',' expected.
src/utils/conditionalLogger.ts(107,26): error TS1136: Property assignment expected.
src/utils/conditionalLogger.ts(111,13): error TS1005: ',' expected.
src/utils/conditionalLogger.ts(111,19): error TS1005: ';' expected.
src/utils/conditionalLogger.ts(112,10): error TS1005: ',' expected.
src/utils/conditionalLogger.ts(112,24): error TS1005: ',' expected.
src/utils/conditionalLogger.ts(112,26): error TS1136: Property assignment expected.
src/utils/conditionalLogger.ts(115,12): error TS1005: ';' expected.
src/utils/conditionalLogger.ts(116,10): error TS1005: ',' expected.
src/utils/conditionalLogger.ts(116,24): error TS1005: ',' expected.
src/utils/conditionalLogger.ts(116,26): error TS1136: Property assignment expected.
src/utils/conditionalLogger.ts(120,22): error TS1005: ',' expected.
src/utils/conditionalLogger.ts(120,37): error TS1005: ',' expected.
src/utils/conditionalLogger.ts(120,53): error TS1109: Expression expected.
src/utils/conditionalLogger.ts(120,62): error TS1005: ';' expected.
src/utils/conditionalLogger.ts(121,10): error TS1005: ',' expected.
src/utils/conditionalLogger.ts(121,24): error TS1005: ',' expected.
src/utils/conditionalLogger.ts(121,26): error TS1136: Property assignment expected.
src/utils/conditionalLogger.ts(128,19): error TS1005: ',' expected.
src/utils/conditionalLogger.ts(128,31): error TS1005: ',' expected.
src/utils/conditionalLogger.ts(128,39): error TS1005: ';' expected.
src/utils/conditionalLogger.ts(129,8): error TS1005: ':' expected.
src/utils/conditionalLogger.ts(129,46): error TS1005: ',' expected.
src/utils/conditionalLogger.ts(130,6): error TS1005: ':' expected.
src/utils/conditionalLogger.ts(130,55): error TS1005: ',' expected.
src/utils/conditionalLogger.ts(134,2): error TS1128: Declaration or statement expected.
src/utils/conditionalLogger.ts(163,4): error TS1005: ',' expected.
src/utils/conditionalLogger.ts(167,2): error TS1128: Declaration or statement expected.
src/utils/conditionalLogger.ts(200,1): error TS1068: Unexpected token. A constructor, method, accessor, or property was expected.
src/utils/dateUtils.ts(219,1): error TS1005: '}' expected.
src/utils/errorUtils.ts(19,38): error TS1138: Parameter declaration expected.
src/utils/errorUtils.ts(50,34): error TS1138: Parameter declaration expected.
src/utils/errorUtils.ts(70,36): error TS1138: Parameter declaration expected.
src/utils/errorUtils.ts(90,39): error TS1138: Parameter declaration expected.
src/utils/errorUtils.ts(126,1): error TS1005: '}' expected.
src/utils/logger.ts(36,24): error TS1138: Parameter declaration expected.
src/utils/logger.ts(55,14): error TS1005: ',' expected.
src/utils/logger.ts(55,28): error TS1005: ',' expected.
src/utils/logger.ts(55,38): error TS1011: An element access expression should take an argument.
src/utils/logger.ts(55,40): error TS1005: ';' expected.
src/utils/logger.ts(56,6): error TS1003: Identifier expected.
src/utils/logger.ts(56,11): error TS1005: ',' expected.
src/utils/logger.ts(56,29): error TS1005: ',' expected.
src/utils/logger.ts(56,31): error TS1136: Property assignment expected.
src/utils/logger.ts(64,14): error TS1005: ',' expected.
src/utils/logger.ts(64,28): error TS1005: ',' expected.
src/utils/logger.ts(64,38): error TS1011: An element access expression should take an argument.
src/utils/logger.ts(64,40): error TS1005: ';' expected.
src/utils/logger.ts(65,6): error TS1003: Identifier expected.
src/utils/logger.ts(65,11): error TS1005: ',' expected.
src/utils/logger.ts(65,29): error TS1005: ',' expected.
src/utils/logger.ts(65,31): error TS1136: Property assignment expected.
src/utils/logger.ts(72,15): error TS1005: ',' expected.
src/utils/logger.ts(72,28): error TS1109: Expression expected.
src/utils/logger.ts(72,54): error TS1005: ',' expected.
src/utils/logger.ts(72,64): error TS1011: An element access expression should take an argument.
src/utils/logger.ts(72,66): error TS1005: ';' expected.
src/utils/logger.ts(73,6): error TS1003: Identifier expected.
src/utils/logger.ts(73,11): error TS1005: ',' expected.
src/utils/logger.ts(73,30): error TS1005: ',' expected.
src/utils/logger.ts(73,32): error TS1136: Property assignment expected.
src/utils/logger.ts(85,2): error TS1128: Declaration or statement expected.
src/utils/logger.ts(105,19): error TS1005: ',' expected.
src/utils/logger.ts(105,31): error TS1109: Expression expected.
src/utils/logger.ts(105,57): error TS1005: ';' expected.
src/utils/logger.ts(106,6): error TS1005: ':' expected.
src/utils/logger.ts(106,43): error TS1005: ',' expected.
src/utils/logger.ts(109,23): error TS1005: ',' expected.
src/utils/logger.ts(109,38): error TS1005: ',' expected.
src/utils/logger.ts(109,44): error TS1005: ';' expected.
src/utils/logger.ts(110,6): error TS1005: ':' expected.
src/utils/logger.ts(110,60): error TS1005: ',' expected.
src/utils/logger.ts(118,1): error TS1005: '}' expected.
src/utils/offlineStorage.ts(133,3): error TS1005: ';' expected.
src/utils/offlineStorage.ts(136,25): error TS1138: Parameter declaration expected.
src/utils/offlineStorage.ts(189,23): error TS1138: Parameter declaration expected.
src/utils/offlineStorage.ts(238,3): error TS1005: ';' expected.
src/utils/offlineStorage.ts(285,3): error TS1005: ';' expected.
src/utils/offlineStorage.ts(347,26): error TS1138: Parameter declaration expected.
src/utils/offlineStorage.ts(376,27): error TS1138: Parameter declaration expected.
src/utils/offlineStorage.ts(392,12): error TS1135: Argument expression expected.
src/utils/offlineStorage.ts(401,3): error TS1005: ';' expected.
src/utils/offlineStorage.ts(417,23): error TS1138: Parameter declaration expected.
src/utils/offlineStorage.ts(452,2): error TS1434: Unexpected keyword or identifier.
src/utils/offlineStorage.ts(452,25): error TS1005: ';' expected.
src/utils/offlineStorage.ts(452,49): error TS1005: ',' expected.
src/utils/offlineStorage.ts(453,6): error TS1003: Identifier expected.
src/utils/offlineStorage.ts(453,29): error TS1005: ',' expected.
src/utils/offlineStorage.ts(453,63): error TS1005: ';' expected.
src/utils/offlineStorage.ts(514,4): error TS1005: 'try' expected.
src/utils/offlineStorage.ts(519,40): error TS1005: ')' expected.
src/utils/offlineStorage.ts(519,55): error TS1005: ';' expected.
src/utils/offlineStorage.ts(523,2): error TS1128: Declaration or statement expected.
src/utils/offlineStorage.ts(526,1): error TS1005: '}' expected.
src/utils/performanceMonitor.ts(69,1): error TS1068: Unexpected token. A constructor, method, accessor, or property was expected.
src/utils/performanceOptimizations.ts(4,44): error TS1138: Parameter declaration expected.
src/utils/performanceOptimizations.ts(6,2): error TS1005: ',' expected.
src/utils/performanceOptimizations.ts(111,21): error TS1005: ',' expected.
src/utils/performanceOptimizations.ts(111,56): error TS1109: Expression expected.
src/utils/performanceOptimizations.ts(111,58): error TS1005: ';' expected.
src/utils/performanceOptimizations.ts(120,21): error TS1005: ',' expected.
src/utils/performanceOptimizations.ts(120,56): error TS1109: Expression expected.
src/utils/performanceOptimizations.ts(120,58): error TS1005: ';' expected.
src/utils/performanceOptimizations.ts(129,15): error TS1005: ';' expected.
src/utils/performanceOptimizations.ts(134,16): error TS1005: ',' expected.
src/utils/performanceOptimizations.ts(134,22): error TS1005: ';' expected.
src/utils/performanceOptimizations.ts(134,24): error TS1434: Unexpected keyword or identifier.
src/utils/performanceOptimizations.ts(141,39): error TS1109: Expression expected.
src/utils/performanceOptimizations.ts(142,5): error TS1005: ')' expected.
src/utils/performanceOptimizations.ts(143,7): error TS1005: ',' expected.
src/utils/performanceOptimizations.ts(143,8): error TS1134: Variable declaration expected.
src/utils/performanceOptimizations.ts(144,8): error TS1005: ',' expected.
src/utils/performanceOptimizations.ts(144,9): error TS1134: Variable declaration expected.
src/utils/performanceOptimizations.ts(146,1): error TS1128: Declaration or statement expected.
src/utils/performanceOptimizations.ts(146,2): error TS1128: Declaration or statement expected.
src/utils/performanceOptimizations.ts(183,39): error TS1109: Expression expected.
src/utils/performanceOptimizations.ts(184,17): error TS1005: ')' expected.
src/utils/performanceOptimizations.ts(184,19): error TS1134: Variable declaration expected.
src/utils/performanceOptimizations.ts(185,1): error TS1128: Declaration or statement expected.
src/utils/performanceOptimizations.ts(185,3): error TS1128: Declaration or statement expected.
src/utils/performanceOptimizations.ts(220,3): error TS1128: Declaration or statement expected.
src/utils/performanceOptimizations.ts(222,9): error TS1005: ',' expected.
src/utils/performanceOptimizations.ts(222,19): error TS1005: ';' expected.
src/utils/performanceOptimizations.ts(230,3): error TS1128: Declaration or statement expected.
src/utils/performanceOptimizations.ts(232,9): error TS1005: ',' expected.
src/utils/performanceOptimizations.ts(232,19): error TS1005: ';' expected.
src/utils/performanceOptimizations.ts(234,3): error TS1128: Declaration or statement expected.
src/utils/performanceOptimizations.ts(236,12): error TS1005: ')' expected.
src/utils/performanceOptimizations.ts(236,14): error TS1434: Unexpected keyword or identifier.
src/utils/performanceOptimizations.ts(236,20): error TS1128: Declaration or statement expected.
src/utils/performanceOptimizations.ts(239,3): error TS1128: Declaration or statement expected.
src/utils/performanceOptimizations.ts(241,10): error TS1005: ';' expected.
src/utils/performanceOptimizations.ts(244,3): error TS1128: Declaration or statement expected.
src/utils/performanceOptimizations.ts(246,9): error TS1005: ';' expected.
src/utils/performanceOptimizations.ts(249,2): error TS1005: ',' expected.
src/utils/performanceOptimizations.ts(252,14): error TS1005: ':' expected.
src/utils/performanceOptimizations.ts(252,39): error TS1005: ',' expected.
src/utils/performanceOptimizations.ts(271,3): error TS1005: ',' expected.
src/utils/performanceOptimizations.ts(275,1): error TS1005: '}' expected.
src/utils/performanceProfiler.ts(4,59): error TS1138: Parameter declaration expected.
src/utils/pwa.ts(41,26): error TS1005: ',' expected.
src/utils/pwa.ts(44,14): error TS1005: ':' expected.
src/utils/pwa.ts(57,47): error TS1005: ',' expected.
src/utils/pwa.ts(60,14): error TS1005: ':' expected.
src/utils/pwa.ts(60,23): error TS1005: ',' expected.
src/utils/pwa.ts(64,9): error TS1005: ',' expected.
src/utils/pwa.ts(64,27): error TS1005: ',' expected.
src/utils/pwa.ts(64,39): error TS1005: '=>' expected.
src/utils/pwa.ts(74,2): error TS1128: Declaration or statement expected.
src/utils/pwa.ts(74,22): error TS1005: ';' expected.
src/utils/pwa.ts(74,24): error TS1434: Unexpected keyword or identifier.
src/utils/pwa.ts(85,2): error TS1128: Declaration or statement expected.
src/utils/pwa.ts(85,23): error TS1005: ';' expected.
src/utils/pwa.ts(85,25): error TS1434: Unexpected keyword or identifier.
src/utils/pwa.ts(92,2): error TS1128: Declaration or statement expected.
src/utils/pwa.ts(92,35): error TS1005: ';' expected.
src/utils/pwa.ts(92,37): error TS1434: Unexpected keyword or identifier.
src/utils/pwa.ts(99,2): error TS1128: Declaration or statement expected.
src/utils/pwa.ts(99,34): error TS1005: ';' expected.
src/utils/pwa.ts(99,36): error TS1434: Unexpected keyword or identifier.
src/utils/pwa.ts(106,2): error TS1128: Declaration or statement expected.
src/utils/pwa.ts(106,36): error TS1005: ';' expected.
src/utils/pwa.ts(106,38): error TS1434: Unexpected keyword or identifier.
src/utils/pwa.ts(116,2): error TS1128: Declaration or statement expected.
src/utils/pwa.ts(116,30): error TS1005: ';' expected.
src/utils/pwa.ts(116,32): error TS1434: Unexpected keyword or identifier.
src/utils/pwa.ts(123,2): error TS1128: Declaration or statement expected.
src/utils/pwa.ts(123,25): error TS1005: ';' expected.
src/utils/pwa.ts(123,27): error TS1434: Unexpected keyword or identifier.
src/utils/pwa.ts(139,2): error TS1128: Declaration or statement expected.
src/utils/pwa.ts(139,24): error TS1005: ';' expected.
src/utils/pwa.ts(139,58): error TS1005: ';' expected.
src/utils/pwa.ts(160,2): error TS1128: Declaration or statement expected.
src/utils/pwa.ts(160,22): error TS1005: ';' expected.
src/utils/pwa.ts(160,24): error TS1434: Unexpected keyword or identifier.
src/utils/pwa.ts(185,2): error TS1128: Declaration or statement expected.
src/utils/pwa.ts(185,21): error TS1005: ';' expected.
src/utils/pwa.ts(185,23): error TS1434: Unexpected keyword or identifier.
src/utils/pwa.ts(200,2): error TS1128: Declaration or statement expected.
src/utils/pwa.ts(200,9): error TS1434: Unexpected keyword or identifier.
src/utils/pwa.ts(200,32): error TS1005: ';' expected.
src/utils/pwa.ts(201,14): error TS1005: ',' expected.
src/utils/pwa.ts(202,19): error TS1005: ',' expected.
src/utils/pwa.ts(205,6): error TS1005: ':' expected.
src/utils/pwa.ts(206,6): error TS1003: Identifier expected.
src/utils/pwa.ts(206,29): error TS1005: ',' expected.
src/utils/pwa.ts(206,63): error TS1005: ',' expected.
src/utils/pwa.ts(206,65): error TS1136: Property assignment expected.
src/utils/pwa.ts(214,2): error TS1128: Declaration or statement expected.
src/utils/pwa.ts(214,4): error TS1005: 'try' expected.
src/utils/pwa.ts(219,2): error TS1128: Declaration or statement expected.
src/utils/pwa.ts(224,2): error TS1128: Declaration or statement expected.
src/utils/pwa.ts(224,9): error TS1434: Unexpected keyword or identifier.
src/utils/pwa.ts(224,27): error TS1005: ';' expected.
src/utils/pwa.ts(225,6): error TS1005: ':' expected.
src/utils/pwa.ts(226,6): error TS1003: Identifier expected.
src/utils/pwa.ts(233,4): error TS1005: ',' expected.
src/utils/pwa.ts(237,2): error TS1005: ',' expected.
src/utils/pwa.ts(237,9): error TS1005: ':' expected.
src/utils/pwa.ts(237,14): error TS1005: ',' expected.
src/utils/pwa.ts(243,2): error TS1128: Declaration or statement expected.
src/utils/pwa.ts(243,25): error TS1005: ';' expected.
src/utils/pwa.ts(275,2): error TS1128: Declaration or statement expected.
src/utils/pwa.ts(275,28): error TS1005: ',' expected.
src/utils/pwa.ts(275,41): error TS1005: ',' expected.
src/utils/pwa.ts(275,47): error TS1109: Expression expected.
src/utils/pwa.ts(275,48): error TS1005: ';' expected.
src/utils/pwa.ts(276,8): error TS1005: ':' expected.
src/utils/pwa.ts(276,54): error TS1005: ',' expected.
src/utils/pwa.ts(277,8): error TS1005: ',' expected.
src/utils/pwa.ts(277,29): error TS1005: ',' expected.
src/utils/pwa.ts(283,2): error TS1128: Declaration or statement expected.
src/utils/pwa.ts(283,35): error TS1005: ',' expected.
src/utils/pwa.ts(283,49): error TS1005: ',' expected.
src/utils/pwa.ts(283,65): error TS1005: ';' expected.
src/utils/pwa.ts(284,8): error TS1005: ',' expected.
src/utils/pwa.ts(284,45): error TS1005: ',' expected.
src/utils/pwa.ts(290,2): error TS1128: Declaration or statement expected.
src/utils/pwa.ts(290,38): error TS1005: ',' expected.
src/utils/pwa.ts(290,52): error TS1005: ',' expected.
src/utils/pwa.ts(290,68): error TS1005: ';' expected.
src/utils/pwa.ts(291,8): error TS1005: ',' expected.
src/utils/pwa.ts(291,48): error TS1005: ',' expected.
src/utils/pwaAnalytics.ts(52,28): error TS1005: ';' expected.
src/utils/pwaAnalytics.ts(59,31): error TS1005: ';' expected.
src/utils/pwaAnalytics.ts(66,32): error TS1005: ';' expected.
src/utils/pwaAnalytics.ts(73,22): error TS1005: ';' expected.
src/utils/pwaAnalytics.ts(80,25): error TS1005: ',' expected.
src/utils/pwaAnalytics.ts(80,34): error TS1005: ';' expected.
src/utils/pwaAnalytics.ts(89,19): error TS1005: ';' expected.
src/utils/pwaAnalytics.ts(96,22): error TS1005: ';' expected.
src/utils/pwaAnalytics.ts(103,22): error TS1005: ';' expected.
src/utils/pwaAnalytics.ts(111,32): error TS1005: ';' expected.
src/utils/pwaAnalytics.ts(118,30): error TS1005: ';' expected.
src/utils/pwaAnalytics.ts(125,31): error TS1005: ',' expected.
src/utils/pwaAnalytics.ts(125,40): error TS1005: ';' expected.
src/utils/pwaAnalytics.ts(134,24): error TS1005: ',' expected.
src/utils/pwaAnalytics.ts(134,31): error TS1005: ';' expected.
src/utils/pwaAnalytics.ts(142,25): error TS1005: ',' expected.
src/utils/pwaAnalytics.ts(142,32): error TS1005: ';' expected.
src/utils/pwaAnalytics.ts(150,23): error TS1005: ',' expected.
src/utils/pwaAnalytics.ts(150,32): error TS1005: ';' expected.
src/utils/pwaAnalytics.ts(159,25): error TS1005: ',' expected.
src/utils/pwaAnalytics.ts(159,35): error TS1005: ';' expected.
src/utils/pwaAnalytics.ts(167,32): error TS1005: ',' expected.
src/utils/pwaAnalytics.ts(167,42): error TS1005: ';' expected.
src/utils/pwaAnalytics.ts(175,30): error TS1005: ',' expected.
src/utils/pwaAnalytics.ts(175,45): error TS1005: ',' expected.
src/utils/pwaAnalytics.ts(175,54): error TS1005: ';' expected.
src/utils/pwaAnalytics.ts(184,41): error TS1005: ';' expected.
src/utils/pwaAnalytics.ts(191,39): error TS1005: ';' expected.
src/utils/pwaAnalytics.ts(198,38): error TS1005: ';' expected.
src/utils/pwaAnalytics.ts(205,30): error TS1005: ';' expected.
src/utils/pwaAnalytics.ts(212,29): error TS1005: ';' expected.
src/utils/pwaAnalytics.ts(220,32): error TS1005: ',' expected.
src/utils/pwaAnalytics.ts(220,39): error TS1005: ';' expected.
src/utils/pwaAnalytics.ts(228,33): error TS1005: ',' expected.
src/utils/pwaAnalytics.ts(228,40): error TS1005: ';' expected.
src/utils/pwaAnalytics.ts(236,30): error TS1005: ';' expected.
src/utils/pwaAnalytics.ts(243,34): error TS1005: ',' expected.
src/utils/pwaAnalytics.ts(243,41): error TS1005: ';' expected.
src/utils/pwaAnalytics.ts(252,25): error TS1005: ';' expected.
src/utils/pwaAnalytics.ts(259,25): error TS1005: ';' expected.
src/utils/pwaAnalytics.ts(266,25): error TS1005: ';' expected.
src/utils/pwaAnalytics.ts(274,26): error TS1005: ',' expected.
src/utils/pwaAnalytics.ts(274,33): error TS1005: ';' expected.
src/utils/pwaAnalytics.ts(282,26): error TS1005: ',' expected.
src/utils/pwaAnalytics.ts(282,33): error TS1005: ';' expected.
src/utils/pwaAnalytics.ts(290,24): error TS1005: ',' expected.
src/utils/pwaAnalytics.ts(290,36): error TS1005: ',' expected.
src/utils/pwaAnalytics.ts(290,45): error TS1005: ';' expected.
src/utils/pwaAnalytics.ts(299,31): error TS1005: ',' expected.
src/utils/pwaAnalytics.ts(299,43): error TS1005: ',' expected.
src/utils/pwaAnalytics.ts(299,66): error TS1005: ',' expected.
src/utils/pwaAnalytics.ts(299,73): error TS1005: ';' expected.
src/utils/pwaAnalytics.ts(309,19): error TS1005: ';' expected.
src/utils/pwaAnalytics.ts(309,39): error TS1011: An element access expression should take an argument.
src/utils/pwaAnalytics.ts(309,41): error TS1005: ';' expected.
src/utils/pwaAnalytics.ts(313,21): error TS1005: ';' expected.
src/utils/pwaAnalytics.ts(314,6): error TS1005: ':' expected.
src/utils/pwaAnalytics.ts(314,18): error TS1005: ',' expected.
src/utils/pwaAnalytics.ts(317,2): error TS1434: Unexpected keyword or identifier.
src/utils/pwaAnalytics.ts(317,27): error TS1005: ';' expected.
src/utils/pwaAnalytics.ts(317,41): error TS1109: Expression expected.
src/utils/pwaAnalytics.ts(318,10): error TS1005: ',' expected.
src/utils/pwaAnalytics.ts(318,30): error TS1005: ',' expected.
src/utils/pwaAnalytics.ts(318,32): error TS1136: Property assignment expected.
src/utils/pwaAnalytics.ts(344,20): error TS1005: ',' expected.
src/utils/pwaAnalytics.ts(344,26): error TS1005: ';' expected.
src/utils/pwaAnalytics.ts(345,6): error TS1005: ':' expected.
src/utils/pwaAnalytics.ts(345,26): error TS1005: ',' expected.
src/utils/pwaAnalytics.ts(348,22): error TS1005: ';' expected.
src/utils/pwaAnalytics.ts(348,24): error TS1434: Unexpected keyword or identifier.
src/utils/pwaAnalytics.ts(359,1): error TS1005: '}' expected.
src/utils/test-setup.ts(377,3): error TS1005: ',' expected.
src/utils/test-setup.ts(419,1): error TS1005: '}' expected.
src/utils/testingHelpers.tsx(38,42): error TS1109: Expression expected.
src/utils/testingHelpers.tsx(39,4): error TS1005: ')' expected.
src/utils/testingHelpers.tsx(40,9): error TS1005: ',' expected.
src/utils/testingHelpers.tsx(40,10): error TS1134: Variable declaration expected.
src/utils/testingHelpers.tsx(41,13): error TS1005: ',' expected.
src/utils/testingHelpers.tsx(41,14): error TS1180: Property destructuring pattern expected.
src/utils/testingHelpers.tsx(41,27): error TS1005: ',' expected.
src/utils/testingHelpers.tsx(43,2): error TS1128: Declaration or statement expected.
src/utils/testingHelpers.tsx(44,1): error TS1128: Declaration or statement expected.
src/utils/testingHelpers.tsx(44,3): error TS1128: Declaration or statement expected.
src/utils/testingHelpers.tsx(83,40): error TS1109: Expression expected.
src/utils/testingHelpers.tsx(84,11): error TS1005: ')' expected.
src/utils/testingHelpers.tsx(84,20): error TS1005: ',' expected.
src/utils/testingHelpers.tsx(84,21): error TS17008: JSX element 'Channel' has no corresponding closing tag.
src/utils/testingHelpers.tsx(85,13): error TS1382: Unexpected token. Did you mean `{'>'}` or `&gt;`?
src/utils/testingHelpers.tsx(86,4): error TS1005: '}' expected.
src/utils/testingHelpers.tsx(98,15): error TS1381: Unexpected token. Did you mean `{'}'}` or `&rbrace;`?
src/utils/testingHelpers.tsx(101,21): error TS17008: JSX element 'Comment' has no corresponding closing tag.
src/utils/testingHelpers.tsx(102,13): error TS1382: Unexpected token. Did you mean `{'>'}` or `&gt;`?
src/utils/testingHelpers.tsx(103,4): error TS1005: '}' expected.
src/utils/testingHelpers.tsx(126,15): error TS1381: Unexpected token. Did you mean `{'}'}` or `&rbrace;`?
src/utils/testingHelpers.tsx(130,16): error TS1382: Unexpected token. Did you mean `{'>'}` or `&gt;`?
src/utils/testingHelpers.tsx(131,12): error TS17008: JSX element 'number' has no corresponding closing tag.
src/utils/testingHelpers.tsx(131,21): error TS1382: Unexpected token. Did you mean `{'>'}` or `&gt;`?
src/utils/testingHelpers.tsx(132,2): error TS1109: Expression expected.
src/utils/testingHelpers.tsx(134,20): error TS1382: Unexpected token. Did you mean `{'>'}` or `&gt;`?
src/utils/testingHelpers.tsx(139,1): error TS1381: Unexpected token. Did you mean `{'}'}` or `&rbrace;`?
src/utils/testingHelpers.tsx(142,76): error TS17008: JSX element 'any' has no corresponding closing tag.
src/utils/testingHelpers.tsx(142,82): error TS1382: Unexpected token. Did you mean `{'>'}` or `&gt;`?
src/utils/testingHelpers.tsx(143,2): error TS1109: Expression expected.
src/utils/testingHelpers.tsx(148,1): error TS1381: Unexpected token. Did you mean `{'}'}` or `&rbrace;`?
src/utils/testingHelpers.tsx(152,12): error TS1005: '}' expected.
src/utils/testingHelpers.tsx(152,47): error TS17008: JSX element 'any' has no corresponding closing tag.
src/utils/testingHelpers.tsx(152,53): error TS1382: Unexpected token. Did you mean `{'>'}` or `&gt;`?
src/utils/testingHelpers.tsx(153,2): error TS1109: Expression expected.
src/utils/testingHelpers.tsx(154,6): error TS1005: '}' expected.
src/utils/testingHelpers.tsx(154,36): error TS1381: Unexpected token. Did you mean `{'}'}` or `&rbrace;`?
src/utils/testingHelpers.tsx(156,2): error TS1381: Unexpected token. Did you mean `{'}'}` or `&rbrace;`?
src/utils/testingHelpers.tsx(158,41): error TS17008: JSX element 'any' has no corresponding closing tag.
src/utils/testingHelpers.tsx(158,47): error TS1382: Unexpected token. Did you mean `{'>'}` or `&gt;`?
src/utils/testingHelpers.tsx(159,2): error TS1109: Expression expected.
src/utils/testingHelpers.tsx(163,2): error TS1381: Unexpected token. Did you mean `{'}'}` or `&rbrace;`?
src/utils/testingHelpers.tsx(165,31): error TS17008: JSX element 'void' has no corresponding closing tag.
src/utils/testingHelpers.tsx(165,38): error TS1382: Unexpected token. Did you mean `{'>'}` or `&gt;`?
src/utils/testingHelpers.tsx(166,2): error TS1109: Expression expected.
src/utils/testingHelpers.tsx(166,54): error TS1005: '}' expected.
src/utils/testingHelpers.tsx(166,64): error TS1381: Unexpected token. Did you mean `{'}'}` or `&rbrace;`?
src/utils/testingHelpers.tsx(168,2): error TS1381: Unexpected token. Did you mean `{'}'}` or `&rbrace;`?
src/utils/testingHelpers.tsx(170,44): error TS17008: JSX element 'any' has no corresponding closing tag.
src/utils/testingHelpers.tsx(170,50): error TS1382: Unexpected token. Did you mean `{'>'}` or `&gt;`?
src/utils/testingHelpers.tsx(171,2): error TS1109: Expression expected.
src/utils/testingHelpers.tsx(171,57): error TS1005: '}' expected.
src/utils/testingHelpers.tsx(171,75): error TS1381: Unexpected token. Did you mean `{'}'}` or `&rbrace;`?
src/utils/testingHelpers.tsx(175,56): error TS1005: '}' expected.
src/utils/testingHelpers.tsx(175,69): error TS1381: Unexpected token. Did you mean `{'}'}` or `&rbrace;`?
src/utils/testingHelpers.tsx(177,2): error TS1381: Unexpected token. Did you mean `{'}'}` or `&rbrace;`?
src/utils/testingHelpers.tsx(179,40): error TS17008: JSX element 'void' has no corresponding closing tag.
src/utils/testingHelpers.tsx(179,47): error TS1382: Unexpected token. Did you mean `{'>'}` or `&gt;`?
src/utils/testingHelpers.tsx(180,2): error TS1109: Expression expected.
src/utils/testingHelpers.tsx(180,59): error TS1005: '}' expected.
src/utils/testingHelpers.tsx(180,74): error TS1381: Unexpected token. Did you mean `{'}'}` or `&rbrace;`?
src/utils/testingHelpers.tsx(182,2): error TS1381: Unexpected token. Did you mean `{'}'}` or `&rbrace;`?
src/utils/testingHelpers.tsx(186,8): error TS1005: '}' expected.
src/utils/testingHelpers.tsx(187,10): error TS1005: '}' expected.
src/utils/testingHelpers.tsx(187,33): error TS1005: '}' expected.
src/utils/testingHelpers.tsx(188,28): error TS1381: Unexpected token. Did you mean `{'}'}` or `&rbrace;`?
src/utils/testingHelpers.tsx(189,24): error TS1382: Unexpected token. Did you mean `{'>'}` or `&gt;`?
src/utils/testingHelpers.tsx(190,22): error TS1005: '}' expected.
src/utils/testingHelpers.tsx(191,38): error TS1381: Unexpected token. Did you mean `{'}'}` or `&rbrace;`?
src/utils/testingHelpers.tsx(191,42): error TS1381: Unexpected token. Did you mean `{'}'}` or `&rbrace;`?
src/utils/testingHelpers.tsx(194,6): error TS1005: '}' expected.
src/utils/testingHelpers.tsx(194,22): error TS1382: Unexpected token. Did you mean `{'>'}` or `&gt;`?
src/utils/testingHelpers.tsx(195,30): error TS1005: '}' expected.
src/utils/testingHelpers.tsx(195,48): error TS1381: Unexpected token. Did you mean `{'}'}` or `&rbrace;`?
src/utils/testingHelpers.tsx(195,51): error TS1381: Unexpected token. Did you mean `{'}'}` or `&rbrace;`?
src/utils/testingHelpers.tsx(197,11): error TS1005: '}' expected.
src/utils/testingHelpers.tsx(197,29): error TS1382: Unexpected token. Did you mean `{'>'}` or `&gt;`?
src/utils/testingHelpers.tsx(198,24): error TS1005: '}' expected.
src/utils/testingHelpers.tsx(199,42): error TS1381: Unexpected token. Did you mean `{'}'}` or `&rbrace;`?
src/utils/testingHelpers.tsx(199,46): error TS1381: Unexpected token. Did you mean `{'}'}` or `&rbrace;`?
src/utils/testingHelpers.tsx(203,15): error TS1005: '}' expected.
src/utils/testingHelpers.tsx(204,34): error TS1005: '}' expected.
src/utils/testingHelpers.tsx(204,54): error TS17008: JSX element 'void' has no corresponding closing tag.
src/utils/testingHelpers.tsx(204,61): error TS1382: Unexpected token. Did you mean `{'>'}` or `&gt;`?
src/utils/testingHelpers.tsx(205,48): error TS1005: '}' expected.
src/utils/testingHelpers.tsx(207,35): error TS1005: '}' expected.
src/utils/testingHelpers.tsx(207,46): error TS1381: Unexpected token. Did you mean `{'}'}` or `&rbrace;`?
src/utils/testingHelpers.tsx(209,2): error TS1381: Unexpected token. Did you mean `{'}'}` or `&rbrace;`?
src/utils/testingHelpers.tsx(211,36): error TS1382: Unexpected token. Did you mean `{'>'}` or `&gt;`?
src/utils/testingHelpers.tsx(212,75): error TS1005: '}' expected.
src/utils/testingHelpers.tsx(213,42): error TS1005: '}' expected.
src/utils/testingHelpers.tsx(213,52): error TS1381: Unexpected token. Did you mean `{'}'}` or `&rbrace;`?
src/utils/testingHelpers.tsx(214,2): error TS1381: Unexpected token. Did you mean `{'}'}` or `&rbrace;`?
src/utils/testingHelpers.tsx(214,4): error TS1381: Unexpected token. Did you mean `{'}'}` or `&rbrace;`?
src/utils/testingHelpers.tsx(217,30): error TS1005: '}' expected.
src/utils/testingHelpers.tsx(217,50): error TS17008: JSX element 'void' has no corresponding closing tag.
src/utils/testingHelpers.tsx(217,57): error TS1382: Unexpected token. Did you mean `{'>'}` or `&gt;`?
src/utils/testingHelpers.tsx(218,35): error TS1005: '}' expected.
src/utils/testingHelpers.tsx(220,35): error TS1005: '}' expected.
src/utils/testingHelpers.tsx(220,46): error TS1381: Unexpected token. Did you mean `{'}'}` or `&rbrace;`?
src/utils/testingHelpers.tsx(222,2): error TS1381: Unexpected token. Did you mean `{'}'}` or `&rbrace;`?
src/utils/testingHelpers.tsx(224,52): error TS17008: JSX element 'void' has no corresponding closing tag.
src/utils/testingHelpers.tsx(224,59): error TS1382: Unexpected token. Did you mean `{'>'}` or `&gt;`?
src/utils/testingHelpers.tsx(225,50): error TS1005: '}' expected.
src/utils/testingHelpers.tsx(227,2): error TS1381: Unexpected token. Did you mean `{'}'}` or `&rbrace;`?
src/utils/testingHelpers.tsx(227,4): error TS1381: Unexpected token. Did you mean `{'}'}` or `&rbrace;`?
src/utils/testingHelpers.tsx(230,33): error TS1005: '}' expected.
src/utils/testingHelpers.tsx(230,53): error TS17008: JSX element 'void' has no corresponding closing tag.
src/utils/testingHelpers.tsx(230,60): error TS1382: Unexpected token. Did you mean `{'>'}` or `&gt;`?
src/utils/testingHelpers.tsx(231,48): error TS1005: '}' expected.
src/utils/testingHelpers.tsx(233,2): error TS1381: Unexpected token. Did you mean `{'}'}` or `&rbrace;`?
src/utils/testingHelpers.tsx(235,48): error TS17008: JSX element 'void' has no corresponding closing tag.
src/utils/testingHelpers.tsx(235,55): error TS1382: Unexpected token. Did you mean `{'>'}` or `&gt;`?
src/utils/testingHelpers.tsx(236,47): error TS1005: '}' expected.
src/utils/testingHelpers.tsx(238,2): error TS1381: Unexpected token. Did you mean `{'}'}` or `&rbrace;`?
src/utils/testingHelpers.tsx(238,4): error TS1381: Unexpected token. Did you mean `{'}'}` or `&rbrace;`?
src/utils/testingHelpers.tsx(242,17): error TS1005: '}' expected.
src/utils/testingHelpers.tsx(243,15): error TS1005: '}' expected.
src/utils/testingHelpers.tsx(245,2): error TS1381: Unexpected token. Did you mean `{'}'}` or `&rbrace;`?
src/utils/testingHelpers.tsx(248,13): error TS1005: '}' expected.
src/utils/testingHelpers.tsx(250,2): error TS1381: Unexpected token. Did you mean `{'}'}` or `&rbrace;`?
src/utils/testingHelpers.tsx(253,15): error TS1005: '}' expected.
src/utils/testingHelpers.tsx(255,2): error TS1381: Unexpected token. Did you mean `{'}'}` or `&rbrace;`?
src/utils/testingHelpers.tsx(258,1): error TS1005: '</' expected.
src/utils/youtubeApiUtils.ts(57,52): error TS1138: Parameter declaration expected.
src/utils/youtubeApiUtils.ts(78,48): error TS1138: Parameter declaration expected.
src/utils/youtubeApiUtils.ts(92,3): error TS1005: '}' expected.
store/index.ts(166,14): error TS1005: ',' expected.
store/index.ts(169,14): error TS1005: ':' expected.
store/index.ts(310,3): error TS1128: Declaration or statement expected.
store/index.ts(378,4): error TS1005: ',' expected.
store/index.ts(381,14): error TS1005: ':' expected.
store/index.ts(381,22): error TS1005: ',' expected.
store/index.ts(381,71): error TS1005: ',' expected.
store/index.ts(382,14): error TS1005: ':' expected.
store/index.ts(382,24): error TS1005: ',' expected.
store/index.ts(385,45): error TS1005: ',' expected.
store/index.ts(386,14): error TS1005: ':' expected.
store/index.ts(386,27): error TS1005: ',' expected.
store/index.ts(390,32): error TS1005: ',' expected.
store/index.ts(391,14): error TS1005: ':' expected.
store/index.ts(391,21): error TS1005: ',' expected.
store/index.ts(394,26): error TS1005: ',' expected.
store/index.ts(395,14): error TS1005: ':' expected.
store/index.ts(395,23): error TS1005: ',' expected.
store/index.ts(416,2): error TS1005: ',' expected.
store/index.ts(417,14): error TS1005: ':' expected.
store/index.ts(417,25): error TS1005: ',' expected.
store/index.ts(423,34): error TS1005: ',' expected.
store/index.ts(424,14): error TS1005: ':' expected.
store/index.ts(424,26): error TS1005: ',' expected.
store/index.ts(433,35): error TS1005: ',' expected.
store/index.ts(434,14): error TS1005: ':' expected.
store/index.ts(434,23): error TS1005: ',' expected.
store/index.ts(440,30): error TS1005: ',' expected.
store/index.ts(440,31): error TS1005: '}' expected.
stores/storeUtils.ts(66,35): error TS1138: Parameter declaration expected.
stores/storeUtils.ts(123,3): error TS1005: ',' expected.
stores/storeUtils.ts(187,3): error TS1005: ',' expected.
stores/storeUtils.ts(212,15): error TS1005: ';' expected.
stores/storeUtils.ts(213,7): error TS1359: Identifier expected. 'const' is a reserved word that cannot be used here.
stores/storeUtils.ts(213,13): error TS1005: ',' expected.
stores/storeUtils.ts(213,20): error TS1005: ',' expected.
stores/storeUtils.ts(213,23): error TS1005: ',' expected.
stores/storeUtils.ts(213,27): error TS1005: ',' expected.
stores/storeUtils.ts(213,44): error TS1005: ',' expected.
stores/storeUtils.ts(213,46): error TS1136: Property assignment expected.
stores/storeUtils.ts(232,40): error TS1138: Parameter declaration expected.
stores/storeUtils.ts(285,62): error TS1138: Parameter declaration expected.
stores/storeUtils.ts(299,38): error TS1138: Parameter declaration expected.
stores/storeUtils.ts(361,2): error TS1128: Declaration or statement expected.
stores/storeUtils.ts(375,1): error TS1068: Unexpected token. A constructor, method, accessor, or property was expected.
stores/storeUtils.ts(496,1): error TS1434: Unexpected keyword or identifier.
stores/storeUtils.ts(496,8): error TS1434: Unexpected keyword or identifier.
stores/storeUtils.ts(496,27): error TS1005: '}' expected.
test/test-utils.tsx(1,47): error TS1005: ',' expected.
test/test-utils.tsx(1,64): error TS1005: ';' expected.
test/test-utils.tsx(93,28): error TS1109: Expression expected.
test/test-utils.tsx(94,4): error TS1005: ')' expected.
test/test-utils.tsx(95,35): error TS1005: ',' expected.
test/test-utils.tsx(95,37): error TS1005: ';' expected.
test/test-utils.tsx(250,28): error TS1005: ',' expected.
test/test-utils.tsx(252,8): error TS1005: ',' expected.
test/test-utils.tsx(254,19): error TS1005: ',' expected.
test/test-utils.tsx(256,9): error TS1005: ':' expected.
test/test-utils.tsx(256,24): error TS1005: ',' expected.
test/test-utils.tsx(343,1): error TS1005: '}' expected.
tests/examples/integration.test.tsx(132,7): error TS1005: ',' expected.
tests/examples/integration.test.tsx(186,3): error TS1382: Unexpected token. Did you mean `{'>'}` or `&gt;`?
tests/examples/integration.test.tsx(195,2): error TS1005: '}' expected.
tests/examples/integration.test.tsx(196,2): error TS1005: '}' expected.
tests/examples/integration.test.tsx(197,2): error TS1005: '}' expected.
tests/examples/integration.test.tsx(197,3): error TS1382: Unexpected token. Did you mean `{'>'}` or `&gt;`?
tests/examples/integration.test.tsx(202,3): error TS1382: Unexpected token. Did you mean `{'>'}` or `&gt;`?
tests/examples/integration.test.tsx(212,3): error TS1382: Unexpected token. Did you mean `{'>'}` or `&gt;`?
tests/examples/integration.test.tsx(251,16): error TS1128: Declaration or statement expected.
tests/examples/integration.test.tsx(545,37): error TS1136: Property assignment expected.
tests/examples/integration.test.tsx(645,1): error TS1005: '}' expected.
tests/examples/VideoDescription.test.tsx(64,2): error TS1005: ',' expected.
tests/examples/VideoDescription.test.tsx(64,15): error TS1136: Property assignment expected.
tests/examples/VideoDescription.test.tsx(64,18): error TS1005: ',' expected.
tests/examples/VideoDescription.test.tsx(65,23): error TS1136: Property assignment expected.
tests/examples/VideoDescription.test.tsx(65,26): error TS1005: ';' expected.
tests/examples/VideoDescription.test.tsx(66,26): error TS1136: Property assignment expected.
tests/examples/VideoDescription.test.tsx(66,29): error TS1005: ';' expected.
tests/examples/VideoDescription.test.tsx(67,2): error TS1161: Unterminated regular expression literal.
tests/examples/VideoDescription.test.tsx(68,2): error TS1128: Declaration or statement expected.
tests/examples/VideoDescription.test.tsx(99,2): error TS1005: ',' expected.
tests/examples/VideoDescription.test.tsx(99,15): error TS1136: Property assignment expected.
tests/examples/VideoDescription.test.tsx(99,18): error TS1005: ',' expected.
tests/examples/VideoDescription.test.tsx(100,2): error TS1005: ',' expected.
tests/examples/VideoDescription.test.tsx(100,23): error TS1136: Property assignment expected.
tests/examples/VideoDescription.test.tsx(100,26): error TS1005: ',' expected.
tests/examples/VideoDescription.test.tsx(101,2): error TS1005: ',' expected.
tests/examples/VideoDescription.test.tsx(101,26): error TS1136: Property assignment expected.
tests/examples/VideoDescription.test.tsx(101,29): error TS1005: ',' expected.
tests/examples/VideoDescription.test.tsx(102,3): error TS1109: Expression expected.
tests/examples/VideoDescription.test.tsx(103,2): error TS1109: Expression expected.
tests/examples/VideoDescription.test.tsx(122,2): error TS1005: ',' expected.
tests/examples/VideoDescription.test.tsx(122,15): error TS1136: Property assignment expected.
tests/examples/VideoDescription.test.tsx(122,18): error TS1005: ',' expected.
tests/examples/VideoDescription.test.tsx(123,2): error TS1005: ',' expected.
tests/examples/VideoDescription.test.tsx(123,23): error TS1136: Property assignment expected.
tests/examples/VideoDescription.test.tsx(123,26): error TS1005: ',' expected.
tests/examples/VideoDescription.test.tsx(124,2): error TS1005: ',' expected.
tests/examples/VideoDescription.test.tsx(124,26): error TS1136: Property assignment expected.
tests/examples/VideoDescription.test.tsx(124,29): error TS1005: ',' expected.
tests/examples/VideoDescription.test.tsx(125,3): error TS1109: Expression expected.
tests/examples/VideoDescription.test.tsx(126,2): error TS1109: Expression expected.
tests/examples/VideoDescription.test.tsx(148,2): error TS1005: ',' expected.
tests/examples/VideoDescription.test.tsx(148,15): error TS1136: Property assignment expected.
tests/examples/VideoDescription.test.tsx(148,18): error TS1005: ',' expected.
tests/examples/VideoDescription.test.tsx(149,2): error TS1005: ',' expected.
tests/examples/VideoDescription.test.tsx(149,23): error TS1136: Property assignment expected.
tests/examples/VideoDescription.test.tsx(149,26): error TS1005: ',' expected.
tests/examples/VideoDescription.test.tsx(150,2): error TS1005: ',' expected.
tests/examples/VideoDescription.test.tsx(150,26): error TS1136: Property assignment expected.
tests/examples/VideoDescription.test.tsx(150,29): error TS1005: ',' expected.
tests/examples/VideoDescription.test.tsx(151,3): error TS1109: Expression expected.
tests/examples/VideoDescription.test.tsx(152,2): error TS1109: Expression expected.
tests/examples/VideoDescription.test.tsx(190,2): error TS1005: ',' expected.
tests/examples/VideoDescription.test.tsx(190,15): error TS1136: Property assignment expected.
tests/examples/VideoDescription.test.tsx(190,18): error TS1005: ',' expected.
tests/examples/VideoDescription.test.tsx(191,2): error TS1005: ',' expected.
tests/examples/VideoDescription.test.tsx(191,23): error TS1136: Property assignment expected.
tests/examples/VideoDescription.test.tsx(191,26): error TS1005: ',' expected.
tests/examples/VideoDescription.test.tsx(192,2): error TS1005: ',' expected.
tests/examples/VideoDescription.test.tsx(192,26): error TS1136: Property assignment expected.
tests/examples/VideoDescription.test.tsx(192,29): error TS1005: ',' expected.
tests/examples/VideoDescription.test.tsx(193,3): error TS1109: Expression expected.
tests/examples/VideoDescription.test.tsx(194,2): error TS1109: Expression expected.
tests/examples/VideoDescription.test.tsx(214,2): error TS1005: ',' expected.
tests/examples/VideoDescription.test.tsx(214,23): error TS1136: Property assignment expected.
tests/examples/VideoDescription.test.tsx(214,26): error TS1005: ',' expected.
tests/examples/VideoDescription.test.tsx(215,2): error TS1005: ',' expected.
tests/examples/VideoDescription.test.tsx(215,26): error TS1136: Property assignment expected.
tests/examples/VideoDescription.test.tsx(215,29): error TS1005: ',' expected.
tests/examples/VideoDescription.test.tsx(216,3): error TS1109: Expression expected.
tests/examples/VideoDescription.test.tsx(217,2): error TS1109: Expression expected.
tests/examples/VideoDescription.test.tsx(239,2): error TS1005: ',' expected.
tests/examples/VideoDescription.test.tsx(239,23): error TS1136: Property assignment expected.
tests/examples/VideoDescription.test.tsx(239,26): error TS1005: ',' expected.
tests/examples/VideoDescription.test.tsx(240,2): error TS1005: ',' expected.
tests/examples/VideoDescription.test.tsx(240,26): error TS1136: Property assignment expected.
tests/examples/VideoDescription.test.tsx(240,29): error TS1005: ',' expected.
tests/examples/VideoDescription.test.tsx(241,3): error TS1109: Expression expected.
tests/examples/VideoDescription.test.tsx(242,2): error TS1109: Expression expected.
tests/examples/VideoDescription.test.tsx(275,2): error TS1005: ',' expected.
tests/examples/VideoDescription.test.tsx(275,15): error TS1136: Property assignment expected.
tests/examples/VideoDescription.test.tsx(275,18): error TS1005: ',' expected.
tests/examples/VideoDescription.test.tsx(276,2): error TS1005: ',' expected.
tests/examples/VideoDescription.test.tsx(276,23): error TS1136: Property assignment expected.
tests/examples/VideoDescription.test.tsx(276,26): error TS1005: ',' expected.
tests/examples/VideoDescription.test.tsx(277,2): error TS1005: ',' expected.
tests/examples/VideoDescription.test.tsx(277,26): error TS1136: Property assignment expected.
tests/examples/VideoDescription.test.tsx(277,29): error TS1005: ',' expected.
tests/examples/VideoDescription.test.tsx(278,3): error TS1109: Expression expected.
tests/examples/VideoDescription.test.tsx(279,2): error TS1109: Expression expected.
tests/examples/VideoDescription.test.tsx(302,2): error TS1005: ',' expected.
tests/examples/VideoDescription.test.tsx(302,15): error TS1136: Property assignment expected.
tests/examples/VideoDescription.test.tsx(302,18): error TS1005: ',' expected.
tests/examples/VideoDescription.test.tsx(303,23): error TS1136: Property assignment expected.
tests/examples/VideoDescription.test.tsx(303,26): error TS1005: ';' expected.
tests/examples/VideoDescription.test.tsx(304,26): error TS1136: Property assignment expected.
tests/examples/VideoDescription.test.tsx(304,29): error TS1005: ';' expected.
tests/examples/VideoDescription.test.tsx(305,2): error TS1161: Unterminated regular expression literal.
tests/examples/VideoDescription.test.tsx(306,2): error TS1128: Declaration or statement expected.
tests/examples/VideoDescription.test.tsx(326,2): error TS1128: Declaration or statement expected.
tests/examples/VideoDescription.test.tsx(326,3): error TS1128: Declaration or statement expected.
tests/examples/VideoDescription.test.tsx(340,2): error TS1005: ',' expected.
tests/examples/VideoDescription.test.tsx(340,15): error TS1136: Property assignment expected.
tests/examples/VideoDescription.test.tsx(340,18): error TS1005: ',' expected.
tests/examples/VideoDescription.test.tsx(341,23): error TS1136: Property assignment expected.
tests/examples/VideoDescription.test.tsx(341,26): error TS1005: ';' expected.
tests/examples/VideoDescription.test.tsx(342,26): error TS1136: Property assignment expected.
tests/examples/VideoDescription.test.tsx(342,29): error TS1005: ';' expected.
tests/examples/VideoDescription.test.tsx(343,2): error TS1161: Unterminated regular expression literal.
tests/examples/VideoDescription.test.tsx(344,2): error TS1128: Declaration or statement expected.
tests/examples/VideoDescription.test.tsx(369,2): error TS1005: ',' expected.
tests/examples/VideoDescription.test.tsx(369,15): error TS1136: Property assignment expected.
tests/examples/VideoDescription.test.tsx(369,18): error TS1005: ',' expected.
tests/examples/VideoDescription.test.tsx(370,2): error TS1005: ',' expected.
tests/examples/VideoDescription.test.tsx(370,23): error TS1136: Property assignment expected.
tests/examples/VideoDescription.test.tsx(370,26): error TS1005: ',' expected.
tests/examples/VideoDescription.test.tsx(371,2): error TS1005: ',' expected.
tests/examples/VideoDescription.test.tsx(371,26): error TS1136: Property assignment expected.
tests/examples/VideoDescription.test.tsx(371,29): error TS1005: ',' expected.
tests/examples/VideoDescription.test.tsx(372,3): error TS1109: Expression expected.
tests/examples/VideoDescription.test.tsx(373,2): error TS1109: Expression expected.
tests/examples/VideoDescription.test.tsx(379,2): error TS1128: Declaration or statement expected.
tests/examples/VideoDescription.test.tsx(379,3): error TS1128: Declaration or statement expected.
tests/examples/VideoDescription.test.tsx(399,2): error TS1005: ',' expected.
tests/examples/VideoDescription.test.tsx(399,15): error TS1136: Property assignment expected.
tests/examples/VideoDescription.test.tsx(399,18): error TS1005: ',' expected.
tests/examples/VideoDescription.test.tsx(400,2): error TS1005: ',' expected.
tests/examples/VideoDescription.test.tsx(400,23): error TS1136: Property assignment expected.
tests/examples/VideoDescription.test.tsx(400,26): error TS1005: ',' expected.
tests/examples/VideoDescription.test.tsx(401,2): error TS1005: ',' expected.
tests/examples/VideoDescription.test.tsx(401,26): error TS1136: Property assignment expected.
tests/examples/VideoDescription.test.tsx(401,29): error TS1005: ',' expected.
tests/examples/VideoDescription.test.tsx(402,3): error TS1109: Expression expected.
tests/examples/VideoDescription.test.tsx(403,2): error TS1109: Expression expected.
tests/examples/VideoDescription.test.tsx(427,2): error TS1005: ',' expected.
tests/examples/VideoDescription.test.tsx(427,15): error TS1136: Property assignment expected.
tests/examples/VideoDescription.test.tsx(427,18): error TS1005: ',' expected.
tests/examples/VideoDescription.test.tsx(428,2): error TS1005: ',' expected.
tests/examples/VideoDescription.test.tsx(428,23): error TS1136: Property assignment expected.
tests/examples/VideoDescription.test.tsx(428,26): error TS1005: ',' expected.
tests/examples/VideoDescription.test.tsx(429,2): error TS1005: ',' expected.
tests/examples/VideoDescription.test.tsx(429,26): error TS1136: Property assignment expected.
tests/examples/VideoDescription.test.tsx(429,29): error TS1005: ',' expected.
tests/examples/VideoDescription.test.tsx(430,3): error TS1109: Expression expected.
tests/examples/VideoDescription.test.tsx(431,2): error TS1109: Expression expected.
tests/examples/VideoDescription.test.tsx(448,2): error TS1005: ',' expected.
tests/examples/VideoDescription.test.tsx(448,15): error TS1136: Property assignment expected.
tests/examples/VideoDescription.test.tsx(448,18): error TS1005: ',' expected.
tests/examples/VideoDescription.test.tsx(449,2): error TS1005: ',' expected.
tests/examples/VideoDescription.test.tsx(449,23): error TS1136: Property assignment expected.
tests/examples/VideoDescription.test.tsx(449,26): error TS1005: ',' expected.
tests/examples/VideoDescription.test.tsx(450,2): error TS1005: ',' expected.
tests/examples/VideoDescription.test.tsx(450,26): error TS1136: Property assignment expected.
tests/examples/VideoDescription.test.tsx(450,29): error TS1005: ',' expected.
tests/examples/VideoDescription.test.tsx(451,3): error TS1109: Expression expected.
tests/examples/VideoDescription.test.tsx(452,2): error TS1109: Expression expected.
tests/examples/VideoDescription.test.tsx(468,2): error TS1005: ',' expected.
tests/examples/VideoDescription.test.tsx(468,15): error TS1136: Property assignment expected.
tests/examples/VideoDescription.test.tsx(468,18): error TS1005: ',' expected.
tests/examples/VideoDescription.test.tsx(469,2): error TS1005: ',' expected.
tests/examples/VideoDescription.test.tsx(469,23): error TS1136: Property assignment expected.
tests/examples/VideoDescription.test.tsx(469,26): error TS1005: ',' expected.
tests/examples/VideoDescription.test.tsx(470,2): error TS1005: ',' expected.
tests/examples/VideoDescription.test.tsx(470,26): error TS1136: Property assignment expected.
tests/examples/VideoDescription.test.tsx(470,29): error TS1005: ',' expected.
tests/examples/VideoDescription.test.tsx(471,3): error TS1109: Expression expected.
tests/examples/VideoDescription.test.tsx(472,2): error TS1109: Expression expected.
tests/examples/VideoDescription.test.tsx(488,2): error TS1005: ',' expected.
tests/examples/VideoDescription.test.tsx(488,15): error TS1136: Property assignment expected.
tests/examples/VideoDescription.test.tsx(488,18): error TS1005: ',' expected.
tests/examples/VideoDescription.test.tsx(489,2): error TS1005: ',' expected.
tests/examples/VideoDescription.test.tsx(489,23): error TS1136: Property assignment expected.
tests/examples/VideoDescription.test.tsx(489,26): error TS1005: ',' expected.
tests/examples/VideoDescription.test.tsx(490,2): error TS1005: ',' expected.
tests/examples/VideoDescription.test.tsx(490,26): error TS1136: Property assignment expected.
tests/examples/VideoDescription.test.tsx(490,29): error TS1005: ',' expected.
tests/examples/VideoDescription.test.tsx(491,3): error TS1109: Expression expected.
tests/examples/VideoDescription.test.tsx(492,2): error TS1109: Expression expected.
tests/examples/VideoDescription.test.tsx(510,2): error TS1005: ',' expected.
tests/examples/VideoDescription.test.tsx(510,15): error TS1136: Property assignment expected.
tests/examples/VideoDescription.test.tsx(510,18): error TS1005: ',' expected.
tests/examples/VideoDescription.test.tsx(511,23): error TS1136: Property assignment expected.
tests/examples/VideoDescription.test.tsx(511,26): error TS1005: ';' expected.
tests/examples/VideoDescription.test.tsx(512,26): error TS1136: Property assignment expected.
tests/examples/VideoDescription.test.tsx(512,29): error TS1005: ';' expected.
tests/examples/VideoDescription.test.tsx(513,2): error TS1161: Unterminated regular expression literal.
tests/examples/VideoDescription.test.tsx(514,2): error TS1128: Declaration or statement expected.
tests/examples/VideoDescription.test.tsx(522,2): error TS1128: Declaration or statement expected.
tests/examples/VideoDescription.test.tsx(522,3): error TS1128: Declaration or statement expected.
tests/examples/VideoDescription.test.tsx(539,2): error TS1005: ',' expected.
tests/examples/VideoDescription.test.tsx(539,15): error TS1136: Property assignment expected.
tests/examples/VideoDescription.test.tsx(539,18): error TS1005: ',' expected.
tests/examples/VideoDescription.test.tsx(540,2): error TS1005: ',' expected.
tests/examples/VideoDescription.test.tsx(540,23): error TS1136: Property assignment expected.
tests/examples/VideoDescription.test.tsx(540,26): error TS1005: ',' expected.
tests/examples/VideoDescription.test.tsx(541,2): error TS1005: ',' expected.
tests/examples/VideoDescription.test.tsx(541,26): error TS1136: Property assignment expected.
tests/examples/VideoDescription.test.tsx(541,29): error TS1005: ',' expected.
tests/examples/VideoDescription.test.tsx(542,3): error TS1109: Expression expected.
tests/examples/VideoDescription.test.tsx(543,2): error TS1109: Expression expected.
tests/examples/VideoDescription.test.tsx(566,2): error TS1005: ',' expected.
tests/examples/VideoDescription.test.tsx(566,15): error TS1136: Property assignment expected.
tests/examples/VideoDescription.test.tsx(566,18): error TS1005: ',' expected.
tests/examples/VideoDescription.test.tsx(567,2): error TS1005: ',' expected.
tests/examples/VideoDescription.test.tsx(567,23): error TS1136: Property assignment expected.
tests/examples/VideoDescription.test.tsx(567,26): error TS1005: ',' expected.
tests/examples/VideoDescription.test.tsx(568,2): error TS1005: ',' expected.
tests/examples/VideoDescription.test.tsx(568,26): error TS1136: Property assignment expected.
tests/examples/VideoDescription.test.tsx(568,29): error TS1005: ',' expected.
tests/examples/VideoDescription.test.tsx(569,3): error TS1109: Expression expected.
tests/examples/VideoDescription.test.tsx(570,2): error TS1109: Expression expected.
tests/examples/VideoDescription.test.tsx(592,2): error TS1005: ',' expected.
tests/examples/VideoDescription.test.tsx(592,15): error TS1136: Property assignment expected.
tests/examples/VideoDescription.test.tsx(592,18): error TS1005: ',' expected.
tests/examples/VideoDescription.test.tsx(593,2): error TS1005: ',' expected.
tests/examples/VideoDescription.test.tsx(593,23): error TS1136: Property assignment expected.
tests/examples/VideoDescription.test.tsx(593,26): error TS1005: ',' expected.
tests/examples/VideoDescription.test.tsx(594,2): error TS1005: ',' expected.
tests/examples/VideoDescription.test.tsx(594,26): error TS1136: Property assignment expected.
tests/examples/VideoDescription.test.tsx(594,29): error TS1005: ',' expected.
tests/examples/VideoDescription.test.tsx(595,3): error TS1109: Expression expected.
tests/examples/VideoDescription.test.tsx(596,2): error TS1109: Expression expected.
tests/examples/VideoDescription.test.tsx(619,2): error TS1005: ',' expected.
tests/examples/VideoDescription.test.tsx(619,15): error TS1136: Property assignment expected.
tests/examples/VideoDescription.test.tsx(619,18): error TS1005: ',' expected.
tests/examples/VideoDescription.test.tsx(620,2): error TS1005: ',' expected.
tests/examples/VideoDescription.test.tsx(620,23): error TS1136: Property assignment expected.
tests/examples/VideoDescription.test.tsx(620,26): error TS1005: ',' expected.
tests/examples/VideoDescription.test.tsx(621,2): error TS1005: ',' expected.
tests/examples/VideoDescription.test.tsx(621,26): error TS1136: Property assignment expected.
tests/examples/VideoDescription.test.tsx(621,29): error TS1005: ',' expected.
tests/examples/VideoDescription.test.tsx(622,3): error TS1109: Expression expected.
tests/examples/VideoDescription.test.tsx(623,2): error TS1109: Expression expected.
tests/examples/VideoDescription.test.tsx(634,1): error TS1128: Declaration or statement expected.
tests/examples/VideoDescription.test.tsx(634,2): error TS1128: Declaration or statement expected.
tests/setup.ts(258,2): error TS1128: Declaration or statement expected.
tests/setup.ts(283,11): error TS1138: Parameter declaration expected.
tests/setup.ts(355,2): error TS1005: ';' expected.
tests/setup.ts(500,5): error TS1005: ',' expected.
tests/setup.ts(503,8): error TS1005: ':' expected.
tests/setup.ts(503,47): error TS1005: ',' expected.
tests/setup.ts(506,8): error TS1005: ':' expected.
tests/setup.ts(511,37): error TS1005: ',' expected.
tests/setup.ts(514,8): error TS1005: ',' expected.
tests/setup.ts(516,3): error TS1005: ',' expected.
tests/setup.ts(519,8): error TS1005: ',' expected.
tests/setup.ts(521,3): error TS1005: ',' expected.
tests/setup.ts(523,1): error TS1136: Property assignment expected.
utils/accessibilityUtils.tsx(87,19): error TS1136: Property assignment expected.
utils/accessibilityUtils.tsx(87,20): error TS1109: Expression expected.
utils/accessibilityUtils.tsx(88,22): error TS1003: Identifier expected.
utils/accessibilityUtils.tsx(88,23): error TS1109: Expression expected.
utils/accessibilityUtils.tsx(91,2): error TS1128: Declaration or statement expected.
utils/accessibilityUtils.tsx(113,16): error TS1005: ',' expected.
utils/accessibilityUtils.tsx(165,28): error TS1005: ',' expected.
utils/accessibilityUtils.tsx(290,2): error TS1005: '}' expected.
utils/accessibilityUtils.tsx(330,3): error TS1128: Declaration or statement expected.
utils/accessibilityUtils.tsx(330,24): error TS1005: ';' expected.
utils/accessibilityUtils.tsx(344,25): error TS1005: ',' expected.
utils/accessibilityUtils.tsx(436,21): error TS1005: ',' expected.
utils/accessibilityUtils.tsx(447,3): error TS1005: ',' expected.
utils/accessibilityUtils.tsx(449,9): error TS1005: ':' expected.
utils/accessibilityUtils.tsx(454,1): error TS1005: ',' expected.
utils/accessibilityUtils.tsx(454,17): error TS1005: ':' expected.
utils/accessibilityUtils.tsx(454,46): error TS1005: ',' expected.
utils/accessibilityUtils.tsx(454,60): error TS1005: ',' expected.
utils/accessibilityUtils.tsx(454,62): error TS1136: Property assignment expected.
utils/accessibilityUtils.tsx(455,15): error TS1005: ',' expected.
utils/accessibilityUtils.tsx(460,23): error TS1131: Property or signature expected.
utils/accessibilityUtils.tsx(461,6): error TS1005: '>' expected.
utils/accessibilityUtils.tsx(461,8): error TS1134: Variable declaration expected.
utils/accessibilityUtils.tsx(462,9): error TS1005: ';' expected.
utils/accessibilityUtils.tsx(463,3): error TS1109: Expression expected.
utils/accessibilityUtils.tsx(463,5): error TS1109: Expression expected.
utils/accessibilityUtils.tsx(471,49): error TS1005: ',' expected.
utils/accessibilityUtils.tsx(523,3): error TS1128: Declaration or statement expected.
utils/accessibilityUtils.tsx(550,1): error TS1005: '}' expected.
utils/advancedMonitoring.ts(104,34): error TS1005: ',' expected.
utils/advancedMonitoring.ts(106,6): error TS1003: Identifier expected.
utils/advancedMonitoring.ts(106,11): error TS1005: ',' expected.
utils/advancedMonitoring.ts(106,29): error TS1005: ',' expected.
utils/advancedMonitoring.ts(106,31): error TS1136: Property assignment expected.
utils/advancedMonitoring.ts(107,6): error TS1005: ':' expected.
utils/advancedMonitoring.ts(107,14): error TS1005: ',' expected.
utils/advancedMonitoring.ts(107,18): error TS1005: ',' expected.
utils/advancedMonitoring.ts(111,2): error TS1434: Unexpected keyword or identifier.
utils/advancedMonitoring.ts(111,9): error TS1068: Unexpected token. A constructor, method, accessor, or property was expected.
utils/advancedMonitoring.ts(114,13): error TS1005: ',' expected.
utils/advancedMonitoring.ts(114,21): error TS1005: ',' expected.
utils/advancedMonitoring.ts(114,27): error TS1005: ';' expected.
utils/advancedMonitoring.ts(120,2): error TS1128: Declaration or statement expected.
utils/advancedMonitoring.ts(125,17): error TS1005: ',' expected.
utils/advancedMonitoring.ts(125,34): error TS1109: Expression expected.
utils/advancedMonitoring.ts(125,51): error TS1005: ',' expected.
utils/advancedMonitoring.ts(125,67): error TS1005: ';' expected.
utils/advancedMonitoring.ts(125,80): error TS1011: An element access expression should take an argument.
utils/advancedMonitoring.ts(125,82): error TS1005: ';' expected.
utils/advancedMonitoring.ts(140,27): error TS1005: ',' expected.
utils/advancedMonitoring.ts(140,44): error TS1109: Expression expected.
utils/advancedMonitoring.ts(140,61): error TS1005: ',' expected.
utils/advancedMonitoring.ts(140,77): error TS1005: ';' expected.
utils/advancedMonitoring.ts(171,15): error TS1005: ',' expected.
utils/advancedMonitoring.ts(171,27): error TS1005: ';' expected.
utils/advancedMonitoring.ts(172,6): error TS1005: ':' expected.
utils/advancedMonitoring.ts(172,32): error TS1005: ',' expected.
utils/advancedMonitoring.ts(178,22): error TS1005: ',' expected.
utils/advancedMonitoring.ts(178,36): error TS1005: ';' expected.
utils/advancedMonitoring.ts(179,6): error TS1005: ':' expected.
utils/advancedMonitoring.ts(179,42): error TS1005: ',' expected.
utils/advancedMonitoring.ts(185,21): error TS1005: ',' expected.
utils/advancedMonitoring.ts(185,35): error TS1005: ';' expected.
utils/advancedMonitoring.ts(186,6): error TS1005: ':' expected.
utils/advancedMonitoring.ts(186,40): error TS1005: ',' expected.
utils/advancedMonitoring.ts(192,2): error TS1434: Unexpected keyword or identifier.
utils/advancedMonitoring.ts(192,33): error TS1109: Expression expected.
utils/advancedMonitoring.ts(192,42): error TS1005: ';' expected.
utils/advancedMonitoring.ts(193,17): error TS1005: ',' expected.
utils/advancedMonitoring.ts(194,98): error TS1005: ',' expected.
utils/advancedMonitoring.ts(196,8): error TS1005: ':' expected.
utils/advancedMonitoring.ts(196,15): error TS1005: ',' expected.
utils/advancedMonitoring.ts(196,23): error TS1005: '>' expected.
utils/advancedMonitoring.ts(196,93): error TS1109: Expression expected.
utils/advancedMonitoring.ts(196,103): error TS1005: ',' expected.
utils/advancedMonitoring.ts(196,105): error TS1109: Expression expected.
utils/advancedMonitoring.ts(200,2): error TS1128: Declaration or statement expected.
utils/advancedMonitoring.ts(201,2): error TS1128: Declaration or statement expected.
utils/advancedMonitoring.ts(231,2): error TS1434: Unexpected keyword or identifier.
utils/advancedMonitoring.ts(231,25): error TS1005: ';' expected.
utils/advancedMonitoring.ts(232,18): error TS1005: ',' expected.
utils/advancedMonitoring.ts(233,82): error TS1005: ',' expected.
utils/advancedMonitoring.ts(235,8): error TS1005: ':' expected.
utils/advancedMonitoring.ts(235,14): error TS1005: ',' expected.
utils/advancedMonitoring.ts(235,22): error TS1005: '>' expected.
utils/advancedMonitoring.ts(235,64): error TS1109: Expression expected.
utils/advancedMonitoring.ts(235,77): error TS1109: Expression expected.
utils/advancedMonitoring.ts(235,87): error TS1005: ',' expected.
utils/advancedMonitoring.ts(235,89): error TS1109: Expression expected.
utils/advancedMonitoring.ts(268,14): error TS1005: ';' expected.
utils/advancedMonitoring.ts(279,2): error TS1128: Declaration or statement expected.
utils/advancedMonitoring.ts(279,30): error TS1005: ';' expected.
utils/advancedMonitoring.ts(281,6): error TS1005: ':' expected.
utils/advancedMonitoring.ts(288,48): error TS1005: ',' expected.
utils/advancedMonitoring.ts(290,6): error TS1005: ':' expected.
utils/advancedMonitoring.ts(297,48): error TS1005: ',' expected.
utils/advancedMonitoring.ts(299,6): error TS1005: ':' expected.
utils/advancedMonitoring.ts(306,48): error TS1005: ',' expected.
utils/advancedMonitoring.ts(309,2): error TS1128: Declaration or statement expected.
utils/advancedMonitoring.ts(309,36): error TS1005: ';' expected.
utils/advancedMonitoring.ts(311,6): error TS1005: ':' expected.
utils/advancedMonitoring.ts(320,71): error TS1005: ',' expected.
utils/advancedMonitoring.ts(321,4): error TS1005: ';' expected.
utils/advancedMonitoring.ts(322,65): error TS1005: ',' expected.
utils/advancedMonitoring.ts(324,3): error TS1128: Declaration or statement expected.
utils/advancedMonitoring.ts(326,9): error TS1005: ';' expected.
utils/advancedMonitoring.ts(327,9): error TS1005: ';' expected.
utils/advancedMonitoring.ts(327,14): error TS1472: 'catch' or 'finally' expected.
utils/advancedMonitoring.ts(327,15): error TS1005: ',' expected.
utils/advancedMonitoring.ts(330,6): error TS1005: ':' expected.
utils/advancedMonitoring.ts(345,15): error TS1005: ',' expected.
utils/advancedMonitoring.ts(348,6): error TS1005: ':' expected.
utils/advancedMonitoring.ts(363,14): error TS1005: ',' expected.
utils/advancedMonitoring.ts(365,10): error TS1005: ';' expected.
utils/advancedMonitoring.ts(366,9): error TS1005: ';' expected.
utils/advancedMonitoring.ts(367,9): error TS1005: ';' expected.
utils/advancedMonitoring.ts(367,14): error TS1005: ',' expected.
utils/advancedMonitoring.ts(367,15): error TS1005: ',' expected.
utils/advancedMonitoring.ts(370,2): error TS1128: Declaration or statement expected.
utils/advancedMonitoring.ts(370,36): error TS1005: ';' expected.
utils/advancedMonitoring.ts(372,6): error TS1005: ':' expected.
utils/advancedMonitoring.ts(391,6): error TS1005: ',' expected.
utils/advancedMonitoring.ts(394,6): error TS1005: ':' expected.
utils/advancedMonitoring.ts(408,6): error TS1005: ',' expected.
utils/advancedMonitoring.ts(411,2): error TS1128: Declaration or statement expected.
utils/advancedMonitoring.ts(411,34): error TS1005: ';' expected.
utils/advancedMonitoring.ts(413,14): error TS1138: Parameter declaration expected.
utils/advancedMonitoring.ts(421,66): error TS1005: ';' expected.
utils/advancedMonitoring.ts(422,2): error TS1128: Declaration or statement expected.
utils/advancedMonitoring.ts(438,2): error TS1128: Declaration or statement expected.
utils/advancedMonitoring.ts(438,3): error TS1128: Declaration or statement expected.
utils/advancedMonitoring.ts(438,9): error TS1005: ';' expected.
utils/advancedMonitoring.ts(439,2): error TS1128: Declaration or statement expected.
utils/advancedMonitoring.ts(441,2): error TS1128: Declaration or statement expected.
utils/advancedMonitoring.ts(441,29): error TS1005: ';' expected.
utils/advancedMonitoring.ts(442,7): error TS1359: Identifier expected. 'const' is a reserved word that cannot be used here.
utils/advancedMonitoring.ts(442,13): error TS1005: ',' expected.
utils/advancedMonitoring.ts(442,27): error TS1005: ',' expected.
utils/advancedMonitoring.ts(442,30): error TS1005: ',' expected.
utils/advancedMonitoring.ts(442,34): error TS1005: ',' expected.
utils/advancedMonitoring.ts(442,47): error TS1005: ',' expected.
utils/advancedMonitoring.ts(442,49): error TS1136: Property assignment expected.
utils/advancedMonitoring.ts(462,2): error TS1128: Declaration or statement expected.
utils/advancedMonitoring.ts(462,32): error TS1005: ';' expected.
utils/advancedMonitoring.ts(463,14): error TS1138: Parameter declaration expected.
utils/advancedMonitoring.ts(470,18): error TS1005: ';' expected.
utils/advancedMonitoring.ts(473,2): error TS1128: Declaration or statement expected.
utils/advancedMonitoring.ts(473,32): error TS1005: ',' expected.
utils/advancedMonitoring.ts(473,44): error TS1005: ',' expected.
utils/advancedMonitoring.ts(473,62): error TS1005: ';' expected.
utils/advancedMonitoring.ts(474,7): error TS1359: Identifier expected. 'const' is a reserved word that cannot be used here.
utils/advancedMonitoring.ts(474,13): error TS1005: ',' expected.
utils/advancedMonitoring.ts(474,30): error TS1005: ',' expected.
utils/advancedMonitoring.ts(474,33): error TS1005: ',' expected.
utils/advancedMonitoring.ts(474,37): error TS1005: ',' expected.
utils/advancedMonitoring.ts(474,44): error TS1005: ',' expected.
utils/advancedMonitoring.ts(474,46): error TS1136: Property assignment expected.
utils/advancedMonitoring.ts(481,2): error TS1128: Declaration or statement expected.
utils/advancedMonitoring.ts(481,28): error TS1005: ',' expected.
utils/advancedMonitoring.ts(481,46): error TS1005: ',' expected.
utils/advancedMonitoring.ts(481,64): error TS1005: ';' expected.
utils/advancedMonitoring.ts(482,8): error TS1005: ':' expected.
utils/advancedMonitoring.ts(482,24): error TS1005: ',' expected.
utils/advancedMonitoring.ts(483,8): error TS1005: ':' expected.
utils/advancedMonitoring.ts(483,57): error TS1005: ',' expected.
utils/advancedMonitoring.ts(484,8): error TS1005: ':' expected.
utils/advancedMonitoring.ts(484,47): error TS1005: ',' expected.
utils/advancedMonitoring.ts(486,10): error TS1005: ',' expected.
utils/advancedMonitoring.ts(486,34): error TS1005: ';' expected.
utils/advancedMonitoring.ts(495,2): error TS1128: Declaration or statement expected.
utils/advancedMonitoring.ts(495,35): error TS1005: ',' expected.
utils/advancedMonitoring.ts(495,55): error TS1005: ',' expected.
utils/advancedMonitoring.ts(495,73): error TS1005: ',' expected.
utils/advancedMonitoring.ts(495,91): error TS1005: ';' expected.
utils/advancedMonitoring.ts(496,16): error TS1005: ',' expected.
utils/advancedMonitoring.ts(496,21): error TS1005: ',' expected.
utils/advancedMonitoring.ts(496,23): error TS1136: Property assignment expected.
utils/advancedMonitoring.ts(497,2): error TS1128: Declaration or statement expected.
utils/advancedMonitoring.ts(497,16): error TS1005: ';' expected.
utils/advancedMonitoring.ts(500,2): error TS1128: Declaration or statement expected.
utils/advancedMonitoring.ts(500,16): error TS1005: ';' expected.
utils/advancedMonitoring.ts(512,2): error TS1128: Declaration or statement expected.
utils/advancedMonitoring.ts(512,25): error TS1005: ';' expected.
utils/advancedMonitoring.ts(514,8): error TS1005: ':' expected.
utils/advancedMonitoring.ts(514,24): error TS1005: ',' expected.
utils/advancedMonitoring.ts(515,7): error TS1359: Identifier expected. 'const' is a reserved word that cannot be used here.
utils/advancedMonitoring.ts(515,13): error TS1005: ',' expected.
utils/advancedMonitoring.ts(515,34): error TS1005: ',' expected.
utils/advancedMonitoring.ts(515,37): error TS1005: ',' expected.
utils/advancedMonitoring.ts(515,41): error TS1005: ',' expected.
utils/advancedMonitoring.ts(515,55): error TS1005: ',' expected.
utils/advancedMonitoring.ts(515,57): error TS1136: Property assignment expected.
utils/advancedMonitoring.ts(521,2): error TS1128: Declaration or statement expected.
utils/advancedMonitoring.ts(521,28): error TS1005: ',' expected.
utils/advancedMonitoring.ts(521,51): error TS1005: ',' expected.
utils/advancedMonitoring.ts(521,65): error TS1005: ';' expected.
utils/advancedMonitoring.ts(521,67): error TS1434: Unexpected keyword or identifier.
utils/advancedMonitoring.ts(530,2): error TS1128: Declaration or statement expected.
utils/advancedMonitoring.ts(530,24): error TS1005: ';' expected.
utils/advancedMonitoring.ts(530,26): error TS1434: Unexpected keyword or identifier.
utils/advancedMonitoring.ts(539,2): error TS1128: Declaration or statement expected.
utils/advancedMonitoring.ts(539,36): error TS1005: ',' expected.
utils/advancedMonitoring.ts(539,42): error TS1005: ';' expected.
utils/advancedMonitoring.ts(539,44): error TS1434: Unexpected keyword or identifier.
utils/advancedMonitoring.ts(581,43): error TS1005: ',' expected.
utils/advancedMonitoring.ts(581,50): error TS1005: ',' expected.
utils/advancedMonitoring.ts(582,6): error TS1003: Identifier expected.
utils/advancedMonitoring.ts(582,11): error TS1005: ',' expected.
utils/advancedMonitoring.ts(582,22): error TS1005: ',' expected.
utils/advancedMonitoring.ts(582,24): error TS1005: ';' expected.
utils/advancedMonitoring.ts(590,3): error TS1068: Unexpected token. A constructor, method, accessor, or property was expected.
utils/advancedMonitoring.ts(593,2): error TS1128: Declaration or statement expected.
utils/advancedMonitoring.ts(593,26): error TS1005: ';' expected.
utils/advancedMonitoring.ts(595,6): error TS1005: ':' expected.
utils/advancedMonitoring.ts(598,35): error TS1005: ',' expected.
utils/advancedMonitoring.ts(601,8): error TS1005: ':' expected.
utils/advancedMonitoring.ts(601,59): error TS1005: ',' expected.
utils/advancedMonitoring.ts(602,8): error TS1005: ':' expected.
utils/advancedMonitoring.ts(602,65): error TS1005: ',' expected.
utils/advancedMonitoring.ts(604,9): error TS1005: ',' expected.
utils/advancedMonitoring.ts(621,2): error TS1128: Declaration or statement expected.
utils/advancedMonitoring.ts(622,60): error TS1005: ',' expected.
utils/advancedMonitoring.ts(623,6): error TS1003: Identifier expected.
utils/advancedMonitoring.ts(623,11): error TS1005: ',' expected.
utils/advancedMonitoring.ts(623,22): error TS1005: ',' expected.
utils/advancedMonitoring.ts(623,24): error TS1005: ';' expected.
utils/advancedMonitoring.ts(633,3): error TS1005: ',' expected.
utils/advancedMonitoring.ts(633,4): error TS1136: Property assignment expected.
utils/advancedMonitoring.ts(635,8): error TS1005: ',' expected.
utils/advancedMonitoring.ts(635,73): error TS1005: ',' expected.
utils/advancedMonitoring.ts(636,6): error TS1003: Identifier expected.
utils/advancedMonitoring.ts(636,11): error TS1005: ',' expected.
utils/advancedMonitoring.ts(636,22): error TS1005: ',' expected.
utils/advancedMonitoring.ts(636,24): error TS1005: ',' expected.
utils/advancedMonitoring.ts(642,3): error TS1128: Declaration or statement expected.
utils/advancedMonitoring.ts(645,2): error TS1128: Declaration or statement expected.
utils/advancedMonitoring.ts(645,28): error TS1005: ';' expected.
utils/advancedMonitoring.ts(647,6): error TS1003: Identifier expected.
utils/advancedMonitoring.ts(653,2): error TS1005: ',' expected.
utils/advancedMonitoring.ts(653,8): error TS1005: ':' expected.
utils/advancedMonitoring.ts(665,3): error TS1128: Declaration or statement expected.
utils/advancedMonitoring.ts(665,4): error TS1005: ',' expected.
utils/advancedMonitoring.ts(667,10): error TS1005: ',' expected.
utils/advancedMonitoring.ts(667,71): error TS1005: ',' expected.
utils/advancedMonitoring.ts(723,76): error TS1109: Expression expected.
utils/advancedMonitoring.ts(732,1): error TS1068: Unexpected token. A constructor, method, accessor, or property was expected.
utils/advancedMonitoring.ts(757,12): error TS1005: ',' expected.
utils/advancedMonitoring.ts(757,16): error TS1005: ',' expected.
utils/advancedMonitoring.ts(757,26): error TS1005: ',' expected.
utils/advancedMonitoring.ts(757,43): error TS1005: ';' expected.
utils/codeAnalysisEngine.ts(128,2): error TS1434: Unexpected keyword or identifier.
utils/codeAnalysisEngine.ts(128,37): error TS1005: ';' expected.
utils/codeAnalysisEngine.ts(128,70): error TS1011: An element access expression should take an argument.
utils/codeAnalysisEngine.ts(129,8): error TS1005: ':' expected.
utils/codeAnalysisEngine.ts(129,47): error TS1005: ',' expected.
utils/codeAnalysisEngine.ts(130,9): error TS1005: ':' expected.
utils/codeAnalysisEngine.ts(136,2): error TS1434: Unexpected keyword or identifier.
utils/codeAnalysisEngine.ts(136,34): error TS1005: ';' expected.
utils/codeAnalysisEngine.ts(136,65): error TS1011: An element access expression should take an argument.
utils/codeAnalysisEngine.ts(137,8): error TS1005: ':' expected.
utils/codeAnalysisEngine.ts(137,44): error TS1005: ',' expected.
utils/codeAnalysisEngine.ts(138,9): error TS1005: ':' expected.
utils/codeAnalysisEngine.ts(138,35): error TS1005: ',' expected.
utils/codeAnalysisEngine.ts(144,2): error TS1434: Unexpected keyword or identifier.
utils/codeAnalysisEngine.ts(144,29): error TS1005: ';' expected.
utils/codeAnalysisEngine.ts(145,9): error TS1005: ':' expected.
utils/codeAnalysisEngine.ts(150,50): error TS1005: ',' expected.
utils/codeAnalysisEngine.ts(156,2): error TS1434: Unexpected keyword or identifier.
utils/codeAnalysisEngine.ts(156,48): error TS1005: ',' expected.
utils/codeAnalysisEngine.ts(156,54): error TS1005: ';' expected.
utils/codeAnalysisEngine.ts(162,4): error TS1005: ',' expected.
utils/codeAnalysisEngine.ts(164,8): error TS1005: ':' expected.
utils/codeAnalysisEngine.ts(164,58): error TS1005: ',' expected.
utils/codeAnalysisEngine.ts(165,8): error TS1005: ':' expected.
utils/codeAnalysisEngine.ts(165,24): error TS1005: ',' expected.
utils/codeAnalysisEngine.ts(168,13): error TS1005: ',' expected.
utils/codeAnalysisEngine.ts(168,67): error TS1005: ',' expected.
utils/codeAnalysisEngine.ts(169,13): error TS1005: ',' expected.
utils/codeAnalysisEngine.ts(169,72): error TS1005: ',' expected.
utils/codeAnalysisEngine.ts(170,13): error TS1005: ',' expected.
utils/codeAnalysisEngine.ts(170,71): error TS1005: ',' expected.
utils/codeAnalysisEngine.ts(171,13): error TS1005: ',' expected.
utils/codeAnalysisEngine.ts(171,67): error TS1005: ',' expected.
utils/codeAnalysisEngine.ts(173,9): error TS1005: ':' expected.
utils/codeAnalysisEngine.ts(173,24): error TS1005: ',' expected.
utils/codeAnalysisEngine.ts(179,29): error TS1109: Expression expected.
utils/codeAnalysisEngine.ts(179,49): error TS1005: ';' expected.
utils/codeAnalysisEngine.ts(201,2): error TS1434: Unexpected keyword or identifier.
utils/codeAnalysisEngine.ts(201,30): error TS1005: ';' expected.
utils/codeAnalysisEngine.ts(202,22): error TS1005: ',' expected.
utils/codeAnalysisEngine.ts(203,8): error TS1005: ',' expected.
utils/codeAnalysisEngine.ts(204,39): error TS1005: ',' expected.
utils/codeAnalysisEngine.ts(205,32): error TS1005: ',' expected.
utils/codeAnalysisEngine.ts(206,34): error TS1005: ',' expected.
utils/codeAnalysisEngine.ts(209,8): error TS1005: ':' expected.
utils/codeAnalysisEngine.ts(213,30): error TS1005: ',' expected.
utils/codeAnalysisEngine.ts(215,9): error TS1005: ':' expected.
utils/codeAnalysisEngine.ts(221,25): error TS1005: ',' expected.
utils/codeAnalysisEngine.ts(224,2): error TS1128: Declaration or statement expected.
utils/codeAnalysisEngine.ts(469,69): error TS1005: ';' expected.
utils/codeAnalysisEngine.ts(469,70): error TS1005: ')' expected.
utils/codeAnalysisEngine.ts(471,3): error TS1068: Unexpected token. A constructor, method, accessor, or property was expected.
utils/codeAnalysisEngine.ts(471,7): error TS1005: ';' expected.
utils/codeAnalysisEngine.ts(471,12): error TS1005: '(' expected.
utils/codeAnalysisEngine.ts(471,18): error TS1005: '(' expected.
utils/codeAnalysisEngine.ts(473,1): error TS1128: Declaration or statement expected.
utils/codeAnalysisEngine.ts(523,18): error TS1005: ';' expected.
utils/codeAnalysisEngine.ts(638,12): error TS1005: ',' expected.
utils/codeAnalysisEngine.ts(638,16): error TS1005: ',' expected.
utils/codeAnalysisEngine.ts(638,26): error TS1005: ',' expected.
utils/codeAnalysisEngine.ts(638,43): error TS1005: ';' expected.
utils/codeAnalysisEngine.ts(654,26): error TS1005: '}' expected.
utils/componentOptimization.tsx(82,45): error TS1138: Parameter declaration expected.
utils/componentOptimization.tsx(84,2): error TS1005: ',' expected.
utils/componentOptimization.tsx(89,52): error TS1005: ',' expected.
utils/componentOptimization.tsx(89,68): error TS1005: ',' expected.
utils/componentOptimization.tsx(89,75): error TS1005: ',' expected.
utils/componentOptimization.tsx(122,3): error TS1128: Declaration or statement expected.
utils/componentOptimization.tsx(129,66): error TS1138: Parameter declaration expected.
utils/componentOptimization.tsx(162,37): error TS1138: Parameter declaration expected.
utils/componentOptimization.tsx(201,3): error TS1128: Declaration or statement expected.
utils/componentOptimization.tsx(201,5): error TS1434: Unexpected keyword or identifier.
utils/componentOptimization.tsx(201,9): error TS1128: Declaration or statement expected.
utils/componentOptimization.tsx(205,68): error TS1138: Parameter declaration expected.
utils/componentOptimization.tsx(207,2): error TS1005: ',' expected.
utils/componentOptimization.tsx(221,2): error TS1382: Unexpected token. Did you mean `{'>'}` or `&gt;`?
utils/componentOptimization.tsx(223,14): error TS17002: Expected corresponding JSX closing tag for 'div'.
utils/componentOptimization.tsx(230,26): error TS1161: Unterminated regular expression literal.
utils/componentOptimization.tsx(231,7): error TS1005: ')' expected.
utils/componentOptimization.tsx(233,14): error TS17002: Expected corresponding JSX closing tag for 'React.Suspense'.
utils/componentOptimization.tsx(238,2): error TS1128: Declaration or statement expected.
utils/componentOptimization.tsx(331,57): error TS1138: Parameter declaration expected.
utils/componentOptimization.tsx(359,61): error TS1138: Parameter declaration expected.
utils/componentOptimization.tsx(361,2): error TS1005: ',' expected.
utils/componentOptimization.tsx(378,74): error TS1109: Expression expected.
utils/componentOptimization.tsx(379,5): error TS1005: ')' expected.
utils/componentOptimization.tsx(380,7): error TS1005: ';' expected.
utils/componentOptimization.tsx(381,16): error TS1005: ';' expected.
utils/componentOptimization.tsx(381,18): error TS1434: Unexpected keyword or identifier.
utils/componentOptimization.tsx(381,21): error TS1128: Declaration or statement expected.
utils/componentOptimization.tsx(381,23): error TS1005: ';' expected.
utils/componentOptimization.tsx(386,7): error TS1005: ';' expected.
utils/componentOptimization.tsx(395,38): error TS1138: Parameter declaration expected.
utils/componentOptimization.tsx(397,29): error TS1005: ',' expected.
utils/componentOptimization.tsx(413,66): error TS1138: Parameter declaration expected.
utils/componentOptimization.tsx(453,1): error TS1005: '}' expected.
utils/componentOptimizations.ts(6,44): error TS1138: Parameter declaration expected.
utils/componentOptimizations.ts(8,2): error TS1005: ',' expected.
utils/componentOptimizations.ts(16,51): error TS1138: Parameter declaration expected.
utils/componentOptimizations.ts(18,2): error TS1005: ',' expected.
utils/componentOptimizations.ts(43,4): error TS1136: Property assignment expected.
utils/componentOptimizations.ts(44,57): error TS1005: '=>' expected.
utils/componentOptimizations.ts(44,67): error TS1005: ';' expected.
utils/componentOptimizations.ts(57,3): error TS1128: Declaration or statement expected.
utils/componentOptimizations.ts(61,4): error TS1128: Declaration or statement expected.
utils/componentOptimizations.ts(68,4): error TS1109: Expression expected.
utils/componentOptimizations.ts(69,10): error TS1005: ';' expected.
utils/componentOptimizations.ts(88,4): error TS1136: Property assignment expected.
utils/componentOptimizations.ts(89,63): error TS1005: '=>' expected.
utils/componentOptimizations.ts(89,72): error TS1005: ';' expected.
utils/componentOptimizations.ts(97,3): error TS1128: Declaration or statement expected.
utils/componentOptimizations.ts(101,4): error TS1128: Declaration or statement expected.
utils/componentOptimizations.ts(116,4): error TS1136: Property assignment expected.
utils/componentOptimizations.ts(117,65): error TS1005: ',' expected.
utils/componentOptimizations.ts(118,2): error TS1131: Property or signature expected.
utils/componentOptimizations.ts(132,3): error TS1128: Declaration or statement expected.
utils/componentOptimizations.ts(136,4): error TS1128: Declaration or statement expected.
utils/componentOptimizations.ts(155,4): error TS1136: Property assignment expected.
utils/componentOptimizations.ts(156,26): error TS1005: ',' expected.
utils/componentOptimizations.ts(167,4): error TS1109: Expression expected.
utils/componentOptimizations.ts(168,18): error TS1005: ';' expected.
utils/componentUtils.tsx(70,43): error TS1109: Expression expected.
utils/componentUtils.tsx(71,7): error TS1005: ')' expected.
utils/componentUtils.tsx(73,1): error TS1128: Declaration or statement expected.
utils/componentUtils.tsx(73,2): error TS1128: Declaration or statement expected.
utils/componentUtils.tsx(115,3): error TS1005: ',' expected.
utils/componentUtils.tsx(118,14): error TS1005: ':' expected.
utils/componentUtils.tsx(118,31): error TS1005: ',' expected.
utils/componentUtils.tsx(119,14): error TS1005: ':' expected.
utils/componentUtils.tsx(119,37): error TS1005: ',' expected.
utils/componentUtils.tsx(120,14): error TS1005: ':' expected.
utils/componentUtils.tsx(120,45): error TS1005: ',' expected.
utils/componentUtils.tsx(123,8): error TS1005: ':' expected.
utils/componentUtils.tsx(123,16): error TS1005: ':' expected.
utils/componentUtils.tsx(133,34): error TS1005: ',' expected.
utils/componentUtils.tsx(136,14): error TS1005: ':' expected.
utils/componentUtils.tsx(136,27): error TS1005: ',' expected.
utils/componentUtils.tsx(138,2): error TS1005: ',' expected.
utils/componentUtils.tsx(140,14): error TS1005: ':' expected.
utils/componentUtils.tsx(140,29): error TS1005: ',' expected.
utils/componentUtils.tsx(142,2): error TS1005: ',' expected.
utils/componentUtils.tsx(144,14): error TS1005: ':' expected.
utils/componentUtils.tsx(144,31): error TS1005: ',' expected.
utils/componentUtils.tsx(146,2): error TS1005: ',' expected.
utils/componentUtils.tsx(147,1): error TS1005: '}' expected.
utils/deploymentAutomation.ts(617,19): error TS1005: ',' expected.
utils/deploymentAutomation.ts(619,6): error TS1005: ':' expected.
utils/deploymentAutomation.ts(619,47): error TS1005: ',' expected.
utils/deploymentAutomation.ts(620,6): error TS1005: ':' expected.
utils/deploymentAutomation.ts(620,40): error TS1005: ',' expected.
utils/deploymentAutomation.ts(622,2): error TS1136: Property assignment expected.
utils/deploymentAutomation.ts(706,4): error TS1005: 'try' expected.
utils/deploymentAutomation.ts(726,2): error TS1128: Declaration or statement expected.
utils/deploymentAutomation.ts(726,29): error TS1138: Parameter declaration expected.
utils/deploymentAutomation.ts(779,2): error TS1128: Declaration or statement expected.
utils/deploymentAutomation.ts(826,2): error TS1128: Declaration or statement expected.
utils/deploymentAutomation.ts(843,2): error TS1128: Declaration or statement expected.
utils/deploymentAutomation.ts(864,4): error TS1005: 'try' expected.
utils/deploymentAutomation.ts(872,2): error TS1472: 'catch' or 'finally' expected.
utils/deploymentAutomation.ts(913,2): error TS1128: Declaration or statement expected.
utils/deploymentAutomation.ts(956,34): error TS1138: Parameter declaration expected.
utils/deploymentAutomation.ts(987,2): error TS1128: Declaration or statement expected.
utils/deploymentAutomation.ts(987,17): error TS1138: Parameter declaration expected.
utils/deploymentAutomation.ts(1008,27): error TS1005: ',' expected.
utils/deploymentAutomation.ts(1008,33): error TS1005: ';' expected.
utils/deploymentAutomation.ts(1008,67): error TS1005: ';' expected.
utils/deploymentAutomation.ts(1015,20): error TS1005: ';' expected.
utils/deploymentAutomation.ts(1015,42): error TS1011: An element access expression should take an argument.
utils/deploymentAutomation.ts(1015,44): error TS1005: ';' expected.
utils/deploymentAutomation.ts(1022,16): error TS1005: ';' expected.
utils/deploymentAutomation.ts(1022,37): error TS1011: An element access expression should take an argument.
utils/deploymentAutomation.ts(1022,39): error TS1005: ';' expected.
utils/deploymentAutomation.ts(1029,24): error TS1005: ';' expected.
utils/deploymentAutomation.ts(1029,26): error TS1434: Unexpected keyword or identifier.
utils/deploymentAutomation.ts(1072,2): error TS1434: Unexpected keyword or identifier.
utils/deploymentAutomation.ts(1072,37): error TS1005: ',' expected.
utils/deploymentAutomation.ts(1072,43): error TS1005: ';' expected.
utils/deploymentAutomation.ts(1072,57): error TS1109: Expression expected.
utils/deploymentAutomation.ts(1073,8): error TS1005: ':' expected.
utils/deploymentAutomation.ts(1073,54): error TS1005: ',' expected.
utils/deploymentAutomation.ts(1074,6): error TS1003: Identifier expected.
utils/deploymentAutomation.ts(1078,2): error TS1005: ',' expected.
utils/deploymentAutomation.ts(1078,16): error TS1005: ',' expected.
utils/deploymentAutomation.ts(1078,37): error TS1005: ',' expected.
utils/deploymentAutomation.ts(1078,39): error TS1136: Property assignment expected.
utils/deploymentAutomation.ts(1092,5): error TS1359: Identifier expected. 'typeof' is a reserved word that cannot be used here.
utils/deploymentAutomation.ts(1092,19): error TS1005: ',' expected.
utils/deploymentAutomation.ts(1092,76): error TS1005: ';' expected.
utils/developmentWorkflow.ts(157,2): error TS1434: Unexpected keyword or identifier.
utils/developmentWorkflow.ts(157,38): error TS1005: ',' expected.
utils/developmentWorkflow.ts(157,52): error TS1005: ',' expected.
utils/developmentWorkflow.ts(157,65): error TS1005: ',' expected.
utils/developmentWorkflow.ts(157,92): error TS1005: ';' expected.
utils/developmentWorkflow.ts(158,18): error TS1005: ',' expected.
utils/developmentWorkflow.ts(159,22): error TS1005: ',' expected.
utils/developmentWorkflow.ts(160,18): error TS1005: ',' expected.
utils/developmentWorkflow.ts(161,34): error TS1005: ',' expected.
utils/developmentWorkflow.ts(161,50): error TS1005: ',' expected.
utils/developmentWorkflow.ts(163,8): error TS1005: ':' expected.
utils/developmentWorkflow.ts(163,62): error TS1005: ',' expected.
utils/developmentWorkflow.ts(164,6): error TS1003: Identifier expected.
utils/developmentWorkflow.ts(168,2): error TS1005: ',' expected.
utils/developmentWorkflow.ts(168,8): error TS1005: ':' expected.
utils/developmentWorkflow.ts(168,51): error TS1005: ',' expected.
utils/developmentWorkflow.ts(169,6): error TS1005: ':' expected.
utils/developmentWorkflow.ts(171,25): error TS1005: ',' expected.
utils/developmentWorkflow.ts(173,2): error TS1136: Property assignment expected.
utils/developmentWorkflow.ts(220,2): error TS1434: Unexpected keyword or identifier.
utils/developmentWorkflow.ts(220,45): error TS1005: ';' expected.
utils/developmentWorkflow.ts(220,87): error TS1011: An element access expression should take an argument.
utils/developmentWorkflow.ts(221,8): error TS1005: ':' expected.
utils/developmentWorkflow.ts(221,19): error TS1005: ',' expected.
utils/developmentWorkflow.ts(221,52): error TS1005: ',' expected.
utils/developmentWorkflow.ts(221,53): error TS1109: Expression expected.
utils/developmentWorkflow.ts(221,55): error TS1005: ':' expected.
utils/developmentWorkflow.ts(221,59): error TS1005: ',' expected.
utils/developmentWorkflow.ts(224,8): error TS1005: ':' expected.
utils/developmentWorkflow.ts(224,71): error TS1005: ',' expected.
utils/developmentWorkflow.ts(225,13): error TS1005: ',' expected.
utils/developmentWorkflow.ts(225,45): error TS1005: ',' expected.
utils/developmentWorkflow.ts(228,8): error TS1005: ':' expected.
utils/developmentWorkflow.ts(228,60): error TS1005: ',' expected.
utils/developmentWorkflow.ts(229,13): error TS1005: ',' expected.
utils/developmentWorkflow.ts(229,41): error TS1005: ',' expected.
utils/developmentWorkflow.ts(232,8): error TS1005: ':' expected.
utils/developmentWorkflow.ts(232,70): error TS1005: ',' expected.
utils/developmentWorkflow.ts(233,13): error TS1005: ',' expected.
utils/developmentWorkflow.ts(233,44): error TS1005: ',' expected.
utils/developmentWorkflow.ts(236,8): error TS1005: ':' expected.
utils/developmentWorkflow.ts(236,69): error TS1005: ',' expected.
utils/developmentWorkflow.ts(237,13): error TS1005: ',' expected.
utils/developmentWorkflow.ts(237,41): error TS1005: ',' expected.
utils/developmentWorkflow.ts(239,9): error TS1005: ':' expected.
utils/developmentWorkflow.ts(239,60): error TS1005: ',' expected.
utils/developmentWorkflow.ts(245,2): error TS1434: Unexpected keyword or identifier.
utils/developmentWorkflow.ts(245,47): error TS1005: ',' expected.
utils/developmentWorkflow.ts(245,56): error TS1011: An element access expression should take an argument.
utils/developmentWorkflow.ts(245,58): error TS1005: ';' expected.
utils/developmentWorkflow.ts(246,22): error TS1011: An element access expression should take an argument.
utils/developmentWorkflow.ts(246,23): error TS1005: ',' expected.
utils/developmentWorkflow.ts(247,47): error TS1005: ',' expected.
utils/developmentWorkflow.ts(249,8): error TS1005: ':' expected.
utils/developmentWorkflow.ts(249,19): error TS1005: ',' expected.
utils/developmentWorkflow.ts(249,27): error TS1005: ',' expected.
utils/developmentWorkflow.ts(249,28): error TS1109: Expression expected.
utils/developmentWorkflow.ts(249,30): error TS1005: ':' expected.
utils/developmentWorkflow.ts(249,34): error TS1005: ',' expected.
utils/developmentWorkflow.ts(250,8): error TS1005: ':' expected.
utils/developmentWorkflow.ts(250,14): error TS1005: ',' expected.
utils/developmentWorkflow.ts(250,22): error TS1005: '>' expected.
utils/developmentWorkflow.ts(250,52): error TS1005: ',' expected.
utils/developmentWorkflow.ts(250,54): error TS1109: Expression expected.
utils/developmentWorkflow.ts(282,33): error TS1005: ';' expected.
utils/developmentWorkflow.ts(288,21): error TS1011: An element access expression should take an argument.
utils/developmentWorkflow.ts(289,23): error TS1011: An element access expression should take an argument.
utils/developmentWorkflow.ts(290,20): error TS1011: An element access expression should take an argument.
utils/developmentWorkflow.ts(291,21): error TS1011: An element access expression should take an argument.
utils/developmentWorkflow.ts(321,2): error TS1128: Declaration or statement expected.
utils/developmentWorkflow.ts(361,2): error TS1128: Declaration or statement expected.
utils/developmentWorkflow.ts(444,2): error TS1128: Declaration or statement expected.
utils/developmentWorkflow.ts(459,2): error TS1128: Declaration or statement expected.
utils/developmentWorkflow.ts(475,2): error TS1128: Declaration or statement expected.
utils/developmentWorkflow.ts(495,2): error TS1128: Declaration or statement expected.
utils/developmentWorkflow.ts(518,2): error TS1128: Declaration or statement expected.
utils/developmentWorkflow.ts(543,2): error TS1128: Declaration or statement expected.
utils/developmentWorkflow.ts(605,46): error TS1005: ',' expected.
utils/developmentWorkflow.ts(608,2): error TS1128: Declaration or statement expected.
utils/developmentWorkflow.ts(619,2): error TS1128: Declaration or statement expected.
utils/developmentWorkflow.ts(755,2): error TS1128: Declaration or statement expected.
utils/developmentWorkflow.ts(881,87): error TS1005: ';' expected.
utils/developmentWorkflow.ts(881,88): error TS1005: ')' expected.
utils/developmentWorkflow.ts(890,3): error TS1128: Declaration or statement expected.
utils/developmentWorkflow.ts(890,10): error TS1005: ';' expected.
utils/developmentWorkflow.ts(896,12): error TS1005: ',' expected.
utils/developmentWorkflow.ts(896,16): error TS1005: ',' expected.
utils/developmentWorkflow.ts(896,26): error TS1005: ',' expected.
utils/developmentWorkflow.ts(896,43): error TS1005: ';' expected.
utils/featureFlagSystem.ts(171,54): error TS1005: ',' expected.
utils/featureFlagSystem.ts(173,6): error TS1005: ':' expected.
utils/featureFlagSystem.ts(173,36): error TS1005: ',' expected.
utils/featureFlagSystem.ts(174,6): error TS1005: ':' expected.
utils/featureFlagSystem.ts(174,37): error TS1005: ',' expected.
utils/featureFlagSystem.ts(177,14): error TS1005: ',' expected.
utils/featureFlagSystem.ts(177,49): error TS1005: ',' expected.
utils/featureFlagSystem.ts(177,51): error TS1136: Property assignment expected.
utils/featureFlagSystem.ts(178,6): error TS1005: ':' expected.
utils/featureFlagSystem.ts(178,26): error TS1005: ',' expected.
utils/featureFlagSystem.ts(181,2): error TS1068: Unexpected token. A constructor, method, accessor, or property was expected.
utils/featureFlagSystem.ts(187,2): error TS1128: Declaration or statement expected.
utils/featureFlagSystem.ts(192,21): error TS1005: ',' expected.
utils/featureFlagSystem.ts(192,36): error TS1005: ',' expected.
utils/featureFlagSystem.ts(192,68): error TS1005: ',' expected.
utils/featureFlagSystem.ts(192,74): error TS1109: Expression expected.
utils/featureFlagSystem.ts(192,75): error TS1005: ';' expected.
utils/featureFlagSystem.ts(192,77): error TS1434: Unexpected keyword or identifier.
utils/featureFlagSystem.ts(242,15): error TS1005: ';' expected.
utils/featureFlagSystem.ts(242,29): error TS1011: An element access expression should take an argument.
utils/featureFlagSystem.ts(242,31): error TS1005: ';' expected.
utils/featureFlagSystem.ts(249,16): error TS1005: ',' expected.
utils/featureFlagSystem.ts(249,22): error TS1005: ';' expected.
utils/featureFlagSystem.ts(249,48): error TS1005: ';' expected.
utils/featureFlagSystem.ts(256,19): error TS1005: ',' expected.
utils/featureFlagSystem.ts(256,25): error TS1005: ';' expected.
utils/featureFlagSystem.ts(256,27): error TS1434: Unexpected keyword or identifier.
utils/featureFlagSystem.ts(276,32): error TS1005: ',' expected.
utils/featureFlagSystem.ts(276,49): error TS1005: ',' expected.
utils/featureFlagSystem.ts(276,55): error TS1005: ';' expected.
utils/featureFlagSystem.ts(277,8): error TS1005: ':' expected.
utils/featureFlagSystem.ts(277,38): error TS1005: ',' expected.
utils/featureFlagSystem.ts(278,6): error TS1003: Identifier expected.
utils/featureFlagSystem.ts(282,2): error TS1005: ',' expected.
utils/featureFlagSystem.ts(282,11): error TS1005: ',' expected.
utils/featureFlagSystem.ts(282,59): error TS1005: ',' expected.
utils/featureFlagSystem.ts(282,61): error TS1136: Property assignment expected.
utils/featureFlagSystem.ts(294,2): error TS1128: Declaration or statement expected.
utils/featureFlagSystem.ts(299,19): error TS1005: ',' expected.
utils/featureFlagSystem.ts(299,33): error TS1005: ',' expected.
utils/featureFlagSystem.ts(299,39): error TS1005: ';' expected.
utils/featureFlagSystem.ts(300,8): error TS1005: ':' expected.
utils/featureFlagSystem.ts(300,38): error TS1005: ',' expected.
utils/featureFlagSystem.ts(301,6): error TS1003: Identifier expected.
utils/featureFlagSystem.ts(305,2): error TS1005: ',' expected.
utils/featureFlagSystem.ts(305,7): error TS1005: ',' expected.
utils/featureFlagSystem.ts(305,25): error TS1005: ',' expected.
utils/featureFlagSystem.ts(306,7): error TS1005: ',' expected.
utils/featureFlagSystem.ts(306,39): error TS1005: ',' expected.
utils/featureFlagSystem.ts(308,6): error TS1005: ':' expected.
utils/featureFlagSystem.ts(308,35): error TS1005: ',' expected.
utils/featureFlagSystem.ts(310,2): error TS1136: Property assignment expected.
utils/featureFlagSystem.ts(315,2): error TS1128: Declaration or statement expected.
utils/featureFlagSystem.ts(320,32): error TS1109: Expression expected.
utils/featureFlagSystem.ts(320,53): error TS1005: ';' expected.
utils/featureFlagSystem.ts(358,35): error TS1005: ',' expected.
utils/featureFlagSystem.ts(364,2): error TS1434: Unexpected keyword or identifier.
utils/featureFlagSystem.ts(364,32): error TS1005: ',' expected.
utils/featureFlagSystem.ts(364,38): error TS1005: ';' expected.
utils/featureFlagSystem.ts(364,61): error TS1011: An element access expression should take an argument.
utils/featureFlagSystem.ts(365,8): error TS1005: ':' expected.
utils/featureFlagSystem.ts(365,38): error TS1005: ',' expected.
utils/featureFlagSystem.ts(366,6): error TS1003: Identifier expected.
utils/featureFlagSystem.ts(366,12): error TS1005: ',' expected.
utils/featureFlagSystem.ts(366,23): error TS1005: ',' expected.
utils/featureFlagSystem.ts(366,51): error TS1005: ';' expected.
utils/featureFlagSystem.ts(445,33): error TS1005: ',' expected.
utils/featureFlagSystem.ts(445,39): error TS1005: ';' expected.
utils/featureFlagSystem.ts(448,17): error TS1109: Expression expected.
utils/featureFlagSystem.ts(498,2): error TS1434: Unexpected keyword or identifier.
utils/featureFlagSystem.ts(498,32): error TS1005: ',' expected.
utils/featureFlagSystem.ts(498,38): error TS1005: ';' expected.
utils/featureFlagSystem.ts(498,52): error TS1109: Expression expected.
utils/featureFlagSystem.ts(499,8): error TS1005: ':' expected.
utils/featureFlagSystem.ts(499,62): error TS1005: ',' expected.
utils/featureFlagSystem.ts(501,20): error TS1005: ',' expected.
utils/featureFlagSystem.ts(501,81): error TS1005: ',' expected.
utils/featureFlagSystem.ts(501,83): error TS1136: Property assignment expected.
utils/featureFlagSystem.ts(529,26): error TS1005: ',' expected.
utils/featureFlagSystem.ts(529,39): error TS1005: ',' expected.
utils/featureFlagSystem.ts(529,45): error TS1005: ';' expected.
utils/featureFlagSystem.ts(530,8): error TS1005: ':' expected.
utils/featureFlagSystem.ts(530,38): error TS1005: ',' expected.
utils/featureFlagSystem.ts(531,6): error TS1003: Identifier expected.
utils/featureFlagSystem.ts(536,2): error TS1005: ',' expected.
utils/featureFlagSystem.ts(536,7): error TS1005: ',' expected.
utils/featureFlagSystem.ts(536,23): error TS1005: ',' expected.
utils/featureFlagSystem.ts(537,7): error TS1005: ',' expected.
utils/featureFlagSystem.ts(537,72): error TS1005: ',' expected.
utils/featureFlagSystem.ts(538,7): error TS1005: ',' expected.
utils/featureFlagSystem.ts(538,39): error TS1005: ',' expected.
utils/featureFlagSystem.ts(540,6): error TS1005: ':' expected.
utils/featureFlagSystem.ts(540,35): error TS1005: ',' expected.
utils/featureFlagSystem.ts(542,2): error TS1136: Property assignment expected.
utils/featureFlagSystem.ts(549,2): error TS1128: Declaration or statement expected.
utils/featureFlagSystem.ts(549,33): error TS1005: ',' expected.
utils/featureFlagSystem.ts(549,56): error TS1005: ',' expected.
utils/featureFlagSystem.ts(549,70): error TS1005: ';' expected.
utils/featureFlagSystem.ts(549,72): error TS1434: Unexpected keyword or identifier.
utils/featureFlagSystem.ts(604,2): error TS1128: Declaration or statement expected.
utils/featureFlagSystem.ts(604,36): error TS1005: ',' expected.
utils/featureFlagSystem.ts(604,61): error TS1005: ',' expected.
utils/featureFlagSystem.ts(604,75): error TS1005: ';' expected.
utils/featureFlagSystem.ts(604,77): error TS1434: Unexpected keyword or identifier.
utils/featureFlagSystem.ts(614,2): error TS1128: Declaration or statement expected.
utils/featureFlagSystem.ts(614,46): error TS1005: ',' expected.
utils/featureFlagSystem.ts(614,76): error TS1005: ',' expected.
utils/featureFlagSystem.ts(614,90): error TS1005: ';' expected.
utils/featureFlagSystem.ts(614,92): error TS1434: Unexpected keyword or identifier.
utils/featureFlagSystem.ts(647,2): error TS1128: Declaration or statement expected.
utils/featureFlagSystem.ts(647,35): error TS1005: ',' expected.
utils/featureFlagSystem.ts(647,50): error TS1005: ',' expected.
utils/featureFlagSystem.ts(647,64): error TS1005: ';' expected.
utils/featureFlagSystem.ts(647,66): error TS1434: Unexpected keyword or identifier.
utils/featureFlagSystem.ts(659,2): error TS1128: Declaration or statement expected.
utils/featureFlagSystem.ts(659,36): error TS1005: ',' expected.
utils/featureFlagSystem.ts(659,59): error TS1005: ',' expected.
utils/featureFlagSystem.ts(659,73): error TS1005: ';' expected.
utils/featureFlagSystem.ts(662,10): error TS1109: Expression expected.
utils/featureFlagSystem.ts(713,2): error TS1128: Declaration or statement expected.
utils/featureFlagSystem.ts(713,32): error TS1005: ',' expected.
utils/featureFlagSystem.ts(713,46): error TS1011: An element access expression should take an argument.
utils/featureFlagSystem.ts(713,53): error TS1005: ',' expected.
utils/featureFlagSystem.ts(713,59): error TS1005: ';' expected.
utils/featureFlagSystem.ts(713,61): error TS1434: Unexpected keyword or identifier.
utils/featureFlagSystem.ts(736,2): error TS1128: Declaration or statement expected.
utils/featureFlagSystem.ts(736,28): error TS1005: ',' expected.
utils/featureFlagSystem.ts(736,42): error TS1109: Expression expected.
utils/featureFlagSystem.ts(736,51): error TS1005: ';' expected.
utils/featureFlagSystem.ts(736,53): error TS1434: Unexpected keyword or identifier.
utils/featureFlagSystem.ts(748,2): error TS1128: Declaration or statement expected.
utils/featureFlagSystem.ts(748,28): error TS1005: ',' expected.
utils/featureFlagSystem.ts(748,43): error TS1005: ',' expected.
utils/featureFlagSystem.ts(748,57): error TS1005: ';' expected.
utils/featureFlagSystem.ts(748,59): error TS1434: Unexpected keyword or identifier.
utils/featureFlagSystem.ts(757,2): error TS1128: Declaration or statement expected.
utils/featureFlagSystem.ts(757,38): error TS1109: Expression expected.
utils/featureFlagSystem.ts(757,47): error TS1005: ';' expected.
utils/featureFlagSystem.ts(758,13): error TS1005: ',' expected.
utils/featureFlagSystem.ts(758,16): error TS1005: ',' expected.
utils/featureFlagSystem.ts(767,4): error TS1005: ',' expected.
utils/featureFlagSystem.ts(767,9): error TS1005: ':' expected.
utils/featureFlagSystem.ts(769,6): error TS1005: ':' expected.
utils/featureFlagSystem.ts(769,30): error TS1005: ',' expected.
utils/featureFlagSystem.ts(771,2): error TS1005: ',' expected.
utils/featureFlagSystem.ts(786,64): error TS1005: ',' expected.
utils/featureFlagSystem.ts(786,85): error TS1005: ';' expected.
utils/featureFlagSystem.ts(786,86): error TS1005: ')' expected.
utils/featureFlagSystem.ts(793,22): error TS1005: ',' expected.
utils/featureFlagSystem.ts(793,23): error TS1136: Property assignment expected.
utils/featureFlagSystem.ts(795,6): error TS1005: ':' expected.
utils/featureFlagSystem.ts(795,41): error TS1005: ',' expected.
utils/featureFlagSystem.ts(798,2): error TS1128: Declaration or statement expected.
utils/featureFlagSystem.ts(798,39): error TS1005: ',' expected.
utils/featureFlagSystem.ts(798,55): error TS1005: ',' expected.
utils/featureFlagSystem.ts(798,61): error TS1005: ';' expected.
utils/featureFlagSystem.ts(800,8): error TS1005: ':' expected.
utils/featureFlagSystem.ts(800,49): error TS1005: ',' expected.
utils/featureFlagSystem.ts(801,8): error TS1005: ':' expected.
utils/featureFlagSystem.ts(801,77): error TS1005: ',' expected.
utils/featureFlagSystem.ts(803,13): error TS1005: ',' expected.
utils/featureFlagSystem.ts(805,33): error TS1005: ',' expected.
utils/featureFlagSystem.ts(808,2): error TS1128: Declaration or statement expected.
utils/featureFlagSystem.ts(808,27): error TS1005: ';' expected.
utils/featureFlagSystem.ts(810,14): error TS1138: Parameter declaration expected.
utils/featureFlagSystem.ts(821,52): error TS1005: ';' expected.
utils/featureFlagSystem.ts(824,3): error TS1128: Declaration or statement expected.
utils/featureFlagSystem.ts(824,10): error TS1005: ';' expected.
utils/featureFlagSystem.ts(827,2): error TS1128: Declaration or statement expected.
utils/featureFlagSystem.ts(827,33): error TS1005: ';' expected.
utils/featureFlagSystem.ts(829,14): error TS1138: Parameter declaration expected.
utils/featureFlagSystem.ts(845,40): error TS1005: ';' expected.
utils/featureFlagSystem.ts(850,2): error TS1005: ',' expected.
utils/featureFlagSystem.ts(856,3): error TS1128: Declaration or statement expected.
utils/featureFlagSystem.ts(857,3): error TS1128: Declaration or statement expected.
utils/featureFlagSystem.ts(857,10): error TS1005: ';' expected.
utils/featureFlagSystem.ts(860,2): error TS1128: Declaration or statement expected.
utils/featureFlagSystem.ts(860,10): error TS1434: Unexpected keyword or identifier.
utils/featureFlagSystem.ts(860,40): error TS1005: ',' expected.
utils/featureFlagSystem.ts(860,64): error TS1005: ',' expected.
utils/featureFlagSystem.ts(860,81): error TS1005: ';' expected.
utils/featureFlagSystem.ts(860,95): error TS1109: Expression expected.
utils/featureFlagSystem.ts(861,6): error TS1005: ',' expected.
utils/featureFlagSystem.ts(861,22): error TS1005: ',' expected.
utils/featureFlagSystem.ts(863,19): error TS1005: ',' expected.
utils/featureFlagSystem.ts(863,26): error TS1005: ',' expected.
utils/featureFlagSystem.ts(863,28): error TS1136: Property assignment expected.
utils/featureFlagSystem.ts(864,2): error TS1128: Declaration or statement expected.
utils/featureFlagSystem.ts(864,19): error TS1005: ';' expected.
utils/featureFlagSystem.ts(867,2): error TS1128: Declaration or statement expected.
utils/featureFlagSystem.ts(867,22): error TS1005: ';' expected.
utils/featureFlagSystem.ts(870,2): error TS1128: Declaration or statement expected.
utils/featureFlagSystem.ts(870,24): error TS1005: ';' expected.
utils/featureFlagSystem.ts(875,2): error TS1128: Declaration or statement expected.
utils/featureFlagSystem.ts(875,9): error TS1128: Declaration or statement expected.
utils/featureFlagSystem.ts(907,2): error TS1128: Declaration or statement expected.
utils/featureFlagSystem.ts(907,29): error TS1005: ';' expected.
utils/featureFlagSystem.ts(909,6): error TS1005: ':' expected.
utils/featureFlagSystem.ts(954,28): error TS1005: ',' expected.
utils/featureFlagSystem.ts(956,6): error TS1005: ':' expected.
utils/featureFlagSystem.ts(970,26): error TS1005: ',' expected.
utils/featureFlagSystem.ts(972,6): error TS1005: ':' expected.
utils/featureFlagSystem.ts(1008,26): error TS1005: ',' expected.
utils/featureFlagSystem.ts(1031,1): error TS1005: '}' expected.
utils/formatters.ts(211,3): error TS1005: '}' expected.
utils/imageUtils.ts(4,43): error TS1109: Expression expected.
utils/imageUtils.ts(5,12): error TS1005: ')' expected.
utils/imageUtils.ts(6,13): error TS1005: ',' expected.
utils/imageUtils.ts(6,14): error TS1134: Variable declaration expected.
utils/imageUtils.ts(7,7): error TS1005: ',' expected.
utils/imageUtils.ts(7,8): error TS1134: Variable declaration expected.
utils/imageUtils.ts(8,8): error TS1005: ',' expected.
utils/imageUtils.ts(8,9): error TS1134: Variable declaration expected.
utils/imageUtils.ts(9,1): error TS1128: Declaration or statement expected.
utils/imageUtils.ts(9,2): error TS1128: Declaration or statement expected.
utils/imageUtils.ts(88,43): error TS1109: Expression expected.
utils/imageUtils.ts(89,13): error TS1005: ')' expected.
utils/imageUtils.ts(90,7): error TS1005: ',' expected.
utils/imageUtils.ts(90,8): error TS1134: Variable declaration expected.
utils/imageUtils.ts(91,8): error TS1005: ',' expected.
utils/imageUtils.ts(91,9): error TS1134: Variable declaration expected.
utils/imageUtils.ts(93,1): error TS1128: Declaration or statement expected.
utils/imageUtils.ts(93,2): error TS1128: Declaration or statement expected.
utils/imageUtils.ts(126,49): error TS1109: Expression expected.
utils/imageUtils.ts(127,10): error TS1005: ')' expected.
utils/imageUtils.ts(128,9): error TS1005: ',' expected.
utils/imageUtils.ts(128,10): error TS1134: Variable declaration expected.
utils/imageUtils.ts(129,1): error TS1128: Declaration or statement expected.
utils/imageUtils.ts(129,2): error TS1128: Declaration or statement expected.
utils/imageUtils.ts(188,36): error TS1109: Expression expected.
utils/imageUtils.ts(189,6): error TS1005: ')' expected.
utils/imageUtils.ts(193,1): error TS1128: Declaration or statement expected.
utils/imageUtils.ts(193,2): error TS1128: Declaration or statement expected.
utils/imageUtils.ts(193,18): error TS1005: ';' expected.
utils/imageUtils.ts(222,3): error TS1005: ';' expected.
utils/imageUtils.ts(285,3): error TS1005: ';' expected.
utils/intelligentCodeMonitor.ts(245,2): error TS1128: Declaration or statement expected.
utils/intelligentCodeMonitor.ts(279,2): error TS1128: Declaration or statement expected.
utils/intelligentCodeMonitor.ts(544,3): error TS1128: Declaration or statement expected.
utils/intelligentCodeMonitor.ts(552,13): error TS1005: ';' expected.
utils/intelligentCodeMonitor.ts(552,32): error TS1011: An element access expression should take an argument.
utils/intelligentCodeMonitor.ts(552,34): error TS1005: ';' expected.
utils/intelligentCodeMonitor.ts(559,31): error TS1005: ';' expected.
utils/intelligentCodeMonitor.ts(559,56): error TS1011: An element access expression should take an argument.
utils/intelligentCodeMonitor.ts(559,58): error TS1005: ';' expected.
utils/intelligentCodeMonitor.ts(566,25): error TS1005: ';' expected.
utils/intelligentCodeMonitor.ts(566,45): error TS1011: An element access expression should take an argument.
utils/intelligentCodeMonitor.ts(566,47): error TS1005: ';' expected.
utils/intelligentCodeMonitor.ts(573,19): error TS1005: ';' expected.
utils/intelligentCodeMonitor.ts(573,33): error TS1011: An element access expression should take an argument.
utils/intelligentCodeMonitor.ts(573,35): error TS1005: ';' expected.
utils/intelligentCodeMonitor.ts(580,20): error TS1005: ';' expected.
utils/intelligentCodeMonitor.ts(580,41): error TS1005: ';' expected.
utils/intelligentCodeMonitor.ts(588,24): error TS1005: ';' expected.
utils/intelligentCodeMonitor.ts(588,51): error TS1005: ',' expected.
utils/intelligentCodeMonitor.ts(589,9): error TS1005: ':' expected.
utils/intelligentCodeMonitor.ts(591,24): error TS1005: ',' expected.
utils/intelligentCodeMonitor.ts(597,2): error TS1434: Unexpected keyword or identifier.
utils/intelligentCodeMonitor.ts(597,47): error TS1005: ',' expected.
utils/intelligentCodeMonitor.ts(597,56): error TS1011: An element access expression should take an argument.
utils/intelligentCodeMonitor.ts(597,58): error TS1005: ';' expected.
utils/intelligentCodeMonitor.ts(597,72): error TS1109: Expression expected.
utils/intelligentCodeMonitor.ts(598,8): error TS1005: ':' expected.
utils/intelligentCodeMonitor.ts(599,3): error TS1005: ',' expected.
utils/intelligentCodeMonitor.ts(601,2): error TS1136: Property assignment expected.
utils/intelligentCodeMonitor.ts(616,25): error TS1005: ';' expected.
utils/intelligentCodeMonitor.ts(616,27): error TS1434: Unexpected keyword or identifier.
utils/intelligentCodeMonitor.ts(669,16): error TS1005: '}' expected.
utils/performance.ts(21,2): error TS1128: Declaration or statement expected.
utils/performance.ts(48,19): error TS1005: ',' expected.
utils/performance.ts(48,35): error TS1109: Expression expected.
utils/performance.ts(48,57): error TS1005: ';' expected.
utils/performance.ts(49,6): error TS1003: Identifier expected.
utils/performance.ts(49,11): error TS1005: ',' expected.
utils/performance.ts(49,21): error TS1005: ',' expected.
utils/performance.ts(49,23): error TS1136: Property assignment expected.
utils/performance.ts(56,26): error TS1005: ',' expected.
utils/performance.ts(58,6): error TS1005: ':' expected.
utils/performance.ts(58,32): error TS1005: ',' expected.
utils/performance.ts(60,6): error TS1359: Identifier expected. 'typeof' is a reserved word that cannot be used here.
utils/performance.ts(60,20): error TS1005: ',' expected.
utils/performance.ts(60,106): error TS1005: ',' expected.
utils/performance.ts(61,13): error TS1005: ',' expected.
utils/performance.ts(61,18): error TS1005: ',' expected.
utils/performance.ts(120,21): error TS1005: ',' expected.
utils/performance.ts(120,27): error TS1005: ';' expected.
utils/performance.ts(120,43): error TS1005: ';' expected.
utils/performance.ts(130,14): error TS1005: ';' expected.
utils/performance.ts(131,6): error TS1003: Identifier expected.
utils/performance.ts(131,11): error TS1005: ',' expected.
utils/performance.ts(131,21): error TS1005: ',' expected.
utils/performance.ts(131,23): error TS1136: Property assignment expected.
utils/performance.ts(171,1): error TS1068: Unexpected token. A constructor, method, accessor, or property was expected.
utils/performance.ts(223,61): error TS1138: Parameter declaration expected.
utils/performance.ts(225,2): error TS1005: ',' expected.
utils/performance.ts(302,20): error TS1005: '}' expected.
utils/performanceMonitor.ts(89,39): error TS1005: ')' expected.
utils/performanceMonitor.ts(89,54): error TS1005: ';' expected.
utils/performanceMonitor.ts(114,3): error TS1128: Declaration or statement expected.
utils/performanceMonitor.ts(160,2): error TS1128: Declaration or statement expected.
utils/performanceMonitor.ts(201,2): error TS1128: Declaration or statement expected.
utils/performanceMonitor.ts(210,2): error TS1128: Declaration or statement expected.
utils/performanceMonitor.ts(223,1): error TS1068: Unexpected token. A constructor, method, accessor, or property was expected.
utils/performanceMonitor.ts(232,59): error TS1138: Parameter declaration expected.
utils/performanceMonitor.ts(234,2): error TS1005: ',' expected.
utils/performanceMonitor.ts(263,47): error TS1005: ')' expected.
utils/performanceMonitor.ts(263,62): error TS1005: ';' expected.
utils/performanceMonitor.ts(265,3): error TS1128: Declaration or statement expected.
utils/performanceOptimizations.ts(11,4): error TS1136: Property assignment expected.
utils/performanceOptimizations.ts(12,64): error TS1005: ',' expected.
utils/performanceOptimizations.ts(16,4): error TS1109: Expression expected.
utils/performanceOptimizations.ts(17,9): error TS1005: ';' expected.
utils/performanceOptimizations.ts(18,26): error TS1005: ',' expected.
utils/performanceOptimizations.ts(18,42): error TS1005: ',' expected.
utils/performanceOptimizations.ts(18,49): error TS1005: ',' expected.
utils/performanceOptimizations.ts(19,8): error TS1005: ':' expected.
utils/performanceOptimizations.ts(19,41): error TS1005: ',' expected.
utils/performanceOptimizations.ts(20,8): error TS1005: ':' expected.
utils/performanceOptimizations.ts(20,41): error TS1005: ',' expected.
utils/performanceOptimizations.ts(22,14): error TS1005: ',' expected.
utils/performanceOptimizations.ts(22,41): error TS1005: ',' expected.
utils/performanceOptimizations.ts(22,43): error TS1005: ';' expected.
utils/performanceOptimizations.ts(31,3): error TS1128: Declaration or statement expected.
utils/performanceOptimizations.ts(31,4): error TS1128: Declaration or statement expected.
utils/performanceOptimizations.ts(35,4): error TS1128: Declaration or statement expected.
utils/performanceOptimizations.ts(38,26): error TS1005: ',' expected.
utils/performanceOptimizations.ts(38,42): error TS1005: ',' expected.
utils/performanceOptimizations.ts(38,49): error TS1005: ',' expected.
utils/performanceOptimizations.ts(39,8): error TS1005: ':' expected.
utils/performanceOptimizations.ts(39,39): error TS1005: ',' expected.
utils/performanceOptimizations.ts(40,8): error TS1005: ':' expected.
utils/performanceOptimizations.ts(40,39): error TS1005: ',' expected.
utils/performanceOptimizations.ts(42,14): error TS1005: ',' expected.
utils/performanceOptimizations.ts(45,4): error TS1005: ',' expected.
utils/performanceOptimizations.ts(47,9): error TS1005: ':' expected.
utils/performanceOptimizations.ts(47,70): error TS1005: ',' expected.
utils/performanceOptimizations.ts(52,4): error TS1109: Expression expected.
utils/performanceOptimizations.ts(53,16): error TS1005: ';' expected.
utils/performanceOptimizations.ts(54,26): error TS1005: ',' expected.
utils/performanceOptimizations.ts(54,42): error TS1005: ',' expected.
utils/performanceOptimizations.ts(54,49): error TS1005: ',' expected.
utils/performanceOptimizations.ts(55,7): error TS1359: Identifier expected. 'const' is a reserved word that cannot be used here.
utils/performanceOptimizations.ts(55,13): error TS1005: ',' expected.
utils/performanceOptimizations.ts(55,17): error TS1005: ',' expected.
utils/performanceOptimizations.ts(67,4): error TS1128: Declaration or statement expected.
utils/performanceOptimizations.ts(71,3): error TS1005: ',' expected.
utils/performanceOptimizations.ts(71,5): error TS1128: Declaration or statement expected.
utils/performanceOptimizations.ts(79,4): error TS1136: Property assignment expected.
utils/performanceOptimizations.ts(80,29): error TS1138: Parameter declaration expected.
utils/performanceOptimizations.ts(83,2): error TS1131: Property or signature expected.
utils/performanceOptimizations.ts(84,2): error TS1128: Declaration or statement expected.
utils/performanceOptimizations.ts(92,4): error TS1136: Property assignment expected.
utils/performanceOptimizations.ts(93,45): error TS1005: '=>' expected.
utils/performanceOptimizations.ts(93,49): error TS1005: ';' expected.
utils/performanceOptimizations.ts(98,4): error TS1109: Expression expected.
utils/performanceOptimizations.ts(99,16): error TS1005: ';' expected.
utils/performanceOptimizations.ts(104,4): error TS1109: Expression expected.
utils/performanceOptimizations.ts(105,22): error TS1005: ';' expected.
utils/performanceOptimizations.ts(105,53): error TS1138: Parameter declaration expected.
utils/performanceOptimizations.ts(111,4): error TS1109: Expression expected.
utils/performanceOptimizations.ts(112,25): error TS1005: ';' expected.
utils/performanceOptimizations.ts(112,31): error TS1138: Parameter declaration expected.
utils/performanceOptimizations.ts(132,4): error TS1136: Property assignment expected.
utils/performanceOptimizations.ts(133,69): error TS1005: '=>' expected.
utils/performanceOptimizations.ts(133,78): error TS1005: ';' expected.
utils/performanceOptimizations.ts(144,3): error TS1128: Declaration or statement expected.
utils/performanceOptimizations.ts(148,4): error TS1128: Declaration or statement expected.
utils/performanceOptimizations.ts(159,4): error TS1109: Expression expected.
utils/performanceOptimizations.ts(160,17): error TS1005: ';' expected.
utils/performanceOptimizations.ts(160,23): error TS1138: Parameter declaration expected.
utils/performanceOptimizations.ts(173,4): error TS1136: Property assignment expected.
utils/performanceOptimizations.ts(174,26): error TS1005: '=>' expected.
utils/performanceOptimizations.ts(174,35): error TS1005: ',' expected.
utils/performanceOptimizations.ts(174,42): error TS1109: Expression expected.
utils/performanceOptimizations.ts(181,3): error TS1128: Declaration or statement expected.
utils/performanceOptimizations.ts(185,4): error TS1128: Declaration or statement expected.
utils/performanceOptimizations.ts(186,28): error TS1109: Expression expected.
utils/performanceOptimizations.ts(187,10): error TS1005: ')' expected.
utils/performanceOptimizations.ts(187,54): error TS1109: Expression expected.
utils/performanceOptimizations.ts(188,10): error TS1109: Expression expected.
utils/performanceOptimizations.ts(189,2): error TS1109: Expression expected.
utils/performanceOptimizations.ts(189,3): error TS1128: Declaration or statement expected.
utils/performanceOptimizations.ts(204,4): error TS1136: Property assignment expected.
utils/performanceOptimizations.ts(205,26): error TS1005: ',' expected.
utils/performanceOptimizations.ts(205,27): error TS1109: Expression expected.
utils/performanceOptimizations.ts(206,12): error TS1005: ')' expected.
utils/performanceOptimizations.ts(207,2): error TS1128: Declaration or statement expected.
utils/performanceOptimizations.ts(207,3): error TS1128: Declaration or statement expected.
utils/performanceOptimizations.ts(207,23): error TS1005: ';' expected.
utils/performanceOptimizations.ts(214,3): error TS1128: Declaration or statement expected.
utils/performanceOptimizations.ts(218,4): error TS1128: Declaration or statement expected.
utils/performanceOptimizations.ts(219,42): error TS1138: Parameter declaration expected.
utils/performanceOptimizations.ts(236,4): error TS1136: Property assignment expected.
utils/performanceOptimizations.ts(237,41): error TS1138: Parameter declaration expected.
utils/performanceOptimizations.ts(239,13): error TS1005: '=>' expected.
utils/performanceOptimizations.ts(239,17): error TS1005: ';' expected.
utils/performanceOptimizations.ts(259,3): error TS1128: Declaration or statement expected.
utils/performanceOptimizations.ts(263,4): error TS1128: Declaration or statement expected.
utils/performanceOptimizations.ts(264,41): error TS1138: Parameter declaration expected.
utils/performanceOptimizations.ts(279,4): error TS1109: Expression expected.
utils/performanceOptimizations.ts(280,20): error TS1005: ';' expected.
utils/performanceOptimizations.ts(280,23): error TS1109: Expression expected.
utils/performanceOptimizations.ts(281,9): error TS1005: ')' expected.
utils/performanceOptimizations.ts(282,7): error TS1005: ';' expected.
utils/performanceOptimizations.ts(283,9): error TS1005: ';' expected.
utils/performanceOptimizations.ts(284,10): error TS1109: Expression expected.
utils/performanceOptimizations.ts(285,2): error TS1109: Expression expected.
utils/performanceOptimizations.ts(285,3): error TS1128: Declaration or statement expected.
utils/performanceOptimizations.ts(285,10): error TS1109: Expression expected.
utils/performanceOptimizations.ts(297,4): error TS1136: Property assignment expected.
utils/performanceOptimizations.ts(298,42): error TS1005: '=>' expected.
utils/performanceOptimizations.ts(299,7): error TS1003: Identifier expected.
utils/performanceOptimizations.ts(300,33): error TS1109: Expression expected.
utils/performanceOptimizations.ts(302,8): error TS1109: Expression expected.
utils/performanceOptimizations.ts(303,2): error TS1128: Declaration or statement expected.
utils/performanceOptimizations.ts(303,4): error TS1128: Declaration or statement expected.
utils/performanceOptimizations.ts(311,3): error TS1128: Declaration or statement expected.
utils/performanceOptimizations.ts(315,4): error TS1128: Declaration or statement expected.
utils/performanceOptimizations.ts(338,3): error TS1128: Declaration or statement expected.
utils/performanceOptimizations.ts(340,7): error TS1005: ';' expected.
utils/performanceOptimizations.ts(341,6): error TS1005: ';' expected.
utils/performanceOptimizations.ts(341,34): error TS1005: ',' expected.
utils/performanceOptimizations.ts(356,1): error TS1005: '}' expected.
utils/playerUtils.ts(429,50): error TS1131: Property or signature expected.
utils/playerUtils.ts(431,39): error TS1131: Property or signature expected.
utils/playerUtils.ts(433,43): error TS1131: Property or signature expected.
utils/playerUtils.ts(435,74): error TS1131: Property or signature expected.
utils/playerUtils.ts(437,62): error TS1131: Property or signature expected.
utils/playerUtils.ts(439,49): error TS1131: Property or signature expected.
utils/playerUtils.ts(441,52): error TS1131: Property or signature expected.
utils/playerUtils.ts(443,46): error TS1131: Property or signature expected.
utils/playerUtils.ts(445,40): error TS1131: Property or signature expected.
utils/playerUtils.ts(447,43): error TS1131: Property or signature expected.
utils/playerUtils.ts(449,40): error TS1131: Property or signature expected.
utils/playerUtils.ts(451,42): error TS1131: Property or signature expected.
utils/playerUtils.ts(453,51): error TS1131: Property or signature expected.
utils/playerUtils.ts(502,3): error TS1005: '}' expected.
utils/securityMonitoring.ts(332,2): error TS1128: Declaration or statement expected.
utils/securityMonitoring.ts(407,2): error TS1128: Declaration or statement expected.
utils/securityMonitoring.ts(439,2): error TS1128: Declaration or statement expected.
utils/securityMonitoring.ts(474,2): error TS1128: Declaration or statement expected.
utils/securityMonitoring.ts(502,4): error TS1005: 'try' expected.
utils/securityMonitoring.ts(508,2): error TS1128: Declaration or statement expected.
utils/securityMonitoring.ts(534,32): error TS1138: Parameter declaration expected.
utils/securityMonitoring.ts(576,2): error TS1128: Declaration or statement expected.
utils/securityMonitoring.ts(678,22): error TS1005: ',' expected.
utils/securityMonitoring.ts(678,39): error TS1005: ',' expected.
utils/securityMonitoring.ts(678,45): error TS1005: ';' expected.
utils/securityMonitoring.ts(679,8): error TS1005: ':' expected.
utils/securityMonitoring.ts(679,40): error TS1005: ',' expected.
utils/securityMonitoring.ts(680,12): error TS1005: ',' expected.
utils/securityMonitoring.ts(680,15): error TS1005: ',' expected.
utils/securityMonitoring.ts(692,2): error TS1005: ',' expected.
utils/securityMonitoring.ts(705,26): error TS1005: ';' expected.
utils/securityMonitoring.ts(707,26): error TS1011: An element access expression should take an argument.
utils/securityMonitoring.ts(708,39): error TS1011: An element access expression should take an argument.
utils/securityMonitoring.ts(709,24): error TS1011: An element access expression should take an argument.
utils/securityMonitoring.ts(710,30): error TS1011: An element access expression should take an argument.
utils/securityMonitoring.ts(711,26): error TS1011: An element access expression should take an argument.
utils/securityMonitoring.ts(762,21): error TS1005: '}' expected.
utils/videoUtils.ts(85,1): error TS1005: '}' expected.
utils/youtubeConfigChecker.ts(112,1): error TS1005: '}' expected.
